   Compiling libc v0.2.189
   Compiling serde_core v1.0.229
   Compiling syn v3.0.6
   Compiling log v0.4.34
   Compiling serde_json v1.0.151
   Compiling errno v0.3.14
   Compiling memmap2 v0.9.11
   Compiling fontdb v0.23.0
   Compiling serde_derive v1.0.229
   Compiling thiserror-impl v2.0.21
   Compiling thiserror v2.0.21
   Compiling bytemuck_derive v1.12.1
   Compiling rustix v1.1.5
   Compiling serde v1.0.229
   Compiling bytemuck v1.25.2
   Compiling smallvec v1.16.2
   Compiling half v2.7.1
   Compiling euclid v0.22.14
   Compiling tiny-skia-path v0.11.4
   Compiling kurbo v0.11.3
   Compiling lyon_geom v1.0.19
   Compiling lyon_path v1.0.19
   Compiling tiny-skia v0.11.4
   Compiling lyon_algorithms v1.0.21
   Compiling lyon_tessellation v1.0.22
   Compiling rustybuzz v0.20.1
   Compiling lyon v1.0.19
   Compiling vector v0.1.0 (/Users/rutmehta/Developer/lightroom/.worktrees/LR-1-point-color/crates/vector)
   Compiling typography v0.1.0 (/Users/rutmehta/Developer/lightroom/.worktrees/LR-1-point-color/crates/typography)
   Compiling engine-api v0.1.0 (/Users/rutmehta/Developer/lightroom/.worktrees/LR-1-point-color/crates/engine-api)
   Compiling getrandom v0.4.3
   Compiling tempfile v3.27.0
   Compiling tiff v0.11.3
   Compiling memchr v2.8.3
   Compiling http v1.5.0
   Compiling image v0.25.10
   Compiling httparse v1.10.1
   Compiling getrandom v0.2.17
   Compiling ring v0.17.14
   Compiling objc2-core-foundation v0.3.2
   Compiling rustls-webpki v0.103.15
   Compiling rustls v0.23.45
   Compiling objc2-core-graphics v0.3.2
   Compiling ureq-proto v0.6.4
   Compiling cpufeatures v0.2.17
   Compiling nom v7.1.3
   Compiling ureq v3.4.2
   Compiling sha2 v0.10.9
   Compiling cexpr v0.6.0
   Compiling bindgen v0.71.1
   Compiling foreign-types-macros v0.2.4
   Compiling foreign-types v0.5.0
   Compiling lcms2-sys v4.0.7
   Compiling libraw-ffi v0.1.0 (/Users/rutmehta/Developer/lightroom/.worktrees/LR-1-point-color/crates/libraw-ffi)
   Compiling xattr v1.6.1
   Compiling filetime v0.2.29
   Compiling tar v0.4.46
   Compiling lcms2 v6.2.0
   Compiling color-mgmt v0.1.0 (/Users/rutmehta/Developer/lightroom/.worktrees/LR-1-point-color/crates/color-mgmt)
   Compiling lens v0.1.0 (/Users/rutmehta/Developer/lightroom/.worktrees/LR-1-point-color/crates/lens)
   Compiling indexmap v2.14.2
   Compiling once_cell v1.21.4
   Compiling native-tls v0.2.18
   Compiling toml_datetime v0.6.11
   Compiling serde_spanned v0.6.9
   Compiling toml_edit v0.22.27
   Compiling ort-sys v2.0.0-rc.13
   Compiling ort v2.0.0-rc.13
   Compiling toml v0.8.23
   Compiling ml-runtime v0.1.0 (/Users/rutmehta/Developer/lightroom/.worktrees/LR-1-point-color/crates/ml-runtime)
   Compiling mask-store v0.1.0 (/Users/rutmehta/Developer/lightroom/.worktrees/LR-1-point-color/crates/mask-store)
   Compiling ml-segment v0.1.0 (/Users/rutmehta/Developer/lightroom/.worktrees/LR-1-point-color/crates/ml-segment)
