2026-10-01 01:58:23.088 Tessera[57123:48266796] Sparkle updates not configured for this build
document: frames on the Viewport path (L0, requested Rect { x0: 0, y0: 0, x1: 5212, y1: 3468 })
filter-selftest: document 5212 × 3468 px, 16-bit, Metal (Apple M4 Max)
filter-selftest: check filter menu ok
filter-perf: start: document 5212 × 3468 16-bit, backend Metal (Apple M4 Max), footprint 3386 MiB
filter-perf: smart filter applied, footprint 6075 MiB
filter-selftest: check Export Flat avoids App Nap ok
filter-perf: 18 MP smart filter export 0: ok in 2.59 s, 203 main-thread spans (Exported perf-flat-0.png (PNG, sRGB))
filter-perf: RESULT p16 18 MP smart filter main-thread spans during Export Flat 0: n 203 p50 0.02 ms p95 0.79 ms max 29.59 ms; export 2.59 s
filter-selftest: check 18 MP smart filter export 0 ok
filter-selftest: check Export Flat avoids App Nap ok
filter-perf: 18 MP smart filter export 1: ok in 2.27 s, 173 main-thread spans (Exported perf-flat-1.png (PNG, sRGB))
filter-perf: RESULT p16 18 MP smart filter main-thread spans during Export Flat 1: n 173 p50 0.02 ms p95 0.73 ms max 9.02 ms; export 2.27 s
filter-selftest: check 18 MP smart filter export 1 ok
document: frames on the Viewport path (L0, requested Rect { x0: 0, y0: 0, x1: 4608, y1: 3072 })
filter-perf: styled document 4608 × 3072, layers ["caption", "Layer 1"]
document: frames composited on the CPU (styles in the resident document program require CPU composition)
filter-selftest: check Export Flat avoids App Nap ok
filter-perf: styled 14 MP export 0: ok in 161.43 s, 8079 main-thread spans (Exported perf-flat-0.png (PNG, sRGB))
filter-perf: RESULT p16 styled 14 MP main-thread spans during Export Flat 0: n 8079 p50 0.02 ms p95 0.04 ms max 56.09 ms; export 161.43 s
filter-selftest: check styled 14 MP export 0 ok
filter-selftest: check Export Flat avoids App Nap ok
filter-perf: styled 14 MP export 1: ok in 154.77 s, 7735 main-thread spans (Exported perf-flat-1.png (PNG, sRGB))
filter-perf: RESULT p16 styled 14 MP main-thread spans during Export Flat 1: n 7735 p50 0.02 ms p95 0.03 ms max 35.72 ms; export 154.77 s
filter-selftest: check styled 14 MP export 1 ok
filter-selftest: cancel at 31 % → finished in 7121 ms
filter-selftest: check cancelled ok
filter-selftest: check destination kept ok
filter-selftest: check no temporary file ok
filter-perf: done, footprint 16566 MiB
filter-selftest: done, 0 failure(s)
