    Finished `release` profile [optimized] target(s) in 0.51s
     Running tests/bench.rs (/Volumes/betterSSD/tessera-cache/target/M5-08/release/deps/bench-7d69129e3441e55c)

running 1 test
M5-08 adapter: Apple M4
requested_specialization=false: first L0 863.72 ms, compiled_pipelines=0
specialized=false viewport_3840x2160=false: min=203.348 median=204.862 max=208.754 ms, blocks=77976
L0 CPU gate specialized=false viewport=false: 5.570616e-3, worst (tile, planar sample, CPU, GPU)=Some((TileCoord { level: 0, x: 4, y: 8 }, 258, 0.0057057994, 0.00013518344))
specialized=false viewport_3840x2160=true: min=84.287 median=85.750 max=86.962 ms, blocks=32400
L0 CPU gate specialized=false viewport=true: 5.570616e-3, worst (tile, planar sample, CPU, GPU)=Some((TileCoord { level: 0, x: 4, y: 8 }, 258, 0.0057057994, 0.00013518344))
requested_specialization=true: first L0 555.44 ms, compiled_pipelines=0
specialized=true viewport_3840x2160=false: min=202.126 median=203.217 max=203.702 ms, blocks=77976
L0 CPU gate specialized=true viewport=false: 5.570616e-3, worst (tile, planar sample, CPU, GPU)=Some((TileCoord { level: 0, x: 4, y: 8 }, 258, 0.0057057994, 0.00013518344))
specialized=true viewport_3840x2160=true: min=83.673 median=83.901 max=85.981 ms, blocks=32400
L0 CPU gate specialized=true viewport=true: 5.570616e-3, worst (tile, planar sample, CPU, GPU)=Some((TileCoord { level: 0, x: 4, y: 8 }, 258, 0.0057057994, 0.00013518344))

thread 'm5_08_structure_and_viewport' (78137224) panicked at crates/compositor/tests/bench.rs:108:5:
L0 CPU gate specialized=false viewport=false: 5.570616e-3
L0 CPU gate specialized=false viewport=true: 5.570616e-3
L0 CPU gate specialized=true viewport=false: 5.570616e-3
performance viewport=false: 203.217042 ms
L0 CPU gate specialized=true viewport=true: 5.570616e-3
performance viewport=true: 83.90120900000001 ms
note: run with `RUST_BACKTRACE=1` environment variable to display a backtrace
test m5_08_structure_and_viewport ... FAILED

failures:

failures:
    m5_08_structure_and_viewport

test result: FAILED. 0 passed; 1 failed; 0 ignored; 0 measured; 4 filtered out; finished in 19.95s

error: test failed, to rerun pass `-p compositor --test bench`
