   Compiling compositor v0.1.0 (/Users/rutmehta/Developer/tessera/.worktrees/M5-08/crates/compositor)
    Finished `release` profile [optimized] target(s) in 6.53s
     Running tests/bench.rs (/Volumes/betterSSD/tessera-cache/target/M5-08/release/deps/bench-7d69129e3441e55c)

running 1 test
M5-08 adapter: Apple M4
requested_specialization=false: first L0 421.88 ms, compiled_pipelines=0
specialized=false viewport_3840x2160=false: min=200.415 median=200.963 max=203.793 ms, blocks=77976
L0 CPU gate specialized=false viewport=false: 5.570616e-3, worst (tile, planar sample, CPU, GPU)=Some((TileCoord { level: 0, x: 4, y: 8 }, 258, 0.0057057994, 0.00013518344))
specialized=false viewport_3840x2160=true: min=83.439 median=83.793 max=84.621 ms, blocks=32400
L0 CPU gate specialized=false viewport=true: 5.570616e-3, worst (tile, planar sample, CPU, GPU)=Some((TileCoord { level: 0, x: 4, y: 8 }, 258, 0.0057057994, 0.00013518344))
requested_specialization=true: first L0 1031.04 ms, compiled_pipelines=1
specialized=true viewport_3840x2160=false: min=84.150 median=84.302 max=84.554 ms, blocks=77976
L0 CPU gate specialized=true viewport=false: 5.3452015e-2, worst (tile, planar sample, CPU, GPU)=Some((TileCoord { level: 0, x: 9, y: 6 }, 4133, 0.13312414, 0.07967213))
specialized=true viewport_3840x2160=true: min=36.315 median=38.214 max=46.103 ms, blocks=32400
L0 CPU gate specialized=true viewport=true: 5.3452015e-2, worst (tile, planar sample, CPU, GPU)=Some((TileCoord { level: 0, x: 9, y: 6 }, 4133, 0.13312414, 0.07967213))

thread 'm5_08_structure_and_viewport' (78086943) panicked at crates/compositor/tests/bench.rs:108:5:
L0 CPU gate specialized=false viewport=false: 5.570616e-3
L0 CPU gate specialized=false viewport=true: 5.570616e-3
L0 CPU gate specialized=true viewport=false: 5.3452015e-2
L0 CPU gate specialized=true viewport=true: 5.3452015e-2
performance viewport=true: 38.21425 ms
note: run with `RUST_BACKTRACE=1` environment variable to display a backtrace
test m5_08_structure_and_viewport ... FAILED

failures:

failures:
    m5_08_structure_and_viewport

test result: FAILED. 0 passed; 1 failed; 0 ignored; 0 measured; 4 filtered out; finished in 12.36s

error: test failed, to rerun pass `-p compositor --test bench`
