    Finished `release` profile [optimized] target(s) in 0.45s
     Running unittests src/lib.rs (/Volumes/betterSSD/tessera-cache/target/M5-08/release/deps/compositor-a90c950b2d3e85df)

running 13 tests
test adjust::tests::levels_formula ... ok
test adjust::tests::hsl_round_trip ... ok
test blend::tests::slider_weights ... ok
test geom::tests::affine_inverse ... ok
test geom::tests::rect_levels ... ok
test raster::tests::edit_and_read_back ... ok
test blend::tests::psd_keys_round_trip ... ok
test adjust::tests::curve_is_monotone_and_interpolates ... ok
test blend::tests::set_sat_matches_pdf ... ok
test resident::output::tests::edr_preserves_extended_values_alpha_and_offsets ... ok
test resident::output::tests::validates_target_bounds_source_policy_and_lut ... ok
test resident::output::tests::lut_clamps_input_but_preserves_extended_output ... ok
test resident::output::tests::lut_transforms_straight_rgb_before_premultiplication_and_flattening ... ok

test result: ok. 13 passed; 0 failed; 0 ignored; 0 measured; 0 filtered out; finished in 0.14s

     Running tests/bench.rs (/Volumes/betterSSD/tessera-cache/target/M5-08/release/deps/bench-7d69129e3441e55c)

running 5 tests
test composite_100_layers_20mp_at_level_2 ... ignored, bench: run with --ignored --nocapture
test m5_08_l0_prefix_trace ... ignored, diagnostic: original 20 MP L0 failure, layer-prefix trace
test m5_08_structure_and_viewport ... ignored, 20 MP / 100 layers, hardware timing
test resident_100_layers_20mp ... ignored, bench: run with --ignored --nocapture
test m5_08_hard_mix_boundary ... ok

test result: ok. 1 passed; 0 failed; 4 ignored; 0 measured; 0 filtered out; finished in 0.21s

     Running tests/bench_micro.rs (/Volumes/betterSSD/tessera-cache/target/M5-08/release/deps/bench_micro-b5ac087be5bf3bf0)

running 2 tests
test gpu_calibration ... ignored, bench
test resident_micro ... ignored, bench

test result: ok. 0 passed; 0 failed; 2 ignored; 0 measured; 0 filtered out; finished in 0.00s

     Running tests/blend_modes.rs (/Volumes/betterSSD/tessera-cache/target/M5-08/release/deps/blend_modes-0aa2625e38329fdd)

running 4 tests
test eight_bit_documents_quantize_only_storage ... ok
test every_mode_matches_reference_opaque ... ok
test dissolve_is_a_deterministic_binary_threshold ... ok
test partial_alpha_uses_general_compositing_formula ... ok

test result: ok. 4 passed; 0 failed; 0 ignored; 0 measured; 0 filtered out; finished in 0.01s

     Running tests/caching.rs (/Volumes/betterSSD/tessera-cache/target/M5-08/release/deps/caching-c616a7136a90e172)

running 5 tests
test duplicate_then_edit_one_tile_leaves_original_untouched ... ok
test pyramid_view_matches_level_render ... ok
test cache_invalidation_is_local_to_the_edited_tiles ... ok
test non_linear_history_and_snapshots ... ok
test dirty_rect_compositing_is_bit_exact ... ok

test result: ok. 5 passed; 0 failed; 0 ignored; 0 measured; 0 filtered out; finished in 0.21s

     Running tests/contracts.rs (/Volumes/betterSSD/tessera-cache/target/M5-08/release/deps/contracts-fde93cbdbe03cb0e)

running 3 tests
test blend_modes_match_in_menu_order ... ok
test layer_ids_are_the_contract_type ... ok
test adjustments_depth_group_mode_rect_and_affine_convert ... ok

test result: ok. 3 passed; 0 failed; 0 ignored; 0 measured; 0 filtered out; finished in 0.00s

     Running tests/gpu.rs (/Volumes/betterSSD/tessera-cache/target/M5-08/release/deps/gpu-7c842a3096059052)

running 3 tests
test gpu_declines_adjustment_layers ... ok
test gpu_matches_cpu_reference ... ok
test every_mode_matches_on_the_gpu ... ok

test result: ok. 3 passed; 0 failed; 0 ignored; 0 measured; 0 filtered out; finished in 0.33s

     Running tests/gpu_resident.rs (/Volumes/betterSSD/tessera-cache/target/M5-08/release/deps/gpu_resident-fec5ffaeb4a05682)

running 15 tests
test cached_composites_are_flagged_premultiplied_and_levels_go_to_one_pixel ... ok
test one_shared_device_serves_the_compositor ... ok
test present_flattens_into_an_rgba8_storage_texture ... ok
test smart_objects_render_through_gpu_resampled_pages ... ok
test smart_transform_invalidates_even_with_newer_child_revision ... ok
test copy_on_write_duplicates_share_pages ... ok
test viewport_pan_preserves_offscreen_damage ... ok
test small_budget_evicts_history_pages_and_stays_correct ... ok
test specialization_cache_is_bounded_and_large_programs_fall_back ... ok
test integer_mips_are_exact ... ok
test specialized_matches_interpreter_and_reuses_structure ... ok
test rendering_is_deterministic ... ok
test every_mode_and_adjustment_within_operator_tolerance ... ok
test resident_chain_matches_cpu_at_every_depth_and_level ... ok
test dirty_rect_frames_are_bit_exact_and_local ... ok

test result: ok. 15 passed; 0 failed; 0 ignored; 0 measured; 0 filtered out; finished in 2.67s

     Running tests/gpu_resident_output.rs (/Volumes/betterSSD/tessera-cache/target/M5-08/release/deps/gpu_resident_output-6a30dd2366ee067d)

running 1 test
test resident_viewport_presents_edr_and_rejects_unrendered_regions ... ok

test result: ok. 1 passed; 0 failed; 0 ignored; 0 measured; 0 filtered out; finished in 0.09s

     Running tests/gpu_smart_resample.rs (/Volumes/betterSSD/tessera-cache/target/M5-08/release/deps/gpu_smart_resample-4d686963c51fa0e6)

running 4 tests
test plan_rejects_invalid_geometry_and_selects_determinant_mip ... ok
test identity_writes_straight_planar_at_page_offset ... ok
test large_parent_coordinates_keep_fractional_footprints ... ok
test gpu_child_and_resampling_match_cpu_smart_tiles ... ok

test result: ok. 4 passed; 0 failed; 0 ignored; 0 measured; 0 filtered out; finished in 0.26s

     Running tests/psd.rs (/Volumes/betterSSD/tessera-cache/target/M5-08/release/deps/psd-6be8eae2e9e64566)

running 16 tests
test new_adjustments_match_native_render_after_psd_serialization ... ok
test curves_import_channel_selection_and_editable_export ... ok
test masks_import_density_feather_flags_and_preserve_payloads ... ok
test nested_groups_preserve_file_order_and_boundary_metadata ... ok
test hue_saturation_master_is_editable_without_losing_extension_data ... ok
test channel_mixer_imports_signed_rgb_and_monochrome_records ... ok
test adjustment_parameters_are_editable_and_unknown_adjustments_stay_opaque ... ok
test document_resources_and_flattened_rgb_import ... ok
test edited_pixels_expand_bounds_and_refresh_merged_composite ... ok
test native_tree_export_import_renders_identically_at_all_depths ... ok
test properties_blend_keys_and_unknown_blocks_survive_edits ... ok
test selective_hue_bands_remain_opaque_until_replaced ... ok
test rgb_pixels_all_depths_are_imported_and_roundtrip ... ok
test text_and_smart_originals_remain_available_with_raster_proxies ... ok
test unsupported_features_are_reported_without_losing_opaque_data ... ok
test unsupported_text_edits_and_invalid_inputs_fail_explicitly ... ok

test result: ok. 16 passed; 0 failed; 0 ignored; 0 measured; 0 filtered out; finished in 0.01s

     Running tests/psd_document.rs (/Volumes/betterSSD/tessera-cache/target/M5-08/release/deps/psd_document-0dcec80564d1b863)

running 1 test
test document_psd_api_roundtrip ... ok

test result: ok. 1 passed; 0 failed; 0 ignored; 0 measured; 0 filtered out; finished in 0.01s

     Running tests/roundtrip.rs (/Volumes/betterSSD/tessera-cache/target/M5-08/release/deps/roundtrip-efccd3e32c8f0a63)

running 2 tests
test save_and_load_files ... ok
test round_trip_preserves_model_and_pixels ... ok

test result: ok. 2 passed; 0 failed; 0 ignored; 0 measured; 0 filtered out; finished in 0.04s

     Running tests/structure.rs (/Volumes/betterSSD/tessera-cache/target/M5-08/release/deps/structure-1b571c6ff2194aac)

running 11 tests
test locks_are_enforced ... ok
test selections_are_float_rasters_with_boolean_ops ... ok
test clipped_and_masked_adjustments ... ok
test group_isolation_vs_pass_through ... ok
test adjustment_layers_stack_in_order ... ok
test mips_are_alpha_weighted_box_averages ... ok
test layer_mask_density_and_fill_layers ... ok
test knockout_shallow_and_deep ... ok
test clipping_mask_limits_to_base_alpha ... ok
test blend_if_split_sliders_interpolate_linearly ... ok
test smart_objects_render_nested_documents_with_transforms ... ok

test result: ok. 11 passed; 0 failed; 0 ignored; 0 measured; 0 filtered out; finished in 0.01s

     Running unittests src/lib.rs (/Volumes/betterSSD/tessera-cache/target/M5-08/release/deps/gpu_core-1a457d5df1af6c32)

running 0 tests

test result: ok. 0 passed; 0 failed; 0 ignored; 0 measured; 0 filtered out; finished in 0.00s

   Doc-tests compositor

running 0 tests

test result: ok. 0 passed; 0 failed; 0 ignored; 0 measured; 0 filtered out; finished in 0.00s

   Doc-tests gpu_core

running 0 tests

test result: ok. 0 passed; 0 failed; 0 ignored; 0 measured; 0 filtered out; finished in 0.00s

    Finished `dev` profile [unoptimized + debuginfo] target(s) in 0.33s
