   Compiling engine-api v0.1.0 (/Users/rutmehta/Developer/lightroom/.worktrees/LR-4-parametric-masks/crates/engine-api)
   Compiling index v0.1.0 (/Users/rutmehta/Developer/lightroom/.worktrees/LR-4-parametric-masks/crates/index)
   Compiling sidecar v0.1.0 (/Users/rutmehta/Developer/lightroom/.worktrees/LR-4-parametric-masks/crates/sidecar)
   Compiling library v0.1.0 (/Users/rutmehta/Developer/lightroom/.worktrees/LR-4-parametric-masks/crates/library)
   Compiling import-lrcat v0.1.0 (/Users/rutmehta/Developer/lightroom/.worktrees/LR-4-parametric-masks/crates/import-lrcat)
    Finished `test` profile [unoptimized + debuginfo] target(s) in 18.09s
     Running unittests src/lib.rs (/Users/rutmehta/.cache/tessera-target/LR-4-parametric-masks/debug/deps/import_lrcat-76ec97161251303a)

running 28 tests
test previews::tests::container_round_trip_and_truncation ... ok
test lua::tests::parses_rule ... ok
test diagnostics::tests::absent_object_is_created_with_one_info_entry ... ok
test lua::tests::rejects_excessive_nesting_and_truncation_without_panicking ... ok
test diagnostics::tests::appends_and_dedupes_identical_entries ... ok
test previews::tests::jpeg_header_parsing ... ok
test lua::tests::scalar_forms_preserve_types ... ok
test lua::tests::parses_nested_lightroom_data ... ok
test diagnostics::tests::keys_are_isolated_and_never_replaced ... ok
test lua::tests::rejects_malformed_or_executable_input ... ok
test report_tests::lrcat_report_groups_all_but_unedited_and_duplicate_ids ... ok
test diagnostics::tests::foreign_top_level_array_survives_untouched ... ok
test diagnostics::tests::foreign_per_key_value_survives_untouched ... ok
test diagnostics::tests::diagnostics_round_trip_through_serialization ... ok
test diagnostics::tests::no_diagnostics_serializes_exactly_as_before ... ok
test xmp::tests::unsupported_mask_prevents_partial_group_application ... ok
test xmp::tests::foreign_namespace_and_opaque_structures_are_retained_not_applied ... ok
test xmp::tests::mask_groups_translate_supported_geometry_and_retain_source ... ok
test xmp::tests::malformed_duplicate_does_not_erase_previous_valid_choice ... ok
test xmp::tests::duplicate_properties_preserve_the_superseded_value ... ok
test xmp::tests::curves_and_unsupported_payloads_are_not_dropped ... ok
test xmp::tests::scalar_attributes_use_mappings_and_history ... ok
test xmp::tests::process_versions_and_legacy_warning ... ok
test xmp::tests::shared_codec_imports_namespaced_profiles_aux_and_lens_blur ... ok
test xmp::tests::invalid_scalars_and_curves_are_preserved_without_poisoning_settings ... ok
test diagnostics::tests::no_other_source_writes_the_key_directly ... ok
test xmp::tests::catalog_version_fallback_disagreement_and_native_hash ... ok
test xmp::tests::native_structures_and_renamed_namespaces_use_shared_codec ... ok

test result: ok. 28 passed; 0 failed; 0 ignored; 0 measured; 0 filtered out; finished in 0.17s

     Running tests/followups.rs (/Users/rutmehta/.cache/tessera-target/LR-4-parametric-masks/debug/deps/followups-93cbfeb5851f15da)

running 16 tests
test numeric_and_string_unknown_keys_cannot_collide ... ok
test upright_counts_are_ordinary_crs_properties ... ok
test xmp_source_fragments_preserve_attribute_spelling ... ok
test xmp_extended_identity_is_silent_and_edits_use_named_limitation ... ok
test identity_master_with_edited_channel_still_warns ... ok
test lua_rows_retain_only_unknown_key_source ... ok
test pending_sources_are_exact_even_when_inactive_or_identity ... ok
test oversized_cells_are_not_loaded ... ok
test every_unedited_image_is_individually_reported ... ok
test retained_source_shapes_and_unedited_reasons_are_distinct ... ok
test duplicate_reports_follow_image_id_order_not_sqlite_row_order ... ok
test bad_develop_rows_degrade_to_unedited_with_source_retained ... ok
test oversized_history_is_omitted_explicitly_and_null_stays_null ... ok
test extended_tone_curves_are_one_named_limitation ... ok
test report_entries_are_grouped_per_message ... ok
test develop_rows_are_ordered_and_orphans_and_null_ids_do_not_block ... ok

test result: ok. 16 passed; 0 failed; 0 ignored; 0 measured; 0 filtered out; finished in 11.30s

     Running tests/golden.rs (/Users/rutmehta/.cache/tessera-target/LR-4-parametric-masks/debug/deps/golden-3c36f54cbb8f5557)

running 2 tests
test synthetic_catalog_output_including_retained_source ... ok
test streaming_matches_import_and_plan_json_is_byte_identical ... ok

test result: ok. 2 passed; 0 failed; 0 ignored; 0 measured; 0 filtered out; finished in 13.35s

     Running tests/import.rs (/Users/rutmehta/.cache/tessera-target/LR-4-parametric-masks/debug/deps/import-b91de320016a17b8)

running 5 tests
test extra_columns_and_empty_folders_are_supported ... ok
test missing_table_is_a_named_engine_error ... ok
test committed_wal_and_lock_are_copied_without_touching_source ... ok
test synthetic_catalog_plan ... ok
test all_selection_mappings_and_reject_precedence ... ok

test result: ok. 5 passed; 0 failed; 0 ignored; 0 measured; 0 filtered out; finished in 0.40s

     Running tests/lr4_adobe_shapes.rs (/Users/rutmehta/.cache/tessera-target/LR-4-parametric-masks/debug/deps/lr4_adobe_shapes-118aad374a58a53a)

running 3 tests
test lr4_adobe_aggregate_and_range_mask_spelling ... ok
test lr4_unrenderable_local_params_are_not_source_promoted ... ok
test lr4_unverified_type_and_feather_keep_exact_source ... ok

test result: ok. 3 passed; 0 failed; 0 ignored; 0 measured; 0 filtered out; finished in 0.03s

     Running tests/lr4_compat.rs (/Users/rutmehta/.cache/tessera-target/LR-4-parametric-masks/debug/deps/lr4_compat-1525f111af587a6e)

running 1 test
test legacy_44_synthetic_groups_remain_byte_identical ... ok

test result: ok. 1 passed; 0 failed; 0 ignored; 0 measured; 0 filtered out; finished in 0.03s

     Running tests/lr4_invalid_geometry.rs (/Users/rutmehta/.cache/tessera-target/LR-4-parametric-masks/debug/deps/lr4_invalid_geometry-9a9ae2a9b5debdf3)

running 1 test
test lr4_unrenderable_geometry_and_amount_keep_source ... ok

test result: ok. 1 passed; 0 failed; 0 ignored; 0 measured; 0 filtered out; finished in 0.01s

     Running tests/lr4_masks.rs (/Users/rutmehta/.cache/tessera-target/LR-4-parametric-masks/debug/deps/lr4_masks-29efd1a2ee513bd2)

running 9 tests
test lr4_nil_untranslated_mask_key_still_has_exact_source ... ok
test lr4_ignored_or_duplicate_fields_never_lose_source ... ok
test lr4_explicit_luminance_and_depth_bounds_translate ... ok
test lr4_group_range_intersects_the_whole_union ... ok
test lr4_component_range_keeps_both_inversions ... ok
test lr4_unknown_fields_and_types_keep_exact_source ... ok
test lr4_opaque_brush_color_and_image_are_retained_atomically ... ok
test lr4_disabled_component_maps_without_losing_geometry ... ok
test lr4_nested_group_preserves_order_and_operators ... ok

test result: ok. 9 passed; 0 failed; 0 ignored; 0 measured; 0 filtered out; finished in 0.01s

     Running tests/lr4_mixed_range.rs (/Users/rutmehta/.cache/tessera-target/LR-4-parametric-masks/debug/deps/lr4_mixed_range-c9087bc12981c6e9)

running 1 test
test lr4_unused_range_family_fields_remain_retained ... ok

test result: ok. 1 passed; 0 failed; 0 ignored; 0 measured; 0 filtered out; finished in 0.01s

     Running tests/lr4b_forms.rs (/Users/rutmehta/.cache/tessera-target/LR-4-parametric-masks/debug/deps/lr4b_forms-a4b2eb6064c3bb6c)

running 6 tests
test lr4b_four_bounds_translate_and_promote ... ok
test lr4b_untranslated_extensions_keep_the_prior_empty_recipe ... ok
test lr4b_ambiguous_new_shapes_are_not_partially_translated ... ok
test lr4b_unsupported_payloads_retain_exact_lua ... ok
test lr4b_subtype_depth_and_luminance ... ok
test lr4b_radial_flipped_is_complement_of_invert_not_a_second_toggle ... ok

test result: ok. 6 passed; 0 failed; 0 ignored; 0 measured; 0 filtered out; finished in 0.02s

     Running tests/lr4b_retained.rs (/Users/rutmehta/.cache/tessera-target/LR-4-parametric-masks/debug/deps/lr4b_retained-ae40d46619a7b103)

running 1 test
test lr4c_approximate_promotions_and_untranslated_byte_pins ... ok

test result: ok. 1 passed; 0 failed; 0 ignored; 0 measured; 0 filtered out; finished in 0.02s

     Running tests/lr4c_metadata.rs (/Users/rutmehta/.cache/tessera-target/LR-4-parametric-masks/debug/deps/lr4c_metadata-b97b582231850578)

running 3 tests
test lr4d_nested_diagnostics_name_populated_fields_not_fallback_brushes ... ok
test lr4c_neutral_mask_value_keeps_the_legacy_flat_envelope ... ok
test lr4c_documented_keys_each_admit_a_renderable_approximation ... ok

test result: ok. 3 passed; 0 failed; 0 ignored; 0 measured; 0 filtered out; finished in 0.01s

     Running tests/lua_develop.rs (/Users/rutmehta/.cache/tessera-target/LR-4-parametric-masks/debug/deps/lua_develop-cf6ad6bf043ebf08)

running 10 tests
test malformed_literals_are_decode_errors_naming_the_image ... ok
test mapping_table_is_one_to_one_and_covers_every_crs_key ... ok
test deep_nesting_is_rejected_without_overflowing_the_stack ... ok
test lua_escapes_decode ... ok
test format_is_detected_by_the_first_token ... ok
test unknown_keys_are_reported_and_the_source_is_retained ... ok
test structured_values_map_like_their_xmp_form ... ok
test the_same_edit_as_xmp_and_as_lua_yields_an_identical_recipe ... ok
test oversized_input_is_rejected_before_parsing ... ok
test catalog_with_lua_develop_rows_imports ... ok

test result: ok. 10 passed; 0 failed; 0 ignored; 0 measured; 0 filtered out; finished in 6.33s

     Running tests/make_fixture.rs (/Users/rutmehta/.cache/tessera-target/LR-4-parametric-masks/debug/deps/make_fixture-3f5ba5a5ac6d50e5)

running 0 tests

test result: ok. 0 passed; 0 failed; 0 ignored; 0 measured; 0 filtered out; finished in 0.00s

     Running tests/oversized_memory.rs (/Users/rutmehta/.cache/tessera-target/LR-4-parametric-masks/debug/deps/oversized_memory-f543ee4e6c3afb50)

running 1 test
test oversized_sqlite_cells_are_streamed_without_full_cell_allocations ... ok

test result: ok. 1 passed; 0 failed; 0 ignored; 0 measured; 0 filtered out; finished in 4.13s

     Running tests/real_catalog_shapes.rs (/Users/rutmehta/.cache/tessera-target/LR-4-parametric-masks/debug/deps/real_catalog_shapes-a672e06242b84e3e)

running 6 tests
test unnamed_root_keyword_is_the_tree_root ... ok
test collection_rows_with_missing_or_unknown_fields_degrade ... ok
test empty_develop_row_imports_as_unedited ... ok
test untranslatable_smart_collection_is_reported_not_fatal ... ok
test second_unnamed_root_keyword_is_reported ... ok
test unnamed_non_root_keyword_is_skipped_with_a_diagnostic ... ok

test result: ok. 6 passed; 0 failed; 0 ignored; 0 measured; 0 filtered out; finished in 7.92s

     Running tests/scale.rs (/Users/rutmehta/.cache/tessera-target/LR-4-parametric-masks/debug/deps/scale-ec971aba06a881d2)

running 1 test
test streaming_import_memory_is_flat_and_time_bounded ... ignored, timing and allocation bounds are for release builds

test result: ok. 0 passed; 0 failed; 1 ignored; 0 measured; 0 filtered out; finished in 0.00s

     Running tests/schema_version.rs (/Users/rutmehta/.cache/tessera-target/LR-4-parametric-masks/debug/deps/schema_version-f247cbe2ddcaf1b3)

running 2 tests
test lr4c_imported_mask_features_write_schema_four ... ok
test imported_recipes_require_schema_3 ... ok

test result: ok. 2 passed; 0 failed; 0 ignored; 0 measured; 0 filtered out; finished in 6.81s

     Running tests/smart_rating.rs (/Users/rutmehta/.cache/tessera-target/LR-4-parametric-masks/debug/deps/smart_rating-fb6807f86b74d05c)

running 1 test
test all_star_thresholds_operators_ranges_and_flags ... ok

test result: ok. 1 passed; 0 failed; 0 ignored; 0 measured; 0 filtered out; finished in 0.39s

     Running tests/translation_matrix.rs (/Users/rutmehta/.cache/tessera-target/LR-4-parametric-masks/debug/deps/translation_matrix-b58196a35bc77828)

running 13 tests
test matrix_guard_accepts_a_complete_approximate_row ... ok
test matrix_guard_rejects_a_translated_row_carrying_an_approximate_diagnostic ... ok
test matrix_guard_rejects_an_approximate_row_without_a_synthetic_value ... ok
test matrix_guard_rejects_a_retained_key_claimed_as_translated ... ok
test matrix_guard_rejects_approximate_with_warnings ... ok
test matrix_guard_rejects_approximate_diagnostic_naming_another_field ... ok
test matrix_guard_rejects_the_fixture_row_against_the_unconverted_parser ... ok
test matrix_guard_rejects_approximate_without_retained_source ... ok
test matrix_guard_rejects_approximate_without_the_recipe_field ... ok
test matrix_guard_rejects_approximate_without_a_diagnostic ... ok
test lr4d_matrix_diagnostics_use_shared_channel_and_exact_fields ... ok
test translation_matrix_matches_synthetic_import ... ok
test lr4c_matrix_accepts_source_retained_approximation ... ok

test result: ok. 13 passed; 0 failed; 0 ignored; 0 measured; 0 filtered out; finished in 0.06s

   Doc-tests import_lrcat

running 0 tests

test result: ok. 0 passed; 0 failed; 0 ignored; 0 measured; 0 filtered out; finished in 0.00s
