   Compiling proc-macro2 v1.0.107
   Compiling quote v1.0.47
   Compiling unicode-ident v1.0.26
   Compiling libm v0.2.16
   Compiling serde_core v1.0.229
   Compiling syn v3.0.6
   Compiling serde v1.0.229
   Compiling autocfg v1.5.1
   Compiling arrayvec v0.7.8
   Compiling cfg-if v1.0.5
   Compiling serde_derive v1.0.229
   Compiling num-traits v0.2.19
   Compiling libc v0.2.189
   Compiling find-msvc-tools v0.1.14
   Compiling shlex v2.0.1
   Compiling cc v1.5.1
   Compiling bytemuck v1.25.2
   Compiling version_check v0.9.5
   Compiling bitflags v2.13.2
   Compiling crc32fast v1.5.2
   Compiling slotmap v1.1.1
   Compiling core_maths v0.1.1
   Compiling log v0.4.34
   Compiling memchr v2.8.3
   Compiling thiserror v2.0.21
   Compiling euclid v0.22.14
   Compiling smallvec v1.16.2
   Compiling zmij v1.0.23
   Compiling adler2 v2.0.1
   Compiling simd-adler32 v0.3.10
   Compiling miniz_oxide v0.9.1
   Compiling lyon_geom v1.0.19
   Compiling lyon_path v1.0.19
   Compiling ttf-parser v0.25.1
   Compiling thiserror-impl v2.0.21
   Compiling i_float v1.16.0
   Compiling syn v2.0.119
   Compiling float_next_after v1.0.0
   Compiling serde_json v1.0.151
   Compiling arrayref v0.3.9
   Compiling strict-num v0.1.1
   Compiling zerocopy v0.8.59
   Compiling tiny-skia-path v0.11.4
   Compiling lyon_tessellation v1.0.22
   Compiling i_shape v1.18.0
   Compiling lyon_algorithms v1.0.21
   Compiling zerocopy-derive v0.8.59
   Compiling flate2 v1.1.10
   Compiling blake3 v1.8.7
   Compiling memmap2 v0.9.11
   Compiling unicode-properties v0.1.4
   Compiling i_key_sort v0.10.3
   Compiling pkg-config v0.3.34
   Compiling vcpkg v0.2.15
   Compiling tinyvec v1.13.3
   Compiling unicode-ccc v0.4.0
   Compiling unicode-script v0.5.8
   Compiling itoa v1.0.18
   Compiling i_tree v0.18.0
   Compiling unicode-bidi-mirroring v0.4.0
   Compiling i_overlay v4.5.2
   Compiling rustybuzz v0.20.1
   Compiling fontdb v0.23.0
   Compiling libsqlite3-sys v0.38.2
   Compiling psd v0.1.0 (/Users/rutmehta/Developer/lightroom/.worktrees/LR-4-parametric-masks/crates/psd)
   Compiling lyon v1.0.19
   Compiling tiny-skia v0.11.4
   Compiling kurbo v0.11.3
   Compiling quick-xml v0.38.4
   Compiling unicode-bidi v0.3.18
   Compiling constant_time_eq v0.4.2
   Compiling foldhash v0.2.0
   Compiling unicode-linebreak v0.1.5
   Compiling hashbrown v0.17.1
   Compiling typography v0.1.0 (/Users/rutmehta/Developer/lightroom/.worktrees/LR-4-parametric-masks/crates/typography)
   Compiling vector v0.1.0 (/Users/rutmehta/Developer/lightroom/.worktrees/LR-4-parametric-masks/crates/vector)
   Compiling half v2.7.1
   Compiling rustix v1.1.5
   Compiling getrandom v0.4.3
   Compiling anyhow v1.0.104
   Compiling engine-api v0.1.0 (/Users/rutmehta/Developer/lightroom/.worktrees/LR-4-parametric-masks/crates/engine-api)
   Compiling hashlink v0.12.2
   Compiling errno v0.3.14
   Compiling mutate_once v0.1.2
   Compiling fallible-iterator v0.3.0
   Compiling same-file v1.0.6
   Compiling fallible-streaming-iterator v0.1.9
   Compiling walkdir v2.5.0
   Compiling kamadak-exif v0.6.1
   Compiling once_cell v1.21.4
   Compiling fastrand v2.5.0
   Compiling zune-core v0.5.3
   Compiling pxfm v0.1.30
   Compiling moxcms v0.8.1
   Compiling zune-jpeg v0.5.15
   Compiling tempfile v3.27.0
   Compiling byteorder-lite v0.1.0
   Compiling image v0.25.10
   Compiling sidecar v0.1.0 (/Users/rutmehta/Developer/lightroom/.worktrees/LR-4-parametric-masks/crates/sidecar)
   Compiling roxmltree v0.20.0
   Compiling rusqlite v0.40.2
   Compiling index v0.1.0 (/Users/rutmehta/Developer/lightroom/.worktrees/LR-4-parametric-masks/crates/index)
   Compiling library v0.1.0 (/Users/rutmehta/Developer/lightroom/.worktrees/LR-4-parametric-masks/crates/library)
   Compiling import-lrcat v0.1.0 (/Users/rutmehta/Developer/lightroom/.worktrees/LR-4-parametric-masks/crates/import-lrcat)
    Finished `test` profile [unoptimized + debuginfo] target(s) in 1m 15s
     Running tests/translation_matrix.rs (/Users/rutmehta/.cache/tessera-target/LR-4-parametric-masks/debug/deps/translation_matrix-b58196a35bc77828)

running 13 tests
test matrix_guard_rejects_an_approximate_row_without_a_synthetic_value ... ok
test lr4d_matrix_diagnostics_use_shared_channel_and_exact_fields ... FAILED
test matrix_guard_rejects_approximate_without_retained_source ... ok
test matrix_guard_rejects_a_translated_row_carrying_an_approximate_diagnostic ... ok
test matrix_guard_rejects_approximate_with_warnings ... ok
test translation_matrix_matches_synthetic_import ... FAILED
test matrix_guard_accepts_a_complete_approximate_row ... ok
test matrix_guard_rejects_approximate_diagnostic_naming_another_field ... ok
test matrix_guard_rejects_a_retained_key_claimed_as_translated ... ok
test matrix_guard_rejects_approximate_without_a_diagnostic ... ok
test matrix_guard_rejects_the_fixture_row_against_the_unconverted_parser ... ok
test lr4c_matrix_accepts_source_retained_approximation ... FAILED
test matrix_guard_rejects_approximate_without_the_recipe_field ... ok

failures:

---- lr4d_matrix_diagnostics_use_shared_channel_and_exact_fields stdout ----

thread 'lr4d_matrix_diagnostics_use_shared_channel_and_exact_fields' (56253637) panicked at crates/import-lrcat/tests/translation_matrix.rs:349:9:
assertion failed: !recipe.unknown.contains_key("lrcat_develop_diagnostics")
note: run with `RUST_BACKTRACE=1` environment variable to display a backtrace

---- translation_matrix_matches_synthetic_import stdout ----

thread 'translation_matrix_matches_synthetic_import' (56253648) panicked at crates/import-lrcat/tests/translation_matrix.rs:167:40:
called `Result::unwrap()` on an `Err` value: "MaskGroupBasedCorrections: approximate key has no info diagnostics entry"

---- lr4c_matrix_accepts_source_retained_approximation stdout ----

thread 'lr4c_matrix_accepts_source_retained_approximation' (56253636) panicked at crates/import-lrcat/tests/translation_matrix.rs:337:5:
assertion failed: check_matrix(&matrix.replace(old, new)).is_ok()


failures:
    lr4c_matrix_accepts_source_retained_approximation
    lr4d_matrix_diagnostics_use_shared_channel_and_exact_fields
    translation_matrix_matches_synthetic_import

test result: FAILED. 10 passed; 3 failed; 0 ignored; 0 measured; 0 filtered out; finished in 0.01s

error: test failed, to rerun pass `-p import-lrcat --test translation_matrix`
