Build complete! (213.53s)
Test Suite 'Selected tests' started at 2026-10-01 19:19:44.990.
Test Suite 'TesseraPackageTests.xctest' started at 2026-10-01 19:19:44.992.
Test Suite 'DocumentExportFlatTests' started at 2026-10-01 19:19:44.992.
Test Case '-[TesseraCoreTests.DocumentExportFlatTests testCancelAfterTheFileIsWrittenReportsExported]' started.
Test Case '-[TesseraCoreTests.DocumentExportFlatTests testCancelAfterTheFileIsWrittenReportsExported]' passed (0.116 seconds).
Test Case '-[TesseraCoreTests.DocumentExportFlatTests testCancelledEngineExportKeepsTheDestination]' started.
Test Case '-[TesseraCoreTests.DocumentExportFlatTests testCancelledEngineExportKeepsTheDestination]' passed (0.039 seconds).
Test Case '-[TesseraCoreTests.DocumentExportFlatTests testDuplicateProgressWakesMainAtMostOncePerInterval]' started.
Test Case '-[TesseraCoreTests.DocumentExportFlatTests testDuplicateProgressWakesMainAtMostOncePerInterval]' passed (0.000 seconds).
Test Case '-[TesseraCoreTests.DocumentExportFlatTests testEngineExportRunsFromASnapshotWithProgress]' started.
Test Case '-[TesseraCoreTests.DocumentExportFlatTests testEngineExportRunsFromASnapshotWithProgress]' passed (0.051 seconds).
Test Case '-[TesseraCoreTests.DocumentExportFlatTests testExportProgressPreservesDocumentLayoutAndRunsWorkOffMain]' started.
Test Case '-[TesseraCoreTests.DocumentExportFlatTests testExportProgressPreservesDocumentLayoutAndRunsWorkOffMain]' passed (0.311 seconds).
Test Case '-[TesseraCoreTests.DocumentExportFlatTests testReservedExportCancelBeforeSnapshotWorkerStartsKeepsDestination]' started.
Test Case '-[TesseraCoreTests.DocumentExportFlatTests testReservedExportCancelBeforeSnapshotWorkerStartsKeepsDestination]' passed (0.013 seconds).
Test Case '-[TesseraCoreTests.DocumentExportFlatTests testReservedExportSurvivesCloseBeforeSnapshotWorkerStarts]' started.
Test Case '-[TesseraCoreTests.DocumentExportFlatTests testReservedExportSurvivesCloseBeforeSnapshotWorkerStarts]' passed (0.023 seconds).
Test Case '-[TesseraCoreTests.DocumentExportFlatTests testSmartFilterFixtureExportBoundsMainSpansAndCoalescesProgress]' started.
Test Case '-[TesseraCoreTests.DocumentExportFlatTests testSmartFilterFixtureExportBoundsMainSpansAndCoalescesProgress]' passed (4.643 seconds).
Test Case '-[TesseraCoreTests.DocumentExportFlatTests testStubBackendExportsOffTheMainThread]' started.
Test Case '-[TesseraCoreTests.DocumentExportFlatTests testStubBackendExportsOffTheMainThread]' passed (0.097 seconds).
Test Case '-[TesseraCoreTests.DocumentExportFlatTests testStubCancelAfterTheFileIsWrittenReportsExported]' started.
Test Case '-[TesseraCoreTests.DocumentExportFlatTests testStubCancelAfterTheFileIsWrittenReportsExported]' passed (0.086 seconds).
Test Case '-[TesseraCoreTests.DocumentExportFlatTests testWorkspaceCancelKeepsTheDestination]' started.
Test Case '-[TesseraCoreTests.DocumentExportFlatTests testWorkspaceCancelKeepsTheDestination]' passed (0.043 seconds).
Test Case '-[TesseraCoreTests.DocumentExportFlatTests testWorkspaceExportIsABackgroundTaskThatSurvivesClose]' started.
Test Case '-[TesseraCoreTests.DocumentExportFlatTests testWorkspaceExportIsABackgroundTaskThatSurvivesClose]' passed (0.066 seconds).
Test Case '-[TesseraCoreTests.DocumentExportFlatTests testWorkspaceSnapshotExcludesEditCommittedAfterConfirm]' started.
Test Case '-[TesseraCoreTests.DocumentExportFlatTests testWorkspaceSnapshotExcludesEditCommittedAfterConfirm]' passed (0.056 seconds).
Test Suite 'DocumentExportFlatTests' passed at 2026-10-01 19:19:50.540.
	 Executed 13 tests, with 0 failures (0 unexpected) in 5.546 (5.548) seconds
Test Suite 'FlatExportHUDTests' started at 2026-10-01 19:19:50.540.
Test Case '-[TesseraCoreTests.FlatExportHUDTests testAccessibilityNotificationsForPhaseOnlyChangesAndCancel]' started.
Test Case '-[TesseraCoreTests.FlatExportHUDTests testAccessibilityNotificationsForPhaseOnlyChangesAndCancel]' passed (0.005 seconds).
Test Case '-[TesseraCoreTests.FlatExportHUDTests testOffscreenFixtureExportAppearance]' started.
Test Case '-[TesseraCoreTests.FlatExportHUDTests testOffscreenFixtureExportAppearance]' passed (0.131 seconds).
Test Case '-[TesseraCoreTests.FlatExportHUDTests testProgressChangesLayersAndAccessibilityWithoutObservationOrLayout]' started.
Test Case '-[TesseraCoreTests.FlatExportHUDTests testProgressChangesLayersAndAccessibilityWithoutObservationOrLayout]' passed (0.010 seconds).
Test Case '-[TesseraCoreTests.FlatExportHUDTests testViewportShrinkRepositionsActiveExport]' started.
Test Case '-[TesseraCoreTests.FlatExportHUDTests testViewportShrinkRepositionsActiveExport]' passed (0.003 seconds).
Test Suite 'FlatExportHUDTests' passed at 2026-10-01 19:19:50.697.
	 Executed 4 tests, with 0 failures (0 unexpected) in 0.149 (0.158) seconds
Test Suite 'TesseraPackageTests.xctest' passed at 2026-10-01 19:19:50.697.
	 Executed 17 tests, with 0 failures (0 unexpected) in 5.695 (5.705) seconds
Test Suite 'Selected tests' passed at 2026-10-01 19:19:50.697.
	 Executed 17 tests, with 0 failures (0 unexpected) in 5.695 (5.707) seconds
TESSERA_FILTER_PERF unset: skipped 20 ms export-event bound
B5-48 confirm snapshot: 5.458248779177666 us (main=true)
◇ Test run started.
↳ Testing Library Version: 1501
↳ Target Platform: arm64e-apple-macos14.0
✔ Test run with 0 tests in 0 suites passed after 0.001 seconds.
