   Compiling cc v1.4.7
   Compiling crc32fast v1.5.2
   Compiling serde_core v1.0.229
   Compiling syn v3.0.6
   Compiling simd-adler32 v0.3.10
   Compiling once_cell v1.21.4
   Compiling serde v1.0.229
   Compiling miniz_oxide v0.9.1
   Compiling tempfile v3.27.0
   Compiling ring v0.17.14
   Compiling flate2 v1.1.10
   Compiling serde_derive v1.0.229
   Compiling thiserror-impl v2.0.21
   Compiling thiserror v2.0.21
   Compiling serde_json v1.0.151
   Compiling rustls v0.23.45
   Compiling rustls-webpki v0.103.15
   Compiling ureq v3.4.2
   Compiling lens v0.1.0 (/Users/rutmehta/Developer/tessera/.worktrees/M2-09b/crates/lens)
    Finished `release` profile [optimized] target(s) in 8.54s
     Running tests/data_pack.rs (/Users/rutmehta/.cache/tessera-target/M2-09b/release/deps/data_pack-12f07f2896e1e4b6)

running 1 test
Loaded 470 profiles; 835 skipped; archive /var/folders/_f/grgzfz9j7c1bq0m39nwqz9mm0000gn/T/.tmpBr0g9w/lens/a11cbe6aeec657839540448b253217c25d20b7a45b6aebfef406f7239933c7a6.tar.gz
test downloads_pinned_upstream_pack ... ok

test result: ok. 1 passed; 0 failed; 0 ignored; 0 measured; 10 filtered out; finished in 0.42s

