2026-09-28 02:40:33.413 Tessera[20736:99240337] Sparkle updates not configured for this build
document: frames on the Cpu path (L0, requested Rect { x0: 0, y0: 0, x1: 32, y1: 32 })
document: frames on the Viewport path (L0, requested Rect { x0: 0, y0: 0, x1: 32, y1: 32 })
SAVE-LIFECYCLE seq=1 uptime=2631097.420638667 event=operation.begin request=EF920E91-C992-4ACA-BC92-F1A3DAA695D3 workspace=ObjectIdentifier(0x0000000108459870) claim=nil queued=nil active=nil phase=nil state=false swift=false native=false observed=false probes=[nil] parent={nil} sheet={nil}
SAVE-LIFECYCLE seq=2 uptime=2631097.4212542083 event=successor.request.enter request=EF920E91-C992-4ACA-BC92-F1A3DAA695D3 workspace=ObjectIdentifier(0x0000000108459870) claim=nil queued=nil active=EF920E91-C992-4ACA-BC92-F1A3DAA695D3 phase=choosing state=false swift=false native=false observed=false probes=[nil] parent={nil} sheet={nil}
SAVE-LIFECYCLE seq=3 uptime=2631097.4213352087 event=successor.request.exit request=EF920E91-C992-4ACA-BC92-F1A3DAA695D3 workspace=ObjectIdentifier(0x0000000108459870) claim=nil queued=nil active=EF920E91-C992-4ACA-BC92-F1A3DAA695D3 phase=choosing state=false swift=false native=false observed=false probes=[nil] parent={nil} sheet={nil}
SAVE-LIFECYCLE seq=4 uptime=2631097.4214907084 event=content.claim request=EF920E91-C992-4ACA-BC92-F1A3DAA695D3 captured=nil
SAVE-LIFECYCLE seq=5 uptime=2631097.4215013753 event=swift.claim.enter request=EF920E91-C992-4ACA-BC92-F1A3DAA695D3 workspace=ObjectIdentifier(0x0000000108459870) claim=nil queued=nil active=EF920E91-C992-4ACA-BC92-F1A3DAA695D3 phase=choosing state=false swift=false native=false observed=false probes=[nil] parent={nil} sheet={nil}
SAVE-LIFECYCLE seq=6 uptime=2631097.4215115835 event=native.track.enter request=EF920E91-C992-4ACA-BC92-F1A3DAA695D3 workspace=ObjectIdentifier(0x0000000108459870) claim=EF920E91-C992-4ACA-BC92-F1A3DAA695D3 queued=nil active=EF920E91-C992-4ACA-BC92-F1A3DAA695D3 phase=choosing state=false swift=false native=false observed=false probes=[nil] parent={nil} sheet={nil}
SAVE-LIFECYCLE seq=7 uptime=2631097.4215355837 event=native.track.exit request=EF920E91-C992-4ACA-BC92-F1A3DAA695D3 workspace=ObjectIdentifier(0x0000000108459870) claim=EF920E91-C992-4ACA-BC92-F1A3DAA695D3 queued=nil active=EF920E91-C992-4ACA-BC92-F1A3DAA695D3 phase=choosing state=true swift=false native=false observed=false probes=[] parent={ObjectIdentifier(0x0000000108473c40):parent=nil:attached=nil:visible=true} sheet={nil}
SAVE-LIFECYCLE seq=8 uptime=2631097.4215492504 event=swift.claim.exit request=EF920E91-C992-4ACA-BC92-F1A3DAA695D3 workspace=ObjectIdentifier(0x0000000108459870) claim=EF920E91-C992-4ACA-BC92-F1A3DAA695D3 queued=nil active=EF920E91-C992-4ACA-BC92-F1A3DAA695D3 phase=choosing state=true swift=false native=false observed=false probes=[] parent={ObjectIdentifier(0x0000000108473c40):parent=nil:attached=nil:visible=true} sheet={nil}
SAVE-LIFECYCLE seq=9 uptime=2631097.443787875 event=view.make request=EF920E91-C992-4ACA-BC92-F1A3DAA695D3 view=ObjectIdentifier(0x0000000c6312ad00)
SAVE-LIFECYCLE seq=10 uptime=2631097.4438233753 event=view.refresh request=EF920E91-C992-4ACA-BC92-F1A3DAA695D3 view=ObjectIdentifier(0x0000000c6312ad00) oldRequest=nil window={nil}
SAVE-LIFECYCLE seq=11 uptime=2631097.4438325837 event=view.endOwnership request=nil view=ObjectIdentifier(0x0000000c6312ad00) owner=nil hasFinish=false window={nil}
SAVE-LIFECYCLE seq=12 uptime=2631097.4438444586 event=probe.leaseBegin.enter request=EF920E91-C992-4ACA-BC92-F1A3DAA695D3 workspace=ObjectIdentifier(0x0000000108459870) claim=EF920E91-C992-4ACA-BC92-F1A3DAA695D3 queued=nil active=EF920E91-C992-4ACA-BC92-F1A3DAA695D3 phase=choosing state=true swift=false native=false observed=false probes=[] parent={ObjectIdentifier(0x0000000108473c40):parent=nil:attached=nil:visible=true} sheet={nil}
SAVE-LIFECYCLE seq=13 uptime=2631097.443859125 event=probe.leaseIdentity request=EF920E91-C992-4ACA-BC92-F1A3DAA695D3 probe=7D94D41D-0A7A-4920-AD31-84735E7D13A7
SAVE-LIFECYCLE seq=14 uptime=2631097.4438710003 event=probe.leaseBegin.exit request=EF920E91-C992-4ACA-BC92-F1A3DAA695D3 workspace=ObjectIdentifier(0x0000000108459870) claim=EF920E91-C992-4ACA-BC92-F1A3DAA695D3 queued=nil active=EF920E91-C992-4ACA-BC92-F1A3DAA695D3 phase=choosing state=true swift=false native=false observed=false probes=[7D94D41D-0A7A-4920-AD31-84735E7D13A7] parent={ObjectIdentifier(0x0000000108473c40):parent=nil:attached=nil:visible=true} sheet={nil}
SAVE-LIFECYCLE seq=15 uptime=2631097.4440105003 event=view.update request=EF920E91-C992-4ACA-BC92-F1A3DAA695D3 view=ObjectIdentifier(0x0000000c6312ad00) oldRequest=EF920E91-C992-4ACA-BC92-F1A3DAA695D3 window={nil}
SAVE-LIFECYCLE seq=16 uptime=2631097.4440173754 event=view.refresh request=EF920E91-C992-4ACA-BC92-F1A3DAA695D3 view=ObjectIdentifier(0x0000000c6312ad00) oldRequest=EF920E91-C992-4ACA-BC92-F1A3DAA695D3 window={nil}
SAVE-LIFECYCLE seq=17 uptime=2631097.4461152502 event=view.didMoveToWindow request=EF920E91-C992-4ACA-BC92-F1A3DAA695D3 view=ObjectIdentifier(0x0000000c6312ad00) window={ObjectIdentifier(0x0000000c667d1b80):parent=nil:attached=nil:visible=false}
SAVE-LIFECYCLE seq=18 uptime=2631097.446141917 event=view.captureCallback request=EF920E91-C992-4ACA-BC92-F1A3DAA695D3 ownerAlive=true window={ObjectIdentifier(0x0000000c667d1b80):parent=nil:attached=nil:visible=false}
SAVE-LIFECYCLE seq=19 uptime=2631097.4461523336 event=probe.capture.enter request=EF920E91-C992-4ACA-BC92-F1A3DAA695D3 workspace=ObjectIdentifier(0x0000000108459870) claim=EF920E91-C992-4ACA-BC92-F1A3DAA695D3 queued=nil active=EF920E91-C992-4ACA-BC92-F1A3DAA695D3 phase=choosing state=true swift=false native=false observed=false probes=[7D94D41D-0A7A-4920-AD31-84735E7D13A7] parent={ObjectIdentifier(0x0000000108473c40):parent=nil:attached=nil:visible=true} sheet={nil}
SAVE-LIFECYCLE seq=20 uptime=2631097.4461648753 event=probe.capture.window request=EF920E91-C992-4ACA-BC92-F1A3DAA695D3 ObjectIdentifier(0x0000000c667d1b80):parent=nil:attached=nil:visible=false
SAVE-LIFECYCLE seq=21 uptime=2631097.446171167 event=probe.capture.exit request=EF920E91-C992-4ACA-BC92-F1A3DAA695D3 workspace=ObjectIdentifier(0x0000000108459870) claim=EF920E91-C992-4ACA-BC92-F1A3DAA695D3 queued=nil active=EF920E91-C992-4ACA-BC92-F1A3DAA695D3 phase=choosing state=true swift=false native=false observed=false probes=[7D94D41D-0A7A-4920-AD31-84735E7D13A7] parent={ObjectIdentifier(0x0000000108473c40):parent=nil:attached=nil:visible=true} sheet={ObjectIdentifier(0x0000000c667d1b80):parent=nil:attached=nil:visible=false}
