warning: unused import: `super::*`
 --> crates/compositor/src/resident/adjustment_limits.rs:6:9
  |
6 |     use super::*;
  |         ^^^^^^^^
  |
  = note: `#[warn(unused_imports)]` (part of `#[warn(unused)]`) on by default

error[E0425]: cannot find function `validate_aux` in this scope
  --> crates/compositor/src/resident/adjustment_limits.rs:15:17
   |
15 |         assert!(validate_aux(0, &limits).is_ok());
   |                 ^^^^^^^^^^^^ not found in this scope

error[E0425]: cannot find function `validate_aux` in this scope
  --> crates/compositor/src/resident/adjustment_limits.rs:16:17
   |
16 |         assert!(validate_aux((128 << 20) / 4, &limits).is_ok());
   |                 ^^^^^^^^^^^^ not found in this scope

error[E0425]: cannot find function `validate_aux` in this scope
  --> crates/compositor/src/resident/adjustment_limits.rs:17:17
   |
17 |         assert!(validate_aux((128 << 20) / 4 + 1, &limits).is_err());
   |                 ^^^^^^^^^^^^ not found in this scope

error[E0425]: cannot find function `validate_aux` in this scope
  --> crates/compositor/src/resident/adjustment_limits.rs:18:17
   |
18 |         assert!(validate_aux(256_usize.pow(3) * 3, &limits).is_err());
   |                 ^^^^^^^^^^^^ not found in this scope

error[E0425]: cannot find function `validate_aux` in this scope
  --> crates/compositor/src/resident/adjustment_limits.rs:19:17
   |
19 |         assert!(validate_aux(usize::MAX, &limits).is_err());
   |                 ^^^^^^^^^^^^ not found in this scope

error[E0425]: cannot find function `validate_aux` in this scope
  --> crates/compositor/src/resident/adjustment_limits.rs:21:17
   |
21 |         assert!(validate_aux(256, &limits).is_ok());
   |                 ^^^^^^^^^^^^ not found in this scope

error[E0425]: cannot find function `validate_aux` in this scope
  --> crates/compositor/src/resident/adjustment_limits.rs:22:17
   |
22 |         assert!(validate_aux(257, &limits).is_err());
   |                 ^^^^^^^^^^^^ not found in this scope

For more information about this error, try `rustc --explain E0425`.
error: could not compile `compositor` (lib test) due to 7 previous errors; 1 warning emitted
