     Running tests/point_colors.rs (/Users/rutmehta/.cache/tessera-target/LR-1-point-color/debug/deps/point_colors-61a1f0d6d6c23aa7)

running 11 tests
test point_color_defaults_missing_ranges ... ok
test point_color_list_extensions_and_mixed_invalid_items_are_retained ... ok
test point_color_explicit_lua_array_indices_translate_without_losing_order ... ok
test point_color_lua_maps_shifts_and_all_feathers_without_pending_source ... ok
test point_color_requires_pv3_or_later ... ok
test point_color_resource_wrapper_extensions_are_not_discarded ... ok
test point_color_skips_placeholder_among_real_records ... ok
test point_color_success_has_no_unsupported_warning ... ok
test point_color_partial_or_unknown_shape_stays_atomic_and_retained ... ok
test point_color_xmp_numeric_sequence_matches_lua ... ok
test point_color_units_multiple_points_and_native_roundtrip ... ok

test result: ok. 11 passed; 0 failed; 0 ignored; 0 measured; 0 filtered out; finished in 0.04s

     Running tests/translation_matrix.rs (/Users/rutmehta/.cache/tessera-target/LR-1-point-color/debug/deps/translation_matrix-090b6125d4581a9a)

running 2 tests
test matrix_guard_rejects_a_retained_key_claimed_as_translated ... ok
test translation_matrix_matches_synthetic_import ... ok

test result: ok. 2 passed; 0 failed; 0 ignored; 0 measured; 0 filtered out; finished in 0.01s

     Running tests/point_colors.rs (/Users/rutmehta/.cache/tessera-target/LR-1-point-color/debug/deps/point_colors-124c8371c836cb7e)

running 9 tests
test native_point_color_keeps_oklch_semantics_and_signed_headroom ... ok
test point_color_is_continuous_across_sdr_ceiling ... ok
test point_color_noop_is_bit_exact_and_settings_are_accepted ... ok
test point_color_range_width_luminance_feather_and_hue_seam ... ok
test point_color_reference_swatch_full_half_feather_and_excluded ... ok
test point_color_shifts_saturation_luminance_and_wraps_hue ... ok
test point_color_rejects_invalid_ranges_without_mutating_tile ... ok
test point_membership_uses_original_pixel ... ok
test sampled_colour_always_gets_full_weight ... ok

test result: ok. 9 passed; 0 failed; 0 ignored; 0 measured; 0 filtered out; finished in 0.00s
