test bench_interactive_per_operator ... INTERACTIVE_BENCH_RUN label="before" adapter="Apple M4"
INTERACTIVE_BENCH_LEVEL fixture=canon-cr3.CR3 level=2 extent=1000x1000 cold_ms=191.8
INTERACTIVE_BENCH fixture=canon-cr3.CR3 level=2 op=basic_tone path=surface p50_ms=1.89 p90_ms=1.92 samples=[1.76, 1.78, 1.86, 1.89, 1.90, 1.92, 2.00]
INTERACTIVE_BENCH fixture=canon-cr3.CR3 level=2 op=curves path=surface p50_ms=1.94 p90_ms=2.02 samples=[1.85, 1.88, 1.88, 1.94, 1.97, 2.02, 2.09]
INTERACTIVE_BENCH fixture=canon-cr3.CR3 level=2 op=point_curve path=surface p50_ms=2.07 p90_ms=2.12 samples=[1.96, 1.98, 2.04, 2.07, 2.11, 2.12, 2.17]
INTERACTIVE_BENCH fixture=canon-cr3.CR3 level=2 op=texture path=tiles p50_ms=93.37 p90_ms=94.67 samples=[91.65, 91.84, 93.22, 93.37, 94.58, 94.67, 95.68]
INTERACTIVE_BENCH fixture=canon-cr3.CR3 level=2 op=clarity path=tiles p50_ms=96.12 p90_ms=97.98 samples=[94.23, 94.36, 95.29, 96.12, 96.63, 97.98, 99.60]
INTERACTIVE_BENCH fixture=canon-cr3.CR3 level=2 op=dehaze path=tiles p50_ms=103.74 p90_ms=103.94 samples=[100.57, 103.36, 103.71, 103.74, 103.91, 103.94, 111.16]
INTERACTIVE_BENCH fixture=canon-cr3.CR3 level=2 op=sharpening path=surface p50_ms=7.08 p90_ms=7.14 samples=[7.03, 7.04, 7.06, 7.08, 7.09, 7.14, 8.91]
INTERACTIVE_BENCH fixture=canon-cr3.CR3 level=2 op=luminance_nr path=surface p50_ms=7.55 p90_ms=7.63 samples=[7.51, 7.54, 7.54, 7.55, 7.57, 7.63, 7.67]
INTERACTIVE_BENCH fixture=canon-cr3.CR3 level=2 op=chroma_nr path=surface p50_ms=7.16 p90_ms=7.36 samples=[1.96, 7.12, 7.13, 7.16, 7.25, 7.36, 9.32]
INTERACTIVE_BENCH fixture=canon-cr3.CR3 level=2 op=vibrance path=surface p50_ms=2.18 p90_ms=2.25 samples=[2.06, 2.08, 2.10, 2.18, 2.22, 2.25, 2.29]
INTERACTIVE_BENCH fixture=canon-cr3.CR3 level=2 op=hsl path=surface p50_ms=2.16 p90_ms=2.20 samples=[2.09, 2.14, 2.15, 2.16, 2.17, 2.20, 2.24]
INTERACTIVE_BENCH fixture=canon-cr3.CR3 level=2 op=color_grading path=surface p50_ms=2.18 p90_ms=2.25 samples=[2.06, 2.16, 2.17, 2.18, 2.24, 2.25, 2.40]
INTERACTIVE_BENCH fixture=canon-cr3.CR3 level=2 op=vignette path=surface p50_ms=4.48 p90_ms=4.52 samples=[4.36, 4.42, 4.47, 4.48, 4.50, 4.52, 4.52]
INTERACTIVE_BENCH fixture=canon-cr3.CR3 level=2 op=grain path=surface p50_ms=4.74 p90_ms=4.75 samples=[4.63, 4.67, 4.70, 4.74, 4.74, 4.75, 4.78]
INTERACTIVE_BENCH_LEVEL fixture=fuji-raf.RAF level=2 extent=1224x816 cold_ms=171.0
INTERACTIVE_BENCH fixture=fuji-raf.RAF level=2 op=basic_tone path=surface p50_ms=1.89 p90_ms=1.92 samples=[1.74, 1.80, 1.83, 1.89, 1.89, 1.92, 1.99]
INTERACTIVE_BENCH fixture=fuji-raf.RAF level=2 op=curves path=surface p50_ms=1.97 p90_ms=2.04 samples=[1.94, 1.95, 1.95, 1.97, 2.03, 2.04, 2.04]
INTERACTIVE_BENCH fixture=fuji-raf.RAF level=2 op=point_curve path=surface p50_ms=2.27 p90_ms=2.34 samples=[2.18, 2.25, 2.25, 2.27, 2.34, 2.34, 2.92]
INTERACTIVE_BENCH fixture=fuji-raf.RAF level=2 op=texture path=tiles p50_ms=102.26 p90_ms=105.07 samples=[100.04, 101.76, 102.05, 102.26, 103.32, 105.07, 106.63]
INTERACTIVE_BENCH fixture=fuji-raf.RAF level=2 op=clarity path=tiles p50_ms=105.73 p90_ms=109.30 samples=[102.75, 103.84, 105.57, 105.73, 105.74, 109.30, 117.20]
INTERACTIVE_BENCH fixture=fuji-raf.RAF level=2 op=dehaze path=tiles p50_ms=112.96 p90_ms=115.61 samples=[111.06, 112.33, 112.52, 112.96, 114.02, 115.61, 118.39]
INTERACTIVE_BENCH fixture=fuji-raf.RAF level=2 op=sharpening path=surface p50_ms=7.62 p90_ms=7.88 samples=[7.52, 7.56, 7.58, 7.62, 7.64, 7.88, 11.23]
INTERACTIVE_BENCH fixture=fuji-raf.RAF level=2 op=luminance_nr path=surface p50_ms=8.04 p90_ms=8.16 samples=[7.97, 8.02, 8.03, 8.04, 8.13, 8.16, 8.23]
INTERACTIVE_BENCH fixture=fuji-raf.RAF level=2 op=chroma_nr path=surface p50_ms=7.58 p90_ms=7.65 samples=[2.06, 7.49, 7.50, 7.58, 7.63, 7.65, 7.65]
INTERACTIVE_BENCH fixture=fuji-raf.RAF level=2 op=vibrance path=surface p50_ms=2.32 p90_ms=2.37 samples=[2.29, 2.30, 2.31, 2.32, 2.34, 2.37, 2.39]
INTERACTIVE_BENCH fixture=fuji-raf.RAF level=2 op=hsl path=surface p50_ms=2.32 p90_ms=2.37 samples=[2.24, 2.27, 2.30, 2.32, 2.33, 2.37, 2.38]
INTERACTIVE_BENCH fixture=fuji-raf.RAF level=2 op=color_grading path=surface p50_ms=2.30 p90_ms=2.33 samples=[2.20, 2.24, 2.28, 2.30, 2.33, 2.33, 2.34]
INTERACTIVE_BENCH fixture=fuji-raf.RAF level=2 op=vignette path=surface p50_ms=4.58 p90_ms=4.69 samples=[4.53, 4.54, 4.56, 4.58, 4.68, 4.69, 4.74]
INTERACTIVE_BENCH fixture=fuji-raf.RAF level=2 op=grain path=surface p50_ms=4.84 p90_ms=4.85 samples=[4.80, 4.81, 4.82, 4.84, 4.84, 4.85, 4.91]
INTERACTIVE_BENCH_LEVEL fixture=nikon-nef.NEF level=2 extent=1845x1231 cold_ms=342.3
INTERACTIVE_BENCH fixture=nikon-nef.NEF level=2 op=basic_tone path=surface p50_ms=3.57 p90_ms=3.64 samples=[3.49, 3.53, 3.54, 3.57, 3.63, 3.64, 3.69]
INTERACTIVE_BENCH fixture=nikon-nef.NEF level=2 op=curves path=surface p50_ms=3.91 p90_ms=3.98 samples=[3.83, 3.88, 3.89, 3.91, 3.96, 3.98, 4.01]
INTERACTIVE_BENCH fixture=nikon-nef.NEF level=2 op=point_curve path=surface p50_ms=4.33 p90_ms=4.38 samples=[4.25, 4.28, 4.33, 4.33, 4.36, 4.38, 4.40]
INTERACTIVE_BENCH fixture=nikon-nef.NEF level=2 op=texture path=tiles p50_ms=232.72 p90_ms=235.69 samples=[224.25, 230.11, 231.32, 232.72, 235.45, 235.69, 236.98]
INTERACTIVE_BENCH fixture=nikon-nef.NEF level=2 op=clarity path=tiles p50_ms=229.63 p90_ms=233.07 samples=[225.06, 228.93, 229.56, 229.63, 230.29, 233.07, 234.52]
INTERACTIVE_BENCH fixture=nikon-nef.NEF level=2 op=dehaze path=tiles p50_ms=242.94 p90_ms=248.80 samples=[239.22, 239.84, 240.93, 242.94, 245.45, 248.80, 250.45]
INTERACTIVE_BENCH fixture=nikon-nef.NEF level=2 op=sharpening path=surface p50_ms=16.24 p90_ms=16.32 samples=[16.15, 16.18, 16.23, 16.24, 16.25, 16.32, 16.34]
INTERACTIVE_BENCH fixture=nikon-nef.NEF level=2 op=luminance_nr path=surface p50_ms=17.71 p90_ms=18.02 samples=[17.52, 17.64, 17.70, 17.71, 17.73, 18.02, 23.52]
INTERACTIVE_BENCH fixture=nikon-nef.NEF level=2 op=chroma_nr path=surface p50_ms=15.93 p90_ms=16.19 samples=[15.79, 15.84, 15.87, 15.93, 15.98, 16.19, 16.56]
INTERACTIVE_BENCH fixture=nikon-nef.NEF level=2 op=vibrance path=surface p50_ms=4.64 p90_ms=4.68 samples=[4.58, 4.58, 4.64, 4.64, 4.67, 4.68, 4.73]
INTERACTIVE_BENCH fixture=nikon-nef.NEF level=2 op=hsl path=surface p50_ms=4.74 p90_ms=4.76 samples=[4.61, 4.67, 4.67, 4.74, 4.75, 4.76, 4.77]
INTERACTIVE_BENCH fixture=nikon-nef.NEF level=2 op=color_grading path=surface p50_ms=4.63 p90_ms=4.83 samples=[4.47, 4.55, 4.57, 4.63, 4.78, 4.83, 4.88]
INTERACTIVE_BENCH fixture=nikon-nef.NEF level=2 op=vignette path=surface p50_ms=9.80 p90_ms=10.14 samples=[9.66, 9.76, 9.76, 9.80, 9.81, 10.14, 10.22]
INTERACTIVE_BENCH fixture=nikon-nef.NEF level=2 op=grain path=surface p50_ms=10.54 p90_ms=10.56 samples=[10.35, 10.45, 10.52, 10.54, 10.54, 10.56, 10.63]
INTERACTIVE_BENCH_LEVEL fixture=sample.dng level=2 extent=1303x867 cold_ms=181.9
INTERACTIVE_BENCH fixture=sample.dng level=2 op=basic_tone path=surface p50_ms=2.09 p90_ms=2.14 samples=[2.00, 2.01, 2.02, 2.09, 2.10, 2.14, 2.17]
INTERACTIVE_BENCH fixture=sample.dng level=2 op=curves path=surface p50_ms=2.24 p90_ms=2.27 samples=[2.11, 2.18, 2.21, 2.24, 2.26, 2.27, 2.29]
INTERACTIVE_BENCH fixture=sample.dng level=2 op=point_curve path=surface p50_ms=2.49 p90_ms=2.56 samples=[2.38, 2.45, 2.46, 2.49, 2.54, 2.56, 2.58]
INTERACTIVE_BENCH fixture=sample.dng level=2 op=texture path=tiles p50_ms=121.65 p90_ms=122.30 samples=[119.83, 120.14, 121.61, 121.65, 121.75, 122.30, 122.38]
INTERACTIVE_BENCH fixture=sample.dng level=2 op=clarity path=tiles p50_ms=120.99 p90_ms=121.93 samples=[119.51, 120.23, 120.98, 120.99, 121.52, 121.93, 122.84]
INTERACTIVE_BENCH fixture=sample.dng level=2 op=dehaze path=tiles p50_ms=129.50 p90_ms=131.44 samples=[127.08, 128.21, 128.33, 129.50, 131.04, 131.44, 142.09]
INTERACTIVE_BENCH fixture=sample.dng level=2 op=sharpening path=surface p50_ms=8.66 p90_ms=8.73 samples=[8.58, 8.62, 8.64, 8.66, 8.67, 8.73, 8.97]
INTERACTIVE_BENCH fixture=sample.dng level=2 op=luminance_nr path=surface p50_ms=9.26 p90_ms=9.38 samples=[9.20, 9.21, 9.24, 9.26, 9.36, 9.38, 9.38]
INTERACTIVE_BENCH fixture=sample.dng level=2 op=chroma_nr path=surface p50_ms=8.59 p90_ms=8.78 samples=[2.38, 8.51, 8.53, 8.59, 8.76, 8.78, 8.80]
INTERACTIVE_BENCH fixture=sample.dng level=2 op=vibrance path=surface p50_ms=2.70 p90_ms=2.78 samples=[2.56, 2.64, 2.69, 2.70, 2.77, 2.78, 2.81]
INTERACTIVE_BENCH fixture=sample.dng level=2 op=hsl path=surface p50_ms=2.57 p90_ms=2.63 samples=[2.52, 2.54, 2.57, 2.57, 2.61, 2.63, 2.66]
INTERACTIVE_BENCH fixture=sample.dng level=2 op=color_grading path=surface p50_ms=2.54 p90_ms=2.56 samples=[2.46, 2.49, 2.51, 2.54, 2.55, 2.56, 2.64]
INTERACTIVE_BENCH fixture=sample.dng level=2 op=vignette path=surface p50_ms=5.18 p90_ms=5.31 samples=[5.14, 5.17, 5.18, 5.18, 5.28, 5.31, 5.34]
INTERACTIVE_BENCH fixture=sample.dng level=2 op=grain path=surface p50_ms=5.47 p90_ms=5.55 samples=[5.45, 5.46, 5.47, 5.47, 5.54, 5.55, 5.55]
INTERACTIVE_BENCH_LEVEL fixture=sony-arw.ARW level=2 extent=1230x819 cold_ms=145.2
INTERACTIVE_BENCH fixture=sony-arw.ARW level=2 op=basic_tone path=surface p50_ms=1.81 p90_ms=1.83 samples=[1.79, 1.79, 1.81, 1.81, 1.83, 1.83, 1.85]
INTERACTIVE_BENCH fixture=sony-arw.ARW level=2 op=curves path=surface p50_ms=2.16 p90_ms=2.26 samples=[1.94, 1.96, 2.09, 2.16, 2.23, 2.26, 2.29]
INTERACTIVE_BENCH fixture=sony-arw.ARW level=2 op=point_curve path=surface p50_ms=2.39 p90_ms=2.43 samples=[2.32, 2.35, 2.37, 2.39, 2.41, 2.43, 2.47]
INTERACTIVE_BENCH fixture=sony-arw.ARW level=2 op=texture path=tiles p50_ms=103.58 p90_ms=104.19 samples=[101.86, 102.63, 103.11, 103.58, 103.82, 104.19, 105.29]
INTERACTIVE_BENCH fixture=sony-arw.ARW level=2 op=clarity path=tiles p50_ms=105.04 p90_ms=105.99 samples=[104.50, 104.61, 104.96, 105.04, 105.11, 105.99, 106.14]
INTERACTIVE_BENCH fixture=sony-arw.ARW level=2 op=dehaze path=tiles p50_ms=112.07 p90_ms=113.00 samples=[109.14, 110.12, 111.11, 112.07, 112.95, 113.00, 113.79]
INTERACTIVE_BENCH fixture=sony-arw.ARW level=2 op=sharpening path=surface p50_ms=7.71 p90_ms=10.89 samples=[7.51, 7.57, 7.69, 7.71, 7.95, 10.89, 11.29]
INTERACTIVE_BENCH fixture=sony-arw.ARW level=2 op=luminance_nr path=surface p50_ms=8.03 p90_ms=8.05 samples=[7.92, 7.98, 8.02, 8.03, 8.04, 8.05, 8.09]
INTERACTIVE_BENCH fixture=sony-arw.ARW level=2 op=chroma_nr path=surface p50_ms=7.63 p90_ms=7.71 samples=[2.13, 7.49, 7.51, 7.63, 7.65, 7.71, 7.76]
INTERACTIVE_BENCH fixture=sony-arw.ARW level=2 op=vibrance path=surface p50_ms=2.24 p90_ms=2.39 samples=[2.19, 2.22, 2.23, 2.24, 2.31, 2.39, 2.42]
INTERACTIVE_BENCH fixture=sony-arw.ARW level=2 op=hsl path=surface p50_ms=2.26 p90_ms=2.36 samples=[2.20, 2.21, 2.25, 2.26, 2.32, 2.36, 2.39]
INTERACTIVE_BENCH fixture=sony-arw.ARW level=2 op=color_grading path=surface p50_ms=2.28 p90_ms=2.36 samples=[2.24, 2.24, 2.26, 2.28, 2.35, 2.36, 2.37]
INTERACTIVE_BENCH fixture=sony-arw.ARW level=2 op=vignette path=surface p50_ms=4.69 p90_ms=4.75 samples=[4.62, 4.67, 4.68, 4.69, 4.70, 4.75, 4.76]
INTERACTIVE_BENCH fixture=sony-arw.ARW level=2 op=grain path=surface p50_ms=4.92 p90_ms=4.96 samples=[4.87, 4.88, 4.92, 4.92, 4.93, 4.96, 4.98]
