INTERACTIVE_BENCH_LEVEL fixture=canon-cr3.CR3 level=2 extent=1000x1000 cold_ms=187.9
INTERACTIVE_BENCH fixture=canon-cr3.CR3 level=2 op=basic_tone path=surface p50_ms=1.06 p90_ms=1.16 samples=[0.87, 0.94, 1.03, 1.06, 1.09, 1.16, 1.36]
INTERACTIVE_BENCH fixture=canon-cr3.CR3 level=2 op=curves path=surface p50_ms=1.20 p90_ms=1.22 samples=[1.03, 1.05, 1.18, 1.20, 1.21, 1.22, 1.26]
INTERACTIVE_BENCH fixture=canon-cr3.CR3 level=2 op=point_curve path=surface p50_ms=1.21 p90_ms=1.29 samples=[1.15, 1.17, 1.18, 1.21, 1.22, 1.29, 1.88]
INTERACTIVE_BENCH fixture=canon-cr3.CR3 level=2 op=texture path=surface p50_ms=3.34 p90_ms=3.55 samples=[3.23, 3.29, 3.30, 3.34, 3.48, 3.55, 3.60]
INTERACTIVE_BENCH fixture=canon-cr3.CR3 level=2 op=clarity path=surface p50_ms=4.56 p90_ms=5.00 samples=[4.46, 4.52, 4.53, 4.56, 4.66, 5.00, 5.06]
INTERACTIVE_BENCH fixture=canon-cr3.CR3 level=2 op=dehaze path=surface p50_ms=4.18 p90_ms=4.42 samples=[4.02, 4.17, 4.17, 4.18, 4.21, 4.42, 4.55]
INTERACTIVE_BENCH fixture=canon-cr3.CR3 level=2 op=sharpening path=surface p50_ms=3.61 p90_ms=3.92 samples=[3.59, 3.59, 3.60, 3.61, 3.66, 3.92, 4.00]
INTERACTIVE_BENCH fixture=canon-cr3.CR3 level=2 op=luminance_nr path=surface p50_ms=4.21 p90_ms=4.32 samples=[4.18, 4.19, 4.21, 4.21, 4.23, 4.32, 4.76]
INTERACTIVE_BENCH fixture=canon-cr3.CR3 level=2 op=chroma_nr path=surface p50_ms=3.74 p90_ms=3.80 samples=[0.93, 3.73, 3.73, 3.74, 3.77, 3.80, 3.91]
INTERACTIVE_BENCH fixture=canon-cr3.CR3 level=2 op=vibrance path=surface p50_ms=1.43 p90_ms=1.46 samples=[1.37, 1.40, 1.42, 1.43, 1.45, 1.46, 1.79]
INTERACTIVE_BENCH fixture=canon-cr3.CR3 level=2 op=hsl path=surface p50_ms=1.43 p90_ms=1.47 samples=[1.37, 1.39, 1.43, 1.43, 1.43, 1.47, 1.57]
INTERACTIVE_BENCH fixture=canon-cr3.CR3 level=2 op=color_grading path=surface p50_ms=1.37 p90_ms=1.39 samples=[1.36, 1.36, 1.37, 1.37, 1.37, 1.39, 1.47]
INTERACTIVE_BENCH fixture=canon-cr3.CR3 level=2 op=vignette path=surface p50_ms=0.98 p90_ms=1.05 samples=[0.95, 0.95, 0.96, 0.98, 1.04, 1.05, 1.57]
INTERACTIVE_BENCH fixture=canon-cr3.CR3 level=2 op=grain path=surface p50_ms=0.96 p90_ms=0.97 samples=[0.95, 0.95, 0.95, 0.96, 0.97, 0.97, 0.97]
INTERACTIVE_BENCH_LEVEL fixture=fuji-raf.RAF level=2 extent=1224x816 cold_ms=174.7
INTERACTIVE_BENCH fixture=fuji-raf.RAF level=2 op=basic_tone path=surface p50_ms=0.92 p90_ms=0.99 samples=[0.90, 0.90, 0.92, 0.92, 0.95, 0.99, 0.99]
INTERACTIVE_BENCH fixture=fuji-raf.RAF level=2 op=curves path=surface p50_ms=1.16 p90_ms=1.46 samples=[1.09, 1.12, 1.16, 1.16, 1.22, 1.46, 1.88]
INTERACTIVE_BENCH fixture=fuji-raf.RAF level=2 op=point_curve path=surface p50_ms=1.38 p90_ms=1.40 samples=[1.31, 1.36, 1.37, 1.38, 1.38, 1.40, 1.81]
INTERACTIVE_BENCH fixture=fuji-raf.RAF level=2 op=texture path=surface p50_ms=3.78 p90_ms=4.12 samples=[3.66, 3.69, 3.73, 3.78, 3.87, 4.12, 4.34]
INTERACTIVE_BENCH fixture=fuji-raf.RAF level=2 op=clarity path=surface p50_ms=5.40 p90_ms=5.90 samples=[5.31, 5.34, 5.38, 5.40, 5.46, 5.90, 5.92]
INTERACTIVE_BENCH fixture=fuji-raf.RAF level=2 op=dehaze path=surface p50_ms=4.55 p90_ms=5.06 samples=[4.38, 4.49, 4.52, 4.55, 4.57, 5.06, 5.26]
INTERACTIVE_BENCH fixture=fuji-raf.RAF level=2 op=sharpening path=surface p50_ms=4.10 p90_ms=4.41 samples=[3.96, 4.00, 4.04, 4.10, 4.17, 4.41, 4.66]
INTERACTIVE_BENCH fixture=fuji-raf.RAF level=2 op=luminance_nr path=surface p50_ms=4.86 p90_ms=5.19 samples=[4.68, 4.74, 4.84, 4.86, 4.93, 5.19, 5.62]
INTERACTIVE_BENCH fixture=fuji-raf.RAF level=2 op=chroma_nr path=surface p50_ms=4.19 p90_ms=4.38 samples=[0.94, 3.96, 4.13, 4.19, 4.28, 4.38, 4.98]
INTERACTIVE_BENCH fixture=fuji-raf.RAF level=2 op=vibrance path=surface p50_ms=1.54 p90_ms=1.61 samples=[1.52, 1.52, 1.52, 1.54, 1.57, 1.61, 1.65]
INTERACTIVE_BENCH fixture=fuji-raf.RAF level=2 op=hsl path=surface p50_ms=1.54 p90_ms=1.85 samples=[1.52, 1.53, 1.53, 1.54, 1.82, 1.85, 1.98]
INTERACTIVE_BENCH fixture=fuji-raf.RAF level=2 op=color_grading path=surface p50_ms=1.53 p90_ms=1.63 samples=[1.52, 1.52, 1.52, 1.53, 1.54, 1.63, 1.87]
INTERACTIVE_BENCH fixture=fuji-raf.RAF level=2 op=vignette path=surface p50_ms=1.01 p90_ms=1.05 samples=[0.98, 0.99, 1.00, 1.01, 1.02, 1.05, 1.93]
INTERACTIVE_BENCH fixture=fuji-raf.RAF level=2 op=grain path=surface p50_ms=0.98 p90_ms=1.09 samples=[0.96, 0.97, 0.97, 0.98, 1.01, 1.09, 1.14]
INTERACTIVE_BENCH_LEVEL fixture=nikon-nef.NEF level=2 extent=1845x1231 cold_ms=366.4
INTERACTIVE_BENCH fixture=nikon-nef.NEF level=2 op=basic_tone path=surface p50_ms=1.53 p90_ms=1.56 samples=[1.48, 1.48, 1.52, 1.53, 1.54, 1.56, 2.00]
INTERACTIVE_BENCH fixture=nikon-nef.NEF level=2 op=curves path=surface p50_ms=1.98 p90_ms=2.13 samples=[1.93, 1.93, 1.95, 1.98, 1.99, 2.13, 2.41]
INTERACTIVE_BENCH fixture=nikon-nef.NEF level=2 op=point_curve path=surface p50_ms=2.28 p90_ms=2.29 samples=[2.26, 2.26, 2.28, 2.28, 2.29, 2.29, 2.46]
INTERACTIVE_BENCH fixture=nikon-nef.NEF level=2 op=texture path=surface p50_ms=7.44 p90_ms=7.58 samples=[7.12, 7.14, 7.28, 7.44, 7.52, 7.58, 7.92]
INTERACTIVE_BENCH fixture=nikon-nef.NEF level=2 op=clarity path=surface p50_ms=9.94 p90_ms=10.14 samples=[9.58, 9.60, 9.92, 9.94, 10.13, 10.14, 10.42]
INTERACTIVE_BENCH fixture=nikon-nef.NEF level=2 op=dehaze path=surface p50_ms=9.18 p90_ms=9.47 samples=[9.02, 9.07, 9.11, 9.18, 9.42, 9.47, 9.50]
INTERACTIVE_BENCH fixture=nikon-nef.NEF level=2 op=sharpening path=surface p50_ms=7.81 p90_ms=7.98 samples=[7.56, 7.59, 7.80, 7.81, 7.87, 7.98, 8.16]
INTERACTIVE_BENCH fixture=nikon-nef.NEF level=2 op=luminance_nr path=surface p50_ms=8.96 p90_ms=9.10 samples=[8.78, 8.78, 8.90, 8.96, 9.04, 9.10, 9.33]
INTERACTIVE_BENCH fixture=nikon-nef.NEF level=2 op=chroma_nr path=surface p50_ms=7.49 p90_ms=7.93 samples=[1.58, 7.43, 7.47, 7.49, 7.80, 7.93, 7.94]
INTERACTIVE_BENCH fixture=nikon-nef.NEF level=2 op=vibrance path=surface p50_ms=2.67 p90_ms=2.73 samples=[2.46, 2.49, 2.65, 2.67, 2.67, 2.73, 2.85]
INTERACTIVE_BENCH fixture=nikon-nef.NEF level=2 op=hsl path=surface p50_ms=2.48 p90_ms=2.70 samples=[2.42, 2.47, 2.47, 2.48, 2.57, 2.70, 3.44]
INTERACTIVE_BENCH fixture=nikon-nef.NEF level=2 op=color_grading path=surface p50_ms=2.51 p90_ms=3.20 samples=[2.39, 2.42, 2.48, 2.51, 2.53, 3.20, 3.45]
INTERACTIVE_BENCH fixture=nikon-nef.NEF level=2 op=vignette path=surface p50_ms=1.86 p90_ms=1.87 samples=[1.78, 1.79, 1.85, 1.86, 1.87, 1.87, 2.24]
INTERACTIVE_BENCH fixture=nikon-nef.NEF level=2 op=grain path=surface p50_ms=1.81 p90_ms=1.95 samples=[1.67, 1.69, 1.75, 1.81, 1.86, 1.95, 2.30]
INTERACTIVE_BENCH_LEVEL fixture=sample.dng level=2 extent=1303x867 cold_ms=179.5
INTERACTIVE_BENCH fixture=sample.dng level=2 op=basic_tone path=surface p50_ms=1.14 p90_ms=1.19 samples=[0.96, 1.01, 1.07, 1.14, 1.17, 1.19, 1.92]
INTERACTIVE_BENCH fixture=sample.dng level=2 op=curves path=surface p50_ms=1.24 p90_ms=1.31 samples=[1.08, 1.09, 1.09, 1.24, 1.27, 1.31, 1.95]
INTERACTIVE_BENCH fixture=sample.dng level=2 op=point_curve path=surface p50_ms=1.28 p90_ms=1.31 samples=[1.26, 1.26, 1.27, 1.28, 1.28, 1.31, 1.34]
INTERACTIVE_BENCH fixture=sample.dng level=2 op=texture path=surface p50_ms=3.69 p90_ms=4.05 samples=[3.63, 3.64, 3.66, 3.69, 3.76, 4.05, 4.29]
INTERACTIVE_BENCH fixture=sample.dng level=2 op=clarity path=surface p50_ms=5.08 p90_ms=5.45 samples=[4.97, 5.01, 5.02, 5.08, 5.27, 5.45, 5.45]
INTERACTIVE_BENCH fixture=sample.dng level=2 op=dehaze path=surface p50_ms=4.96 p90_ms=5.15 samples=[4.66, 4.76, 4.94, 4.96, 5.13, 5.15, 5.40]
INTERACTIVE_BENCH fixture=sample.dng level=2 op=sharpening path=surface p50_ms=3.94 p90_ms=4.15 samples=[3.84, 3.86, 3.87, 3.94, 3.97, 4.15, 4.21]
INTERACTIVE_BENCH fixture=sample.dng level=2 op=luminance_nr path=surface p50_ms=4.46 p90_ms=4.75 samples=[4.43, 4.44, 4.44, 4.46, 4.74, 4.75, 4.83]
INTERACTIVE_BENCH fixture=sample.dng level=2 op=chroma_nr path=surface p50_ms=4.06 p90_ms=4.37 samples=[1.13, 4.02, 4.02, 4.06, 4.16, 4.37, 4.60]
INTERACTIVE_BENCH fixture=sample.dng level=2 op=vibrance path=surface p50_ms=1.39 p90_ms=1.58 samples=[1.38, 1.38, 1.38, 1.39, 1.48, 1.58, 1.73]
INTERACTIVE_BENCH fixture=sample.dng level=2 op=hsl path=surface p50_ms=1.40 p90_ms=1.43 samples=[1.37, 1.38, 1.39, 1.40, 1.41, 1.43, 1.47]
INTERACTIVE_BENCH fixture=sample.dng level=2 op=color_grading path=surface p50_ms=1.42 p90_ms=1.53 samples=[1.36, 1.38, 1.40, 1.42, 1.49, 1.53, 1.83]
INTERACTIVE_BENCH fixture=sample.dng level=2 op=vignette path=surface p50_ms=1.06 p90_ms=1.10 samples=[1.04, 1.05, 1.06, 1.06, 1.06, 1.10, 1.70]
INTERACTIVE_BENCH fixture=sample.dng level=2 op=grain path=surface p50_ms=1.06 p90_ms=1.06 samples=[1.04, 1.04, 1.05, 1.06, 1.06, 1.06, 1.07]
INTERACTIVE_BENCH_LEVEL fixture=sony-arw.ARW level=2 extent=1230x819 cold_ms=135.0
INTERACTIVE_BENCH fixture=sony-arw.ARW level=2 op=basic_tone path=surface p50_ms=0.91 p90_ms=0.92 samples=[0.89, 0.89, 0.91, 0.91, 0.92, 0.92, 0.98]
INTERACTIVE_BENCH fixture=sony-arw.ARW level=2 op=curves path=surface p50_ms=1.12 p90_ms=1.21 samples=[1.09, 1.09, 1.10, 1.12, 1.14, 1.21, 1.76]
INTERACTIVE_BENCH fixture=sony-arw.ARW level=2 op=point_curve path=surface p50_ms=1.27 p90_ms=1.29 samples=[1.22, 1.25, 1.26, 1.27, 1.28, 1.29, 2.07]
INTERACTIVE_BENCH fixture=sony-arw.ARW level=2 op=texture path=surface p50_ms=3.48 p90_ms=3.50 samples=[3.35, 3.38, 3.42, 3.48, 3.50, 3.50, 3.87]
INTERACTIVE_BENCH fixture=sony-arw.ARW level=2 op=clarity path=surface p50_ms=4.95 p90_ms=5.69 samples=[4.67, 4.74, 4.86, 4.95, 4.98, 5.69, 5.88]
INTERACTIVE_BENCH fixture=sony-arw.ARW level=2 op=dehaze path=surface p50_ms=4.39 p90_ms=4.87 samples=[4.29, 4.35, 4.38, 4.39, 4.79, 4.87, 5.13]
INTERACTIVE_BENCH fixture=sony-arw.ARW level=2 op=sharpening path=surface p50_ms=3.89 p90_ms=4.16 samples=[3.83, 3.86, 3.88, 3.89, 3.90, 4.16, 4.39]
INTERACTIVE_BENCH fixture=sony-arw.ARW level=2 op=luminance_nr path=surface p50_ms=4.55 p90_ms=4.93 samples=[4.44, 4.48, 4.54, 4.55, 4.59, 4.93, 5.37]
INTERACTIVE_BENCH fixture=sony-arw.ARW level=2 op=chroma_nr path=surface p50_ms=4.04 p90_ms=4.13 samples=[0.93, 3.91, 4.03, 4.04, 4.08, 4.13, 4.29]
INTERACTIVE_BENCH fixture=sony-arw.ARW level=2 op=vibrance path=surface p50_ms=1.43 p90_ms=1.46 samples=[1.41, 1.42, 1.43, 1.43, 1.43, 1.46, 1.62]
INTERACTIVE_BENCH fixture=sony-arw.ARW level=2 op=hsl path=surface p50_ms=1.46 p90_ms=1.68 samples=[1.34, 1.40, 1.44, 1.46, 1.50, 1.68, 1.98]
INTERACTIVE_BENCH fixture=sony-arw.ARW level=2 op=color_grading path=surface p50_ms=1.47 p90_ms=1.60 samples=[1.45, 1.45, 1.46, 1.47, 1.49, 1.60, 2.01]
INTERACTIVE_BENCH fixture=sony-arw.ARW level=2 op=vignette path=surface p50_ms=1.02 p90_ms=1.04 samples=[1.00, 1.00, 1.01, 1.02, 1.03, 1.04, 1.12]
INTERACTIVE_BENCH fixture=sony-arw.ARW level=2 op=grain path=surface p50_ms=1.02 p90_ms=1.07 samples=[0.99, 0.99, 1.01, 1.02, 1.05, 1.07, 1.19]
