INTERACTIVE_BENCH_LEVEL fixture=canon-cr3.CR3 level=0 extent=4000x4000 cold_ms=476.7
INTERACTIVE_BENCH fixture=canon-cr3.CR3 level=0 op=basic_tone path=surface p50_ms=7.75 p90_ms=7.75 samples=[7.31, 7.75]
INTERACTIVE_BENCH fixture=canon-cr3.CR3 level=0 op=curves path=surface p50_ms=9.79 p90_ms=9.79 samples=[9.68, 9.79]
INTERACTIVE_BENCH fixture=canon-cr3.CR3 level=0 op=point_curve path=surface p50_ms=11.77 p90_ms=11.77 samples=[11.64, 11.77]
INTERACTIVE_BENCH fixture=canon-cr3.CR3 level=0 op=texture path=surface p50_ms=60.59 p90_ms=60.59 samples=[53.83, 60.59]
INTERACTIVE_BENCH fixture=canon-cr3.CR3 level=0 op=clarity path=surface p50_ms=73.98 p90_ms=73.98 samples=[73.01, 73.98]
INTERACTIVE_BENCH fixture=canon-cr3.CR3 level=0 op=dehaze path=surface p50_ms=98.66 p90_ms=98.66 samples=[91.03, 98.66]
INTERACTIVE_BENCH fixture=canon-cr3.CR3 level=0 op=sharpening path=surface p50_ms=58.97 p90_ms=58.97 samples=[58.91, 58.97]
INTERACTIVE_BENCH fixture=canon-cr3.CR3 level=0 op=luminance_nr path=surface p50_ms=68.66 p90_ms=68.66 samples=[68.11, 68.66]
INTERACTIVE_BENCH fixture=canon-cr3.CR3 level=0 op=chroma_nr path=surface p50_ms=58.73 p90_ms=58.73 samples=[58.09, 58.73]
INTERACTIVE_BENCH fixture=canon-cr3.CR3 level=0 op=vibrance path=surface p50_ms=23.04 p90_ms=23.04 samples=[22.86, 23.04]
INTERACTIVE_BENCH fixture=canon-cr3.CR3 level=0 op=hsl path=surface p50_ms=22.48 p90_ms=22.48 samples=[22.21, 22.48]
INTERACTIVE_BENCH fixture=canon-cr3.CR3 level=0 op=color_grading path=surface p50_ms=22.84 p90_ms=22.84 samples=[22.39, 22.84]
INTERACTIVE_BENCH fixture=canon-cr3.CR3 level=0 op=vignette path=surface p50_ms=18.26 p90_ms=18.26 samples=[17.94, 18.26]
INTERACTIVE_BENCH fixture=canon-cr3.CR3 level=0 op=grain path=surface p50_ms=17.22 p90_ms=17.22 samples=[16.95, 17.22]
INTERACTIVE_BENCH_LEVEL fixture=fuji-raf.RAF level=0 extent=4896x3262 cold_ms=441.8
INTERACTIVE_BENCH fixture=fuji-raf.RAF level=0 op=basic_tone path=surface p50_ms=8.00 p90_ms=8.00 samples=[7.74, 8.00]
INTERACTIVE_BENCH fixture=fuji-raf.RAF level=0 op=curves path=surface p50_ms=10.02 p90_ms=10.02 samples=[9.57, 10.02]
INTERACTIVE_BENCH fixture=fuji-raf.RAF level=0 op=point_curve path=surface p50_ms=12.09 p90_ms=12.09 samples=[11.74, 12.09]
INTERACTIVE_BENCH fixture=fuji-raf.RAF level=0 op=texture path=surface p50_ms=54.86 p90_ms=54.86 samples=[54.53, 54.86]
INTERACTIVE_BENCH fixture=fuji-raf.RAF level=0 op=clarity path=surface p50_ms=73.01 p90_ms=73.01 samples=[72.70, 73.01]
INTERACTIVE_BENCH fixture=fuji-raf.RAF level=0 op=dehaze path=surface p50_ms=85.73 p90_ms=85.73 samples=[85.13, 85.73]
INTERACTIVE_BENCH fixture=fuji-raf.RAF level=0 op=sharpening path=surface p50_ms=57.64 p90_ms=57.64 samples=[57.37, 57.64]
INTERACTIVE_BENCH fixture=fuji-raf.RAF level=0 op=luminance_nr path=surface p50_ms=67.91 p90_ms=67.91 samples=[67.75, 67.91]
INTERACTIVE_BENCH fixture=fuji-raf.RAF level=0 op=chroma_nr path=surface p50_ms=58.24 p90_ms=58.24 samples=[57.80, 58.24]
INTERACTIVE_BENCH fixture=fuji-raf.RAF level=0 op=vibrance path=surface p50_ms=22.69 p90_ms=22.69 samples=[21.18, 22.69]
INTERACTIVE_BENCH fixture=fuji-raf.RAF level=0 op=hsl path=surface p50_ms=22.31 p90_ms=22.31 samples=[21.97, 22.31]
INTERACTIVE_BENCH fixture=fuji-raf.RAF level=0 op=color_grading path=surface p50_ms=22.21 p90_ms=22.21 samples=[21.77, 22.21]
INTERACTIVE_BENCH fixture=fuji-raf.RAF level=0 op=vignette path=surface p50_ms=17.73 p90_ms=17.73 samples=[17.56, 17.73]
INTERACTIVE_BENCH fixture=fuji-raf.RAF level=0 op=grain path=surface p50_ms=19.34 p90_ms=19.34 samples=[17.68, 19.34]
INTERACTIVE_BENCH_LEVEL fixture=nikon-nef.NEF level=0 extent=7378x4924 cold_ms=1194.3
INTERACTIVE_BENCH fixture=nikon-nef.NEF level=0 op=basic_tone path=surface p50_ms=35.31 p90_ms=35.31 samples=[35.25, 35.31]
INTERACTIVE_BENCH fixture=nikon-nef.NEF level=0 op=curves path=surface p50_ms=41.87 p90_ms=41.87 samples=[41.04, 41.87]
INTERACTIVE_BENCH fixture=nikon-nef.NEF level=0 op=point_curve path=surface p50_ms=47.40 p90_ms=47.40 samples=[46.73, 47.40]
INTERACTIVE_BENCH fixture=nikon-nef.NEF level=0 op=texture path=surface p50_ms=197.91 p90_ms=197.91 samples=[192.87, 197.91]
INTERACTIVE_BENCH fixture=nikon-nef.NEF level=0 op=clarity path=surface p50_ms=240.71 p90_ms=240.71 samples=[235.35, 240.71]
INTERACTIVE_BENCH fixture=nikon-nef.NEF level=0 op=dehaze path=surface p50_ms=301.43 p90_ms=301.43 samples=[284.74, 301.43]
INTERACTIVE_BENCH fixture=nikon-nef.NEF level=0 op=sharpening path=surface p50_ms=1116.07 p90_ms=1116.07 samples=[1103.24, 1116.07]
INTERACTIVE_BENCH fixture=nikon-nef.NEF level=0 op=luminance_nr path=surface p50_ms=1217.95 p90_ms=1217.95 samples=[1143.38, 1217.95]
INTERACTIVE_BENCH fixture=nikon-nef.NEF level=0 op=chroma_nr path=surface p50_ms=1133.86 p90_ms=1133.86 samples=[1105.74, 1133.86]
INTERACTIVE_BENCH fixture=nikon-nef.NEF level=0 op=vibrance path=surface p50_ms=69.35 p90_ms=69.35 samples=[66.77, 69.35]
INTERACTIVE_BENCH fixture=nikon-nef.NEF level=0 op=hsl path=surface p50_ms=70.31 p90_ms=70.31 samples=[70.27, 70.31]
INTERACTIVE_BENCH fixture=nikon-nef.NEF level=0 op=color_grading path=surface p50_ms=70.38 p90_ms=70.38 samples=[67.67, 70.38]
INTERACTIVE_BENCH fixture=nikon-nef.NEF level=0 op=vignette path=surface p50_ms=57.76 p90_ms=57.76 samples=[57.32, 57.76]
INTERACTIVE_BENCH fixture=nikon-nef.NEF level=0 op=grain path=surface p50_ms=55.75 p90_ms=55.75 samples=[54.55, 55.75]
INTERACTIVE_BENCH_LEVEL fixture=sample.dng level=0 extent=5212x3468 cold_ms=589.9
INTERACTIVE_BENCH fixture=sample.dng level=0 op=basic_tone path=surface p50_ms=17.57 p90_ms=17.57 samples=[17.54, 17.57]
INTERACTIVE_BENCH fixture=sample.dng level=0 op=curves path=surface p50_ms=21.17 p90_ms=21.17 samples=[20.63, 21.17]
INTERACTIVE_BENCH fixture=sample.dng level=0 op=point_curve path=surface p50_ms=23.61 p90_ms=23.61 samples=[23.38, 23.61]
INTERACTIVE_BENCH fixture=sample.dng level=0 op=texture path=surface p50_ms=66.76 p90_ms=66.76 samples=[66.31, 66.76]
INTERACTIVE_BENCH fixture=sample.dng level=0 op=clarity path=surface p50_ms=90.74 p90_ms=90.74 samples=[89.05, 90.74]
INTERACTIVE_BENCH fixture=sample.dng level=0 op=dehaze path=surface p50_ms=117.64 p90_ms=117.64 samples=[114.83, 117.64]
INTERACTIVE_BENCH fixture=sample.dng level=0 op=sharpening path=surface p50_ms=138.64 p90_ms=138.64 samples=[133.32, 138.64]
INTERACTIVE_BENCH fixture=sample.dng level=0 op=luminance_nr path=surface p50_ms=128.60 p90_ms=128.60 samples=[126.42, 128.60]
INTERACTIVE_BENCH fixture=sample.dng level=0 op=chroma_nr path=surface p50_ms=120.27 p90_ms=120.27 samples=[115.32, 120.27]
INTERACTIVE_BENCH fixture=sample.dng level=0 op=vibrance path=surface p50_ms=31.33 p90_ms=31.33 samples=[29.37, 31.33]
INTERACTIVE_BENCH fixture=sample.dng level=0 op=hsl path=surface p50_ms=30.56 p90_ms=30.56 samples=[29.72, 30.56]
INTERACTIVE_BENCH fixture=sample.dng level=0 op=color_grading path=surface p50_ms=29.77 p90_ms=29.77 samples=[29.68, 29.77]
INTERACTIVE_BENCH fixture=sample.dng level=0 op=vignette path=surface p50_ms=24.08 p90_ms=24.08 samples=[24.02, 24.08]
INTERACTIVE_BENCH fixture=sample.dng level=0 op=grain path=surface p50_ms=24.17 p90_ms=24.17 samples=[24.09, 24.17]
INTERACTIVE_BENCH_LEVEL fixture=sony-arw.ARW level=0 extent=4920x3276 cold_ms=467.0
INTERACTIVE_BENCH fixture=sony-arw.ARW level=0 op=basic_tone path=surface p50_ms=9.12 p90_ms=9.12 samples=[8.54, 9.12]
INTERACTIVE_BENCH fixture=sony-arw.ARW level=0 op=curves path=surface p50_ms=10.93 p90_ms=10.93 samples=[10.60, 10.93]
INTERACTIVE_BENCH fixture=sony-arw.ARW level=0 op=point_curve path=surface p50_ms=12.38 p90_ms=12.38 samples=[11.82, 12.38]
INTERACTIVE_BENCH fixture=sony-arw.ARW level=0 op=texture path=surface p50_ms=54.51 p90_ms=54.51 samples=[53.64, 54.51]
INTERACTIVE_BENCH fixture=sony-arw.ARW level=0 op=clarity path=surface p50_ms=73.84 p90_ms=73.84 samples=[72.92, 73.84]
INTERACTIVE_BENCH fixture=sony-arw.ARW level=0 op=dehaze path=surface p50_ms=88.37 p90_ms=88.37 samples=[87.06, 88.37]
INTERACTIVE_BENCH fixture=sony-arw.ARW level=0 op=sharpening path=surface p50_ms=60.89 p90_ms=60.89 samples=[59.60, 60.89]
INTERACTIVE_BENCH fixture=sony-arw.ARW level=0 op=luminance_nr path=surface p50_ms=69.15 p90_ms=69.15 samples=[68.58, 69.15]
INTERACTIVE_BENCH fixture=sony-arw.ARW level=0 op=chroma_nr path=surface p50_ms=59.66 p90_ms=59.66 samples=[58.07, 59.66]
INTERACTIVE_BENCH fixture=sony-arw.ARW level=0 op=vibrance path=surface p50_ms=21.25 p90_ms=21.25 samples=[20.61, 21.25]
INTERACTIVE_BENCH fixture=sony-arw.ARW level=0 op=hsl path=surface p50_ms=21.36 p90_ms=21.36 samples=[20.77, 21.36]
INTERACTIVE_BENCH fixture=sony-arw.ARW level=0 op=color_grading path=surface p50_ms=20.40 p90_ms=20.40 samples=[20.18, 20.40]
INTERACTIVE_BENCH fixture=sony-arw.ARW level=0 op=vignette path=surface p50_ms=16.77 p90_ms=16.77 samples=[16.33, 16.77]
INTERACTIVE_BENCH fixture=sony-arw.ARW level=0 op=grain path=surface p50_ms=16.43 p90_ms=16.43 samples=[15.77, 16.43]
