test bench_interactive_per_operator ... INTERACTIVE_BENCH_RUN label="before" adapter="Apple M4"
INTERACTIVE_BENCH_LEVEL fixture=canon-cr3.CR3 level=0 extent=4000x4000 cold_ms=518.6
INTERACTIVE_BENCH fixture=canon-cr3.CR3 level=0 op=basic_tone path=surface p50_ms=22.56 p90_ms=22.56 samples=[21.98, 22.56]
INTERACTIVE_BENCH fixture=canon-cr3.CR3 level=0 op=curves path=surface p50_ms=24.30 p90_ms=24.30 samples=[24.27, 24.30]
INTERACTIVE_BENCH fixture=canon-cr3.CR3 level=0 op=point_curve path=surface p50_ms=27.14 p90_ms=27.14 samples=[27.02, 27.14]
INTERACTIVE_BENCH fixture=canon-cr3.CR3 level=0 op=texture path=tiles p50_ms=6583.05 p90_ms=6583.05 samples=[5835.72, 6583.05]
INTERACTIVE_BENCH fixture=canon-cr3.CR3 level=0 op=clarity path=tiles p50_ms=8522.85 p90_ms=8522.85 samples=[8007.60, 8522.85]
INTERACTIVE_BENCH fixture=canon-cr3.CR3 level=0 op=dehaze path=tiles p50_ms=10939.68 p90_ms=10939.68 samples=[7673.03, 10939.68]
INTERACTIVE_BENCH fixture=canon-cr3.CR3 level=0 op=sharpening path=surface p50_ms=119.42 p90_ms=119.42 samples=[110.73, 119.42]
INTERACTIVE_BENCH fixture=canon-cr3.CR3 level=0 op=luminance_nr path=surface p50_ms=129.38 p90_ms=129.38 samples=[128.13, 129.38]
INTERACTIVE_BENCH fixture=canon-cr3.CR3 level=0 op=chroma_nr path=surface p50_ms=117.38 p90_ms=117.38 samples=[114.80, 117.38]
INTERACTIVE_BENCH fixture=canon-cr3.CR3 level=0 op=vibrance path=surface p50_ms=30.09 p90_ms=30.09 samples=[29.82, 30.09]
INTERACTIVE_BENCH fixture=canon-cr3.CR3 level=0 op=hsl path=surface p50_ms=31.94 p90_ms=31.94 samples=[30.83, 31.94]
INTERACTIVE_BENCH fixture=canon-cr3.CR3 level=0 op=color_grading path=surface p50_ms=34.29 p90_ms=34.29 samples=[33.59, 34.29]
INTERACTIVE_BENCH fixture=canon-cr3.CR3 level=0 op=vignette path=surface p50_ms=69.51 p90_ms=69.51 samples=[69.45, 69.51]
INTERACTIVE_BENCH fixture=canon-cr3.CR3 level=0 op=grain path=surface p50_ms=73.20 p90_ms=73.20 samples=[71.81, 73.20]
INTERACTIVE_BENCH_LEVEL fixture=fuji-raf.RAF level=0 extent=4896x3262 cold_ms=483.7
INTERACTIVE_BENCH fixture=fuji-raf.RAF level=0 op=basic_tone path=surface p50_ms=25.39 p90_ms=25.39 samples=[25.22, 25.39]
INTERACTIVE_BENCH fixture=fuji-raf.RAF level=0 op=curves path=surface p50_ms=31.93 p90_ms=31.93 samples=[30.99, 31.93]
INTERACTIVE_BENCH fixture=fuji-raf.RAF level=0 op=point_curve path=surface p50_ms=34.04 p90_ms=34.04 samples=[31.30, 34.04]
INTERACTIVE_BENCH fixture=fuji-raf.RAF level=0 op=texture path=tiles p50_ms=4468.20 p90_ms=4468.20 samples=[4009.28, 4468.20]
INTERACTIVE_BENCH fixture=fuji-raf.RAF level=0 op=clarity path=tiles p50_ms=3860.35 p90_ms=3860.35 samples=[3671.89, 3860.35]
INTERACTIVE_BENCH fixture=fuji-raf.RAF level=0 op=dehaze path=tiles p50_ms=9565.55 p90_ms=9565.55 samples=[7535.34, 9565.55]
INTERACTIVE_BENCH fixture=fuji-raf.RAF level=0 op=sharpening path=surface p50_ms=111.01 p90_ms=111.01 samples=[108.63, 111.01]
INTERACTIVE_BENCH fixture=fuji-raf.RAF level=0 op=luminance_nr path=surface p50_ms=117.80 p90_ms=117.80 samples=[116.87, 117.80]
INTERACTIVE_BENCH fixture=fuji-raf.RAF level=0 op=chroma_nr path=surface p50_ms=108.94 p90_ms=108.94 samples=[108.64, 108.94]
INTERACTIVE_BENCH fixture=fuji-raf.RAF level=0 op=vibrance path=surface p50_ms=30.08 p90_ms=30.08 samples=[29.65, 30.08]
INTERACTIVE_BENCH fixture=fuji-raf.RAF level=0 op=hsl path=surface p50_ms=29.66 p90_ms=29.66 samples=[29.55, 29.66]
INTERACTIVE_BENCH fixture=fuji-raf.RAF level=0 op=color_grading path=surface p50_ms=30.06 p90_ms=30.06 samples=[29.74, 30.06]
INTERACTIVE_BENCH fixture=fuji-raf.RAF level=0 op=vignette path=surface p50_ms=66.52 p90_ms=66.52 samples=[66.32, 66.52]
INTERACTIVE_BENCH fixture=fuji-raf.RAF level=0 op=grain path=surface p50_ms=70.52 p90_ms=70.52 samples=[70.27, 70.52]
INTERACTIVE_BENCH_LEVEL fixture=nikon-nef.NEF level=0 extent=7378x4924 cold_ms=1291.0
INTERACTIVE_BENCH fixture=nikon-nef.NEF level=0 op=basic_tone path=surface p50_ms=51.38 p90_ms=51.38 samples=[50.58, 51.38]
INTERACTIVE_BENCH fixture=nikon-nef.NEF level=0 op=curves path=surface p50_ms=57.84 p90_ms=57.84 samples=[57.77, 57.84]
INTERACTIVE_BENCH fixture=nikon-nef.NEF level=0 op=point_curve path=surface p50_ms=64.09 p90_ms=64.09 samples=[63.87, 64.09]
thread 'bench_interactive_per_operator' (72332031) panicked at /Users/rutmehta/.cargo/registry/src/index.crates.io-1949cf8c6b5b557f/wgpu-30.0.1/src/backend/wgpu_core.rs:1619:18:
wgpu error: Validation Error
error: test failed, to rerun pass `-p pipeline-gpu --test interactive_performance`
NOTE: nikon-nef L0 texture/clarity/dehaze panicked in baseline: level pixel readback 435951264 bytes > max buffer size 268435456 (wgpu validation)
INTERACTIVE_BENCH_LEVEL fixture=nikon-nef.NEF level=0 extent=7378x4924 cold_ms=1197.1
INTERACTIVE_BENCH fixture=nikon-nef.NEF level=0 op=sharpening path=surface p50_ms=1135.29 p90_ms=1135.29 samples=[1130.38, 1135.29]
INTERACTIVE_BENCH fixture=nikon-nef.NEF level=0 op=luminance_nr path=surface p50_ms=1153.96 p90_ms=1153.96 samples=[1153.91, 1153.96]
INTERACTIVE_BENCH fixture=nikon-nef.NEF level=0 op=chroma_nr path=surface p50_ms=1155.84 p90_ms=1155.84 samples=[1142.06, 1155.84]
INTERACTIVE_BENCH fixture=nikon-nef.NEF level=0 op=vibrance path=surface p50_ms=66.97 p90_ms=66.97 samples=[66.61, 66.97]
INTERACTIVE_BENCH fixture=nikon-nef.NEF level=0 op=hsl path=surface p50_ms=67.19 p90_ms=67.19 samples=[66.99, 67.19]
INTERACTIVE_BENCH fixture=nikon-nef.NEF level=0 op=color_grading path=surface p50_ms=67.12 p90_ms=67.12 samples=[66.94, 67.12]
INTERACTIVE_BENCH fixture=nikon-nef.NEF level=0 op=vignette path=surface p50_ms=151.03 p90_ms=151.03 samples=[150.01, 151.03]
INTERACTIVE_BENCH fixture=nikon-nef.NEF level=0 op=grain path=surface p50_ms=158.69 p90_ms=158.69 samples=[158.11, 158.69]
INTERACTIVE_BENCH_LEVEL fixture=sample.dng level=0 extent=5212x3468 cold_ms=540.4
INTERACTIVE_BENCH fixture=sample.dng level=0 op=basic_tone path=surface p50_ms=25.09 p90_ms=25.09 samples=[24.80, 25.09]
INTERACTIVE_BENCH fixture=sample.dng level=0 op=curves path=surface p50_ms=27.75 p90_ms=27.75 samples=[27.23, 27.75]
INTERACTIVE_BENCH fixture=sample.dng level=0 op=point_curve path=surface p50_ms=30.89 p90_ms=30.89 samples=[30.70, 30.89]
INTERACTIVE_BENCH fixture=sample.dng level=0 op=texture path=tiles p50_ms=3070.94 p90_ms=3070.94 samples=[3048.12, 3070.94]
INTERACTIVE_BENCH fixture=sample.dng level=0 op=clarity path=tiles p50_ms=5831.61 p90_ms=5831.61 samples=[4147.88, 5831.61]
INTERACTIVE_BENCH fixture=sample.dng level=0 op=dehaze path=tiles p50_ms=10434.55 p90_ms=10434.55 samples=[8696.41, 10434.55]
INTERACTIVE_BENCH fixture=sample.dng level=0 op=sharpening path=surface p50_ms=126.45 p90_ms=126.45 samples=[125.04, 126.45]
INTERACTIVE_BENCH fixture=sample.dng level=0 op=luminance_nr path=surface p50_ms=134.38 p90_ms=134.38 samples=[133.69, 134.38]
INTERACTIVE_BENCH fixture=sample.dng level=0 op=chroma_nr path=surface p50_ms=126.52 p90_ms=126.52 samples=[125.31, 126.52]
INTERACTIVE_BENCH fixture=sample.dng level=0 op=vibrance path=surface p50_ms=34.57 p90_ms=34.57 samples=[34.00, 34.57]
INTERACTIVE_BENCH fixture=sample.dng level=0 op=hsl path=surface p50_ms=34.45 p90_ms=34.45 samples=[34.09, 34.45]
INTERACTIVE_BENCH fixture=sample.dng level=0 op=color_grading path=surface p50_ms=34.78 p90_ms=34.78 samples=[33.86, 34.78]
INTERACTIVE_BENCH fixture=sample.dng level=0 op=vignette path=surface p50_ms=75.82 p90_ms=75.82 samples=[75.18, 75.82]
INTERACTIVE_BENCH fixture=sample.dng level=0 op=grain path=surface p50_ms=80.14 p90_ms=80.14 samples=[79.54, 80.14]
INTERACTIVE_BENCH_LEVEL fixture=sony-arw.ARW level=0 extent=4920x3276 cold_ms=605.2
INTERACTIVE_BENCH fixture=sony-arw.ARW level=0 op=basic_tone path=surface p50_ms=40.52 p90_ms=40.52 samples=[34.27, 40.52]
INTERACTIVE_BENCH fixture=sony-arw.ARW level=0 op=curves path=surface p50_ms=37.66 p90_ms=37.66 samples=[32.93, 37.66]
INTERACTIVE_BENCH fixture=sony-arw.ARW level=0 op=point_curve path=surface p50_ms=41.27 p90_ms=41.27 samples=[38.33, 41.27]
INTERACTIVE_BENCH fixture=sony-arw.ARW level=0 op=texture path=tiles p50_ms=3600.54 p90_ms=3600.54 samples=[2706.95, 3600.54]
INTERACTIVE_BENCH fixture=sony-arw.ARW level=0 op=clarity path=tiles p50_ms=3600.56 p90_ms=3600.56 samples=[3568.36, 3600.56]
INTERACTIVE_BENCH fixture=sony-arw.ARW level=0 op=dehaze path=tiles p50_ms=15273.71 p90_ms=15273.71 samples=[11783.70, 15273.71]
INTERACTIVE_BENCH fixture=sony-arw.ARW level=0 op=sharpening path=surface p50_ms=173.87 p90_ms=173.87 samples=[138.27, 173.87]
INTERACTIVE_BENCH fixture=sony-arw.ARW level=0 op=luminance_nr path=surface p50_ms=190.19 p90_ms=190.19 samples=[170.41, 190.19]
INTERACTIVE_BENCH fixture=sony-arw.ARW level=0 op=chroma_nr path=surface p50_ms=146.30 p90_ms=146.30 samples=[136.74, 146.30]
INTERACTIVE_BENCH fixture=sony-arw.ARW level=0 op=vibrance path=surface p50_ms=53.00 p90_ms=53.00 samples=[51.20, 53.00]
INTERACTIVE_BENCH fixture=sony-arw.ARW level=0 op=hsl path=surface p50_ms=42.63 p90_ms=42.63 samples=[34.65, 42.63]
INTERACTIVE_BENCH fixture=sony-arw.ARW level=0 op=color_grading path=surface p50_ms=51.75 p90_ms=51.75 samples=[44.95, 51.75]
INTERACTIVE_BENCH fixture=sony-arw.ARW level=0 op=vignette path=surface p50_ms=78.26 p90_ms=78.26 samples=[72.74, 78.26]
INTERACTIVE_BENCH fixture=sony-arw.ARW level=0 op=grain path=surface p50_ms=82.60 p90_ms=82.60 samples=[78.84, 82.60]
