Metal (Apple M4) panels, screen L2 1845×1231:
  tone exposure     L2: median 7.7 ms, p90 9.3 ms
  parametric curve  L2: median 8.5 ms, p90 10.5 ms
  point curve       L2: median 10.2 ms, p90 14.0 ms
  hsl               L2: median 11.0 ms, p90 13.5 ms
  grading           L6: median 10.8 ms, p90 116.0 ms
  texture           L6: median 15.6 ms, p90 21.8 ms
  clarity           L6: median 15.4 ms, p90 22.5 ms
  dehaze            L6: median 18.0 ms, p90 22.7 ms
  sharpening        L6: median 14.1 ms, p90 21.4 ms
  luminance nr      L4: median 7.2 ms, p90 13.2 ms
  color nr          L6: median 4.5 ms, p90 60.2 ms
  grain             L2: median 14.4 ms, p90 17.0 ms
  vignette          L3: median 8.4 ms, p90 16.5 ms
  straighten        L6: median 19.3 ms, p90 24.7 ms
Metal (Apple M4) panels, screen L2 1000×1000:
  tone exposure     L2: median 5.4 ms, p90 7.3 ms
  parametric curve  L2: median 6.3 ms, p90 9.5 ms
  point curve       L2: median 6.6 ms, p90 9.9 ms
  hsl               L2: median 4.3 ms, p90 5.9 ms
  grading           L2: median 6.8 ms, p90 8.6 ms
  texture           L6: median 19.1 ms, p90 21.1 ms
  clarity           L6: median 12.7 ms, p90 14.2 ms
  dehaze            L6: median 20.5 ms, p90 23.8 ms
  sharpening        L3: median 7.3 ms, p90 10.6 ms
  luminance nr      L3: median 7.8 ms, p90 9.2 ms
  color nr          L3: median 8.4 ms, p90 9.5 ms
  grain             L2: median 11.1 ms, p90 14.9 ms
  vignette          L2: median 10.7 ms, p90 12.5 ms
  straighten        L6: median 18.0 ms, p90 25.6 ms
Metal (Apple M4) panels, screen L2 1224×816:
  tone exposure     L2: median 4.1 ms, p90 5.0 ms
  parametric curve  L2: median 4.2 ms, p90 4.6 ms
  point curve       L2: median 4.8 ms, p90 6.2 ms
  hsl               L2: median 5.7 ms, p90 6.4 ms
  grading           L2: median 5.3 ms, p90 5.9 ms
  texture           L6: median 9.5 ms, p90 10.3 ms
  clarity           L6: median 9.7 ms, p90 10.4 ms
  dehaze            L4: median 10.3 ms, p90 11.0 ms
  sharpening        L2: median 7.7 ms, p90 7.9 ms
  luminance nr      L2: median 8.4 ms, p90 8.6 ms
  color nr          L2: median 7.7 ms, p90 8.2 ms
  grain             L2: median 5.2 ms, p90 5.9 ms
  vignette          L2: median 7.3 ms, p90 9.7 ms
  straighten        L6: median 10.0 ms, p90 10.9 ms
Metal (Apple M4) panels, screen L2 1230×819:
  tone exposure     L2: median 5.3 ms, p90 8.5 ms
  parametric curve  L2: median 6.1 ms, p90 7.3 ms
  point curve       L2: median 6.9 ms, p90 7.3 ms
  hsl               L2: median 6.1 ms, p90 7.5 ms
  grading           L2: median 5.9 ms, p90 6.4 ms
  texture           L6: median 9.2 ms, p90 24.1 ms
  clarity           L6: median 12.8 ms, p90 40.2 ms
  dehaze            L6: median 28.9 ms, p90 38.5 ms
  sharpening        L2: median 11.1 ms, p90 12.1 ms
  luminance nr      L2: median 12.8 ms, p90 14.1 ms
  color nr          L2: median 11.4 ms, p90 12.5 ms
  grain             L2: median 8.4 ms, p90 8.5 ms
  vignette          L2: median 8.1 ms, p90 8.3 ms
  straighten        L6: median 9.7 ms, p90 10.2 ms
Metal (Apple M4) panels, screen L2 1303×867:
  tone exposure     L2: median 2.4 ms, p90 2.6 ms
  parametric curve  L2: median 2.3 ms, p90 2.4 ms
  point curve       L2: median 2.4 ms, p90 2.6 ms
  hsl               L2: median 2.5 ms, p90 2.8 ms
  grading           L2: median 2.6 ms, p90 2.7 ms
  texture           L6: median 9.0 ms, p90 12.9 ms
  clarity           L6: median 8.7 ms, p90 8.9 ms
  dehaze            L6: median 9.6 ms, p90 10.2 ms
  sharpening        L2: median 6.1 ms, p90 18.9 ms
  luminance nr      L2: median 13.7 ms, p90 14.1 ms
  color nr          L2: median 12.1 ms, p90 13.1 ms
  grain             L2: median 9.4 ms, p90 9.7 ms
  vignette          L2: median 9.1 ms, p90 9.3 ms
  straighten        L5: median 9.5 ms, p90 24.0 ms
