   Compiling proc-macro2 v1.0.107
   Compiling unicode-ident v1.0.26
   Compiling quote v1.0.47
   Compiling cfg-if v1.0.5
   Compiling serde_core v1.0.229
   Compiling syn v3.0.6
   Compiling syn v2.0.119
   Compiling libc v0.2.189
   Compiling serde_derive v1.0.229
   Compiling serde v1.0.229
   Compiling bitflags v2.13.2
   Compiling memchr v2.8.3
   Compiling autocfg v1.5.1
   Compiling libm v0.2.16
   Compiling num-traits v0.2.19
   Compiling jobserver v0.1.35
   Compiling shlex v2.0.1
   Compiling find-msvc-tools v0.1.14
   Compiling once_cell v1.21.4
   Compiling cc v1.5.1
   Compiling log v0.4.34
   Compiling itoa v1.0.18
   Compiling smallvec v1.16.2
   Compiling thiserror v2.0.21
   Compiling thiserror-impl v2.0.21
   Compiling arrayvec v0.7.8
   Compiling bytes v1.12.1
   Compiling zerocopy v0.8.59
   Compiling zerocopy-derive v0.8.59
   Compiling rustix v1.1.5
   Compiling getrandom v0.4.3
   Compiling errno v0.3.14
   Compiling version_check v0.9.5
   Compiling bytemuck_derive v1.12.1
   Compiling bytemuck v1.25.2
   Compiling equivalent v1.0.2
   Compiling fastrand v2.5.0
   Compiling foldhash v0.2.0
   Compiling simd-adler32 v0.3.10
   Compiling hashbrown v0.17.1
   Compiling zmij v1.0.23
   Compiling crc32fast v1.5.2
   Compiling adler2 v2.0.1
   Compiling serde_json v1.0.151
   Compiling miniz_oxide v0.9.1
   Compiling half v2.7.1
   Compiling flate2 v1.1.10
   Compiling zeroize v1.9.0
   Compiling euclid v0.22.14
   Compiling lyon_geom v1.0.19
   Compiling pkg-config v0.3.34
   Compiling lyon_path v1.0.19
   Compiling indexmap v2.14.2
   Compiling core_maths v0.1.1
   Compiling percent-encoding v2.3.2
