[0/1] Planning build
Building for production...
[0/6] Write sources
[3/6] Write swift-version--58304C5D6DBC2206.txt
[5/7] Compiling TesseraFFI TesseraFFI.swift
[6/8] Compiling Tessera AISettingsView.swift
[6/10] Write Objects.LinkFileList
[7/10] Linking Tessera
[9/11] Compiling TesseraCoreTests AgentReviewLayoutTests.swift
/Users/rutmehta/Developer/lightroom/.worktrees/B5-40/apps/mac/Tests/TesseraCoreTests/DocumentLoadSettlementTests.swift:59:18: warning: weak variable 'weakWorkspace' was never mutated; consider changing to 'let' constant [#WeakMutability]
57 |     func testReleasedWorkspaceStillSettlesAfterBackendReturns() {
58 |         var workspace: DocumentWorkspace? = DocumentWorkspace()
59 |         weak var weakWorkspace = workspace
   |                  `- warning: weak variable 'weakWorkspace' was never mutated; consider changing to 'let' constant [#WeakMutability]
60 |         var finish: (@MainActor (Result<any DocumentBackend, Error>) -> Void)?
61 |         workspace?.documentLoadExecutor = { _, _, done in finish = done }

/Users/rutmehta/Developer/lightroom/.worktrees/B5-40/apps/mac/Tests/TesseraCoreTests/DocumentOverlayAnimationTests.swift:72:18: warning: weak variable 'weakView' was never mutated; consider changing to 'let' constant [#WeakMutability]
 70 |     func testReleasedOwnerInvalidatesRetainedTimerWithoutTicks() {
 71 |         var view: Overlay? = makeOverlay()
 72 |         weak var weakView = view
    |                  `- warning: weak variable 'weakView' was never mutated; consider changing to 'let' constant [#WeakMutability]
 73 |         view?.updateAnimation()
 74 |         let timer = view?.animationTimer

/Users/rutmehta/Developer/lightroom/.worktrees/B5-40/apps/mac/Tests/TesseraCoreTests/DocumentViewportOwnershipTests.swift:32:18: warning: weak variable 'released' was never mutated; consider changing to 'let' constant [#WeakMutability]
30 |     func testControllerReleasedBeforeDismantleStillClearsLocalResources() throws {
31 |         var doc: DocumentController? = try document()
32 |         weak var released = doc
   |                  `- warning: weak variable 'released' was never mutated; consider changing to 'let' constant [#WeakMutability]
33 |         let view = DocumentViewportView(frame: .zero)
34 |         view.attach(doc)

/Users/rutmehta/Developer/lightroom/.worktrees/B5-40/apps/mac/Tests/TesseraCoreTests/EngineDocumentBackendTests.swift:244:54: warning: capture of 'self' with non-Sendable type 'EngineDocumentBackendTests' in a '@Sendable' closure [#SendableClosureCaptures]
  9 | /// history ids, listener coalescing, a real `DocumentSession` behind `DocumentBackend`, and the
 10 | /// workspace's engine-vs-stub choice.
 11 | final class EngineDocumentBackendTests: XCTestCase {
    |             `- note: class 'EngineDocumentBackendTests' does not conform to the 'Sendable' protocol
 12 |     private func temp() throws -> URL {
 13 |         let dir = FileManager.default.temporaryDirectory.appendingPathComponent("engine-doc-\(UUID().uuidString)")
    :
242 |         let done = expectation(description: "delivered")
243 |         DispatchQueue.global().async {
244 |             for e in 1...20 { adapter.onFrame(frame: self.frameInfo(epoch: UInt64(e))) }
    |                                                      `- warning: capture of 'self' with non-Sendable type 'EngineDocumentBackendTests' in a '@Sendable' closure [#SendableClosureCaptures]
245 |             DispatchQueue.main.async { done.fulfill() }
246 |         }

[#SendableClosureCaptures]: <https://docs.swift.org/compiler/documentation/diagnostics/sendable-closure-captures>
[#WeakMutability]: <https://docs.swift.org/compiler/documentation/diagnostics/weak-mutability>
[10/12] Compiling TesseraPackageTests runner.swift
[10/12] Write Objects.LinkFileList
[11/12] Linking TesseraPackageTests
Build complete! (389.88s)
Test Suite 'Selected tests' started at 2026-10-01 10:44:14.377.
Test Suite 'TesseraPackageTests.xctest' started at 2026-10-01 10:44:14.380.
Test Suite 'DocumentExportFlatTests' started at 2026-10-01 10:44:14.380.
Test Case '-[TesseraCoreTests.DocumentExportFlatTests testDuplicateProgressWakesMainAtMostOncePerInterval]' started.
/Users/rutmehta/Developer/lightroom/.worktrees/B5-40/apps/mac/Tests/TesseraCoreTests/DocumentExportFlatTests.swift:133: error: -[TesseraCoreTests.DocumentExportFlatTests testDuplicateProgressWakesMainAtMostOncePerInterval] : XCTAssertLessThanOrEqual failed: ("100") is greater than ("1")
Test Case '-[TesseraCoreTests.DocumentExportFlatTests testDuplicateProgressWakesMainAtMostOncePerInterval]' failed (1.567 seconds).
Test Case '-[TesseraCoreTests.DocumentExportFlatTests testReservedSnapshotIncludesEditCommittedAfterPreparation]' started.
Test Case '-[TesseraCoreTests.DocumentExportFlatTests testReservedSnapshotIncludesEditCommittedAfterPreparation]' passed (0.331 seconds).
Test Suite 'DocumentExportFlatTests' failed at 2026-10-01 10:44:16.279.
	 Executed 2 tests, with 1 failure (0 unexpected) in 1.898 (1.898) seconds
Test Suite 'TesseraPackageTests.xctest' failed at 2026-10-01 10:44:16.279.
	 Executed 2 tests, with 1 failure (0 unexpected) in 1.898 (1.899) seconds
Test Suite 'Selected tests' failed at 2026-10-01 10:44:16.279.
	 Executed 2 tests, with 1 failure (0 unexpected) in 1.898 (1.902) seconds
◇ Test run started.
↳ Testing Library Version: 1501
↳ Target Platform: arm64e-apple-macos14.0
✔ Test run with 0 tests in 0 suites passed after 0.001 seconds.
