{"time": "2026-10-01T09:51:48.430539-04:00", "load1": 9.2109375, "build_processes": [], "quiet": false, "load_limit": 8.34}
{"time": "2026-10-01T09:52:18.587261-04:00", "load1": 8.5048828125, "build_processes": [], "quiet": false, "load_limit": 8.34}
{"time": "2026-10-01T09:52:48.740369-04:00", "load1": 7.5048828125, "build_processes": [], "quiet": true, "load_limit": 8.34}
{"time": "2026-10-01T09:53:18.896383-04:00", "load1": 7.37939453125, "build_processes": [], "quiet": true, "load_limit": 8.34}
2026-10-01 09:53:20.329 Tessera[51727:51443913] Sparkle updates not configured for this build
selftest-host: host window 47303
document: frames on the Viewport path (L1, requested Rect { x0: 0, y0: 0, x1: 2606, y1: 1734 })
filter-selftest: document 5212 × 3468 px, 16-bit, Metal (Apple M4 Max)
filter-selftest: check filter menu ok
filter-perf: start: document 5212 × 3468 16-bit, backend Metal (Apple M4 Max), footprint 2985 MiB
filter-perf: smart filter applied, footprint 4652 MiB
filter-selftest: check Export Flat avoids App Nap ok
filter-perf: 18 MP smart filter export 0: ok in 1.93 s, 108 main-thread spans (Exported perf-flat-0.png (PNG, sRGB))
filter-perf: RESULT p16 18 MP smart filter main-thread spans during Export Flat 0: n 108 p50 0.01 ms p95 0.89 ms max 13.18 ms; export 1.93 s
filter-selftest: check 18 MP smart filter export 0 ok
filter-selftest: check Export Flat avoids App Nap ok
filter-perf: 18 MP smart filter export 1: ok in 1.82 s, 109 main-thread spans (Exported perf-flat-1.png (PNG, sRGB))
filter-perf: RESULT p16 18 MP smart filter main-thread spans during Export Flat 1: n 109 p50 0.01 ms p95 0.81 ms max 3.76 ms; export 1.82 s
filter-selftest: check 18 MP smart filter export 1 ok
document: frames on the Viewport path (L1, requested Rect { x0: 0, y0: 0, x1: 2304, y1: 1536 })
filter-perf: styled document 4608 × 3072, layers ["caption", "Layer 1"]
document: frames composited on the CPU (styles in the resident document program require CPU composition)
filter-selftest: check Export Flat avoids App Nap ok
filter-perf: styled 14 MP export 0: ok in 67.17 s, 3421 main-thread spans (Exported perf-flat-0.png (PNG, sRGB))
filter-perf: RESULT p16 styled 14 MP main-thread spans during Export Flat 0: n 3421 p50 0.02 ms p95 0.07 ms max 15.44 ms; export 67.17 s
filter-selftest: check styled 14 MP export 0 ok
filter-selftest: check Export Flat avoids App Nap ok
filter-perf: styled 14 MP export 1: ok in 64.99 s, 3277 main-thread spans (Exported perf-flat-1.png (PNG, sRGB))
filter-perf: RESULT p16 styled 14 MP main-thread spans during Export Flat 1: n 3277 p50 0.02 ms p95 0.06 ms max 15.39 ms; export 64.99 s
filter-selftest: check styled 14 MP export 1 ok
filter-selftest: cancel at 31 % → finished in 4185 ms
filter-selftest: check cancelled ok
filter-selftest: check destination kept ok
filter-selftest: check no temporary file ok
filter-perf: done, footprint 16260 MiB
filter-selftest: done, 0 failure(s)
