{"time": "2026-10-01T10:04:37.855694-04:00", "load1": 55.87060546875, "build_processes": [], "quiet": false, "load_limit": 8.34}
{"time": "2026-10-01T10:05:08.001488-04:00", "load1": 36.556640625, "build_processes": [], "quiet": false, "load_limit": 8.34}
{"time": "2026-10-01T10:05:38.159597-04:00", "load1": 24.70556640625, "build_processes": [], "quiet": false, "load_limit": 8.34}
{"time": "2026-10-01T10:06:08.306480-04:00", "load1": 18.6337890625, "build_processes": [], "quiet": false, "load_limit": 8.34}
{"time": "2026-10-01T10:06:38.456618-04:00", "load1": 15.66357421875, "build_processes": [], "quiet": false, "load_limit": 8.34}
{"time": "2026-10-01T10:07:08.600859-04:00", "load1": 14.48486328125, "build_processes": [], "quiet": false, "load_limit": 8.34}
{"time": "2026-10-01T10:07:38.747582-04:00", "load1": 12.42529296875, "build_processes": [], "quiet": false, "load_limit": 8.34}
{"time": "2026-10-01T10:08:08.895179-04:00", "load1": 9.95458984375, "build_processes": [], "quiet": false, "load_limit": 8.34}
{"time": "2026-10-01T10:08:39.040373-04:00", "load1": 8.90673828125, "build_processes": [], "quiet": false, "load_limit": 8.34}
{"time": "2026-10-01T10:09:09.188443-04:00", "load1": 6.970703125, "build_processes": [], "quiet": true, "load_limit": 8.34}
{"time": "2026-10-01T10:09:39.333745-04:00", "load1": 6.35009765625, "build_processes": [], "quiet": true, "load_limit": 8.34}
2026-10-01 10:09:39.463 Tessera[58629:51540794] Sparkle updates not configured for this build
selftest-host: host window 47319
document: frames on the Viewport path (L1, requested Rect { x0: 0, y0: 0, x1: 2606, y1: 1734 })
filter-selftest: document 5212 × 3468 px, 16-bit, Metal (Apple M4 Max)
filter-selftest: check filter menu ok
filter-perf: start: document 5212 × 3468 16-bit, backend Metal (Apple M4 Max), footprint 2858 MiB
filter-perf: smart filter applied, footprint 4416 MiB
filter-selftest: check Export Flat avoids App Nap ok
filter-perf: 18 MP smart filter export 0: ok in 1.95 s, 112 main-thread spans (Exported perf-flat-0.png (PNG, sRGB))
filter-perf: RESULT p16 18 MP smart filter main-thread spans during Export Flat 0: n 112 p50 0.01 ms p95 0.72 ms max 11.99 ms; export 1.95 s
filter-selftest: check 18 MP smart filter export 0 ok
filter-selftest: check Export Flat avoids App Nap ok
filter-perf: 18 MP smart filter export 1: ok in 1.78 s, 104 main-thread spans (Exported perf-flat-1.png (PNG, sRGB))
filter-perf: RESULT p16 18 MP smart filter main-thread spans during Export Flat 1: n 104 p50 0.01 ms p95 0.72 ms max 3.41 ms; export 1.78 s
filter-selftest: check 18 MP smart filter export 1 ok
document: frames on the Viewport path (L1, requested Rect { x0: 0, y0: 0, x1: 2304, y1: 1536 })
filter-perf: styled document 4608 × 3072, layers ["caption", "Layer 1"]
document: frames composited on the CPU (styles in the resident document program require CPU composition)
filter-selftest: check Export Flat avoids App Nap ok
filter-perf: styled 14 MP export 0: ok in 66.29 s, 3413 main-thread spans (Exported perf-flat-0.png (PNG, sRGB))
filter-perf: RESULT p16 styled 14 MP main-thread spans during Export Flat 0: n 3413 p50 0.02 ms p95 0.09 ms max 122.19 ms; export 66.29 s
filter-selftest: check styled 14 MP export 0 ok
filter-selftest: check Export Flat avoids App Nap ok
filter-perf: styled 14 MP export 1: ok in 64.82 s, 3319 main-thread spans (Exported perf-flat-1.png (PNG, sRGB))
filter-perf: RESULT p16 styled 14 MP main-thread spans during Export Flat 1: n 3319 p50 0.02 ms p95 0.07 ms max 114.85 ms; export 64.82 s
filter-selftest: check styled 14 MP export 1 ok
filter-selftest: cancel at 31 % → finished in 3767 ms
filter-selftest: check cancelled ok
filter-selftest: check destination kept ok
filter-selftest: check no temporary file ok
filter-perf: done, footprint 16509 MiB
filter-selftest: done, 0 failure(s)
