{"time": "2026-10-01T09:56:37.056448-04:00", "load1": 37.3076171875, "build_processes": [], "quiet": false, "load_limit": 8.34}
{"time": "2026-10-01T09:57:07.213711-04:00", "load1": 25.1806640625, "build_processes": [], "quiet": false, "load_limit": 8.34}
{"time": "2026-10-01T09:57:37.365686-04:00", "load1": 19.44091796875, "build_processes": [], "quiet": false, "load_limit": 8.34}
{"time": "2026-10-01T09:58:07.510621-04:00", "load1": 15.65576171875, "build_processes": [], "quiet": false, "load_limit": 8.34}
{"time": "2026-10-01T09:58:37.667762-04:00", "load1": 12.4794921875, "build_processes": [], "quiet": false, "load_limit": 8.34}
{"time": "2026-10-01T09:59:07.819689-04:00", "load1": 9.93896484375, "build_processes": [], "quiet": false, "load_limit": 8.34}
{"time": "2026-10-01T09:59:37.967497-04:00", "load1": 9.28662109375, "build_processes": [], "quiet": false, "load_limit": 8.34}
{"time": "2026-10-01T10:00:08.119790-04:00", "load1": 8.5322265625, "build_processes": [], "quiet": false, "load_limit": 8.34}
{"time": "2026-10-01T10:00:38.276163-04:00", "load1": 7.50634765625, "build_processes": [], "quiet": true, "load_limit": 8.34}
{"time": "2026-10-01T10:01:08.438386-04:00", "load1": 7.27587890625, "build_processes": [], "quiet": true, "load_limit": 8.34}
2026-10-01 10:01:08.575 Tessera[54736:51490527] Sparkle updates not configured for this build
selftest-host: host window 47313
document: frames on the Viewport path (L1, requested Rect { x0: 0, y0: 0, x1: 2606, y1: 1734 })
filter-selftest: document 5212 × 3468 px, 16-bit, Metal (Apple M4 Max)
filter-selftest: check filter menu ok
filter-perf: start: document 5212 × 3468 16-bit, backend Metal (Apple M4 Max), footprint 2934 MiB
filter-perf: smart filter applied, footprint 4839 MiB
filter-selftest: check Export Flat avoids App Nap ok
filter-perf: 18 MP smart filter export 0: ok in 2.02 s, 113 main-thread spans (Exported perf-flat-0.png (PNG, sRGB))
filter-perf: RESULT p16 18 MP smart filter main-thread spans during Export Flat 0: n 113 p50 0.02 ms p95 0.81 ms max 13.99 ms; export 2.02 s
filter-selftest: check 18 MP smart filter export 0 ok
filter-selftest: check Export Flat avoids App Nap ok
filter-perf: 18 MP smart filter export 1: ok in 1.84 s, 109 main-thread spans (Exported perf-flat-1.png (PNG, sRGB))
filter-perf: RESULT p16 18 MP smart filter main-thread spans during Export Flat 1: n 109 p50 0.01 ms p95 0.72 ms max 3.39 ms; export 1.84 s
filter-selftest: check 18 MP smart filter export 1 ok
document: frames on the Viewport path (L1, requested Rect { x0: 0, y0: 0, x1: 2304, y1: 1536 })
filter-perf: styled document 4608 × 3072, layers ["caption", "Layer 1"]
document: frames composited on the CPU (styles in the resident document program require CPU composition)
filter-selftest: check Export Flat avoids App Nap ok
filter-perf: styled 14 MP export 0: ok in 68.56 s, 3508 main-thread spans (Exported perf-flat-0.png (PNG, sRGB))
filter-perf: RESULT p16 styled 14 MP main-thread spans during Export Flat 0: n 3508 p50 0.02 ms p95 0.08 ms max 14.36 ms; export 68.56 s
filter-selftest: check styled 14 MP export 0 ok
filter-selftest: check Export Flat avoids App Nap ok
filter-perf: styled 14 MP export 1: ok in 65.20 s, 3348 main-thread spans (Exported perf-flat-1.png (PNG, sRGB))
filter-perf: RESULT p16 styled 14 MP main-thread spans during Export Flat 1: n 3348 p50 0.02 ms p95 0.09 ms max 25.75 ms; export 65.20 s
filter-selftest: check styled 14 MP export 1 ok
filter-selftest: cancel at 31 % → finished in 4076 ms
filter-selftest: check cancelled ok
filter-selftest: check destination kept ok
filter-selftest: check no temporary file ok
filter-perf: done, footprint 17264 MiB
filter-selftest: done, 0 failure(s)
