{"time": "2026-10-01T10:13:00.765454-04:00", "load1": 61.71875, "build_processes": [], "quiet": false, "load_limit": 8.34}
{"time": "2026-10-01T10:13:30.898445-04:00", "load1": 40.54052734375, "build_processes": [], "quiet": false, "load_limit": 8.34}
{"time": "2026-10-01T10:14:01.061796-04:00", "load1": 26.826171875, "build_processes": [], "quiet": false, "load_limit": 8.34}
{"time": "2026-10-01T10:14:31.198893-04:00", "load1": 19.36865234375, "build_processes": [], "quiet": false, "load_limit": 8.34}
{"time": "2026-10-01T10:15:01.331882-04:00", "load1": 15.0341796875, "build_processes": [], "quiet": false, "load_limit": 8.34}
{"time": "2026-10-01T10:15:31.485110-04:00", "load1": 10.68896484375, "build_processes": [], "quiet": false, "load_limit": 8.34}
{"time": "2026-10-01T10:16:01.640690-04:00", "load1": 9.38525390625, "build_processes": [], "quiet": false, "load_limit": 8.34}
{"time": "2026-10-01T10:16:31.778353-04:00", "load1": 7.923828125, "build_processes": [], "quiet": true, "load_limit": 8.34}
{"time": "2026-10-01T10:17:01.922657-04:00", "load1": 9.01220703125, "build_processes": [], "quiet": false, "load_limit": 8.34}
{"time": "2026-10-01T10:17:32.074493-04:00", "load1": 7.8486328125, "build_processes": [], "quiet": true, "load_limit": 8.34}
{"time": "2026-10-01T10:18:02.219359-04:00", "load1": 10.7998046875, "build_processes": [], "quiet": false, "load_limit": 8.34}
{"time": "2026-10-01T10:18:32.374136-04:00", "load1": 10.23876953125, "build_processes": [], "quiet": false, "load_limit": 8.34}
{"time": "2026-10-01T10:19:02.527282-04:00", "load1": 8.89892578125, "build_processes": [], "quiet": false, "load_limit": 8.34}
{"time": "2026-10-01T10:19:32.675620-04:00", "load1": 8.39208984375, "build_processes": [], "quiet": false, "load_limit": 8.34}
{"time": "2026-10-01T10:20:02.812621-04:00", "load1": 7.7421875, "build_processes": [], "quiet": true, "load_limit": 8.34}
{"time": "2026-10-01T10:20:32.953401-04:00", "load1": 6.69482421875, "build_processes": [], "quiet": true, "load_limit": 8.34}
2026-10-01 10:20:33.086 Tessera[62870:51603744] Sparkle updates not configured for this build
selftest-host: host window 47332
document: frames on the Viewport path (L1, requested Rect { x0: 0, y0: 0, x1: 2606, y1: 1734 })
filter-selftest: document 5212 × 3468 px, 16-bit, Metal (Apple M4 Max)
filter-selftest: check filter menu ok
filter-perf: start: document 5212 × 3468 16-bit, backend Metal (Apple M4 Max), footprint 2818 MiB
filter-perf: smart filter applied, footprint 4423 MiB
filter-selftest: check Export Flat avoids App Nap ok
filter-perf: 18 MP smart filter export 0: ok in 2.00 s, 111 main-thread spans (Exported perf-flat-0.png (PNG, sRGB))
filter-perf: RESULT p16 18 MP smart filter main-thread spans during Export Flat 0: n 111 p50 0.02 ms p95 0.72 ms max 14.36 ms; export 2.00 s
filter-selftest: check 18 MP smart filter export 0 ok
filter-selftest: check Export Flat avoids App Nap ok
filter-perf: 18 MP smart filter export 1: ok in 1.87 s, 116 main-thread spans (Exported perf-flat-1.png (PNG, sRGB))
filter-perf: RESULT p16 18 MP smart filter main-thread spans during Export Flat 1: n 116 p50 0.01 ms p95 0.77 ms max 3.41 ms; export 1.87 s
filter-selftest: check 18 MP smart filter export 1 ok
document: frames on the Viewport path (L1, requested Rect { x0: 0, y0: 0, x1: 2304, y1: 1536 })
filter-perf: styled document 4608 × 3072, layers ["caption", "Layer 1"]
document: frames composited on the CPU (styles in the resident document program require CPU composition)
filter-selftest: check Export Flat avoids App Nap ok
filter-perf: styled 14 MP export 0: ok in 65.89 s, 3350 main-thread spans (Exported perf-flat-0.png (PNG, sRGB))
filter-perf: RESULT p16 styled 14 MP main-thread spans during Export Flat 0: n 3350 p50 0.02 ms p95 0.09 ms max 140.41 ms; export 65.89 s
filter-selftest: check styled 14 MP export 0 ok
filter-selftest: check Export Flat avoids App Nap ok
filter-perf: styled 14 MP export 1: ok in 64.03 s, 3296 main-thread spans (Exported perf-flat-1.png (PNG, sRGB))
filter-perf: RESULT p16 styled 14 MP main-thread spans during Export Flat 1: n 3296 p50 0.02 ms p95 0.09 ms max 23.51 ms; export 64.03 s
filter-selftest: check styled 14 MP export 1 ok
filter-selftest: cancel at 31 % → finished in 4002 ms
filter-selftest: check cancelled ok
filter-selftest: check destination kept ok
filter-selftest: check no temporary file ok
filter-perf: done, footprint 16176 MiB
filter-selftest: done, 0 failure(s)
