{"time": "2026-10-01T08:34:22.613166-04:00", "load1": 32.8681640625, "build_processes": [], "quiet": false, "load_limit": 10.0}
{"time": "2026-10-01T08:34:52.775501-04:00", "load1": 23.0556640625, "build_processes": [], "quiet": false, "load_limit": 10.0}
{"time": "2026-10-01T08:35:22.913012-04:00", "load1": 18.92529296875, "build_processes": [], "quiet": false, "load_limit": 10.0}
{"time": "2026-10-01T08:35:53.068774-04:00", "load1": 14.80712890625, "build_processes": [], "quiet": false, "load_limit": 10.0}
{"time": "2026-10-01T08:36:23.215960-04:00", "load1": 16.2998046875, "build_processes": ["19943 /Applications/Xcode.app/Contents/Developer/Toolchains/XcodeDefault.xctoolchain/usr/bin/swift-build"], "quiet": false, "load_limit": 10.0}
{"time": "2026-10-01T08:36:53.362282-04:00", "load1": 13.83154296875, "build_processes": [], "quiet": false, "load_limit": 10.0}
{"time": "2026-10-01T08:37:23.514614-04:00", "load1": 11.45361328125, "build_processes": [], "quiet": false, "load_limit": 10.0}
{"time": "2026-10-01T08:37:53.660901-04:00", "load1": 9.45703125, "build_processes": [], "quiet": true, "load_limit": 10.0}
{"time": "2026-10-01T08:38:23.800194-04:00", "load1": 11.1376953125, "build_processes": [], "quiet": false, "load_limit": 10.0}
{"time": "2026-10-01T08:38:53.956045-04:00", "load1": 9.556640625, "build_processes": [], "quiet": true, "load_limit": 10.0}
{"time": "2026-10-01T08:39:24.124427-04:00", "load1": 8.68359375, "build_processes": [], "quiet": true, "load_limit": 10.0}
2026-10-01 08:39:24.258 Tessera[21511:50969518] Sparkle updates not configured for this build
selftest-host: host window 46735
document: frames on the Viewport path (L1, requested Rect { x0: 0, y0: 0, x1: 2606, y1: 1734 })
filter-selftest: document 5212 × 3468 px, 16-bit, Metal (Apple M4 Max)
filter-selftest: check filter menu ok
filter-perf: start: document 5212 × 3468 16-bit, backend Metal (Apple M4 Max), footprint 2610 MiB
filter-perf: smart filter applied, footprint 4914 MiB
filter-selftest: check Export Flat avoids App Nap ok
filter-perf: 18 MP smart filter export 0: ok in 2.04 s, 153 main-thread spans (Exported perf-flat-0.png (PNG, sRGB))
filter-perf: RESULT p16 18 MP smart filter main-thread spans during Export Flat 0: n 153 p50 0.01 ms p95 0.66 ms max 13.88 ms; export 2.04 s
filter-selftest: check 18 MP smart filter export 0 ok
filter-selftest: check Export Flat avoids App Nap ok
filter-perf: 18 MP smart filter export 1: ok in 1.84 s, 163 main-thread spans (Exported perf-flat-1.png (PNG, sRGB))
filter-perf: RESULT p16 18 MP smart filter main-thread spans during Export Flat 1: n 163 p50 0.01 ms p95 0.82 ms max 5.45 ms; export 1.84 s
filter-selftest: check 18 MP smart filter export 1 ok
document: frames on the Viewport path (L1, requested Rect { x0: 0, y0: 0, x1: 2304, y1: 1536 })
filter-perf: styled document 4608 × 3072, layers ["caption", "Layer 1"]
document: frames composited on the CPU (styles in the resident document program require CPU composition)
filter-selftest: check Export Flat avoids App Nap ok
filter-perf: styled 14 MP export 0: ok in 74.29 s, 3739 main-thread spans (Exported perf-flat-0.png (PNG, sRGB))
filter-perf: RESULT p16 styled 14 MP main-thread spans during Export Flat 0: n 3739 p50 0.02 ms p95 0.05 ms max 36.71 ms; export 74.29 s
filter-selftest: check styled 14 MP export 0 ok
filter-selftest: check Export Flat avoids App Nap ok
filter-perf: styled 14 MP export 1: ok in 62.84 s, 3134 main-thread spans (Exported perf-flat-1.png (PNG, sRGB))
filter-perf: RESULT p16 styled 14 MP main-thread spans during Export Flat 1: n 3134 p50 0.02 ms p95 0.05 ms max 63.87 ms; export 62.84 s
filter-selftest: check styled 14 MP export 1 ok
filter-selftest: cancel at 31 % → finished in 3905 ms
filter-selftest: check cancelled ok
filter-selftest: check destination kept ok
filter-selftest: check no temporary file ok
filter-perf: done, footprint 15865 MiB
filter-selftest: done, 0 failure(s)
