
running 1 test
test channel_display_summary_paint_and_undo ... ok

test result: ok. 1 passed; 0 failed; 0 ignored; 0 measured; 0 filtered out; finished in 0.07s


running 3 tests
test invalid_alpha_display_is_atomic ... ok
test channel_paint_is_copy_on_write_undoable_and_not_rgb_damage ... ok
test alpha_display_roundtrips_native_and_both_psd_resources ... ok

test result: ok. 3 passed; 0 failed; 0 ignored; 0 measured; 0 filtered out; finished in 0.01s


running 1 test
test explicit_alpha_display_and_channel_destination_are_additive ... ok

test result: ok. 1 passed; 0 failed; 0 ignored; 0 measured; 0 filtered out; finished in 0.00s


running 1 test
test explicit_alpha_display_and_channel_destination_are_additive ... ok

test result: ok. 1 passed; 0 failed; 0 ignored; 0 measured; 0 filtered out; finished in 0.00s


running 1 test
test document_brush_destinations_paint_scalar_planes_and_undo ... ok

test result: ok. 1 passed; 0 failed; 0 ignored; 0 measured; 0 filtered out; finished in 0.00s


running 3 tests
test invalid_alpha_display_is_atomic ... ok
test channel_paint_is_copy_on_write_undoable_and_not_rgb_damage ... ok
test alpha_display_roundtrips_native_and_both_psd_resources ... ok

test result: ok. 3 passed; 0 failed; 0 ignored; 0 measured; 0 filtered out; finished in 0.01s

