
running 8 tests
test patchmatch_reconstructs_periodic_texture_not_flat_average ... ok
test move_fills_hole_extend_keeps_source_and_paste_blends_seam ... ok
test source_patch_eligibility_checks_interior_not_just_corners ... ok
test invalid_inputs_cancel_noop_and_soft_coverage_are_transactional ... ok
test explicit_sampling_excludes_all_other_colours_and_returns_new_layer ... ok
test colour_levels_reduce_boundary_error_without_touching_exterior ... ok
test distant_single_patch_donor_fills_disconnected_edge_holes_deterministically ... ok
test rotation_scale_and_mirror_adapt_source_texture ... ok

test result: ok. 8 passed; 0 failed; 0 ignored; 0 measured; 0 filtered out; finished in 0.00s


running 4 tests
test remove_18mp_300px_stroke ... ignored, 18MP release performance gate
test outside_sampling_rect_is_an_error_even_at_coordinate_limits ... ok
test auto_sampling_is_local_to_stroke ... ok
test distant_sampling_soft_coverage_and_partial_edge_tiles_survive_roi ... ok

test result: ok. 3 passed; 0 failed; 1 ignored; 0 measured; 0 filtered out; finished in 0.05s


running 7 tests
test legacy_auto_fraction_retains_histogram_boundary_precision ... ok
test auto_analysis_uses_independent_percent_tails_in_every_mode ... ok
test lookup_metadata_roundtrips_and_old_payload_defaults ... ok
test neutralize_preserves_color_variation_and_obeys_fade ... ok
test match_color_neutralize_removes_cast_without_changing_lightness ... ok
test auto_clip_percentages_default_and_roundtrip_without_changing_frozen_output ... ok
test lookup_dither_is_spatial_repeatable_bounded_and_preserves_alpha ... ok

test result: ok. 7 passed; 0 failed; 0 ignored; 0 measured; 0 filtered out; finished in 0.02s


running 12 tests
test binary_payloads_match_independently_constructed_adobe_records ... ok
test color_binary_keys_roundtrip ... ok
test modern_brightness_precedence_and_type_changes ... ok
test gradient_map_adobe_binary_roundtrip ... ok
test color_lookup_cube_descriptor_roundtrips_psd_and_psb ... ok
test color_lookup_filename_and_dither_roundtrip ... ok
test brightness_has_legacy_binary_and_modern_descriptor ... ok
test color_descriptors_use_adobe_fields ... ok
test gradient_rejects_truncation_and_retains_unsupported_features ... ok
test soco_is_not_an_adjustment_and_native_only_errors_are_explicit ... ok
test color_lookup_malformed_errors_and_unsupported_stays_opaque ... ok
test rejects_truncated_and_invalid_layouts ... ok

test result: ok. 12 passed; 0 failed; 0 ignored; 0 measured; 0 filtered out; finished in 0.01s


running 8 tests
test unsupported_lookup_dither_and_match_neutralize_are_explicit ... ok
test shadows_highlights_resident_positive_radius ... ok
test shadows_highlights_zero_radius_exact ... ok
test gradient_spatial_dither_multitile_exact ... ok
test perceptual_hdr_exact ... ok
test brightness_contrast_exact ... ok
test pointwise_adjustments_exact ... ok
test pointwise_edge_cases_exact ... ok

test result: ok. 8 passed; 0 failed; 0 ignored; 0 measured; 0 filtered out; finished in 2.37s

