/Volumes/betterSSD/tessera-cache/target/M5-32/release/deps/m532_photo_perf-535310f2ed3240c0

running 1 test
test real_photo_18mp_300px_stroke ... M5-32 real photograph 6000x3000 / 300x300 stroke / default CAF: 4253.742 ms

thread 'real_photo_18mp_300px_stroke' (89587613) panicked at crates/filters/tests/m532_photo_perf.rs:59:5:
real-photo CPU Remove exceeds 1s: 4.253742084s
note: run with `RUST_BACKTRACE=1` environment variable to display a backtrace
FAILED

failures:

failures:
    real_photo_18mp_300px_stroke

test result: FAILED. 0 passed; 1 failed; 0 ignored; 0 measured; 0 filtered out; finished in 7.06s


/Volumes/betterSSD/tessera-cache/target/M5-32/release/deps/m532_remove_perf-9b62bd59ae8e746a

running 1 test
test remove_18mp_300px_stroke_under_one_second ... M5-32 CPU Remove 6000x3000 / 300x300 stroke / dilation=2 / default CAF: 367.928 ms
ok

test result: ok. 1 passed; 0 failed; 0 ignored; 0 measured; 0 filtered out; finished in 0.45s


/Volumes/betterSSD/tessera-cache/target/M5-32/release/deps/remove_patchmatch_roi-5f8f406084428341

running 1 test
test remove_18mp_300px_stroke ... REMOVE 6000x3000 300x300 hole default+dilation: 320.702 ms, MAE 0.000000
ok

test result: ok. 1 passed; 0 failed; 0 ignored; 0 measured; 3 filtered out; finished in 0.39s

