[0/1] Planning build
Building for production...
[0/4] Write sources
[1/4] Write swift-version--58304C5D6DBC2206.txt
[3/4] Compiling TesseraCoreTests AssistTests.swift
/Users/rutmehta/Developer/tessera/.worktrees/M2-53/apps/mac/Tests/TesseraCoreTests/EngineDocumentBackendTests.swift:190:54: warning: capture of 'self' with non-Sendable type 'EngineDocumentBackendTests' in a '@Sendable' closure [#SendableClosureCaptures]
  9 | /// history ids, listener coalescing, a real `DocumentSession` behind `DocumentBackend`, and the
 10 | /// workspace's engine-vs-stub choice.
 11 | final class EngineDocumentBackendTests: XCTestCase {
    |             `- note: class 'EngineDocumentBackendTests' does not conform to the 'Sendable' protocol
 12 |     private func temp() throws -> URL {
 13 |         let dir = FileManager.default.temporaryDirectory.appendingPathComponent("engine-doc-\(UUID().uuidString)")
    :
188 |         let done = expectation(description: "delivered")
189 |         DispatchQueue.global().async {
190 |             for e in 1...20 { adapter.onFrame(frame: self.frameInfo(epoch: UInt64(e))) }
    |                                                      `- warning: capture of 'self' with non-Sendable type 'EngineDocumentBackendTests' in a '@Sendable' closure [#SendableClosureCaptures]
191 |             DispatchQueue.main.async { done.fulfill() }
192 |         }

[#SendableClosureCaptures]: <https://docs.swift.org/compiler/documentation/diagnostics/sendable-closure-captures>
[4/6] Compiling TesseraPackageTests runner.swift
[4/6] Write Objects.LinkFileList
[5/6] Linking TesseraPackageTests
Build complete! (48.83s)
Test Suite 'Selected tests' started at 2026-09-27 03:22:13.639.
Test Suite 'TesseraPackageTests.xctest' started at 2026-09-27 03:22:13.640.
Test Suite 'LazyLoupeTests' started at 2026-09-27 03:22:13.640.
Test Case '-[TesseraCoreTests.LazyLoupeTests testEmptyLoupeConstructionDoesNotPrepareMetal]' started.
Test Case '-[TesseraCoreTests.LazyLoupeTests testEmptyLoupeConstructionDoesNotPrepareMetal]' passed (0.097 seconds).
Test Case '-[TesseraCoreTests.LazyLoupeTests testLateLoupeObserverSynchronizesExistingSelection]' started.
/Users/rutmehta/Developer/tessera/.worktrees/M2-53/apps/mac/Tests/TesseraCoreTests/LazyLoupeTests.swift:15: error: -[TesseraCoreTests.LazyLoupeTests testLateLoupeObserverSynchronizesExistingSelection] : XCTAssertNotEqual failed: ("none") is equal to ("none") - late view must process the already-selected item
Test Case '-[TesseraCoreTests.LazyLoupeTests testLateLoupeObserverSynchronizesExistingSelection]' failed (0.853 seconds).
Test Case '-[TesseraCoreTests.LazyLoupeTests testPreparedResourcesAreSharedAndBuiltOffMain]' started.
Test Case '-[TesseraCoreTests.LazyLoupeTests testPreparedResourcesAreSharedAndBuiltOffMain]' passed (0.007 seconds).
Test Suite 'LazyLoupeTests' failed at 2026-09-27 03:22:14.598.
	 Executed 3 tests, with 1 failure (0 unexpected) in 0.957 (0.958) seconds
Test Suite 'TesseraPackageTests.xctest' failed at 2026-09-27 03:22:14.598.
	 Executed 3 tests, with 1 failure (0 unexpected) in 0.957 (0.958) seconds
Test Suite 'Selected tests' failed at 2026-09-27 03:22:14.598.
	 Executed 3 tests, with 1 failure (0 unexpected) in 0.957 (0.960) seconds
◇ Test run started.
↳ Testing Library Version: 1902
↳ Target Platform: arm64e-apple-macos14.0
✔ Test run with 0 tests in 0 suites passed after 0.001 seconds.
