
running 0 tests

test result: ok. 0 passed; 0 failed; 0 ignored; 0 measured; 0 filtered out; finished in 0.00s


running 0 tests

test result: ok. 0 passed; 0 failed; 0 ignored; 0 measured; 1 filtered out; finished in 0.00s


running 1 test
test three_slow_previews_leave_viewport_capacity ... ok

test result: ok. 1 passed; 0 failed; 0 ignored; 0 measured; 20 filtered out; finished in 0.03s

   Compiling num-traits v0.2.19
   Compiling crc32fast v1.5.2
   Compiling bytemuck v1.25.2
   Compiling syn v3.0.6
   Compiling simd-adler32 v0.3.10
   Compiling cc v1.5.1
   Compiling syn v2.0.119
   Compiling bitflags v2.13.2
   Compiling num_cpus v1.17.0
   Compiling miniz_oxide v0.9.1
   Compiling tiny-skia-path v0.11.4
   Compiling flate2 v1.1.10
   Compiling psd v0.1.0 (/Users/rutmehta/Developer/tessera/.worktrees/M2-57/crates/psd)
   Compiling tiny-skia v0.11.4
   Compiling blake3 v1.8.7
   Compiling serde_derive v1.0.229
   Compiling thiserror-impl v2.0.21
   Compiling thiserror v2.0.21
   Compiling zerocopy-derive v0.8.59
   Compiling serde v1.0.229
   Compiling zerocopy v0.8.59
   Compiling euclid v0.22.14
   Compiling smallvec v1.16.2
   Compiling rustybuzz v0.20.1
   Compiling kurbo v0.11.3
   Compiling lyon_geom v1.0.19
   Compiling lyon_path v1.0.19
   Compiling lyon_tessellation v1.0.22
   Compiling lyon_algorithms v1.0.21
   Compiling typography v0.1.0 (/Users/rutmehta/Developer/tessera/.worktrees/M2-57/crates/typography)
   Compiling lyon v1.0.19
   Compiling vector v0.1.0 (/Users/rutmehta/Developer/tessera/.worktrees/M2-57/crates/vector)
   Compiling half v2.7.1
   Compiling engine-api v0.1.0 (/Users/rutmehta/Developer/tessera/.worktrees/M2-57/crates/engine-api)
   Compiling jobs v0.1.0 (/Users/rutmehta/Developer/tessera/.worktrees/M2-57/crates/jobs)
    Finished `release` profile [optimized] target(s) in 55.69s
     Running unittests src/lib.rs (/Volumes/betterSSD/tessera-cache/target/M2-57/release/deps/jobs-ef02b92233950a28)
     Running tests/pressure.rs (/Volumes/betterSSD/tessera-cache/target/M2-57/release/deps/pressure-d252de4524b0ddd4)
     Running tests/scheduler.rs (/Volumes/betterSSD/tessera-cache/target/M2-57/release/deps/scheduler-3b35857345dbc64a)
viewport admission latency: 11.125µs

running 0 tests

test result: ok. 0 passed; 0 failed; 0 ignored; 0 measured; 0 filtered out; finished in 0.00s


running 0 tests

test result: ok. 0 passed; 0 failed; 0 ignored; 0 measured; 1 filtered out; finished in 0.00s


running 1 test
test three_slow_previews_leave_viewport_capacity ... ok

test result: ok. 1 passed; 0 failed; 0 ignored; 0 measured; 20 filtered out; finished in 0.03s

    Blocking waiting for file lock on build directory
    Finished `release` profile [optimized] target(s) in 6m 52s
     Running unittests src/lib.rs (/Volumes/betterSSD/tessera-cache/target/M2-57/release/deps/jobs-ef02b92233950a28)
     Running tests/pressure.rs (/Volumes/betterSSD/tessera-cache/target/M2-57/release/deps/pressure-d252de4524b0ddd4)
     Running tests/scheduler.rs (/Volumes/betterSSD/tessera-cache/target/M2-57/release/deps/scheduler-3b35857345dbc64a)
viewport admission latency: 15.291µs

running 0 tests

test result: ok. 0 passed; 0 failed; 0 ignored; 0 measured; 0 filtered out; finished in 0.00s


running 0 tests

test result: ok. 0 passed; 0 failed; 0 ignored; 0 measured; 1 filtered out; finished in 0.00s


running 1 test
test three_slow_previews_leave_viewport_capacity ... ok

test result: ok. 1 passed; 0 failed; 0 ignored; 0 measured; 20 filtered out; finished in 0.03s

    Finished `release` profile [optimized] target(s) in 0.24s
     Running unittests src/lib.rs (/Volumes/betterSSD/tessera-cache/target/M2-57/release/deps/jobs-ef02b92233950a28)
     Running tests/pressure.rs (/Volumes/betterSSD/tessera-cache/target/M2-57/release/deps/pressure-d252de4524b0ddd4)
     Running tests/scheduler.rs (/Volumes/betterSSD/tessera-cache/target/M2-57/release/deps/scheduler-3b35857345dbc64a)
viewport admission latency: 13.458µs

running 0 tests

test result: ok. 0 passed; 0 failed; 0 ignored; 0 measured; 0 filtered out; finished in 0.00s


running 0 tests

test result: ok. 0 passed; 0 failed; 0 ignored; 0 measured; 1 filtered out; finished in 0.00s


running 1 test
test three_slow_previews_leave_viewport_capacity ... ok

test result: ok. 1 passed; 0 failed; 0 ignored; 0 measured; 20 filtered out; finished in 0.03s

    Finished `release` profile [optimized] target(s) in 0.10s
     Running unittests src/lib.rs (/Volumes/betterSSD/tessera-cache/target/M2-57/release/deps/jobs-ef02b92233950a28)
     Running tests/pressure.rs (/Volumes/betterSSD/tessera-cache/target/M2-57/release/deps/pressure-d252de4524b0ddd4)
     Running tests/scheduler.rs (/Volumes/betterSSD/tessera-cache/target/M2-57/release/deps/scheduler-3b35857345dbc64a)
viewport admission latency: 11.958µs

running 0 tests

test result: ok. 0 passed; 0 failed; 0 ignored; 0 measured; 0 filtered out; finished in 0.00s


running 0 tests

test result: ok. 0 passed; 0 failed; 0 ignored; 0 measured; 1 filtered out; finished in 0.00s


running 1 test
test three_slow_previews_leave_viewport_capacity ... ok

test result: ok. 1 passed; 0 failed; 0 ignored; 0 measured; 20 filtered out; finished in 0.03s

    Finished `release` profile [optimized] target(s) in 0.11s
     Running unittests src/lib.rs (/Volumes/betterSSD/tessera-cache/target/M2-57/release/deps/jobs-ef02b92233950a28)
     Running tests/pressure.rs (/Volumes/betterSSD/tessera-cache/target/M2-57/release/deps/pressure-d252de4524b0ddd4)
     Running tests/scheduler.rs (/Volumes/betterSSD/tessera-cache/target/M2-57/release/deps/scheduler-3b35857345dbc64a)
viewport admission latency: 15.083µs

running 0 tests

test result: ok. 0 passed; 0 failed; 0 ignored; 0 measured; 0 filtered out; finished in 0.00s


running 0 tests

test result: ok. 0 passed; 0 failed; 0 ignored; 0 measured; 1 filtered out; finished in 0.00s


running 1 test
test three_slow_previews_leave_viewport_capacity ... ok

test result: ok. 1 passed; 0 failed; 0 ignored; 0 measured; 20 filtered out; finished in 0.03s

    Finished `release` profile [optimized] target(s) in 0.12s
     Running unittests src/lib.rs (/Volumes/betterSSD/tessera-cache/target/M2-57/release/deps/jobs-ef02b92233950a28)
     Running tests/pressure.rs (/Volumes/betterSSD/tessera-cache/target/M2-57/release/deps/pressure-d252de4524b0ddd4)
     Running tests/scheduler.rs (/Volumes/betterSSD/tessera-cache/target/M2-57/release/deps/scheduler-3b35857345dbc64a)
viewport admission latency: 24.042µs

running 0 tests

test result: ok. 0 passed; 0 failed; 0 ignored; 0 measured; 0 filtered out; finished in 0.00s


running 0 tests

test result: ok. 0 passed; 0 failed; 0 ignored; 0 measured; 1 filtered out; finished in 0.00s


running 1 test
test three_slow_previews_leave_viewport_capacity ... ok

test result: ok. 1 passed; 0 failed; 0 ignored; 0 measured; 20 filtered out; finished in 0.03s

    Finished `release` profile [optimized] target(s) in 0.13s
     Running unittests src/lib.rs (/Volumes/betterSSD/tessera-cache/target/M2-57/release/deps/jobs-ef02b92233950a28)
     Running tests/pressure.rs (/Volumes/betterSSD/tessera-cache/target/M2-57/release/deps/pressure-d252de4524b0ddd4)
     Running tests/scheduler.rs (/Volumes/betterSSD/tessera-cache/target/M2-57/release/deps/scheduler-3b35857345dbc64a)
viewport admission latency: 11.583µs

running 0 tests

test result: ok. 0 passed; 0 failed; 0 ignored; 0 measured; 0 filtered out; finished in 0.00s


running 0 tests

test result: ok. 0 passed; 0 failed; 0 ignored; 0 measured; 1 filtered out; finished in 0.00s


running 1 test
test three_slow_previews_leave_viewport_capacity ... ok

test result: ok. 1 passed; 0 failed; 0 ignored; 0 measured; 20 filtered out; finished in 0.04s

    Finished `release` profile [optimized] target(s) in 0.12s
     Running unittests src/lib.rs (/Volumes/betterSSD/tessera-cache/target/M2-57/release/deps/jobs-ef02b92233950a28)
     Running tests/pressure.rs (/Volumes/betterSSD/tessera-cache/target/M2-57/release/deps/pressure-d252de4524b0ddd4)
     Running tests/scheduler.rs (/Volumes/betterSSD/tessera-cache/target/M2-57/release/deps/scheduler-3b35857345dbc64a)
viewport admission latency: 4.166042ms

running 0 tests

test result: ok. 0 passed; 0 failed; 0 ignored; 0 measured; 0 filtered out; finished in 0.00s


running 0 tests

test result: ok. 0 passed; 0 failed; 0 ignored; 0 measured; 1 filtered out; finished in 0.00s


running 1 test
test three_slow_previews_leave_viewport_capacity ... ok

test result: ok. 1 passed; 0 failed; 0 ignored; 0 measured; 20 filtered out; finished in 0.03s

    Finished `release` profile [optimized] target(s) in 0.13s
     Running unittests src/lib.rs (/Volumes/betterSSD/tessera-cache/target/M2-57/release/deps/jobs-ef02b92233950a28)
     Running tests/pressure.rs (/Volumes/betterSSD/tessera-cache/target/M2-57/release/deps/pressure-d252de4524b0ddd4)
     Running tests/scheduler.rs (/Volumes/betterSSD/tessera-cache/target/M2-57/release/deps/scheduler-3b35857345dbc64a)
viewport admission latency: 12.541µs

running 0 tests

test result: ok. 0 passed; 0 failed; 0 ignored; 0 measured; 0 filtered out; finished in 0.00s


running 0 tests

test result: ok. 0 passed; 0 failed; 0 ignored; 0 measured; 1 filtered out; finished in 0.00s


running 1 test
test three_slow_previews_leave_viewport_capacity ... ok

test result: ok. 1 passed; 0 failed; 0 ignored; 0 measured; 20 filtered out; finished in 0.02s

    Finished `release` profile [optimized] target(s) in 0.11s
     Running unittests src/lib.rs (/Volumes/betterSSD/tessera-cache/target/M2-57/release/deps/jobs-ef02b92233950a28)
     Running tests/pressure.rs (/Volumes/betterSSD/tessera-cache/target/M2-57/release/deps/pressure-d252de4524b0ddd4)
     Running tests/scheduler.rs (/Volumes/betterSSD/tessera-cache/target/M2-57/release/deps/scheduler-3b35857345dbc64a)
viewport admission latency: 11.667µs

running 0 tests

test result: ok. 0 passed; 0 failed; 0 ignored; 0 measured; 0 filtered out; finished in 0.00s


running 0 tests

test result: ok. 0 passed; 0 failed; 0 ignored; 0 measured; 1 filtered out; finished in 0.00s


running 1 test
test three_slow_previews_leave_viewport_capacity ... ok

test result: ok. 1 passed; 0 failed; 0 ignored; 0 measured; 20 filtered out; finished in 0.03s

    Finished `release` profile [optimized] target(s) in 0.11s
     Running unittests src/lib.rs (/Volumes/betterSSD/tessera-cache/target/M2-57/release/deps/jobs-ef02b92233950a28)
     Running tests/pressure.rs (/Volumes/betterSSD/tessera-cache/target/M2-57/release/deps/pressure-d252de4524b0ddd4)
     Running tests/scheduler.rs (/Volumes/betterSSD/tessera-cache/target/M2-57/release/deps/scheduler-3b35857345dbc64a)
viewport admission latency: 11.25µs

running 0 tests

test result: ok. 0 passed; 0 failed; 0 ignored; 0 measured; 0 filtered out; finished in 0.00s


running 0 tests

test result: ok. 0 passed; 0 failed; 0 ignored; 0 measured; 1 filtered out; finished in 0.00s


running 1 test
test three_slow_previews_leave_viewport_capacity ... ok

test result: ok. 1 passed; 0 failed; 0 ignored; 0 measured; 20 filtered out; finished in 0.03s

    Finished `release` profile [optimized] target(s) in 0.10s
     Running unittests src/lib.rs (/Volumes/betterSSD/tessera-cache/target/M2-57/release/deps/jobs-ef02b92233950a28)
     Running tests/pressure.rs (/Volumes/betterSSD/tessera-cache/target/M2-57/release/deps/pressure-d252de4524b0ddd4)
     Running tests/scheduler.rs (/Volumes/betterSSD/tessera-cache/target/M2-57/release/deps/scheduler-3b35857345dbc64a)
viewport admission latency: 14.042µs

running 0 tests

test result: ok. 0 passed; 0 failed; 0 ignored; 0 measured; 0 filtered out; finished in 0.00s


running 0 tests

test result: ok. 0 passed; 0 failed; 0 ignored; 0 measured; 1 filtered out; finished in 0.00s


running 1 test
test three_slow_previews_leave_viewport_capacity ... ok

test result: ok. 1 passed; 0 failed; 0 ignored; 0 measured; 20 filtered out; finished in 0.03s

    Finished `release` profile [optimized] target(s) in 0.12s
     Running unittests src/lib.rs (/Volumes/betterSSD/tessera-cache/target/M2-57/release/deps/jobs-ef02b92233950a28)
     Running tests/pressure.rs (/Volumes/betterSSD/tessera-cache/target/M2-57/release/deps/pressure-d252de4524b0ddd4)
     Running tests/scheduler.rs (/Volumes/betterSSD/tessera-cache/target/M2-57/release/deps/scheduler-3b35857345dbc64a)
viewport admission latency: 10.917µs

running 0 tests

test result: ok. 0 passed; 0 failed; 0 ignored; 0 measured; 0 filtered out; finished in 0.00s


running 0 tests

test result: ok. 0 passed; 0 failed; 0 ignored; 0 measured; 1 filtered out; finished in 0.00s


running 1 test
test three_slow_previews_leave_viewport_capacity ... ok

test result: ok. 1 passed; 0 failed; 0 ignored; 0 measured; 20 filtered out; finished in 0.03s

    Finished `release` profile [optimized] target(s) in 0.14s
     Running unittests src/lib.rs (/Volumes/betterSSD/tessera-cache/target/M2-57/release/deps/jobs-ef02b92233950a28)
     Running tests/pressure.rs (/Volumes/betterSSD/tessera-cache/target/M2-57/release/deps/pressure-d252de4524b0ddd4)
     Running tests/scheduler.rs (/Volumes/betterSSD/tessera-cache/target/M2-57/release/deps/scheduler-3b35857345dbc64a)
viewport admission latency: 17.5µs

running 0 tests

test result: ok. 0 passed; 0 failed; 0 ignored; 0 measured; 0 filtered out; finished in 0.00s


running 0 tests

test result: ok. 0 passed; 0 failed; 0 ignored; 0 measured; 1 filtered out; finished in 0.00s


running 1 test
test three_slow_previews_leave_viewport_capacity ... ok

test result: ok. 1 passed; 0 failed; 0 ignored; 0 measured; 20 filtered out; finished in 0.03s

    Finished `release` profile [optimized] target(s) in 0.21s
     Running unittests src/lib.rs (/Volumes/betterSSD/tessera-cache/target/M2-57/release/deps/jobs-ef02b92233950a28)
     Running tests/pressure.rs (/Volumes/betterSSD/tessera-cache/target/M2-57/release/deps/pressure-d252de4524b0ddd4)
     Running tests/scheduler.rs (/Volumes/betterSSD/tessera-cache/target/M2-57/release/deps/scheduler-3b35857345dbc64a)
viewport admission latency: 26.708µs

running 0 tests

test result: ok. 0 passed; 0 failed; 0 ignored; 0 measured; 0 filtered out; finished in 0.00s


running 0 tests

test result: ok. 0 passed; 0 failed; 0 ignored; 0 measured; 1 filtered out; finished in 0.00s


running 1 test
test three_slow_previews_leave_viewport_capacity ... ok

test result: ok. 1 passed; 0 failed; 0 ignored; 0 measured; 20 filtered out; finished in 0.03s

    Finished `release` profile [optimized] target(s) in 0.09s
     Running unittests src/lib.rs (/Volumes/betterSSD/tessera-cache/target/M2-57/release/deps/jobs-ef02b92233950a28)
     Running tests/pressure.rs (/Volumes/betterSSD/tessera-cache/target/M2-57/release/deps/pressure-d252de4524b0ddd4)
     Running tests/scheduler.rs (/Volumes/betterSSD/tessera-cache/target/M2-57/release/deps/scheduler-3b35857345dbc64a)
viewport admission latency: 11.625µs

running 0 tests

test result: ok. 0 passed; 0 failed; 0 ignored; 0 measured; 0 filtered out; finished in 0.00s


running 0 tests

test result: ok. 0 passed; 0 failed; 0 ignored; 0 measured; 1 filtered out; finished in 0.00s


running 1 test
test three_slow_previews_leave_viewport_capacity ... ok

test result: ok. 1 passed; 0 failed; 0 ignored; 0 measured; 20 filtered out; finished in 0.03s

    Finished `release` profile [optimized] target(s) in 0.10s
     Running unittests src/lib.rs (/Volumes/betterSSD/tessera-cache/target/M2-57/release/deps/jobs-ef02b92233950a28)
     Running tests/pressure.rs (/Volumes/betterSSD/tessera-cache/target/M2-57/release/deps/pressure-d252de4524b0ddd4)
     Running tests/scheduler.rs (/Volumes/betterSSD/tessera-cache/target/M2-57/release/deps/scheduler-3b35857345dbc64a)
viewport admission latency: 27.5µs

running 0 tests

test result: ok. 0 passed; 0 failed; 0 ignored; 0 measured; 0 filtered out; finished in 0.00s


running 0 tests

test result: ok. 0 passed; 0 failed; 0 ignored; 0 measured; 1 filtered out; finished in 0.00s


running 1 test
test three_slow_previews_leave_viewport_capacity ... ok

test result: ok. 1 passed; 0 failed; 0 ignored; 0 measured; 20 filtered out; finished in 0.03s

    Finished `release` profile [optimized] target(s) in 0.10s
     Running unittests src/lib.rs (/Volumes/betterSSD/tessera-cache/target/M2-57/release/deps/jobs-ef02b92233950a28)
     Running tests/pressure.rs (/Volumes/betterSSD/tessera-cache/target/M2-57/release/deps/pressure-d252de4524b0ddd4)
     Running tests/scheduler.rs (/Volumes/betterSSD/tessera-cache/target/M2-57/release/deps/scheduler-3b35857345dbc64a)
viewport admission latency: 11.917µs

running 0 tests

test result: ok. 0 passed; 0 failed; 0 ignored; 0 measured; 0 filtered out; finished in 0.00s


running 0 tests

test result: ok. 0 passed; 0 failed; 0 ignored; 0 measured; 1 filtered out; finished in 0.00s


running 1 test
test three_slow_previews_leave_viewport_capacity ... ok

test result: ok. 1 passed; 0 failed; 0 ignored; 0 measured; 20 filtered out; finished in 0.03s

    Finished `release` profile [optimized] target(s) in 0.12s
     Running unittests src/lib.rs (/Volumes/betterSSD/tessera-cache/target/M2-57/release/deps/jobs-ef02b92233950a28)
     Running tests/pressure.rs (/Volumes/betterSSD/tessera-cache/target/M2-57/release/deps/pressure-d252de4524b0ddd4)
     Running tests/scheduler.rs (/Volumes/betterSSD/tessera-cache/target/M2-57/release/deps/scheduler-3b35857345dbc64a)
viewport admission latency: 18.084µs

running 0 tests

test result: ok. 0 passed; 0 failed; 0 ignored; 0 measured; 0 filtered out; finished in 0.00s


running 0 tests

test result: ok. 0 passed; 0 failed; 0 ignored; 0 measured; 1 filtered out; finished in 0.00s


running 1 test
test three_slow_previews_leave_viewport_capacity ... ok

test result: ok. 1 passed; 0 failed; 0 ignored; 0 measured; 20 filtered out; finished in 0.03s

    Finished `release` profile [optimized] target(s) in 0.11s
     Running unittests src/lib.rs (/Volumes/betterSSD/tessera-cache/target/M2-57/release/deps/jobs-ef02b92233950a28)
     Running tests/pressure.rs (/Volumes/betterSSD/tessera-cache/target/M2-57/release/deps/pressure-d252de4524b0ddd4)
     Running tests/scheduler.rs (/Volumes/betterSSD/tessera-cache/target/M2-57/release/deps/scheduler-3b35857345dbc64a)
viewport admission latency: 12.791µs
