Building for debugging...
[0/6] Write sources
[2/6] Write swift-version--58304C5D6DBC2206.txt
[4/88] Compiling TesseraCore DocumentStylesBackend.swift
[5/88] Compiling TesseraCore EngineDocumentBackend+Styles.swift
[6/88] Compiling TesseraCore LayerStyleModel.swift
[7/88] Compiling TesseraCore StubDocumentBackend+Styles.swift
[8/88] Compiling TesseraCore StyleJSON.swift
[9/88] Compiling TesseraCore StyleSchema.swift
[10/88] Compiling TesseraCore DocumentTextBackend.swift
[11/88] Compiling TesseraCore TextEditing.swift
[12/88] Compiling TesseraCore TextHitRegion.swift
[13/97] Compiling TesseraCore DocumentBackend.swift
[14/97] Compiling TesseraCore DocumentBlendModes.swift
[15/97] Compiling TesseraCore DocumentKeyMap.swift
[16/97] Compiling TesseraCore DocumentOutline.swift
[17/97] Compiling TesseraCore DocumentViewportMath.swift
[18/97] Compiling TesseraCore EngineDocumentBackend.swift
[19/97] Compiling TesseraCore DocumentFiltersBackend.swift
[20/97] Compiling TesseraCore EngineDocumentBackend+Filters.swift
[21/97] Compiling TesseraCore FilterSchema.swift
[22/97] Compiling TesseraCore CropGeometry.swift
[23/97] Compiling TesseraCore DevelopController+Masks.swift
[24/97] Compiling TesseraCore DevelopControls.swift
[25/97] Compiling TesseraCore EDRPresentation.swift
[26/97] Compiling TesseraCore LensBlurDenoiseControls.swift
[27/97] Compiling TesseraCore LensBlurDepth.swift
[28/97] Compiling TesseraCore Masking.swift
[29/97] Compiling TesseraCore PresetStore.swift
[30/97] Compiling TesseraCore ToneCurveModel.swift
[31/97] Compiling TesseraCore TransformModels.swift
[32/97] Compiling TesseraCore DocumentVectorBackend.swift
[33/97] Compiling TesseraCore EngineDocumentBackend+Vector.swift
[34/97] Compiling TesseraCore ShapeGeometry.swift
[35/97] Compiling TesseraCore ShapeModels.swift
[36/97] Compiling TesseraCore ShapeToolOptions.swift
[37/97] Compiling TesseraCore EngineLibrary.swift
[38/97] Compiling TesseraCore ExportNaming.swift
[39/97] Compiling TesseraCore ExportPresetStore.swift
[40/97] Emitting module TesseraCore
[41/97] Compiling TesseraCore TransformControls.swift
[42/97] Compiling TesseraCore DevelopController.swift
[43/97] Compiling TesseraCore PerformanceTrace.swift
[44/97] Compiling TesseraCore AdjustmentAnalysis.swift
[45/97] Compiling TesseraCore DocumentChannelsBackend.swift
[46/97] Compiling TesseraCore EngineDocumentBackend+Channels.swift
[47/97] Compiling TesseraCore StubDocumentBackend+Channels.swift
[48/97] Compiling TesseraCore DocumentAdjustmentModels.swift
[49/97] Compiling TesseraCore DocumentAdjustments.swift
[50/97] Compiling TesseraCore AppDefaultsIsolation.swift
[51/97] Compiling TesseraCore AISettings.swift
[52/97] Compiling TesseraCore AgentFade.swift
[53/97] Compiling TesseraCore AgentReview.swift
[54/97] Compiling TesseraCore CullController+Assist.swift
[55/97] Compiling TesseraCore People.swift
[56/97] Compiling TesseraCore CullController.swift
[57/97] Compiling TesseraCore CullState.swift
[58/97] Compiling TesseraCore ColorMath.swift
[59/97] Compiling TesseraCore TextLayoutIndex.swift
[60/97] Compiling TesseraCore TextSourceModel.swift
[61/97] Compiling TesseraCore TypingLatency.swift
[62/97] Compiling TesseraCore DocumentToolsBackend.swift
[63/97] Compiling TesseraCore EditorTools.swift
[64/97] Compiling TesseraCore EngineDocumentBackend+Tools.swift
[65/97] Compiling TesseraCore FreeTransformMath.swift
[66/97] Compiling TesseraCore StubDocumentBackend+Tools.swift
[67/97] Compiling TesseraCore DocumentTransformsBackend.swift
[68/97] Compiling TesseraCore ExportSettings.swift
[69/97] Compiling TesseraCore ExportWarnings.swift
[70/97] Compiling TesseraCore ExportWatermark.swift
[71/97] Compiling TesseraCore Grouping.swift
[72/97] Compiling TesseraCore KeywordSuggestions.swift
[73/97] Compiling TesseraCore LibraryCatalog.swift
[74/97] Compiling TesseraCore LightroomImport.swift
[75/97] Compiling TesseraCore ModelsAcquisition.swift
[76/97] Compiling TesseraCore PhotoJobController.swift
[77/97] Compiling TesseraCore PhotoMergeSettings.swift
[78/97] Compiling TesseraCore PhotoItem.swift
[79/97] Compiling TesseraCore PreviewEvents.swift
[80/97] Compiling TesseraCore PrintLayout.swift
[81/97] Compiling TesseraCore PrintSettings.swift
[82/97] Compiling TesseraCore StubLibrary.swift
[83/97] Compiling TesseraCore IncomingStrip.swift
[84/97] Compiling TesseraCore TetherNaming.swift
[85/97] Compiling TesseraCore ThumbnailLoader.swift
[86/97] Compiling TesseraCore StubDocumentBackend+Filters.swift
/Users/rutmehta/Developer/tessera/.worktrees/M2-57/apps/mac/Sources/TesseraCore/Document/StubDocumentBackend.swift:860:30: warning: reference to captured var 'step' in concurrently-executing code [#SendableClosureCaptures]
 858 |         DispatchQueue.concurrentPerform(iterations: bands) { band in
 859 |             for r in (rows * band / bands)..<(rows * (band + 1) / bands) {
 860 |                 let ty = r * step
     |                              `- warning: reference to captured var 'step' in concurrently-executing code [#SendableClosureCaptures]
 861 |                 let cy = (Float(y0 + ty) + 0.5 * Float(step)) * scale
 862 |                 var tx = 0

/Users/rutmehta/Developer/tessera/.worktrees/M2-57/apps/mac/Sources/TesseraCore/Document/StubDocumentBackend.swift:861:56: warning: reference to captured var 'step' in concurrently-executing code [#SendableClosureCaptures]
 859 |             for r in (rows * band / bands)..<(rows * (band + 1) / bands) {
 860 |                 let ty = r * step
 861 |                 let cy = (Float(y0 + ty) + 0.5 * Float(step)) * scale
     |                                                        `- warning: reference to captured var 'step' in concurrently-executing code [#SendableClosureCaptures]
 862 |                 var tx = 0
 863 |                 while tx < rw {

/Users/rutmehta/Developer/tessera/.worktrees/M2-57/apps/mac/Sources/TesseraCore/Document/StubDocumentBackend.swift:864:71: warning: reference to captured var 'step' in concurrently-executing code [#SendableClosureCaptures]
 862 |                 var tx = 0
 863 |                 while tx < rw {
 864 |                     let c = comp.sample((Float(x0 + tx) + 0.5 * Float(step)) * scale, cy)
     |                                                                       `- warning: reference to captured var 'step' in concurrently-executing code [#SendableClosureCaptures]
 865 |                     for dy in 0..<min(step, rh - ty) {
 866 |                         let line = bytes + (ty + dy) * stride

/Users/rutmehta/Developer/tessera/.worktrees/M2-57/apps/mac/Sources/TesseraCore/Document/StubDocumentBackend.swift:865:39: warning: reference to captured var 'step' in concurrently-executing code [#SendableClosureCaptures]
 863 |                 while tx < rw {
 864 |                     let c = comp.sample((Float(x0 + tx) + 0.5 * Float(step)) * scale, cy)
 865 |                     for dy in 0..<min(step, rh - ty) {
     |                                       `- warning: reference to captured var 'step' in concurrently-executing code [#SendableClosureCaptures]
 866 |                         let line = bytes + (ty + dy) * stride
 867 |                         for dx in 0..<min(step, rw - tx) { Self.store(c, line + (tx + dx) * 4) }

/Users/rutmehta/Developer/tessera/.worktrees/M2-57/apps/mac/Sources/TesseraCore/Document/StubDocumentBackend.swift:867:43: warning: reference to captured var 'step' in concurrently-executing code [#SendableClosureCaptures]
 865 |                     for dy in 0..<min(step, rh - ty) {
 866 |                         let line = bytes + (ty + dy) * stride
 867 |                         for dx in 0..<min(step, rw - tx) { Self.store(c, line + (tx + dx) * 4) }
     |                                           `- warning: reference to captured var 'step' in concurrently-executing code [#SendableClosureCaptures]
 868 |                     }
 869 |                     tx += step

/Users/rutmehta/Developer/tessera/.worktrees/M2-57/apps/mac/Sources/TesseraCore/Document/StubDocumentBackend.swift:869:27: warning: reference to captured var 'step' in concurrently-executing code [#SendableClosureCaptures]
 867 |                         for dx in 0..<min(step, rw - tx) { Self.store(c, line + (tx + dx) * 4) }
 868 |                     }
 869 |                     tx += step
     |                           `- warning: reference to captured var 'step' in concurrently-executing code [#SendableClosureCaptures]
 870 |                 }
 871 |             }

[#SendableClosureCaptures]: <https://docs.swift.org/compiler/documentation/diagnostics/sendable-closure-captures>
[87/97] Compiling TesseraCore DocumentRetouchBackend.swift
/Users/rutmehta/Developer/tessera/.worktrees/M2-57/apps/mac/Sources/TesseraCore/Document/StubDocumentBackend.swift:860:30: warning: reference to captured var 'step' in concurrently-executing code [#SendableClosureCaptures]
 858 |         DispatchQueue.concurrentPerform(iterations: bands) { band in
 859 |             for r in (rows * band / bands)..<(rows * (band + 1) / bands) {
 860 |                 let ty = r * step
     |                              `- warning: reference to captured var 'step' in concurrently-executing code [#SendableClosureCaptures]
 861 |                 let cy = (Float(y0 + ty) + 0.5 * Float(step)) * scale
 862 |                 var tx = 0

/Users/rutmehta/Developer/tessera/.worktrees/M2-57/apps/mac/Sources/TesseraCore/Document/StubDocumentBackend.swift:861:56: warning: reference to captured var 'step' in concurrently-executing code [#SendableClosureCaptures]
 859 |             for r in (rows * band / bands)..<(rows * (band + 1) / bands) {
 860 |                 let ty = r * step
 861 |                 let cy = (Float(y0 + ty) + 0.5 * Float(step)) * scale
     |                                                        `- warning: reference to captured var 'step' in concurrently-executing code [#SendableClosureCaptures]
 862 |                 var tx = 0
 863 |                 while tx < rw {

/Users/rutmehta/Developer/tessera/.worktrees/M2-57/apps/mac/Sources/TesseraCore/Document/StubDocumentBackend.swift:864:71: warning: reference to captured var 'step' in concurrently-executing code [#SendableClosureCaptures]
 862 |                 var tx = 0
 863 |                 while tx < rw {
 864 |                     let c = comp.sample((Float(x0 + tx) + 0.5 * Float(step)) * scale, cy)
     |                                                                       `- warning: reference to captured var 'step' in concurrently-executing code [#SendableClosureCaptures]
 865 |                     for dy in 0..<min(step, rh - ty) {
 866 |                         let line = bytes + (ty + dy) * stride

/Users/rutmehta/Developer/tessera/.worktrees/M2-57/apps/mac/Sources/TesseraCore/Document/StubDocumentBackend.swift:865:39: warning: reference to captured var 'step' in concurrently-executing code [#SendableClosureCaptures]
 863 |                 while tx < rw {
 864 |                     let c = comp.sample((Float(x0 + tx) + 0.5 * Float(step)) * scale, cy)
 865 |                     for dy in 0..<min(step, rh - ty) {
     |                                       `- warning: reference to captured var 'step' in concurrently-executing code [#SendableClosureCaptures]
 866 |                         let line = bytes + (ty + dy) * stride
 867 |                         for dx in 0..<min(step, rw - tx) { Self.store(c, line + (tx + dx) * 4) }

/Users/rutmehta/Developer/tessera/.worktrees/M2-57/apps/mac/Sources/TesseraCore/Document/StubDocumentBackend.swift:867:43: warning: reference to captured var 'step' in concurrently-executing code [#SendableClosureCaptures]
 865 |                     for dy in 0..<min(step, rh - ty) {
 866 |                         let line = bytes + (ty + dy) * stride
 867 |                         for dx in 0..<min(step, rw - tx) { Self.store(c, line + (tx + dx) * 4) }
     |                                           `- warning: reference to captured var 'step' in concurrently-executing code [#SendableClosureCaptures]
 868 |                     }
 869 |                     tx += step

/Users/rutmehta/Developer/tessera/.worktrees/M2-57/apps/mac/Sources/TesseraCore/Document/StubDocumentBackend.swift:869:27: warning: reference to captured var 'step' in concurrently-executing code [#SendableClosureCaptures]
 867 |                         for dx in 0..<min(step, rw - tx) { Self.store(c, line + (tx + dx) * 4) }
 868 |                     }
 869 |                     tx += step
     |                           `- warning: reference to captured var 'step' in concurrently-executing code [#SendableClosureCaptures]
 870 |                 }
 871 |             }

[#SendableClosureCaptures]: <https://docs.swift.org/compiler/documentation/diagnostics/sendable-closure-captures>
[88/97] Compiling TesseraCore EngineDocumentBackend+Retouch.swift
/Users/rutmehta/Developer/tessera/.worktrees/M2-57/apps/mac/Sources/TesseraCore/Document/StubDocumentBackend.swift:860:30: warning: reference to captured var 'step' in concurrently-executing code [#SendableClosureCaptures]
 858 |         DispatchQueue.concurrentPerform(iterations: bands) { band in
 859 |             for r in (rows * band / bands)..<(rows * (band + 1) / bands) {
 860 |                 let ty = r * step
     |                              `- warning: reference to captured var 'step' in concurrently-executing code [#SendableClosureCaptures]
 861 |                 let cy = (Float(y0 + ty) + 0.5 * Float(step)) * scale
 862 |                 var tx = 0

/Users/rutmehta/Developer/tessera/.worktrees/M2-57/apps/mac/Sources/TesseraCore/Document/StubDocumentBackend.swift:861:56: warning: reference to captured var 'step' in concurrently-executing code [#SendableClosureCaptures]
 859 |             for r in (rows * band / bands)..<(rows * (band + 1) / bands) {
 860 |                 let ty = r * step
 861 |                 let cy = (Float(y0 + ty) + 0.5 * Float(step)) * scale
     |                                                        `- warning: reference to captured var 'step' in concurrently-executing code [#SendableClosureCaptures]
 862 |                 var tx = 0
 863 |                 while tx < rw {

/Users/rutmehta/Developer/tessera/.worktrees/M2-57/apps/mac/Sources/TesseraCore/Document/StubDocumentBackend.swift:864:71: warning: reference to captured var 'step' in concurrently-executing code [#SendableClosureCaptures]
 862 |                 var tx = 0
 863 |                 while tx < rw {
 864 |                     let c = comp.sample((Float(x0 + tx) + 0.5 * Float(step)) * scale, cy)
     |                                                                       `- warning: reference to captured var 'step' in concurrently-executing code [#SendableClosureCaptures]
 865 |                     for dy in 0..<min(step, rh - ty) {
 866 |                         let line = bytes + (ty + dy) * stride

/Users/rutmehta/Developer/tessera/.worktrees/M2-57/apps/mac/Sources/TesseraCore/Document/StubDocumentBackend.swift:865:39: warning: reference to captured var 'step' in concurrently-executing code [#SendableClosureCaptures]
 863 |                 while tx < rw {
 864 |                     let c = comp.sample((Float(x0 + tx) + 0.5 * Float(step)) * scale, cy)
 865 |                     for dy in 0..<min(step, rh - ty) {
     |                                       `- warning: reference to captured var 'step' in concurrently-executing code [#SendableClosureCaptures]
 866 |                         let line = bytes + (ty + dy) * stride
 867 |                         for dx in 0..<min(step, rw - tx) { Self.store(c, line + (tx + dx) * 4) }

/Users/rutmehta/Developer/tessera/.worktrees/M2-57/apps/mac/Sources/TesseraCore/Document/StubDocumentBackend.swift:867:43: warning: reference to captured var 'step' in concurrently-executing code [#SendableClosureCaptures]
 865 |                     for dy in 0..<min(step, rh - ty) {
 866 |                         let line = bytes + (ty + dy) * stride
 867 |                         for dx in 0..<min(step, rw - tx) { Self.store(c, line + (tx + dx) * 4) }
     |                                           `- warning: reference to captured var 'step' in concurrently-executing code [#SendableClosureCaptures]
 868 |                     }
 869 |                     tx += step

/Users/rutmehta/Developer/tessera/.worktrees/M2-57/apps/mac/Sources/TesseraCore/Document/StubDocumentBackend.swift:869:27: warning: reference to captured var 'step' in concurrently-executing code [#SendableClosureCaptures]
 867 |                         for dx in 0..<min(step, rw - tx) { Self.store(c, line + (tx + dx) * 4) }
 868 |                     }
 869 |                     tx += step
     |                           `- warning: reference to captured var 'step' in concurrently-executing code [#SendableClosureCaptures]
 870 |                 }
 871 |             }

[#SendableClosureCaptures]: <https://docs.swift.org/compiler/documentation/diagnostics/sendable-closure-captures>
[89/97] Compiling TesseraCore RetouchJobs.swift
/Users/rutmehta/Developer/tessera/.worktrees/M2-57/apps/mac/Sources/TesseraCore/Document/StubDocumentBackend.swift:860:30: warning: reference to captured var 'step' in concurrently-executing code [#SendableClosureCaptures]
 858 |         DispatchQueue.concurrentPerform(iterations: bands) { band in
 859 |             for r in (rows * band / bands)..<(rows * (band + 1) / bands) {
 860 |                 let ty = r * step
     |                              `- warning: reference to captured var 'step' in concurrently-executing code [#SendableClosureCaptures]
 861 |                 let cy = (Float(y0 + ty) + 0.5 * Float(step)) * scale
 862 |                 var tx = 0

/Users/rutmehta/Developer/tessera/.worktrees/M2-57/apps/mac/Sources/TesseraCore/Document/StubDocumentBackend.swift:861:56: warning: reference to captured var 'step' in concurrently-executing code [#SendableClosureCaptures]
 859 |             for r in (rows * band / bands)..<(rows * (band + 1) / bands) {
 860 |                 let ty = r * step
 861 |                 let cy = (Float(y0 + ty) + 0.5 * Float(step)) * scale
     |                                                        `- warning: reference to captured var 'step' in concurrently-executing code [#SendableClosureCaptures]
 862 |                 var tx = 0
 863 |                 while tx < rw {

/Users/rutmehta/Developer/tessera/.worktrees/M2-57/apps/mac/Sources/TesseraCore/Document/StubDocumentBackend.swift:864:71: warning: reference to captured var 'step' in concurrently-executing code [#SendableClosureCaptures]
 862 |                 var tx = 0
 863 |                 while tx < rw {
 864 |                     let c = comp.sample((Float(x0 + tx) + 0.5 * Float(step)) * scale, cy)
     |                                                                       `- warning: reference to captured var 'step' in concurrently-executing code [#SendableClosureCaptures]
 865 |                     for dy in 0..<min(step, rh - ty) {
 866 |                         let line = bytes + (ty + dy) * stride

/Users/rutmehta/Developer/tessera/.worktrees/M2-57/apps/mac/Sources/TesseraCore/Document/StubDocumentBackend.swift:865:39: warning: reference to captured var 'step' in concurrently-executing code [#SendableClosureCaptures]
 863 |                 while tx < rw {
 864 |                     let c = comp.sample((Float(x0 + tx) + 0.5 * Float(step)) * scale, cy)
 865 |                     for dy in 0..<min(step, rh - ty) {
     |                                       `- warning: reference to captured var 'step' in concurrently-executing code [#SendableClosureCaptures]
 866 |                         let line = bytes + (ty + dy) * stride
 867 |                         for dx in 0..<min(step, rw - tx) { Self.store(c, line + (tx + dx) * 4) }

/Users/rutmehta/Developer/tessera/.worktrees/M2-57/apps/mac/Sources/TesseraCore/Document/StubDocumentBackend.swift:867:43: warning: reference to captured var 'step' in concurrently-executing code [#SendableClosureCaptures]
 865 |                     for dy in 0..<min(step, rh - ty) {
 866 |                         let line = bytes + (ty + dy) * stride
 867 |                         for dx in 0..<min(step, rw - tx) { Self.store(c, line + (tx + dx) * 4) }
     |                                           `- warning: reference to captured var 'step' in concurrently-executing code [#SendableClosureCaptures]
 868 |                     }
 869 |                     tx += step

/Users/rutmehta/Developer/tessera/.worktrees/M2-57/apps/mac/Sources/TesseraCore/Document/StubDocumentBackend.swift:869:27: warning: reference to captured var 'step' in concurrently-executing code [#SendableClosureCaptures]
 867 |                         for dx in 0..<min(step, rw - tx) { Self.store(c, line + (tx + dx) * 4) }
 868 |                     }
 869 |                     tx += step
     |                           `- warning: reference to captured var 'step' in concurrently-executing code [#SendableClosureCaptures]
 870 |                 }
 871 |             }

[#SendableClosureCaptures]: <https://docs.swift.org/compiler/documentation/diagnostics/sendable-closure-captures>
[90/97] Compiling TesseraCore RetouchModelDownloads.swift
/Users/rutmehta/Developer/tessera/.worktrees/M2-57/apps/mac/Sources/TesseraCore/Document/StubDocumentBackend.swift:860:30: warning: reference to captured var 'step' in concurrently-executing code [#SendableClosureCaptures]
 858 |         DispatchQueue.concurrentPerform(iterations: bands) { band in
 859 |             for r in (rows * band / bands)..<(rows * (band + 1) / bands) {
 860 |                 let ty = r * step
     |                              `- warning: reference to captured var 'step' in concurrently-executing code [#SendableClosureCaptures]
 861 |                 let cy = (Float(y0 + ty) + 0.5 * Float(step)) * scale
 862 |                 var tx = 0

/Users/rutmehta/Developer/tessera/.worktrees/M2-57/apps/mac/Sources/TesseraCore/Document/StubDocumentBackend.swift:861:56: warning: reference to captured var 'step' in concurrently-executing code [#SendableClosureCaptures]
 859 |             for r in (rows * band / bands)..<(rows * (band + 1) / bands) {
 860 |                 let ty = r * step
 861 |                 let cy = (Float(y0 + ty) + 0.5 * Float(step)) * scale
     |                                                        `- warning: reference to captured var 'step' in concurrently-executing code [#SendableClosureCaptures]
 862 |                 var tx = 0
 863 |                 while tx < rw {

/Users/rutmehta/Developer/tessera/.worktrees/M2-57/apps/mac/Sources/TesseraCore/Document/StubDocumentBackend.swift:864:71: warning: reference to captured var 'step' in concurrently-executing code [#SendableClosureCaptures]
 862 |                 var tx = 0
 863 |                 while tx < rw {
 864 |                     let c = comp.sample((Float(x0 + tx) + 0.5 * Float(step)) * scale, cy)
     |                                                                       `- warning: reference to captured var 'step' in concurrently-executing code [#SendableClosureCaptures]
 865 |                     for dy in 0..<min(step, rh - ty) {
 866 |                         let line = bytes + (ty + dy) * stride

/Users/rutmehta/Developer/tessera/.worktrees/M2-57/apps/mac/Sources/TesseraCore/Document/StubDocumentBackend.swift:865:39: warning: reference to captured var 'step' in concurrently-executing code [#SendableClosureCaptures]
 863 |                 while tx < rw {
 864 |                     let c = comp.sample((Float(x0 + tx) + 0.5 * Float(step)) * scale, cy)
 865 |                     for dy in 0..<min(step, rh - ty) {
     |                                       `- warning: reference to captured var 'step' in concurrently-executing code [#SendableClosureCaptures]
 866 |                         let line = bytes + (ty + dy) * stride
 867 |                         for dx in 0..<min(step, rw - tx) { Self.store(c, line + (tx + dx) * 4) }

/Users/rutmehta/Developer/tessera/.worktrees/M2-57/apps/mac/Sources/TesseraCore/Document/StubDocumentBackend.swift:867:43: warning: reference to captured var 'step' in concurrently-executing code [#SendableClosureCaptures]
 865 |                     for dy in 0..<min(step, rh - ty) {
 866 |                         let line = bytes + (ty + dy) * stride
 867 |                         for dx in 0..<min(step, rw - tx) { Self.store(c, line + (tx + dx) * 4) }
     |                                           `- warning: reference to captured var 'step' in concurrently-executing code [#SendableClosureCaptures]
 868 |                     }
 869 |                     tx += step

/Users/rutmehta/Developer/tessera/.worktrees/M2-57/apps/mac/Sources/TesseraCore/Document/StubDocumentBackend.swift:869:27: warning: reference to captured var 'step' in concurrently-executing code [#SendableClosureCaptures]
 867 |                         for dx in 0..<min(step, rw - tx) { Self.store(c, line + (tx + dx) * 4) }
 868 |                     }
 869 |                     tx += step
     |                           `- warning: reference to captured var 'step' in concurrently-executing code [#SendableClosureCaptures]
 870 |                 }
 871 |             }

[#SendableClosureCaptures]: <https://docs.swift.org/compiler/documentation/diagnostics/sendable-closure-captures>
[91/97] Compiling TesseraCore StubDocumentBackend+Retouch.swift
/Users/rutmehta/Developer/tessera/.worktrees/M2-57/apps/mac/Sources/TesseraCore/Document/StubDocumentBackend.swift:860:30: warning: reference to captured var 'step' in concurrently-executing code [#SendableClosureCaptures]
 858 |         DispatchQueue.concurrentPerform(iterations: bands) { band in
 859 |             for r in (rows * band / bands)..<(rows * (band + 1) / bands) {
 860 |                 let ty = r * step
     |                              `- warning: reference to captured var 'step' in concurrently-executing code [#SendableClosureCaptures]
 861 |                 let cy = (Float(y0 + ty) + 0.5 * Float(step)) * scale
 862 |                 var tx = 0

/Users/rutmehta/Developer/tessera/.worktrees/M2-57/apps/mac/Sources/TesseraCore/Document/StubDocumentBackend.swift:861:56: warning: reference to captured var 'step' in concurrently-executing code [#SendableClosureCaptures]
 859 |             for r in (rows * band / bands)..<(rows * (band + 1) / bands) {
 860 |                 let ty = r * step
 861 |                 let cy = (Float(y0 + ty) + 0.5 * Float(step)) * scale
     |                                                        `- warning: reference to captured var 'step' in concurrently-executing code [#SendableClosureCaptures]
 862 |                 var tx = 0
 863 |                 while tx < rw {

/Users/rutmehta/Developer/tessera/.worktrees/M2-57/apps/mac/Sources/TesseraCore/Document/StubDocumentBackend.swift:864:71: warning: reference to captured var 'step' in concurrently-executing code [#SendableClosureCaptures]
 862 |                 var tx = 0
 863 |                 while tx < rw {
 864 |                     let c = comp.sample((Float(x0 + tx) + 0.5 * Float(step)) * scale, cy)
     |                                                                       `- warning: reference to captured var 'step' in concurrently-executing code [#SendableClosureCaptures]
 865 |                     for dy in 0..<min(step, rh - ty) {
 866 |                         let line = bytes + (ty + dy) * stride

/Users/rutmehta/Developer/tessera/.worktrees/M2-57/apps/mac/Sources/TesseraCore/Document/StubDocumentBackend.swift:865:39: warning: reference to captured var 'step' in concurrently-executing code [#SendableClosureCaptures]
 863 |                 while tx < rw {
 864 |                     let c = comp.sample((Float(x0 + tx) + 0.5 * Float(step)) * scale, cy)
 865 |                     for dy in 0..<min(step, rh - ty) {
     |                                       `- warning: reference to captured var 'step' in concurrently-executing code [#SendableClosureCaptures]
 866 |                         let line = bytes + (ty + dy) * stride
 867 |                         for dx in 0..<min(step, rw - tx) { Self.store(c, line + (tx + dx) * 4) }

/Users/rutmehta/Developer/tessera/.worktrees/M2-57/apps/mac/Sources/TesseraCore/Document/StubDocumentBackend.swift:867:43: warning: reference to captured var 'step' in concurrently-executing code [#SendableClosureCaptures]
 865 |                     for dy in 0..<min(step, rh - ty) {
 866 |                         let line = bytes + (ty + dy) * stride
 867 |                         for dx in 0..<min(step, rw - tx) { Self.store(c, line + (tx + dx) * 4) }
     |                                           `- warning: reference to captured var 'step' in concurrently-executing code [#SendableClosureCaptures]
 868 |                     }
 869 |                     tx += step

/Users/rutmehta/Developer/tessera/.worktrees/M2-57/apps/mac/Sources/TesseraCore/Document/StubDocumentBackend.swift:869:27: warning: reference to captured var 'step' in concurrently-executing code [#SendableClosureCaptures]
 867 |                         for dx in 0..<min(step, rw - tx) { Self.store(c, line + (tx + dx) * 4) }
 868 |                     }
 869 |                     tx += step
     |                           `- warning: reference to captured var 'step' in concurrently-executing code [#SendableClosureCaptures]
 870 |                 }
 871 |             }

[#SendableClosureCaptures]: <https://docs.swift.org/compiler/documentation/diagnostics/sendable-closure-captures>
[92/97] Compiling TesseraCore StubCompositor.swift
/Users/rutmehta/Developer/tessera/.worktrees/M2-57/apps/mac/Sources/TesseraCore/Document/StubDocumentBackend.swift:860:30: warning: reference to captured var 'step' in concurrently-executing code [#SendableClosureCaptures]
 858 |         DispatchQueue.concurrentPerform(iterations: bands) { band in
 859 |             for r in (rows * band / bands)..<(rows * (band + 1) / bands) {
 860 |                 let ty = r * step
     |                              `- warning: reference to captured var 'step' in concurrently-executing code [#SendableClosureCaptures]
 861 |                 let cy = (Float(y0 + ty) + 0.5 * Float(step)) * scale
 862 |                 var tx = 0

/Users/rutmehta/Developer/tessera/.worktrees/M2-57/apps/mac/Sources/TesseraCore/Document/StubDocumentBackend.swift:861:56: warning: reference to captured var 'step' in concurrently-executing code [#SendableClosureCaptures]
 859 |             for r in (rows * band / bands)..<(rows * (band + 1) / bands) {
 860 |                 let ty = r * step
 861 |                 let cy = (Float(y0 + ty) + 0.5 * Float(step)) * scale
     |                                                        `- warning: reference to captured var 'step' in concurrently-executing code [#SendableClosureCaptures]
 862 |                 var tx = 0
 863 |                 while tx < rw {

/Users/rutmehta/Developer/tessera/.worktrees/M2-57/apps/mac/Sources/TesseraCore/Document/StubDocumentBackend.swift:864:71: warning: reference to captured var 'step' in concurrently-executing code [#SendableClosureCaptures]
 862 |                 var tx = 0
 863 |                 while tx < rw {
 864 |                     let c = comp.sample((Float(x0 + tx) + 0.5 * Float(step)) * scale, cy)
     |                                                                       `- warning: reference to captured var 'step' in concurrently-executing code [#SendableClosureCaptures]
 865 |                     for dy in 0..<min(step, rh - ty) {
 866 |                         let line = bytes + (ty + dy) * stride

/Users/rutmehta/Developer/tessera/.worktrees/M2-57/apps/mac/Sources/TesseraCore/Document/StubDocumentBackend.swift:865:39: warning: reference to captured var 'step' in concurrently-executing code [#SendableClosureCaptures]
 863 |                 while tx < rw {
 864 |                     let c = comp.sample((Float(x0 + tx) + 0.5 * Float(step)) * scale, cy)
 865 |                     for dy in 0..<min(step, rh - ty) {
     |                                       `- warning: reference to captured var 'step' in concurrently-executing code [#SendableClosureCaptures]
 866 |                         let line = bytes + (ty + dy) * stride
 867 |                         for dx in 0..<min(step, rw - tx) { Self.store(c, line + (tx + dx) * 4) }

/Users/rutmehta/Developer/tessera/.worktrees/M2-57/apps/mac/Sources/TesseraCore/Document/StubDocumentBackend.swift:867:43: warning: reference to captured var 'step' in concurrently-executing code [#SendableClosureCaptures]
 865 |                     for dy in 0..<min(step, rh - ty) {
 866 |                         let line = bytes + (ty + dy) * stride
 867 |                         for dx in 0..<min(step, rw - tx) { Self.store(c, line + (tx + dx) * 4) }
     |                                           `- warning: reference to captured var 'step' in concurrently-executing code [#SendableClosureCaptures]
 868 |                     }
 869 |                     tx += step

/Users/rutmehta/Developer/tessera/.worktrees/M2-57/apps/mac/Sources/TesseraCore/Document/StubDocumentBackend.swift:869:27: warning: reference to captured var 'step' in concurrently-executing code [#SendableClosureCaptures]
 867 |                         for dx in 0..<min(step, rw - tx) { Self.store(c, line + (tx + dx) * 4) }
 868 |                     }
 869 |                     tx += step
     |                           `- warning: reference to captured var 'step' in concurrently-executing code [#SendableClosureCaptures]
 870 |                 }
 871 |             }

[#SendableClosureCaptures]: <https://docs.swift.org/compiler/documentation/diagnostics/sendable-closure-captures>
[93/97] Compiling TesseraCore StubDocumentBackend.swift
/Users/rutmehta/Developer/tessera/.worktrees/M2-57/apps/mac/Sources/TesseraCore/Document/StubDocumentBackend.swift:860:30: warning: reference to captured var 'step' in concurrently-executing code [#SendableClosureCaptures]
 858 |         DispatchQueue.concurrentPerform(iterations: bands) { band in
 859 |             for r in (rows * band / bands)..<(rows * (band + 1) / bands) {
 860 |                 let ty = r * step
     |                              `- warning: reference to captured var 'step' in concurrently-executing code [#SendableClosureCaptures]
 861 |                 let cy = (Float(y0 + ty) + 0.5 * Float(step)) * scale
 862 |                 var tx = 0

/Users/rutmehta/Developer/tessera/.worktrees/M2-57/apps/mac/Sources/TesseraCore/Document/StubDocumentBackend.swift:861:56: warning: reference to captured var 'step' in concurrently-executing code [#SendableClosureCaptures]
 859 |             for r in (rows * band / bands)..<(rows * (band + 1) / bands) {
 860 |                 let ty = r * step
 861 |                 let cy = (Float(y0 + ty) + 0.5 * Float(step)) * scale
     |                                                        `- warning: reference to captured var 'step' in concurrently-executing code [#SendableClosureCaptures]
 862 |                 var tx = 0
 863 |                 while tx < rw {

/Users/rutmehta/Developer/tessera/.worktrees/M2-57/apps/mac/Sources/TesseraCore/Document/StubDocumentBackend.swift:864:71: warning: reference to captured var 'step' in concurrently-executing code [#SendableClosureCaptures]
 862 |                 var tx = 0
 863 |                 while tx < rw {
 864 |                     let c = comp.sample((Float(x0 + tx) + 0.5 * Float(step)) * scale, cy)
     |                                                                       `- warning: reference to captured var 'step' in concurrently-executing code [#SendableClosureCaptures]
 865 |                     for dy in 0..<min(step, rh - ty) {
 866 |                         let line = bytes + (ty + dy) * stride

/Users/rutmehta/Developer/tessera/.worktrees/M2-57/apps/mac/Sources/TesseraCore/Document/StubDocumentBackend.swift:865:39: warning: reference to captured var 'step' in concurrently-executing code [#SendableClosureCaptures]
 863 |                 while tx < rw {
 864 |                     let c = comp.sample((Float(x0 + tx) + 0.5 * Float(step)) * scale, cy)
 865 |                     for dy in 0..<min(step, rh - ty) {
     |                                       `- warning: reference to captured var 'step' in concurrently-executing code [#SendableClosureCaptures]
 866 |                         let line = bytes + (ty + dy) * stride
 867 |                         for dx in 0..<min(step, rw - tx) { Self.store(c, line + (tx + dx) * 4) }

/Users/rutmehta/Developer/tessera/.worktrees/M2-57/apps/mac/Sources/TesseraCore/Document/StubDocumentBackend.swift:867:43: warning: reference to captured var 'step' in concurrently-executing code [#SendableClosureCaptures]
 865 |                     for dy in 0..<min(step, rh - ty) {
 866 |                         let line = bytes + (ty + dy) * stride
 867 |                         for dx in 0..<min(step, rw - tx) { Self.store(c, line + (tx + dx) * 4) }
     |                                           `- warning: reference to captured var 'step' in concurrently-executing code [#SendableClosureCaptures]
 868 |                     }
 869 |                     tx += step

/Users/rutmehta/Developer/tessera/.worktrees/M2-57/apps/mac/Sources/TesseraCore/Document/StubDocumentBackend.swift:869:27: warning: reference to captured var 'step' in concurrently-executing code [#SendableClosureCaptures]
 867 |                         for dx in 0..<min(step, rw - tx) { Self.store(c, line + (tx + dx) * 4) }
 868 |                     }
 869 |                     tx += step
     |                           `- warning: reference to captured var 'step' in concurrently-executing code [#SendableClosureCaptures]
 870 |                 }
 871 |             }

[#SendableClosureCaptures]: <https://docs.swift.org/compiler/documentation/diagnostics/sendable-closure-captures>
[94/97] Compiling TesseraCore StubDocumentModel.swift
/Users/rutmehta/Developer/tessera/.worktrees/M2-57/apps/mac/Sources/TesseraCore/Document/StubDocumentBackend.swift:860:30: warning: reference to captured var 'step' in concurrently-executing code [#SendableClosureCaptures]
 858 |         DispatchQueue.concurrentPerform(iterations: bands) { band in
 859 |             for r in (rows * band / bands)..<(rows * (band + 1) / bands) {
 860 |                 let ty = r * step
     |                              `- warning: reference to captured var 'step' in concurrently-executing code [#SendableClosureCaptures]
 861 |                 let cy = (Float(y0 + ty) + 0.5 * Float(step)) * scale
 862 |                 var tx = 0

/Users/rutmehta/Developer/tessera/.worktrees/M2-57/apps/mac/Sources/TesseraCore/Document/StubDocumentBackend.swift:861:56: warning: reference to captured var 'step' in concurrently-executing code [#SendableClosureCaptures]
 859 |             for r in (rows * band / bands)..<(rows * (band + 1) / bands) {
 860 |                 let ty = r * step
 861 |                 let cy = (Float(y0 + ty) + 0.5 * Float(step)) * scale
     |                                                        `- warning: reference to captured var 'step' in concurrently-executing code [#SendableClosureCaptures]
 862 |                 var tx = 0
 863 |                 while tx < rw {

/Users/rutmehta/Developer/tessera/.worktrees/M2-57/apps/mac/Sources/TesseraCore/Document/StubDocumentBackend.swift:864:71: warning: reference to captured var 'step' in concurrently-executing code [#SendableClosureCaptures]
 862 |                 var tx = 0
 863 |                 while tx < rw {
 864 |                     let c = comp.sample((Float(x0 + tx) + 0.5 * Float(step)) * scale, cy)
     |                                                                       `- warning: reference to captured var 'step' in concurrently-executing code [#SendableClosureCaptures]
 865 |                     for dy in 0..<min(step, rh - ty) {
 866 |                         let line = bytes + (ty + dy) * stride

/Users/rutmehta/Developer/tessera/.worktrees/M2-57/apps/mac/Sources/TesseraCore/Document/StubDocumentBackend.swift:865:39: warning: reference to captured var 'step' in concurrently-executing code [#SendableClosureCaptures]
 863 |                 while tx < rw {
 864 |                     let c = comp.sample((Float(x0 + tx) + 0.5 * Float(step)) * scale, cy)
 865 |                     for dy in 0..<min(step, rh - ty) {
     |                                       `- warning: reference to captured var 'step' in concurrently-executing code [#SendableClosureCaptures]
 866 |                         let line = bytes + (ty + dy) * stride
 867 |                         for dx in 0..<min(step, rw - tx) { Self.store(c, line + (tx + dx) * 4) }

/Users/rutmehta/Developer/tessera/.worktrees/M2-57/apps/mac/Sources/TesseraCore/Document/StubDocumentBackend.swift:867:43: warning: reference to captured var 'step' in concurrently-executing code [#SendableClosureCaptures]
 865 |                     for dy in 0..<min(step, rh - ty) {
 866 |                         let line = bytes + (ty + dy) * stride
 867 |                         for dx in 0..<min(step, rw - tx) { Self.store(c, line + (tx + dx) * 4) }
     |                                           `- warning: reference to captured var 'step' in concurrently-executing code [#SendableClosureCaptures]
 868 |                     }
 869 |                     tx += step

/Users/rutmehta/Developer/tessera/.worktrees/M2-57/apps/mac/Sources/TesseraCore/Document/StubDocumentBackend.swift:869:27: warning: reference to captured var 'step' in concurrently-executing code [#SendableClosureCaptures]
 867 |                         for dx in 0..<min(step, rw - tx) { Self.store(c, line + (tx + dx) * 4) }
 868 |                     }
 869 |                     tx += step
     |                           `- warning: reference to captured var 'step' in concurrently-executing code [#SendableClosureCaptures]
 870 |                 }
 871 |             }

[#SendableClosureCaptures]: <https://docs.swift.org/compiler/documentation/diagnostics/sendable-closure-captures>
[95/206] Emitting module Tessera
[96/218] Compiling Tessera LoupeFrame.swift
[97/218] Compiling Tessera LoupeMaskTools.swift
[98/218] Compiling Tessera LoupeRenderer.swift
[99/218] Compiling Tessera LoupeToolOverlay.swift
[100/218] Compiling Tessera LoupeUprightGuides.swift
[101/218] Compiling Tessera LoupeView.swift
[102/218] Compiling Tessera MaskToolbar.swift
[103/218] Compiling Tessera MetalLoupeView.swift
[104/218] Compiling Tessera SoftProof.swift
[105/218] Compiling Tessera LibrarySettingsView.swift
[106/218] Compiling Tessera PeopleView.swift
[107/218] Compiling Tessera AppModel+Photo.swift
[108/218] Compiling Tessera ChannelsSelfTest.swift
[109/218] Compiling Tessera DocumentChannels.swift
[110/218] Compiling Tessera DocumentController+Adjustments.swift
[111/218] Compiling Tessera DocumentController.swift
[112/218] Compiling Tessera DocumentControls.swift
[113/218] Compiling Tessera DocumentHistoryPanel.swift
[114/218] Compiling Tessera DocumentSelfTest.swift
[115/218] Compiling Tessera DocumentSheets.swift
[116/218] Compiling Tessera DocumentView.swift
[117/218] Compiling Tessera DocumentViewport.swift
[118/218] Compiling Tessera DocumentWorkspace.swift
[119/218] Compiling Tessera DocumentFilters.swift
[120/218] Compiling Tessera FilterMenus.swift
[121/218] Compiling Tessera FilterSelfTest.swift
[122/218] Compiling Tessera FilterSheets.swift
[123/218] Compiling Tessera SmartFilterRows.swift
[124/218] Compiling Tessera LayersOutline.swift
[125/218] Compiling Tessera LayersPanel.swift
[126/218] Compiling Tessera PropertiesPanel.swift
[127/218] Compiling Tessera DocumentRetouch.swift
[128/218] Compiling Tessera RemoveOverlayView.swift
[129/218] Compiling Tessera RetouchSelfTest.swift
[130/218] Compiling Tessera RetouchViews.swift
[131/218] Compiling Tessera DocumentStyles.swift
[132/218] Compiling Tessera InspectorView.swift
[133/218] Compiling Tessera LensBlurPanel.swift
[134/218] Compiling Tessera LibraryPanels.swift
[135/218] Compiling Tessera MasksPanel.swift
[136/218] Compiling Tessera TransformPanel.swift
[137/218] Compiling Tessera UnderstandingPanels.swift
[138/218] Compiling Tessera ValueSlider.swift
[139/218] Compiling Tessera FilterBar.swift
[140/218] Compiling Tessera LibraryModel.swift
[141/218] Compiling Tessera RuleTextField.swift
[142/218] Compiling Tessera SmartAlbumSheet.swift
[143/218] Compiling Tessera UnderstandingController.swift
[144/218] Compiling Tessera ToolsMenus.swift
/Users/rutmehta/Developer/tessera/.worktrees/M2-57/apps/mac/Sources/Tessera/Document/Transforms/DocumentTransforms.swift:676:21: warning: 'where' only applies to the second pattern match in this 'case'
674 |         let mods = e.modifierFlags.intersection(.deviceIndependentFlagsMask).subtracting([.numericPad, .function, .capsLock])
675 |         switch e.keyCode {
676 |         case 36, 76 where mods.isEmpty || mods == [.command]: apply(); return true
    |              |   |  `- warning: 'where' only applies to the second pattern match in this 'case'
    |              |   `- note: disambiguate by adding a line break between them if this is desired
    |              `- note: duplicate the 'where' on both patterns to check both patterns
677 |         case 53 where mods.isEmpty: cancel(); return true
678 |         case 51, 117 where mods.isEmpty:

/Users/rutmehta/Developer/tessera/.worktrees/M2-57/apps/mac/Sources/Tessera/Document/Transforms/DocumentTransforms.swift:678:22: warning: 'where' only applies to the second pattern match in this 'case'
676 |         case 36, 76 where mods.isEmpty || mods == [.command]: apply(); return true
677 |         case 53 where mods.isEmpty: cancel(); return true
678 |         case 51, 117 where mods.isEmpty:
    |              |   |   `- warning: 'where' only applies to the second pattern match in this 'case'
    |              |   `- note: disambiguate by adding a line break between them if this is desired
    |              `- note: duplicate the 'where' on both patterns to check both patterns
679 |             if case .puppet = session?.op, selectedPin != nil { removeSelectedPin(); return true }
680 |             return false

/Users/rutmehta/Developer/tessera/.worktrees/M2-57/apps/mac/Sources/Tessera/Document/Transforms/TransformSelfTest.swift:460:16: warning: value 'id' was defined but never used; consider replacing with boolean test [#no-usage]
458 | 
459 |         // 395: position lock rejects geometry.
460 |         if let id = doc?.primary?.id {
    |                `- warning: value 'id' was defined but never used; consider replacing with boolean test [#no-usage]
461 |             doc?.toggleLock(.position)
462 |             await settle()
[145/218] Compiling Tessera ToolsPalette.swift
/Users/rutmehta/Developer/tessera/.worktrees/M2-57/apps/mac/Sources/Tessera/Document/Transforms/DocumentTransforms.swift:676:21: warning: 'where' only applies to the second pattern match in this 'case'
674 |         let mods = e.modifierFlags.intersection(.deviceIndependentFlagsMask).subtracting([.numericPad, .function, .capsLock])
675 |         switch e.keyCode {
676 |         case 36, 76 where mods.isEmpty || mods == [.command]: apply(); return true
    |              |   |  `- warning: 'where' only applies to the second pattern match in this 'case'
    |              |   `- note: disambiguate by adding a line break between them if this is desired
    |              `- note: duplicate the 'where' on both patterns to check both patterns
677 |         case 53 where mods.isEmpty: cancel(); return true
678 |         case 51, 117 where mods.isEmpty:

/Users/rutmehta/Developer/tessera/.worktrees/M2-57/apps/mac/Sources/Tessera/Document/Transforms/DocumentTransforms.swift:678:22: warning: 'where' only applies to the second pattern match in this 'case'
676 |         case 36, 76 where mods.isEmpty || mods == [.command]: apply(); return true
677 |         case 53 where mods.isEmpty: cancel(); return true
678 |         case 51, 117 where mods.isEmpty:
    |              |   |   `- warning: 'where' only applies to the second pattern match in this 'case'
    |              |   `- note: disambiguate by adding a line break between them if this is desired
    |              `- note: duplicate the 'where' on both patterns to check both patterns
679 |             if case .puppet = session?.op, selectedPin != nil { removeSelectedPin(); return true }
680 |             return false

/Users/rutmehta/Developer/tessera/.worktrees/M2-57/apps/mac/Sources/Tessera/Document/Transforms/TransformSelfTest.swift:460:16: warning: value 'id' was defined but never used; consider replacing with boolean test [#no-usage]
458 | 
459 |         // 395: position lock rejects geometry.
460 |         if let id = doc?.primary?.id {
    |                `- warning: value 'id' was defined but never used; consider replacing with boolean test [#no-usage]
461 |             doc?.toggleLock(.position)
462 |             await settle()
[146/218] Compiling Tessera ToolsSelfTest.swift
/Users/rutmehta/Developer/tessera/.worktrees/M2-57/apps/mac/Sources/Tessera/Document/Transforms/DocumentTransforms.swift:676:21: warning: 'where' only applies to the second pattern match in this 'case'
674 |         let mods = e.modifierFlags.intersection(.deviceIndependentFlagsMask).subtracting([.numericPad, .function, .capsLock])
675 |         switch e.keyCode {
676 |         case 36, 76 where mods.isEmpty || mods == [.command]: apply(); return true
    |              |   |  `- warning: 'where' only applies to the second pattern match in this 'case'
    |              |   `- note: disambiguate by adding a line break between them if this is desired
    |              `- note: duplicate the 'where' on both patterns to check both patterns
677 |         case 53 where mods.isEmpty: cancel(); return true
678 |         case 51, 117 where mods.isEmpty:

/Users/rutmehta/Developer/tessera/.worktrees/M2-57/apps/mac/Sources/Tessera/Document/Transforms/DocumentTransforms.swift:678:22: warning: 'where' only applies to the second pattern match in this 'case'
676 |         case 36, 76 where mods.isEmpty || mods == [.command]: apply(); return true
677 |         case 53 where mods.isEmpty: cancel(); return true
678 |         case 51, 117 where mods.isEmpty:
    |              |   |   `- warning: 'where' only applies to the second pattern match in this 'case'
    |              |   `- note: disambiguate by adding a line break between them if this is desired
    |              `- note: duplicate the 'where' on both patterns to check both patterns
679 |             if case .puppet = session?.op, selectedPin != nil { removeSelectedPin(); return true }
680 |             return false

/Users/rutmehta/Developer/tessera/.worktrees/M2-57/apps/mac/Sources/Tessera/Document/Transforms/TransformSelfTest.swift:460:16: warning: value 'id' was defined but never used; consider replacing with boolean test [#no-usage]
458 | 
459 |         // 395: position lock rejects geometry.
460 |         if let id = doc?.primary?.id {
    |                `- warning: value 'id' was defined but never used; consider replacing with boolean test [#no-usage]
461 |             doc?.toggleLock(.position)
462 |             await settle()
[147/218] Compiling Tessera ToolsSheets.swift
/Users/rutmehta/Developer/tessera/.worktrees/M2-57/apps/mac/Sources/Tessera/Document/Transforms/DocumentTransforms.swift:676:21: warning: 'where' only applies to the second pattern match in this 'case'
674 |         let mods = e.modifierFlags.intersection(.deviceIndependentFlagsMask).subtracting([.numericPad, .function, .capsLock])
675 |         switch e.keyCode {
676 |         case 36, 76 where mods.isEmpty || mods == [.command]: apply(); return true
    |              |   |  `- warning: 'where' only applies to the second pattern match in this 'case'
    |              |   `- note: disambiguate by adding a line break between them if this is desired
    |              `- note: duplicate the 'where' on both patterns to check both patterns
677 |         case 53 where mods.isEmpty: cancel(); return true
678 |         case 51, 117 where mods.isEmpty:

/Users/rutmehta/Developer/tessera/.worktrees/M2-57/apps/mac/Sources/Tessera/Document/Transforms/DocumentTransforms.swift:678:22: warning: 'where' only applies to the second pattern match in this 'case'
676 |         case 36, 76 where mods.isEmpty || mods == [.command]: apply(); return true
677 |         case 53 where mods.isEmpty: cancel(); return true
678 |         case 51, 117 where mods.isEmpty:
    |              |   |   `- warning: 'where' only applies to the second pattern match in this 'case'
    |              |   `- note: disambiguate by adding a line break between them if this is desired
    |              `- note: duplicate the 'where' on both patterns to check both patterns
679 |             if case .puppet = session?.op, selectedPin != nil { removeSelectedPin(); return true }
680 |             return false

/Users/rutmehta/Developer/tessera/.worktrees/M2-57/apps/mac/Sources/Tessera/Document/Transforms/TransformSelfTest.swift:460:16: warning: value 'id' was defined but never used; consider replacing with boolean test [#no-usage]
458 | 
459 |         // 395: position lock rejects geometry.
460 |         if let id = doc?.primary?.id {
    |                `- warning: value 'id' was defined but never used; consider replacing with boolean test [#no-usage]
461 |             doc?.toggleLock(.position)
462 |             await settle()
[148/218] Compiling Tessera DocumentTransforms.swift
/Users/rutmehta/Developer/tessera/.worktrees/M2-57/apps/mac/Sources/Tessera/Document/Transforms/DocumentTransforms.swift:676:21: warning: 'where' only applies to the second pattern match in this 'case'
674 |         let mods = e.modifierFlags.intersection(.deviceIndependentFlagsMask).subtracting([.numericPad, .function, .capsLock])
675 |         switch e.keyCode {
676 |         case 36, 76 where mods.isEmpty || mods == [.command]: apply(); return true
    |              |   |  `- warning: 'where' only applies to the second pattern match in this 'case'
    |              |   `- note: disambiguate by adding a line break between them if this is desired
    |              `- note: duplicate the 'where' on both patterns to check both patterns
677 |         case 53 where mods.isEmpty: cancel(); return true
678 |         case 51, 117 where mods.isEmpty:

/Users/rutmehta/Developer/tessera/.worktrees/M2-57/apps/mac/Sources/Tessera/Document/Transforms/DocumentTransforms.swift:678:22: warning: 'where' only applies to the second pattern match in this 'case'
676 |         case 36, 76 where mods.isEmpty || mods == [.command]: apply(); return true
677 |         case 53 where mods.isEmpty: cancel(); return true
678 |         case 51, 117 where mods.isEmpty:
    |              |   |   `- warning: 'where' only applies to the second pattern match in this 'case'
    |              |   `- note: disambiguate by adding a line break between them if this is desired
    |              `- note: duplicate the 'where' on both patterns to check both patterns
679 |             if case .puppet = session?.op, selectedPin != nil { removeSelectedPin(); return true }
680 |             return false

/Users/rutmehta/Developer/tessera/.worktrees/M2-57/apps/mac/Sources/Tessera/Document/Transforms/TransformSelfTest.swift:460:16: warning: value 'id' was defined but never used; consider replacing with boolean test [#no-usage]
458 | 
459 |         // 395: position lock rejects geometry.
460 |         if let id = doc?.primary?.id {
    |                `- warning: value 'id' was defined but never used; consider replacing with boolean test [#no-usage]
461 |             doc?.toggleLock(.position)
462 |             await settle()
[149/218] Compiling Tessera TransformOverlayView.swift
/Users/rutmehta/Developer/tessera/.worktrees/M2-57/apps/mac/Sources/Tessera/Document/Transforms/DocumentTransforms.swift:676:21: warning: 'where' only applies to the second pattern match in this 'case'
674 |         let mods = e.modifierFlags.intersection(.deviceIndependentFlagsMask).subtracting([.numericPad, .function, .capsLock])
675 |         switch e.keyCode {
676 |         case 36, 76 where mods.isEmpty || mods == [.command]: apply(); return true
    |              |   |  `- warning: 'where' only applies to the second pattern match in this 'case'
    |              |   `- note: disambiguate by adding a line break between them if this is desired
    |              `- note: duplicate the 'where' on both patterns to check both patterns
677 |         case 53 where mods.isEmpty: cancel(); return true
678 |         case 51, 117 where mods.isEmpty:

/Users/rutmehta/Developer/tessera/.worktrees/M2-57/apps/mac/Sources/Tessera/Document/Transforms/DocumentTransforms.swift:678:22: warning: 'where' only applies to the second pattern match in this 'case'
676 |         case 36, 76 where mods.isEmpty || mods == [.command]: apply(); return true
677 |         case 53 where mods.isEmpty: cancel(); return true
678 |         case 51, 117 where mods.isEmpty:
    |              |   |   `- warning: 'where' only applies to the second pattern match in this 'case'
    |              |   `- note: disambiguate by adding a line break between them if this is desired
    |              `- note: duplicate the 'where' on both patterns to check both patterns
679 |             if case .puppet = session?.op, selectedPin != nil { removeSelectedPin(); return true }
680 |             return false

/Users/rutmehta/Developer/tessera/.worktrees/M2-57/apps/mac/Sources/Tessera/Document/Transforms/TransformSelfTest.swift:460:16: warning: value 'id' was defined but never used; consider replacing with boolean test [#no-usage]
458 | 
459 |         // 395: position lock rejects geometry.
460 |         if let id = doc?.primary?.id {
    |                `- warning: value 'id' was defined but never used; consider replacing with boolean test [#no-usage]
461 |             doc?.toggleLock(.position)
462 |             await settle()
[150/218] Compiling Tessera TransformSelfTest.swift
/Users/rutmehta/Developer/tessera/.worktrees/M2-57/apps/mac/Sources/Tessera/Document/Transforms/DocumentTransforms.swift:676:21: warning: 'where' only applies to the second pattern match in this 'case'
674 |         let mods = e.modifierFlags.intersection(.deviceIndependentFlagsMask).subtracting([.numericPad, .function, .capsLock])
675 |         switch e.keyCode {
676 |         case 36, 76 where mods.isEmpty || mods == [.command]: apply(); return true
    |              |   |  `- warning: 'where' only applies to the second pattern match in this 'case'
    |              |   `- note: disambiguate by adding a line break between them if this is desired
    |              `- note: duplicate the 'where' on both patterns to check both patterns
677 |         case 53 where mods.isEmpty: cancel(); return true
678 |         case 51, 117 where mods.isEmpty:

/Users/rutmehta/Developer/tessera/.worktrees/M2-57/apps/mac/Sources/Tessera/Document/Transforms/DocumentTransforms.swift:678:22: warning: 'where' only applies to the second pattern match in this 'case'
676 |         case 36, 76 where mods.isEmpty || mods == [.command]: apply(); return true
677 |         case 53 where mods.isEmpty: cancel(); return true
678 |         case 51, 117 where mods.isEmpty:
    |              |   |   `- warning: 'where' only applies to the second pattern match in this 'case'
    |              |   `- note: disambiguate by adding a line break between them if this is desired
    |              `- note: duplicate the 'where' on both patterns to check both patterns
679 |             if case .puppet = session?.op, selectedPin != nil { removeSelectedPin(); return true }
680 |             return false

/Users/rutmehta/Developer/tessera/.worktrees/M2-57/apps/mac/Sources/Tessera/Document/Transforms/TransformSelfTest.swift:460:16: warning: value 'id' was defined but never used; consider replacing with boolean test [#no-usage]
458 | 
459 |         // 395: position lock rejects geometry.
460 |         if let id = doc?.primary?.id {
    |                `- warning: value 'id' was defined but never used; consider replacing with boolean test [#no-usage]
461 |             doc?.toggleLock(.position)
462 |             await settle()
[151/218] Compiling Tessera TransformViews.swift
/Users/rutmehta/Developer/tessera/.worktrees/M2-57/apps/mac/Sources/Tessera/Document/Transforms/DocumentTransforms.swift:676:21: warning: 'where' only applies to the second pattern match in this 'case'
674 |         let mods = e.modifierFlags.intersection(.deviceIndependentFlagsMask).subtracting([.numericPad, .function, .capsLock])
675 |         switch e.keyCode {
676 |         case 36, 76 where mods.isEmpty || mods == [.command]: apply(); return true
    |              |   |  `- warning: 'where' only applies to the second pattern match in this 'case'
    |              |   `- note: disambiguate by adding a line break between them if this is desired
    |              `- note: duplicate the 'where' on both patterns to check both patterns
677 |         case 53 where mods.isEmpty: cancel(); return true
678 |         case 51, 117 where mods.isEmpty:

/Users/rutmehta/Developer/tessera/.worktrees/M2-57/apps/mac/Sources/Tessera/Document/Transforms/DocumentTransforms.swift:678:22: warning: 'where' only applies to the second pattern match in this 'case'
676 |         case 36, 76 where mods.isEmpty || mods == [.command]: apply(); return true
677 |         case 53 where mods.isEmpty: cancel(); return true
678 |         case 51, 117 where mods.isEmpty:
    |              |   |   `- warning: 'where' only applies to the second pattern match in this 'case'
    |              |   `- note: disambiguate by adding a line break between them if this is desired
    |              `- note: duplicate the 'where' on both patterns to check both patterns
679 |             if case .puppet = session?.op, selectedPin != nil { removeSelectedPin(); return true }
680 |             return false

/Users/rutmehta/Developer/tessera/.worktrees/M2-57/apps/mac/Sources/Tessera/Document/Transforms/TransformSelfTest.swift:460:16: warning: value 'id' was defined but never used; consider replacing with boolean test [#no-usage]
458 | 
459 |         // 395: position lock rejects geometry.
460 |         if let id = doc?.primary?.id {
    |                `- warning: value 'id' was defined but never used; consider replacing with boolean test [#no-usage]
461 |             doc?.toggleLock(.position)
462 |             await settle()
[152/218] Compiling Tessera DocumentVector.swift
/Users/rutmehta/Developer/tessera/.worktrees/M2-57/apps/mac/Sources/Tessera/Document/Transforms/DocumentTransforms.swift:676:21: warning: 'where' only applies to the second pattern match in this 'case'
674 |         let mods = e.modifierFlags.intersection(.deviceIndependentFlagsMask).subtracting([.numericPad, .function, .capsLock])
675 |         switch e.keyCode {
676 |         case 36, 76 where mods.isEmpty || mods == [.command]: apply(); return true
    |              |   |  `- warning: 'where' only applies to the second pattern match in this 'case'
    |              |   `- note: disambiguate by adding a line break between them if this is desired
    |              `- note: duplicate the 'where' on both patterns to check both patterns
677 |         case 53 where mods.isEmpty: cancel(); return true
678 |         case 51, 117 where mods.isEmpty:

/Users/rutmehta/Developer/tessera/.worktrees/M2-57/apps/mac/Sources/Tessera/Document/Transforms/DocumentTransforms.swift:678:22: warning: 'where' only applies to the second pattern match in this 'case'
676 |         case 36, 76 where mods.isEmpty || mods == [.command]: apply(); return true
677 |         case 53 where mods.isEmpty: cancel(); return true
678 |         case 51, 117 where mods.isEmpty:
    |              |   |   `- warning: 'where' only applies to the second pattern match in this 'case'
    |              |   `- note: disambiguate by adding a line break between them if this is desired
    |              `- note: duplicate the 'where' on both patterns to check both patterns
679 |             if case .puppet = session?.op, selectedPin != nil { removeSelectedPin(); return true }
680 |             return false

/Users/rutmehta/Developer/tessera/.worktrees/M2-57/apps/mac/Sources/Tessera/Document/Transforms/TransformSelfTest.swift:460:16: warning: value 'id' was defined but never used; consider replacing with boolean test [#no-usage]
458 | 
459 |         // 395: position lock rejects geometry.
460 |         if let id = doc?.primary?.id {
    |                `- warning: value 'id' was defined but never used; consider replacing with boolean test [#no-usage]
461 |             doc?.toggleLock(.position)
462 |             await settle()
[153/218] Compiling Tessera ShapeViews.swift
/Users/rutmehta/Developer/tessera/.worktrees/M2-57/apps/mac/Sources/Tessera/Document/Transforms/DocumentTransforms.swift:676:21: warning: 'where' only applies to the second pattern match in this 'case'
674 |         let mods = e.modifierFlags.intersection(.deviceIndependentFlagsMask).subtracting([.numericPad, .function, .capsLock])
675 |         switch e.keyCode {
676 |         case 36, 76 where mods.isEmpty || mods == [.command]: apply(); return true
    |              |   |  `- warning: 'where' only applies to the second pattern match in this 'case'
    |              |   `- note: disambiguate by adding a line break between them if this is desired
    |              `- note: duplicate the 'where' on both patterns to check both patterns
677 |         case 53 where mods.isEmpty: cancel(); return true
678 |         case 51, 117 where mods.isEmpty:

/Users/rutmehta/Developer/tessera/.worktrees/M2-57/apps/mac/Sources/Tessera/Document/Transforms/DocumentTransforms.swift:678:22: warning: 'where' only applies to the second pattern match in this 'case'
676 |         case 36, 76 where mods.isEmpty || mods == [.command]: apply(); return true
677 |         case 53 where mods.isEmpty: cancel(); return true
678 |         case 51, 117 where mods.isEmpty:
    |              |   |   `- warning: 'where' only applies to the second pattern match in this 'case'
    |              |   `- note: disambiguate by adding a line break between them if this is desired
    |              `- note: duplicate the 'where' on both patterns to check both patterns
679 |             if case .puppet = session?.op, selectedPin != nil { removeSelectedPin(); return true }
680 |             return false

/Users/rutmehta/Developer/tessera/.worktrees/M2-57/apps/mac/Sources/Tessera/Document/Transforms/TransformSelfTest.swift:460:16: warning: value 'id' was defined but never used; consider replacing with boolean test [#no-usage]
458 | 
459 |         // 395: position lock rejects geometry.
460 |         if let id = doc?.primary?.id {
    |                `- warning: value 'id' was defined but never used; consider replacing with boolean test [#no-usage]
461 |             doc?.toggleLock(.position)
462 |             await settle()
[154/218] Compiling Tessera VectorSelfTest.swift
/Users/rutmehta/Developer/tessera/.worktrees/M2-57/apps/mac/Sources/Tessera/Document/Transforms/DocumentTransforms.swift:676:21: warning: 'where' only applies to the second pattern match in this 'case'
674 |         let mods = e.modifierFlags.intersection(.deviceIndependentFlagsMask).subtracting([.numericPad, .function, .capsLock])
675 |         switch e.keyCode {
676 |         case 36, 76 where mods.isEmpty || mods == [.command]: apply(); return true
    |              |   |  `- warning: 'where' only applies to the second pattern match in this 'case'
    |              |   `- note: disambiguate by adding a line break between them if this is desired
    |              `- note: duplicate the 'where' on both patterns to check both patterns
677 |         case 53 where mods.isEmpty: cancel(); return true
678 |         case 51, 117 where mods.isEmpty:

/Users/rutmehta/Developer/tessera/.worktrees/M2-57/apps/mac/Sources/Tessera/Document/Transforms/DocumentTransforms.swift:678:22: warning: 'where' only applies to the second pattern match in this 'case'
676 |         case 36, 76 where mods.isEmpty || mods == [.command]: apply(); return true
677 |         case 53 where mods.isEmpty: cancel(); return true
678 |         case 51, 117 where mods.isEmpty:
    |              |   |   `- warning: 'where' only applies to the second pattern match in this 'case'
    |              |   `- note: disambiguate by adding a line break between them if this is desired
    |              `- note: duplicate the 'where' on both patterns to check both patterns
679 |             if case .puppet = session?.op, selectedPin != nil { removeSelectedPin(); return true }
680 |             return false

/Users/rutmehta/Developer/tessera/.worktrees/M2-57/apps/mac/Sources/Tessera/Document/Transforms/TransformSelfTest.swift:460:16: warning: value 'id' was defined but never used; consider replacing with boolean test [#no-usage]
458 | 
459 |         // 395: position lock rejects geometry.
460 |         if let id = doc?.primary?.id {
    |                `- warning: value 'id' was defined but never used; consider replacing with boolean test [#no-usage]
461 |             doc?.toggleLock(.position)
462 |             await settle()
[155/218] Compiling Tessera ExportController.swift
/Users/rutmehta/Developer/tessera/.worktrees/M2-57/apps/mac/Sources/Tessera/Document/Transforms/DocumentTransforms.swift:676:21: warning: 'where' only applies to the second pattern match in this 'case'
674 |         let mods = e.modifierFlags.intersection(.deviceIndependentFlagsMask).subtracting([.numericPad, .function, .capsLock])
675 |         switch e.keyCode {
676 |         case 36, 76 where mods.isEmpty || mods == [.command]: apply(); return true
    |              |   |  `- warning: 'where' only applies to the second pattern match in this 'case'
    |              |   `- note: disambiguate by adding a line break between them if this is desired
    |              `- note: duplicate the 'where' on both patterns to check both patterns
677 |         case 53 where mods.isEmpty: cancel(); return true
678 |         case 51, 117 where mods.isEmpty:

/Users/rutmehta/Developer/tessera/.worktrees/M2-57/apps/mac/Sources/Tessera/Document/Transforms/DocumentTransforms.swift:678:22: warning: 'where' only applies to the second pattern match in this 'case'
676 |         case 36, 76 where mods.isEmpty || mods == [.command]: apply(); return true
677 |         case 53 where mods.isEmpty: cancel(); return true
678 |         case 51, 117 where mods.isEmpty:
    |              |   |   `- warning: 'where' only applies to the second pattern match in this 'case'
    |              |   `- note: disambiguate by adding a line break between them if this is desired
    |              `- note: duplicate the 'where' on both patterns to check both patterns
679 |             if case .puppet = session?.op, selectedPin != nil { removeSelectedPin(); return true }
680 |             return false

/Users/rutmehta/Developer/tessera/.worktrees/M2-57/apps/mac/Sources/Tessera/Document/Transforms/TransformSelfTest.swift:460:16: warning: value 'id' was defined but never used; consider replacing with boolean test [#no-usage]
458 | 
459 |         // 395: position lock rejects geometry.
460 |         if let id = doc?.primary?.id {
    |                `- warning: value 'id' was defined but never used; consider replacing with boolean test [#no-usage]
461 |             doc?.toggleLock(.position)
462 |             await settle()
[156/218] Compiling Tessera ExportSheet.swift
[157/218] Compiling Tessera ExportWatermarkViews.swift
[158/218] Compiling Tessera ThumbnailBrowser.swift
[159/218] Compiling Tessera ThumbnailCell.swift
[160/218] Compiling Tessera UniformGridLayout.swift
[161/218] Compiling Tessera LightroomImportController.swift
[162/218] Compiling Tessera LightroomImportSheet.swift
[163/218] Compiling Tessera ColorWheelView.swift
[164/218] Compiling Tessera CurveEditorView.swift
[165/218] Compiling Tessera DetailPreviewView.swift
[166/218] Compiling Tessera DevelopPanels.swift
[167/218] Compiling Tessera HistogramView.swift
[168/218] Compiling Tessera LayerStyleEditors.swift
[169/218] Compiling Tessera LayerStyleInspector.swift
[170/218] Compiling Tessera LayerStyleMenus.swift
[171/218] Compiling Tessera LayerStyleOutline.swift
[172/218] Compiling Tessera StylesSelfTest.swift
[173/218] Compiling Tessera DocumentText.swift
[174/218] Compiling Tessera TextInputView.swift
[175/218] Compiling Tessera TextInspector.swift
[176/218] Compiling Tessera TextSelfTest.swift
[177/218] Compiling Tessera DocumentTools.swift
[178/218] Compiling Tessera ToolOverlayView.swift
[179/218] Compiling Tessera ToolsInspector.swift
[180/218] Compiling Tessera AISettingsView.swift
[181/218] Compiling Tessera AgentController.swift
[182/218] Compiling Tessera AgentPanels.swift
[183/218] Compiling Tessera AgentReviewSheet.swift
[184/218] Compiling Tessera AutoEditSheet.swift
[185/218] Compiling Tessera AppCommands.swift
[186/218] Compiling Tessera AppModel+Output.swift
[187/218] Compiling Tessera AppModel.swift
[188/218] Compiling Tessera Components.swift
[189/218] Compiling Tessera DevelopTools.swift
[190/218] Compiling Tessera KeyRouter.swift
[191/218] Compiling Tessera MaskTools.swift
[192/218] Compiling Tessera TesseraApp.swift
/Users/rutmehta/Developer/tessera/.worktrees/M2-57/apps/mac/Sources/Tessera/Document/AdjustmentEditors.swift:55:55: warning: passing non-Sendable parameter 'change' to function expecting a '@Sendable' closure
 52 |     }
 53 | 
 54 |     private func checkbox(_ title: String, _ on: Bool, _ key: String, _ change: @escaping (Bool) -> Void) -> some View {
    |                                                                         `- note: parameter 'change' is implicitly non-Sendable
 55 |         Toggle(title, isOn: Binding(get: { on }, set: change))
    |                                                       `- warning: passing non-Sendable parameter 'change' to function expecting a '@Sendable' closure
 56 |             .toggleStyle(.checkbox)
 57 |             .font(Theme.Fonts.caption)
[193/218] Compiling Tessera Theme.swift
/Users/rutmehta/Developer/tessera/.worktrees/M2-57/apps/mac/Sources/Tessera/Document/AdjustmentEditors.swift:55:55: warning: passing non-Sendable parameter 'change' to function expecting a '@Sendable' closure
 52 |     }
 53 | 
 54 |     private func checkbox(_ title: String, _ on: Bool, _ key: String, _ change: @escaping (Bool) -> Void) -> some View {
    |                                                                         `- note: parameter 'change' is implicitly non-Sendable
 55 |         Toggle(title, isOn: Binding(get: { on }, set: change))
    |                                                       `- warning: passing non-Sendable parameter 'change' to function expecting a '@Sendable' closure
 56 |             .toggleStyle(.checkbox)
 57 |             .font(Theme.Fonts.caption)
[194/218] Compiling Tessera TimingSelfTest.swift
/Users/rutmehta/Developer/tessera/.worktrees/M2-57/apps/mac/Sources/Tessera/Document/AdjustmentEditors.swift:55:55: warning: passing non-Sendable parameter 'change' to function expecting a '@Sendable' closure
 52 |     }
 53 | 
 54 |     private func checkbox(_ title: String, _ on: Bool, _ key: String, _ change: @escaping (Bool) -> Void) -> some View {
    |                                                                         `- note: parameter 'change' is implicitly non-Sendable
 55 |         Toggle(title, isOn: Binding(get: { on }, set: change))
    |                                                       `- warning: passing non-Sendable parameter 'change' to function expecting a '@Sendable' closure
 56 |             .toggleStyle(.checkbox)
 57 |             .font(Theme.Fonts.caption)
[195/218] Compiling Tessera CompareView.swift
/Users/rutmehta/Developer/tessera/.worktrees/M2-57/apps/mac/Sources/Tessera/Document/AdjustmentEditors.swift:55:55: warning: passing non-Sendable parameter 'change' to function expecting a '@Sendable' closure
 52 |     }
 53 | 
 54 |     private func checkbox(_ title: String, _ on: Bool, _ key: String, _ change: @escaping (Bool) -> Void) -> some View {
    |                                                                         `- note: parameter 'change' is implicitly non-Sendable
 55 |         Toggle(title, isOn: Binding(get: { on }, set: change))
    |                                                       `- warning: passing non-Sendable parameter 'change' to function expecting a '@Sendable' closure
 56 |             .toggleStyle(.checkbox)
 57 |             .font(Theme.Fonts.caption)
[196/218] Compiling Tessera AssistController.swift
/Users/rutmehta/Developer/tessera/.worktrees/M2-57/apps/mac/Sources/Tessera/Document/AdjustmentEditors.swift:55:55: warning: passing non-Sendable parameter 'change' to function expecting a '@Sendable' closure
 52 |     }
 53 | 
 54 |     private func checkbox(_ title: String, _ on: Bool, _ key: String, _ change: @escaping (Bool) -> Void) -> some View {
    |                                                                         `- note: parameter 'change' is implicitly non-Sendable
 55 |         Toggle(title, isOn: Binding(get: { on }, set: change))
    |                                                       `- warning: passing non-Sendable parameter 'change' to function expecting a '@Sendable' closure
 56 |             .toggleStyle(.checkbox)
 57 |             .font(Theme.Fonts.caption)
[197/218] Compiling Tessera AssistPanels.swift
/Users/rutmehta/Developer/tessera/.worktrees/M2-57/apps/mac/Sources/Tessera/Document/AdjustmentEditors.swift:55:55: warning: passing non-Sendable parameter 'change' to function expecting a '@Sendable' closure
 52 |     }
 53 | 
 54 |     private func checkbox(_ title: String, _ on: Bool, _ key: String, _ change: @escaping (Bool) -> Void) -> some View {
    |                                                                         `- note: parameter 'change' is implicitly non-Sendable
 55 |         Toggle(title, isOn: Binding(get: { on }, set: change))
    |                                                       `- warning: passing non-Sendable parameter 'change' to function expecting a '@Sendable' closure
 56 |             .toggleStyle(.checkbox)
 57 |             .font(Theme.Fonts.caption)
[198/218] Compiling Tessera DefectSweepSheet.swift
/Users/rutmehta/Developer/tessera/.worktrees/M2-57/apps/mac/Sources/Tessera/Document/AdjustmentEditors.swift:55:55: warning: passing non-Sendable parameter 'change' to function expecting a '@Sendable' closure
 52 |     }
 53 | 
 54 |     private func checkbox(_ title: String, _ on: Bool, _ key: String, _ change: @escaping (Bool) -> Void) -> some View {
    |                                                                         `- note: parameter 'change' is implicitly non-Sendable
 55 |         Toggle(title, isOn: Binding(get: { on }, set: change))
    |                                                       `- warning: passing non-Sendable parameter 'change' to function expecting a '@Sendable' closure
 56 |             .toggleStyle(.checkbox)
 57 |             .font(Theme.Fonts.caption)
[199/218] Compiling Tessera FaceStripView.swift
/Users/rutmehta/Developer/tessera/.worktrees/M2-57/apps/mac/Sources/Tessera/Document/AdjustmentEditors.swift:55:55: warning: passing non-Sendable parameter 'change' to function expecting a '@Sendable' closure
 52 |     }
 53 | 
 54 |     private func checkbox(_ title: String, _ on: Bool, _ key: String, _ change: @escaping (Bool) -> Void) -> some View {
    |                                                                         `- note: parameter 'change' is implicitly non-Sendable
 55 |         Toggle(title, isOn: Binding(get: { on }, set: change))
    |                                                       `- warning: passing non-Sendable parameter 'change' to function expecting a '@Sendable' closure
 56 |             .toggleStyle(.checkbox)
 57 |             .font(Theme.Fonts.caption)
[200/218] Compiling Tessera AdjustmentEditors.swift
/Users/rutmehta/Developer/tessera/.worktrees/M2-57/apps/mac/Sources/Tessera/Document/AdjustmentEditors.swift:55:55: warning: passing non-Sendable parameter 'change' to function expecting a '@Sendable' closure
 52 |     }
 53 | 
 54 |     private func checkbox(_ title: String, _ on: Bool, _ key: String, _ change: @escaping (Bool) -> Void) -> some View {
    |                                                                         `- note: parameter 'change' is implicitly non-Sendable
 55 |         Toggle(title, isOn: Binding(get: { on }, set: change))
    |                                                       `- warning: passing non-Sendable parameter 'change' to function expecting a '@Sendable' closure
 56 |             .toggleStyle(.checkbox)
 57 |             .font(Theme.Fonts.caption)
[201/218] Compiling Tessera ChannelOverlay.swift
/Users/rutmehta/Developer/tessera/.worktrees/M2-57/apps/mac/Sources/Tessera/Document/AdjustmentEditors.swift:55:55: warning: passing non-Sendable parameter 'change' to function expecting a '@Sendable' closure
 52 |     }
 53 | 
 54 |     private func checkbox(_ title: String, _ on: Bool, _ key: String, _ change: @escaping (Bool) -> Void) -> some View {
    |                                                                         `- note: parameter 'change' is implicitly non-Sendable
 55 |         Toggle(title, isOn: Binding(get: { on }, set: change))
    |                                                       `- warning: passing non-Sendable parameter 'change' to function expecting a '@Sendable' closure
 56 |             .toggleStyle(.checkbox)
 57 |             .font(Theme.Fonts.caption)
[202/218] Compiling Tessera ChannelSheets.swift
/Users/rutmehta/Developer/tessera/.worktrees/M2-57/apps/mac/Sources/Tessera/Document/AdjustmentEditors.swift:55:55: warning: passing non-Sendable parameter 'change' to function expecting a '@Sendable' closure
 52 |     }
 53 | 
 54 |     private func checkbox(_ title: String, _ on: Bool, _ key: String, _ change: @escaping (Bool) -> Void) -> some View {
    |                                                                         `- note: parameter 'change' is implicitly non-Sendable
 55 |         Toggle(title, isOn: Binding(get: { on }, set: change))
    |                                                       `- warning: passing non-Sendable parameter 'change' to function expecting a '@Sendable' closure
 56 |             .toggleStyle(.checkbox)
 57 |             .font(Theme.Fonts.caption)
[203/218] Compiling Tessera ChannelsPanel.swift
/Users/rutmehta/Developer/tessera/.worktrees/M2-57/apps/mac/Sources/Tessera/Document/AdjustmentEditors.swift:55:55: warning: passing non-Sendable parameter 'change' to function expecting a '@Sendable' closure
 52 |     }
 53 | 
 54 |     private func checkbox(_ title: String, _ on: Bool, _ key: String, _ change: @escaping (Bool) -> Void) -> some View {
    |                                                                         `- note: parameter 'change' is implicitly non-Sendable
 55 |         Toggle(title, isOn: Binding(get: { on }, set: change))
    |                                                       `- warning: passing non-Sendable parameter 'change' to function expecting a '@Sendable' closure
 56 |             .toggleStyle(.checkbox)
 57 |             .font(Theme.Fonts.caption)
[204/218] Compiling Tessera EnhanceSheet.swift
[205/218] Compiling Tessera PhotoMenu.swift
[206/218] Compiling Tessera PhotoMergeSheet.swift
[207/218] Compiling Tessera PrintComposer.swift
[208/218] Compiling Tessera PrintController.swift
[209/218] Compiling Tessera PrintSheet.swift
[210/218] Compiling Tessera ModelDownloadsSettingsSection.swift
[211/218] Compiling Tessera ContentView.swift
[212/218] Compiling Tessera ShellLayout.swift
[213/218] Compiling Tessera SidebarView.swift
[214/218] Compiling Tessera TetherController.swift
[215/218] Compiling Tessera TetherPanel.swift
[215/219] Write Objects.LinkFileList
ld: warning: object file (/Users/rutmehta/Developer/tessera/.worktrees/M2-57/apps/mac/build/ffi/libtessera_ffi.a[2845](a1edd97dd51cd48d-blake3_neon.o)) was built for newer 'macOS' version (26.5) than being linked (15.0)
[216/219] Linking Tessera
[217/219] Applying Tessera
[219/222] Compiling TesseraCoreTests ThumbnailViewportTests.swift
[220/222] Compiling TesseraCoreTests IncrementalLibraryTests.swift
[221/222] Emitting module TesseraCoreTests
[221/223] Write Objects.LinkFileList
ld: warning: object file (/Users/rutmehta/Developer/tessera/.worktrees/M2-57/apps/mac/build/ffi/libtessera_ffi.a[2845](a1edd97dd51cd48d-blake3_neon.o)) was built for newer 'macOS' version (26.5) than being linked (15.0)
[222/223] Linking TesseraPackageTests
Build complete! (56.80s)
Test Suite 'Selected tests' started at 2026-09-27 07:16:31.485.
Test Suite 'TesseraPackageTests.xctest' started at 2026-09-27 07:16:31.487.
Test Suite 'LibraryResponsivenessTests' started at 2026-09-27 07:16:31.487.
Test Case '-[TesseraCoreTests.LibraryResponsivenessTests testWarmBottomHundredCellConfiguration]' started.
Test Case '-[TesseraCoreTests.LibraryResponsivenessTests testWarmBottomHundredCellConfiguration]' passed (17.474 seconds).
Test Suite 'LibraryResponsivenessTests' passed at 2026-09-27 07:16:48.961.
	 Executed 1 test, with 0 failures (0 unexpected) in 17.474 (17.474) seconds
Test Suite 'PreviewEventsTests' started at 2026-09-27 07:16:48.961.
Test Case '-[TesseraCoreTests.PreviewEventsTests testCacheDoesNotAliasReusedDenseItemIDs]' started.
Test Case '-[TesseraCoreTests.PreviewEventsTests testCacheDoesNotAliasReusedDenseItemIDs]' passed (0.003 seconds).
Test Case '-[TesseraCoreTests.PreviewEventsTests testCacheKeysRemainRetrievableAcrossManyRequests]' started.
Test Case '-[TesseraCoreTests.PreviewEventsTests testCacheKeysRemainRetrievableAcrossManyRequests]' passed (0.293 seconds).
Test Case '-[TesseraCoreTests.PreviewEventsTests testCancelledTaskStopsWaitingWithoutAnEvent]' started.
Test Case '-[TesseraCoreTests.PreviewEventsTests testCancelledTaskStopsWaitingWithoutAnEvent]' passed (0.000 seconds).
Test Case '-[TesseraCoreTests.PreviewEventsTests testCancellingOneSubscriberDoesNotRemoveAnother]' started.
Test Case '-[TesseraCoreTests.PreviewEventsTests testCancellingOneSubscriberDoesNotRemoveAnother]' passed (0.001 seconds).
Test Case '-[TesseraCoreTests.PreviewEventsTests testConcurrentDeliveriesPublishBeforeCallbackAndEvictOlderImages]' started.
Test Case '-[TesseraCoreTests.PreviewEventsTests testConcurrentDeliveriesPublishBeforeCallbackAndEvictOlderImages]' passed (0.006 seconds).
Test Case '-[TesseraCoreTests.PreviewEventsTests testInvalidationCancelsInFlightRequestsForBothTiersOnlyForThatItem]' started.
Test Case '-[TesseraCoreTests.PreviewEventsTests testInvalidationCancelsInFlightRequestsForBothTiersOnlyForThatItem]' passed (0.002 seconds).
Test Case '-[TesseraCoreTests.PreviewEventsTests testOverBudgetImageIsCachedBeforeDelivery]' started.
Test Case '-[TesseraCoreTests.PreviewEventsTests testOverBudgetImageIsCachedBeforeDelivery]' passed (0.002 seconds).
Test Case '-[TesseraCoreTests.PreviewEventsTests testReadyBeforeWaitIsBufferedAndFiltered]' started.
Test Case '-[TesseraCoreTests.PreviewEventsTests testReadyBeforeWaitIsBufferedAndFiltered]' passed (0.001 seconds).
Test Case '-[TesseraCoreTests.PreviewEventsTests testRemoveAllPreventsLateDeliveryAndCacheRepopulation]' started.
Test Case '-[TesseraCoreTests.PreviewEventsTests testRemoveAllPreventsLateDeliveryAndCacheRepopulation]' passed (0.001 seconds).
Test Case '-[TesseraCoreTests.PreviewEventsTests testUnrelatedEventsDoNotWakeSubscriber]' started.
Test Case '-[TesseraCoreTests.PreviewEventsTests testUnrelatedEventsDoNotWakeSubscriber]' passed (0.000 seconds).
Test Suite 'PreviewEventsTests' passed at 2026-09-27 07:16:49.272.
	 Executed 10 tests, with 0 failures (0 unexpected) in 0.309 (0.311) seconds
Test Suite 'ThumbnailQueueTests' started at 2026-09-27 07:16:49.272.
Test Case '-[TesseraCoreTests.ThumbnailQueueTests testCancelAndImmediatelyResubscribeDoesNotOverlapSameKey]' started.
Test Case '-[TesseraCoreTests.ThumbnailQueueTests testCancelAndImmediatelyResubscribeDoesNotOverlapSameKey]' passed (0.002 seconds).
Test Case '-[TesseraCoreTests.ThumbnailQueueTests testCancellingSharedSubscriberKeepsOtherTierAndSubscriber]' started.
Test Case '-[TesseraCoreTests.ThumbnailQueueTests testCancellingSharedSubscriberKeepsOtherTierAndSubscriber]' passed (0.017 seconds).
Test Case '-[TesseraCoreTests.ThumbnailQueueTests testGridAndFilmstripShareOneDecodedImage]' started.
Test Case '-[TesseraCoreTests.ThumbnailQueueTests testGridAndFilmstripShareOneDecodedImage]' passed (0.003 seconds).
Test Case '-[TesseraCoreTests.ThumbnailQueueTests testLateSubscriberAfterCacheEvictionStillReceivesResult]' started.
Test Case '-[TesseraCoreTests.ThumbnailQueueTests testLateSubscriberAfterCacheEvictionStillReceivesResult]' passed (0.002 seconds).
Test Case '-[TesseraCoreTests.ThumbnailQueueTests testLoupeIsNextAdmissionAheadOfThumbnailBacklog]' started.
Test Case '-[TesseraCoreTests.ThumbnailQueueTests testLoupeIsNextAdmissionAheadOfThumbnailBacklog]' passed (0.018 seconds).
Test Case '-[TesseraCoreTests.ThumbnailQueueTests testMixedTiersShareViewportPendingBudget]' started.
Test Case '-[TesseraCoreTests.ThumbnailQueueTests testMixedTiersShareViewportPendingBudget]' passed (0.001 seconds).
Test Case '-[TesseraCoreTests.ThumbnailQueueTests testPendingCancellationRemovesSubscriberSynchronously]' started.
Test Case '-[TesseraCoreTests.ThumbnailQueueTests testPendingCancellationRemovesSubscriberSynchronously]' passed (0.001 seconds).
Test Case '-[TesseraCoreTests.ThumbnailQueueTests testReentrantInvalidationPreventsOtherSharedDeliveryAndCanReload]' started.
Test Case '-[TesseraCoreTests.ThumbnailQueueTests testReentrantInvalidationPreventsOtherSharedDeliveryAndCanReload]' passed (0.002 seconds).
Test Case '-[TesseraCoreTests.ThumbnailQueueTests testTwentyThousandRequestsKeepOnlyNewestBoundedBacklog]' started.
Test Case '-[TesseraCoreTests.ThumbnailQueueTests testTwentyThousandRequestsKeepOnlyNewestBoundedBacklog]' passed (4.507 seconds).
Test Case '-[TesseraCoreTests.ThumbnailQueueTests testTwentyThousandReversalDeliversOnlyFinalViewport]' started.
Test Case '-[TesseraCoreTests.ThumbnailQueueTests testTwentyThousandReversalDeliversOnlyFinalViewport]' passed (4.955 seconds).
Test Case '-[TesseraCoreTests.ThumbnailQueueTests testViewportOwnersResizeAndReleaseBound]' started.
Test Case '-[TesseraCoreTests.ThumbnailQueueTests testViewportOwnersResizeAndReleaseBound]' passed (0.007 seconds).
Test Suite 'ThumbnailQueueTests' passed at 2026-09-27 07:16:58.789.
	 Executed 11 tests, with 0 failures (0 unexpected) in 9.514 (9.517) seconds
Test Suite 'ThumbnailViewportTests' started at 2026-09-27 07:16:58.789.
Test Case '-[TesseraCoreTests.ThumbnailViewportTests testHiddenRetainedGridDoesNotContributeViewportBudget]' started.
Test Case '-[TesseraCoreTests.ThumbnailViewportTests testHiddenRetainedGridDoesNotContributeViewportBudget]' passed (0.006 seconds).
Test Suite 'ThumbnailViewportTests' passed at 2026-09-27 07:16:58.795.
	 Executed 1 test, with 0 failures (0 unexpected) in 0.006 (0.007) seconds
Test Suite 'TesseraPackageTests.xctest' passed at 2026-09-27 07:16:58.795.
	 Executed 23 tests, with 0 failures (0 unexpected) in 27.303 (27.308) seconds
Test Suite 'Selected tests' passed at 2026-09-27 07:16:58.795.
	 Executed 23 tests, with 0 failures (0 unexpected) in 27.303 (27.310) seconds
M2-54 warm_bottom_100 count=1000 before_median_ms=19.791007041931152 median_ms=0.1970529556274414 max_ms=9.156942367553711
M2-54 warm_bottom_100 count=20000 before_median_ms=565.1569366455078 median_ms=0.19097328186035156 max_ms=41.40293598175049
M2-54 warm_bottom_100 ratio=0.969147005444646 target=1.2
P08 20k retained subscribers: 68
P08 20k forward/reverse: peak pending=24, active=4, subscribers=24, delivered=24, traceMs=4949.924374930561
◇ Test run started.
↳ Testing Library Version: 1902
↳ Target Platform: arm64e-apple-macos14.0
✔ Test run with 0 tests in 0 suites passed after 0.001 seconds.
