[0/1] Planning build
Building for debugging...
[0/6] Write sources
[2/6] Write swift-version--58304C5D6DBC2206.txt
[4/7] Emitting module TesseraCore
[4/9] Write Objects.LinkFileList
ld: warning: object file (/Users/rutmehta/Developer/tessera/.worktrees/M2-57/apps/mac/build/ffi/libtessera_ffi.a[2845](a1edd97dd51cd48d-blake3_neon.o)) was built for newer 'macOS' version (26.5) than being linked (15.0)
[5/9] Linking Tessera
[6/11] Applying Tessera
[8/11] Compiling TesseraCoreTests ThumbnailQueueTests.swift
[9/11] Emitting module TesseraCoreTests
[9/11] Write Objects.LinkFileList
ld: warning: object file (/Users/rutmehta/Developer/tessera/.worktrees/M2-57/apps/mac/build/ffi/libtessera_ffi.a[2845](a1edd97dd51cd48d-blake3_neon.o)) was built for newer 'macOS' version (26.5) than being linked (15.0)
[10/11] Linking TesseraPackageTests
Build complete! (40.67s)
Test Suite 'Selected tests' started at 2026-09-27 06:54:19.072.
Test Suite 'TesseraPackageTests.xctest' started at 2026-09-27 06:54:19.075.
Test Suite 'ThumbnailQueueTests' started at 2026-09-27 06:54:19.075.
Test Case '-[TesseraCoreTests.ThumbnailQueueTests testLoupeIsNextAdmissionAheadOfThumbnailBacklog]' started.
/Users/rutmehta/Developer/tessera/.worktrees/M2-57/apps/mac/Tests/TesseraCoreTests/ThumbnailQueueTests.swift:39: error: -[TesseraCoreTests.ThumbnailQueueTests testLoupeIsNextAdmissionAheadOfThumbnailBacklog] : XCTAssertEqual failed: ("[0, 1, 2]") is not equal to ("[0, 2, 1]")
Test Case '-[TesseraCoreTests.ThumbnailQueueTests testLoupeIsNextAdmissionAheadOfThumbnailBacklog]' failed (6.117 seconds).
Test Case '-[TesseraCoreTests.ThumbnailQueueTests testMixedTiersShareViewportPendingBudget]' started.
/Users/rutmehta/Developer/tessera/.worktrees/M2-57/apps/mac/Tests/TesseraCoreTests/ThumbnailQueueTests.swift:49: error: -[TesseraCoreTests.ThumbnailQueueTests testMixedTiersShareViewportPendingBudget] : XCTAssertLessThanOrEqual failed: ("6") is greater than ("4")
Test Case '-[TesseraCoreTests.ThumbnailQueueTests testMixedTiersShareViewportPendingBudget]' failed (0.002 seconds).
Test Suite 'ThumbnailQueueTests' failed at 2026-09-27 06:54:25.195.
	 Executed 2 tests, with 2 failures (0 unexpected) in 6.119 (6.119) seconds
Test Suite 'TesseraPackageTests.xctest' failed at 2026-09-27 06:54:25.195.
	 Executed 2 tests, with 2 failures (0 unexpected) in 6.119 (6.119) seconds
Test Suite 'Selected tests' failed at 2026-09-27 06:54:25.195.
	 Executed 2 tests, with 2 failures (0 unexpected) in 6.119 (6.122) seconds
◇ Test run started.
↳ Testing Library Version: 1902
↳ Target Platform: arm64e-apple-macos14.0
✔ Test run with 0 tests in 0 suites passed after 0.001 seconds.
