Another instance of SwiftPM (PID: 34216) is already running using '/Users/rutmehta/Developer/tessera/.worktrees/M2-57/apps/mac/.build', waiting until that process has finished execution...Building for debugging...
[0/1] Planning build
[0/6] Write sources
[1/6] Write swift-version--58304C5D6DBC2206.txt
[3/46] Compiling TesseraCoreTests LibraryTests.swift
[4/46] Compiling TesseraCoreTests LightroomImportTests.swift
[5/46] Compiling TesseraCoreTests MaskingTests.swift
[6/46] Compiling TesseraCoreTests ModelDepthExportTests.swift
[7/50] Compiling TesseraCoreTests DocumentAdjustmentAnalysisTests.swift
[8/50] Compiling TesseraCoreTests DocumentAdjustmentJSONTests.swift
[9/50] Compiling TesseraCoreTests DocumentChannelsTests.swift
[10/50] Compiling TesseraCoreTests DocumentFiltersTests.swift
[11/50] Compiling TesseraCoreTests DocumentInspectorLayoutTests.swift
[12/50] Compiling TesseraCoreTests KeywordSuggestionsTests.swift
[13/50] Compiling TesseraCoreTests LayoutContractTests.swift
[14/50] Compiling TesseraCoreTests LazyLoupeTests.swift
[15/50] Compiling TesseraCoreTests LibraryResponsivenessTests.swift
[16/50] Compiling TesseraCoreTests DocumentTextTests.swift
[17/50] Compiling TesseraCoreTests DocumentToolsTests.swift
[18/50] Compiling TesseraCoreTests DocumentTransformTests.swift
[19/50] Compiling TesseraCoreTests DocumentVectorTests.swift
[20/50] Compiling TesseraCoreTests EDRPresentationTests.swift
[21/50] Emitting module TesseraCoreTests
[22/50] Compiling TesseraCoreTests EngineDocumentBackendTests.swift
/Users/rutmehta/Developer/tessera/.worktrees/M2-57/apps/mac/Tests/TesseraCoreTests/EngineDocumentBackendTests.swift:190:54: warning: capture of 'self' with non-Sendable type 'EngineDocumentBackendTests' in a '@Sendable' closure [#SendableClosureCaptures]
  9 | /// history ids, listener coalescing, a real `DocumentSession` behind `DocumentBackend`, and the
 10 | /// workspace's engine-vs-stub choice.
 11 | final class EngineDocumentBackendTests: XCTestCase {
    |             `- note: class 'EngineDocumentBackendTests' does not conform to the 'Sendable' protocol
 12 |     private func temp() throws -> URL {
 13 |         let dir = FileManager.default.temporaryDirectory.appendingPathComponent("engine-doc-\(UUID().uuidString)")
    :
188 |         let done = expectation(description: "delivered")
189 |         DispatchQueue.global().async {
190 |             for e in 1...20 { adapter.onFrame(frame: self.frameInfo(epoch: UInt64(e))) }
    |                                                      `- warning: capture of 'self' with non-Sendable type 'EngineDocumentBackendTests' in a '@Sendable' closure [#SendableClosureCaptures]
191 |             DispatchQueue.main.async { done.fulfill() }
192 |         }

[#SendableClosureCaptures]: <https://docs.swift.org/compiler/documentation/diagnostics/sendable-closure-captures>
[23/50] Compiling TesseraCoreTests ExportFormatsWatermarkTests.swift
/Users/rutmehta/Developer/tessera/.worktrees/M2-57/apps/mac/Tests/TesseraCoreTests/EngineDocumentBackendTests.swift:190:54: warning: capture of 'self' with non-Sendable type 'EngineDocumentBackendTests' in a '@Sendable' closure [#SendableClosureCaptures]
  9 | /// history ids, listener coalescing, a real `DocumentSession` behind `DocumentBackend`, and the
 10 | /// workspace's engine-vs-stub choice.
 11 | final class EngineDocumentBackendTests: XCTestCase {
    |             `- note: class 'EngineDocumentBackendTests' does not conform to the 'Sendable' protocol
 12 |     private func temp() throws -> URL {
 13 |         let dir = FileManager.default.temporaryDirectory.appendingPathComponent("engine-doc-\(UUID().uuidString)")
    :
188 |         let done = expectation(description: "delivered")
189 |         DispatchQueue.global().async {
190 |             for e in 1...20 { adapter.onFrame(frame: self.frameInfo(epoch: UInt64(e))) }
    |                                                      `- warning: capture of 'self' with non-Sendable type 'EngineDocumentBackendTests' in a '@Sendable' closure [#SendableClosureCaptures]
191 |             DispatchQueue.main.async { done.fulfill() }
192 |         }

[#SendableClosureCaptures]: <https://docs.swift.org/compiler/documentation/diagnostics/sendable-closure-captures>
[24/50] Compiling TesseraCoreTests ExportPrintTests.swift
/Users/rutmehta/Developer/tessera/.worktrees/M2-57/apps/mac/Tests/TesseraCoreTests/EngineDocumentBackendTests.swift:190:54: warning: capture of 'self' with non-Sendable type 'EngineDocumentBackendTests' in a '@Sendable' closure [#SendableClosureCaptures]
  9 | /// history ids, listener coalescing, a real `DocumentSession` behind `DocumentBackend`, and the
 10 | /// workspace's engine-vs-stub choice.
 11 | final class EngineDocumentBackendTests: XCTestCase {
    |             `- note: class 'EngineDocumentBackendTests' does not conform to the 'Sendable' protocol
 12 |     private func temp() throws -> URL {
 13 |         let dir = FileManager.default.temporaryDirectory.appendingPathComponent("engine-doc-\(UUID().uuidString)")
    :
188 |         let done = expectation(description: "delivered")
189 |         DispatchQueue.global().async {
190 |             for e in 1...20 { adapter.onFrame(frame: self.frameInfo(epoch: UInt64(e))) }
    |                                                      `- warning: capture of 'self' with non-Sendable type 'EngineDocumentBackendTests' in a '@Sendable' closure [#SendableClosureCaptures]
191 |             DispatchQueue.main.async { done.fulfill() }
192 |         }

[#SendableClosureCaptures]: <https://docs.swift.org/compiler/documentation/diagnostics/sendable-closure-captures>
[25/50] Compiling TesseraCoreTests IncrementalLibraryTests.swift
/Users/rutmehta/Developer/tessera/.worktrees/M2-57/apps/mac/Tests/TesseraCoreTests/EngineDocumentBackendTests.swift:190:54: warning: capture of 'self' with non-Sendable type 'EngineDocumentBackendTests' in a '@Sendable' closure [#SendableClosureCaptures]
  9 | /// history ids, listener coalescing, a real `DocumentSession` behind `DocumentBackend`, and the
 10 | /// workspace's engine-vs-stub choice.
 11 | final class EngineDocumentBackendTests: XCTestCase {
    |             `- note: class 'EngineDocumentBackendTests' does not conform to the 'Sendable' protocol
 12 |     private func temp() throws -> URL {
 13 |         let dir = FileManager.default.temporaryDirectory.appendingPathComponent("engine-doc-\(UUID().uuidString)")
    :
188 |         let done = expectation(description: "delivered")
189 |         DispatchQueue.global().async {
190 |             for e in 1...20 { adapter.onFrame(frame: self.frameInfo(epoch: UInt64(e))) }
    |                                                      `- warning: capture of 'self' with non-Sendable type 'EngineDocumentBackendTests' in a '@Sendable' closure [#SendableClosureCaptures]
191 |             DispatchQueue.main.async { done.fulfill() }
192 |         }

[#SendableClosureCaptures]: <https://docs.swift.org/compiler/documentation/diagnostics/sendable-closure-captures>
[26/50] Compiling TesseraCoreTests KeyFocusTests.swift
/Users/rutmehta/Developer/tessera/.worktrees/M2-57/apps/mac/Tests/TesseraCoreTests/EngineDocumentBackendTests.swift:190:54: warning: capture of 'self' with non-Sendable type 'EngineDocumentBackendTests' in a '@Sendable' closure [#SendableClosureCaptures]
  9 | /// history ids, listener coalescing, a real `DocumentSession` behind `DocumentBackend`, and the
 10 | /// workspace's engine-vs-stub choice.
 11 | final class EngineDocumentBackendTests: XCTestCase {
    |             `- note: class 'EngineDocumentBackendTests' does not conform to the 'Sendable' protocol
 12 |     private func temp() throws -> URL {
 13 |         let dir = FileManager.default.temporaryDirectory.appendingPathComponent("engine-doc-\(UUID().uuidString)")
    :
188 |         let done = expectation(description: "delivered")
189 |         DispatchQueue.global().async {
190 |             for e in 1...20 { adapter.onFrame(frame: self.frameInfo(epoch: UInt64(e))) }
    |                                                      `- warning: capture of 'self' with non-Sendable type 'EngineDocumentBackendTests' in a '@Sendable' closure [#SendableClosureCaptures]
191 |             DispatchQueue.main.async { done.fulfill() }
192 |         }

[#SendableClosureCaptures]: <https://docs.swift.org/compiler/documentation/diagnostics/sendable-closure-captures>
[27/50] Compiling TesseraCoreTests DocumentKeyRoutingTests.swift
[28/50] Compiling TesseraCoreTests DocumentModeTests.swift
[29/50] Compiling TesseraCoreTests DocumentRetouchTests.swift
[30/50] Compiling TesseraCoreTests DocumentStylesTests.swift
[31/50] Compiling TesseraCoreTests DocumentTextSessionTests.swift
[32/50] Compiling TesseraCoreTests PeopleLayoutTests.swift
[33/50] Compiling TesseraCoreTests PeopleTests.swift
[34/50] Compiling TesseraCoreTests PerformanceTraceTests.swift
[35/50] Compiling TesseraCoreTests PhotoMergeEnhanceTests.swift
[36/50] Compiling TesseraCoreTests AssistTests.swift
[37/50] Compiling TesseraCoreTests BridgeTests.swift
[38/50] Compiling TesseraCoreTests CoreTests.swift
[39/50] Compiling TesseraCoreTests DevelopPanelsTests.swift
[40/50] Compiling TesseraCoreTests DevelopTests.swift
[41/50] Compiling TesseraCoreTests PreviewEventsTests.swift
[42/50] Compiling TesseraCoreTests ShellLayoutHarness.swift
[43/50] Compiling TesseraCoreTests ShellLayoutTests.swift
[44/50] Compiling TesseraCoreTests TetherTests.swift
[45/50] Compiling TesseraCoreTests ThemeLintTests.swift
[46/50] Compiling TesseraCoreTests ThumbnailQueueTests.swift
[47/50] Compiling TesseraCoreTests ThumbnailViewportTests.swift
[48/50] Compiling TesseraCoreTests TransformLensBlurTests.swift
[49/52] Compiling TesseraPackageTests runner.swift
[50/52] Emitting module TesseraPackageTests
[50/52] Write Objects.LinkFileList
ld: warning: object file (/Users/rutmehta/Developer/tessera/.worktrees/M2-57/apps/mac/build/ffi/libtessera_ffi.a[2845](a1edd97dd51cd48d-blake3_neon.o)) was built for newer 'macOS' version (26.5) than being linked (15.0)
[51/52] Linking TesseraPackageTests
Build complete! (16.34s)
Test Suite 'Selected tests' started at 2026-09-27 07:14:12.632.
Test Suite 'TesseraPackageTests.xctest' started at 2026-09-27 07:14:12.633.
Test Suite 'ThumbnailViewportTests' started at 2026-09-27 07:14:12.633.
Test Case '-[TesseraCoreTests.ThumbnailViewportTests testHiddenRetainedGridDoesNotContributeViewportBudget]' started.
/Users/rutmehta/Developer/tessera/.worktrees/M2-57/apps/mac/Tests/TesseraCoreTests/ThumbnailViewportTests.swift:19: error: -[TesseraCoreTests.ThumbnailViewportTests testHiddenRetainedGridDoesNotContributeViewportBudget] : XCTAssertEqual failed: ("40") is not equal to ("0") - opacity-hidden grid is retained, but is not a current viewport
Test Case '-[TesseraCoreTests.ThumbnailViewportTests testHiddenRetainedGridDoesNotContributeViewportBudget]' failed (2.978 seconds).
Test Suite 'ThumbnailViewportTests' failed at 2026-09-27 07:14:15.612.
	 Executed 1 test, with 1 failure (0 unexpected) in 2.978 (2.979) seconds
Test Suite 'TesseraPackageTests.xctest' failed at 2026-09-27 07:14:15.612.
	 Executed 1 test, with 1 failure (0 unexpected) in 2.978 (2.979) seconds
Test Suite 'Selected tests' failed at 2026-09-27 07:14:15.612.
	 Executed 1 test, with 1 failure (0 unexpected) in 2.978 (2.980) seconds
◇ Test run started.
↳ Testing Library Version: 1902
↳ Target Platform: arm64e-apple-macos14.0
✔ Test run with 0 tests in 0 suites passed after 0.001 seconds.
