   Compiling arrayvec v0.7.8
   Compiling num-traits v0.2.19
   Compiling crc32fast v1.5.2
   Compiling syn v3.0.6
   Compiling syn v2.0.119
   Compiling simd-adler32 v0.3.10
   Compiling bytemuck v1.25.2
   Compiling cc v1.5.1
   Compiling getrandom v0.3.4
   Compiling once_cell v1.21.4
   Compiling miniz_oxide v0.9.1
   Compiling rand_core v0.9.5
   Compiling tempfile v3.27.0
   Compiling wait-timeout v0.2.1
   Compiling tiny-skia-path v0.11.4
   Compiling bit-vec v0.8.0
   Compiling quick-error v1.2.3
   Compiling fnv v1.0.7
   Compiling bit-set v0.8.0
   Compiling rusty-fork v0.3.1
   Compiling rand_xorshift v0.4.0
   Compiling tiny-skia v0.11.4
   Compiling rand v0.9.5
   Compiling flate2 v1.1.10
   Compiling regex-syntax v0.8.11
   Compiling unarray v0.1.4
   Compiling psd v0.1.0 (/Users/rutmehta/Developer/tessera/.worktrees/M2-45d/crates/psd)
   Compiling blake3 v1.8.7
   Compiling serde_derive v1.0.229
   Compiling thiserror-impl v2.0.21
   Compiling zerocopy-derive v0.8.59
   Compiling thiserror v2.0.21
   Compiling zerocopy v0.8.59
   Compiling serde v1.0.229
   Compiling euclid v0.22.14
   Compiling smallvec v1.16.2
   Compiling kurbo v0.11.3
   Compiling rustybuzz v0.20.1
   Compiling lyon_geom v1.0.19
   Compiling lyon_path v1.0.19
   Compiling lyon_tessellation v1.0.22
   Compiling lyon_algorithms v1.0.21
   Compiling typography v0.1.0 (/Users/rutmehta/Developer/tessera/.worktrees/M2-45d/crates/typography)
   Compiling ppv-lite86 v0.2.21
   Compiling half v2.7.1
   Compiling rand_chacha v0.9.0
   Compiling proptest v1.11.0
   Compiling lyon v1.0.19
   Compiling vector v0.1.0 (/Users/rutmehta/Developer/tessera/.worktrees/M2-45d/crates/vector)
   Compiling engine-api v0.1.0 (/Users/rutmehta/Developer/tessera/.worktrees/M2-45d/crates/engine-api)
   Compiling sidecar v0.1.0 (/Users/rutmehta/Developer/tessera/.worktrees/M2-45d/crates/sidecar)
error[E0599]: no method named `with_overlay` found for struct `XmpPacket` in the current scope
  --> crates/sidecar/tests/native_keywords.rs:33:25
   |
33 |     let merged=embedded.with_overlay(&overlay).unwrap();
   |                         ^^^^^^^^^^^^ method not found in `XmpPacket`

For more information about this error, try `rustc --explain E0599`.
error: could not compile `sidecar` (test "native_keywords") due to 1 previous error
