Test Suite 'Selected tests' started at 2026-09-27 05:59:10.514.
Test Suite 'TesseraPackageTests.xctest' started at 2026-09-27 05:59:10.515.
Test Suite 'DocumentVectorTests' started at 2026-09-27 05:59:10.515.
Test Case '-[TesseraCoreTests.DocumentVectorTests testToolRoutingKeysAndGroups]' started.
/Users/rutmehta/Developer/lightroom/.worktrees/B5-11b/apps/mac/Tests/TesseraCoreTests/DocumentVectorTests.swift:325: error: -[TesseraCoreTests.DocumentVectorTests testToolRoutingKeysAndGroups] : XCTAssertEqual failed: ("Optional(TesseraCore.ToolKeyAction.tool(TesseraCore.DocumentTool.pathSelect))") is not equal to ("Optional(TesseraCore.ToolKeyAction.tool(TesseraCore.DocumentTool.directSelect))")
/Users/rutmehta/Developer/lightroom/.worktrees/B5-11b/apps/mac/Tests/TesseraCoreTests/DocumentVectorTests.swift:326: error: -[TesseraCoreTests.DocumentVectorTests testToolRoutingKeysAndGroups] : XCTAssertEqual failed: ("Optional(TesseraCore.ToolKeyAction.tool(TesseraCore.DocumentTool.directSelect))") is not equal to ("Optional(TesseraCore.ToolKeyAction.tool(TesseraCore.DocumentTool.pathSelect))")
Test Case '-[TesseraCoreTests.DocumentVectorTests testToolRoutingKeysAndGroups]' failed (0.659 seconds).
Test Suite 'DocumentVectorTests' failed at 2026-09-27 05:59:11.174.
	 Executed 1 test, with 2 failures (0 unexpected) in 0.659 (0.659) seconds
Test Suite 'DocumentVectorVerifyFixesTests' started at 2026-09-27 05:59:11.174.
Test Case '-[TesseraCoreTests.DocumentVectorVerifyFixesTests testAutoNamedTextLayerNameFollowsItsFirstLine]' started.
/Users/rutmehta/Developer/lightroom/.worktrees/B5-11b/apps/mac/Tests/TesseraCoreTests/DocumentVectorVerifyFixesTests.swift:417: error: -[TesseraCoreTests.DocumentVectorVerifyFixesTests testAutoNamedTextLayerNameFollowsItsFirstLine] : XCTAssertEqual failed: ("Optional("Hi")") is not equal to ("Optional("HiZQ")") - the auto name follows the text
Test Case '-[TesseraCoreTests.DocumentVectorVerifyFixesTests testAutoNamedTextLayerNameFollowsItsFirstLine]' failed (0.425 seconds).
Test Case '-[TesseraCoreTests.DocumentVectorVerifyFixesTests testKeyboardStepsOfAShapeSliderAreOneHistoryNode]' started.
/Users/rutmehta/Developer/lightroom/.worktrees/B5-11b/apps/mac/Tests/TesseraCoreTests/DocumentVectorVerifyFixesTests.swift:167: error: -[TesseraCoreTests.DocumentVectorVerifyFixesTests testKeyboardStepsOfAShapeSliderAreOneHistoryNode] : XCTAssertEqual failed: ("3") is not equal to ("1") - nothing is recorded while keys keep stepping
/Users/rutmehta/Developer/lightroom/.worktrees/B5-11b/apps/mac/Tests/TesseraCoreTests/DocumentVectorVerifyFixesTests.swift:170: error: -[TesseraCoreTests.DocumentVectorVerifyFixesTests testKeyboardStepsOfAShapeSliderAreOneHistoryNode] : XCTAssertEqual failed: ("["Edit Shape", "Edit Shape"]") is not equal to ("["Edit Shape"]") - one node for the whole keyboard adjustment
/Users/rutmehta/Developer/lightroom/.worktrees/B5-11b/apps/mac/Tests/TesseraCoreTests/DocumentVectorVerifyFixesTests.swift:197: error: -[TesseraCoreTests.DocumentVectorVerifyFixesTests testKeyboardStepsOfAShapeSliderAreOneHistoryNode] : XCTAssertEqual failed: ("[]") is not equal to ("["Vector Mask Density"]")
Test Case '-[TesseraCoreTests.DocumentVectorVerifyFixesTests testKeyboardStepsOfAShapeSliderAreOneHistoryNode]' failed (1.724 seconds).
Test Case '-[TesseraCoreTests.DocumentVectorVerifyFixesTests testLayersRowShowsAVectorMaskThumbnailNextToTheRasterMask]' started.
/Users/rutmehta/Developer/lightroom/.worktrees/B5-11b/apps/mac/Tests/TesseraCoreTests/DocumentVectorVerifyFixesTests.swift:240: error: -[TesseraCoreTests.DocumentVectorVerifyFixesTests testLayersRowShowsAVectorMaskThumbnailNextToTheRasterMask] : XCTAssertTrue failed - a separate vector-mask thumbnail
/Users/rutmehta/Developer/lightroom/.worktrees/B5-11b/apps/mac/Tests/TesseraCoreTests/DocumentVectorVerifyFixesTests.swift:241: error: -[TesseraCoreTests.DocumentVectorVerifyFixesTests testLayersRowShowsAVectorMaskThumbnailNextToTheRasterMask] : XCTAssertNotNil failed
Test Case '-[TesseraCoreTests.DocumentVectorVerifyFixesTests testLayersRowShowsAVectorMaskThumbnailNextToTheRasterMask]' failed (0.090 seconds).
Test Case '-[TesseraCoreTests.DocumentVectorVerifyFixesTests testNewAreaTextResizedBeforeTheFirstApplyIsOneAddText]' started.
/Users/rutmehta/Developer/lightroom/.worktrees/B5-11b/apps/mac/Tests/TesseraCoreTests/DocumentVectorVerifyFixesTests.swift:395: error: -[TesseraCoreTests.DocumentVectorVerifyFixesTests testNewAreaTextResizedBeforeTheFirstApplyIsOneAddText] : XCTAssertEqual failed: ("["Typing", "Edit Text"]") is not equal to ("["Add Text"]") - one Add Text, the resize folded in
/Users/rutmehta/Developer/lightroom/.worktrees/B5-11b/apps/mac/Tests/TesseraCoreTests/DocumentVectorVerifyFixesTests.swift:399: error: -[TesseraCoreTests.DocumentVectorVerifyFixesTests testNewAreaTextResizedBeforeTheFirstApplyIsOneAddText] : XCTAssertEqual failed: ("Optional("Area text: type to wrap inside the box; Enter (keypad) or ⌘Return applies, Esc cancels")") is not equal to ("Optional("")") - the idle Type hint after applying
Test Case '-[TesseraCoreTests.DocumentVectorVerifyFixesTests testNewAreaTextResizedBeforeTheFirstApplyIsOneAddText]' failed (0.127 seconds).
Test Case '-[TesseraCoreTests.DocumentVectorVerifyFixesTests testNewStrokeTakesTheForegroundOrAContrastingColourNotTheFill]' started.
/Users/rutmehta/Developer/lightroom/.worktrees/B5-11b/apps/mac/Tests/TesseraCoreTests/DocumentVectorVerifyFixesTests.swift:134: error: -[TesseraCoreTests.DocumentVectorVerifyFixesTests testNewStrokeTakesTheForegroundOrAContrastingColourNotTheFill] : XCTAssertEqual failed: ("[1.0, 0.0, 0.0, 1.0]") is not equal to ("[0.0, 0.0, 0.0, 1.0]") - foreground differs from the fill
/Users/rutmehta/Developer/lightroom/.worktrees/B5-11b/apps/mac/Tests/TesseraCoreTests/DocumentVectorVerifyFixesTests.swift:135: error: -[TesseraCoreTests.DocumentVectorVerifyFixesTests testNewStrokeTakesTheForegroundOrAContrastingColourNotTheFill] : XCTAssertEqual failed: ("[0.0, 0.0, 0.0, 1.0]") is not equal to ("[1.0, 1.0, 1.0, 1.0]") - dark fill: white
/Users/rutmehta/Developer/lightroom/.worktrees/B5-11b/apps/mac/Tests/TesseraCoreTests/DocumentVectorVerifyFixesTests.swift:136: error: -[TesseraCoreTests.DocumentVectorVerifyFixesTests testNewStrokeTakesTheForegroundOrAContrastingColourNotTheFill] : XCTAssertEqual failed: ("[1.0, 1.0, 1.0, 1.0]") is not equal to ("[0.0, 0.0, 0.0, 1.0]") - light fill: black
/Users/rutmehta/Developer/lightroom/.worktrees/B5-11b/apps/mac/Tests/TesseraCoreTests/DocumentVectorVerifyFixesTests.swift:137: error: -[TesseraCoreTests.DocumentVectorVerifyFixesTests testNewStrokeTakesTheForegroundOrAContrastingColourNotTheFill] : XCTAssertEqual failed: ("[0.9, 0.9, 0.2, 1.0]") is not equal to ("[0.0, 0.0, 0.0, 1.0]")
/Users/rutmehta/Developer/lightroom/.worktrees/B5-11b/apps/mac/Tests/TesseraCoreTests/DocumentVectorVerifyFixesTests.swift:138: error: -[TesseraCoreTests.DocumentVectorVerifyFixesTests testNewStrokeTakesTheForegroundOrAContrastingColourNotTheFill] : XCTAssertEqual failed: ("[0.2, 0.45, 0.8, 1.0]") is not equal to ("[0.2, 0.4, 0.6, 1.0]") - no fill
/Users/rutmehta/Developer/lightroom/.worktrees/B5-11b/apps/mac/Tests/TesseraCoreTests/DocumentVectorVerifyFixesTests.swift:145: error: -[TesseraCoreTests.DocumentVectorVerifyFixesTests testNewStrokeTakesTheForegroundOrAContrastingColourNotTheFill] : XCTAssertEqual failed: ("[0.2, 0.45, 0.8, 1.0]") is not equal to ("[0.0, 0.0, 0.0, 1.0]") - a contrasting default on a red fill with a red foreground
Test Case '-[TesseraCoreTests.DocumentVectorVerifyFixesTests testNewStrokeTakesTheForegroundOrAContrastingColourNotTheFill]' failed (0.077 seconds).
Test Case '-[TesseraCoreTests.DocumentVectorVerifyFixesTests testPathSelectionClickOnEmptyCanvasDeselects]' started.
/Users/rutmehta/Developer/lightroom/.worktrees/B5-11b/apps/mac/Tests/TesseraCoreTests/DocumentVectorVerifyFixesTests.swift:322: error: -[TesseraCoreTests.DocumentVectorVerifyFixesTests testPathSelectionClickOnEmptyCanvasDeselects] : XCTAssertNil failed: "FreeTransformModel(bounds: (100.0, 100.0, 200.0, 150.0), reference: (200.0, 175.0), tx: 0.0, ty: 0.0, sx: 1.0, sy: 1.0, angle: 0.0, skewX: 0.0, skewY: 0.0)" - a click on empty canvas deselects the path
/Users/rutmehta/Developer/lightroom/.worktrees/B5-11b/apps/mac/Tests/TesseraCoreTests/DocumentVectorVerifyFixesTests.swift:324: error: -[TesseraCoreTests.DocumentVectorVerifyFixesTests testPathSelectionClickOnEmptyCanvasDeselects] : XCTAssertNil failed: "FreeTransformModel(bounds: (100.0, 100.0, 200.0, 150.0), reference: (200.0, 175.0), tx: 0.0, ty: 0.0, sx: 1.0, sy: 1.0, angle: 0.0, skewX: 0.0, skewY: 0.0)" - and the box does not come back on the next redraw
Test Case '-[TesseraCoreTests.DocumentVectorVerifyFixesTests testPathSelectionClickOnEmptyCanvasDeselects]' failed (0.122 seconds).
Test Case '-[TesseraCoreTests.DocumentVectorVerifyFixesTests testPenDraftKeepsThePreviousAnchorsHandles]' started.
/Users/rutmehta/Developer/lightroom/.worktrees/B5-11b/apps/mac/Tests/TesseraCoreTests/DocumentVectorVerifyFixesTests.swift:209: error: -[TesseraCoreTests.DocumentVectorVerifyFixesTests testPenDraftKeepsThePreviousAnchorsHandles] : XCTAssertEqual failed: ("[1]") is not equal to ("[0, 1]")
/Users/rutmehta/Developer/lightroom/.worktrees/B5-11b/apps/mac/Tests/TesseraCoreTests/DocumentVectorVerifyFixesTests.swift:211: error: -[TesseraCoreTests.DocumentVectorVerifyFixesTests testPenDraftKeepsThePreviousAnchorsHandles] : XCTAssertEqual failed: ("[2]") is not equal to ("[1, 2]") - the previous anchor's handles stay visible after the next point
Test Case '-[TesseraCoreTests.DocumentVectorVerifyFixesTests testPenDraftKeepsThePreviousAnchorsHandles]' failed (0.067 seconds).
Test Case '-[TesseraCoreTests.DocumentVectorVerifyFixesTests testPropertiesReportTheShapesRealBoundsLiveDuringDrags]' started.
/Users/rutmehta/Developer/lightroom/.worktrees/B5-11b/apps/mac/Tests/TesseraCoreTests/DocumentVectorVerifyFixesTests.swift:367: error: -[TesseraCoreTests.DocumentVectorVerifyFixesTests testPropertiesReportTheShapesRealBoundsLiveDuringDrags] : XCTAssertEqualWithAccuracy failed: ("0.0") is not equal to ("100.0") +/- ("0.51") - new shape
/Users/rutmehta/Developer/lightroom/.worktrees/B5-11b/apps/mac/Tests/TesseraCoreTests/DocumentVectorVerifyFixesTests.swift:367: error: -[TesseraCoreTests.DocumentVectorVerifyFixesTests testPropertiesReportTheShapesRealBoundsLiveDuringDrags] : XCTAssertEqualWithAccuracy failed: ("0.0") is not equal to ("100.0") +/- ("0.51") - new shape
/Users/rutmehta/Developer/lightroom/.worktrees/B5-11b/apps/mac/Tests/TesseraCoreTests/DocumentVectorVerifyFixesTests.swift:369: error: -[TesseraCoreTests.DocumentVectorVerifyFixesTests testPropertiesReportTheShapesRealBoundsLiveDuringDrags] : XCTAssertEqual failed: ("Whole canvas") is not equal to ("100, 100 · 200 × 150 px")
/Users/rutmehta/Developer/lightroom/.worktrees/B5-11b/apps/mac/Tests/TesseraCoreTests/DocumentVectorVerifyFixesTests.swift:370: error: -[TesseraCoreTests.DocumentVectorVerifyFixesTests testPropertiesReportTheShapesRealBoundsLiveDuringDrags] : XCTAssertEqual failed: ("0.0, 0.0 px") is not equal to ("100.0, 100.0 px")
/Users/rutmehta/Developer/lightroom/.worktrees/B5-11b/apps/mac/Tests/TesseraCoreTests/DocumentVectorVerifyFixesTests.swift:373: error: -[TesseraCoreTests.DocumentVectorVerifyFixesTests testPropertiesReportTheShapesRealBoundsLiveDuringDrags] : XCTAssertEqualWithAccuracy failed: ("60.0") is not equal to ("160.0") +/- ("0.51") - live during the drag
/Users/rutmehta/Developer/lightroom/.worktrees/B5-11b/apps/mac/Tests/TesseraCoreTests/DocumentVectorVerifyFixesTests.swift:373: error: -[TesseraCoreTests.DocumentVectorVerifyFixesTests testPropertiesReportTheShapesRealBoundsLiveDuringDrags] : XCTAssertEqualWithAccuracy failed: ("30.0") is not equal to ("130.0") +/- ("0.51") - live during the drag
/Users/rutmehta/Developer/lightroom/.worktrees/B5-11b/apps/mac/Tests/TesseraCoreTests/DocumentVectorVerifyFixesTests.swift:376: error: -[TesseraCoreTests.DocumentVectorVerifyFixesTests testPropertiesReportTheShapesRealBoundsLiveDuringDrags] : XCTAssertEqualWithAccuracy failed: ("60.0") is not equal to ("160.0") +/- ("0.51") - after the drag
/Users/rutmehta/Developer/lightroom/.worktrees/B5-11b/apps/mac/Tests/TesseraCoreTests/DocumentVectorVerifyFixesTests.swift:376: error: -[TesseraCoreTests.DocumentVectorVerifyFixesTests testPropertiesReportTheShapesRealBoundsLiveDuringDrags] : XCTAssertEqualWithAccuracy failed: ("30.0") is not equal to ("130.0") +/- ("0.51") - after the drag
/Users/rutmehta/Developer/lightroom/.worktrees/B5-11b/apps/mac/Tests/TesseraCoreTests/DocumentVectorVerifyFixesTests.swift:377: error: -[TesseraCoreTests.DocumentVectorVerifyFixesTests testPropertiesReportTheShapesRealBoundsLiveDuringDrags] : XCTAssertEqual failed: ("Whole canvas") is not equal to ("160, 130 · 200 × 150 px")
Test Case '-[TesseraCoreTests.DocumentVectorVerifyFixesTests testPropertiesReportTheShapesRealBoundsLiveDuringDrags]' failed (0.107 seconds).
Test Case '-[TesseraCoreTests.DocumentVectorVerifyFixesTests testRejectedRecolourRevertsTheColourWell]' started.
/Users/rutmehta/Developer/lightroom/.worktrees/B5-11b/apps/mac/Tests/TesseraCoreTests/DocumentVectorVerifyFixesTests.swift:271: error: -[TesseraCoreTests.DocumentVectorVerifyFixesTests testRejectedRecolourRevertsTheColourWell] : XCTAssertEqual failed: ("0") is not equal to ("1") - the engine rejected the locked recolour
Test Case '-[TesseraCoreTests.DocumentVectorVerifyFixesTests testRejectedRecolourRevertsTheColourWell]' failed (0.384 seconds).
Test Case '-[TesseraCoreTests.DocumentVectorVerifyFixesTests testStatusHintsFollowTheToolAndPenState]' started.
/Users/rutmehta/Developer/lightroom/.worktrees/B5-11b/apps/mac/Tests/TesseraCoreTests/DocumentVectorVerifyFixesTests.swift:339: error: -[TesseraCoreTests.DocumentVectorVerifyFixesTests testStatusHintsFollowTheToolAndPenState] : XCTUnwrap failed: expected non-nil value of type "String"
Test Case '-[TesseraCoreTests.DocumentVectorVerifyFixesTests testStatusHintsFollowTheToolAndPenState]' failed (0.074 seconds).
Test Case '-[TesseraCoreTests.DocumentVectorVerifyFixesTests testToolLettersWorkWhileASliderOrTheLayersListHasTheKeyboard]' started.
/Users/rutmehta/Developer/lightroom/.worktrees/B5-11b/apps/mac/Tests/TesseraCoreTests/DocumentVectorVerifyFixesTests.swift:287: error: -[TesseraCoreTests.DocumentVectorVerifyFixesTests testToolLettersWorkWhileASliderOrTheLayersListHasTheKeyboard] : XCTAssertTrue failed - U with a slider focused
/Users/rutmehta/Developer/lightroom/.worktrees/B5-11b/apps/mac/Tests/TesseraCoreTests/DocumentVectorVerifyFixesTests.swift:288: error: -[TesseraCoreTests.DocumentVectorVerifyFixesTests testToolLettersWorkWhileASliderOrTheLayersListHasTheKeyboard] : XCTAssertEqual failed: ("move") is not equal to ("rectangleShape")
/Users/rutmehta/Developer/lightroom/.worktrees/B5-11b/apps/mac/Tests/TesseraCoreTests/DocumentVectorVerifyFixesTests.swift:289: error: -[TesseraCoreTests.DocumentVectorVerifyFixesTests testToolLettersWorkWhileASliderOrTheLayersListHasTheKeyboard] : XCTAssertTrue failed - ⇧U with a slider focused
/Users/rutmehta/Developer/lightroom/.worktrees/B5-11b/apps/mac/Tests/TesseraCoreTests/DocumentVectorVerifyFixesTests.swift:290: error: -[TesseraCoreTests.DocumentVectorVerifyFixesTests testToolLettersWorkWhileASliderOrTheLayersListHasTheKeyboard] : XCTAssertEqual failed: ("move") is not equal to ("ellipseShape")
/Users/rutmehta/Developer/lightroom/.worktrees/B5-11b/apps/mac/Tests/TesseraCoreTests/DocumentVectorVerifyFixesTests.swift:300: error: -[TesseraCoreTests.DocumentVectorVerifyFixesTests testToolLettersWorkWhileASliderOrTheLayersListHasTheKeyboard] : XCTAssertEqual failed: ("pathSelect") is not equal to ("directSelect") - A twice through the router
/Users/rutmehta/Developer/lightroom/.worktrees/B5-11b/apps/mac/Tests/TesseraCoreTests/DocumentVectorVerifyFixesTests.swift:306: error: -[TesseraCoreTests.DocumentVectorVerifyFixesTests testToolLettersWorkWhileASliderOrTheLayersListHasTheKeyboard] : XCTAssertEqual failed: ("pathSelect") is not equal to ("directSelect")
/Users/rutmehta/Developer/lightroom/.worktrees/B5-11b/apps/mac/Tests/TesseraCoreTests/DocumentVectorVerifyFixesTests.swift:310: error: -[TesseraCoreTests.DocumentVectorVerifyFixesTests testToolLettersWorkWhileASliderOrTheLayersListHasTheKeyboard] : XCTAssertEqual failed: ("pathSelect") is not equal to ("directSelect")
Test Case '-[TesseraCoreTests.DocumentVectorVerifyFixesTests testToolLettersWorkWhileASliderOrTheLayersListHasTheKeyboard]' failed (0.166 seconds).
Test Suite 'DocumentVectorVerifyFixesTests' failed at 2026-09-27 05:59:14.537.
	 Executed 11 tests, with 36 failures (0 unexpected) in 3.362 (3.363) seconds
Test Suite 'TesseraPackageTests.xctest' failed at 2026-09-27 05:59:14.537.
	 Executed 12 tests, with 38 failures (0 unexpected) in 4.021 (4.022) seconds
Test Suite 'Selected tests' failed at 2026-09-27 05:59:14.537.
	 Executed 12 tests, with 38 failures (0 unexpected) in 4.021 (4.023) seconds
◇ Test run started.
↳ Testing Library Version: 1501
↳ Target Platform: arm64e-apple-macos14.0
✔ Test run with 0 tests in 0 suites passed after 0.001 seconds.
