error[E0599]: no associated function or constant named `shared` found for struct `disk::Disk` in the current scope
   --> tools/orchestrate/wp/M2-55/../../../../crates/previews/src/disk.rs:182:27
    |
 13 | pub(super) struct Disk {
    | ---------------------- associated function or constant `shared` not found for this struct
...
182 |         let first = Disk::shared(dir.path(), 100).unwrap();
    |                           ^^^^^^ associated function or constant not found in `disk::Disk`
    |
note: if you're trying to build a new `disk::Disk`, consider using `disk::Disk::open` which returns `std::result::Result<disk::Disk, Box<(dyn std::error::Error + 'static)>>`
   --> tools/orchestrate/wp/M2-55/../../../../crates/previews/src/disk.rs:68:5
    |
 68 |     pub fn open(root: &Path, cap: u64) -> Result<Self> {
    |     ^^^^^^^^^^^^^^^^^^^^^^^^^^^^^^^^^^^^^^^^^^^^^^^^^^

error[E0599]: no associated function or constant named `shared` found for struct `disk::Disk` in the current scope
   --> tools/orchestrate/wp/M2-55/../../../../crates/previews/src/disk.rs:183:28
    |
 13 | pub(super) struct Disk {
    | ---------------------- associated function or constant `shared` not found for this struct
...
183 |         let second = Disk::shared(&dir.path().join("."), 100).unwrap();
    |                            ^^^^^^ associated function or constant not found in `disk::Disk`
    |
note: if you're trying to build a new `disk::Disk`, consider using `disk::Disk::open` which returns `std::result::Result<disk::Disk, Box<(dyn std::error::Error + 'static)>>`
   --> tools/orchestrate/wp/M2-55/../../../../crates/previews/src/disk.rs:68:5
    |
 68 |     pub fn open(root: &Path, cap: u64) -> Result<Self> {
    |     ^^^^^^^^^^^^^^^^^^^^^^^^^^^^^^^^^^^^^^^^^^^^^^^^^^

error[E0599]: no associated function or constant named `shared` found for struct `disk::Disk` in the current scope
   --> tools/orchestrate/wp/M2-55/../../../../crates/previews/src/disk.rs:188:23
    |
 13 | pub(super) struct Disk {
    | ---------------------- associated function or constant `shared` not found for this struct
...
188 |         assert!(Disk::shared(dir.path(), 20).is_err());
    |                       ^^^^^^ associated function or constant not found in `disk::Disk`
    |
note: if you're trying to build a new `disk::Disk`, consider using `disk::Disk::open` which returns `std::result::Result<disk::Disk, Box<(dyn std::error::Error + 'static)>>`
   --> tools/orchestrate/wp/M2-55/../../../../crates/previews/src/disk.rs:68:5
    |
 68 |     pub fn open(root: &Path, cap: u64) -> Result<Self> {
    |     ^^^^^^^^^^^^^^^^^^^^^^^^^^^^^^^^^^^^^^^^^^^^^^^^^^

error: aborting due to 3 previous errors

For more information about this error, try `rustc --explain E0599`.
