{
  "phase": "scaled",
  "baseline80": "pass: generalized normalized sample path matches previously captured80x16 ImageIO/CoreImage values within stated numeric tolerances",
  "ImageIO": {
    "uniform80": {
      "warnings": [
        "too few samples",
        "too few samples"
      ],
      "headroom": 16,
      "peak": 15.951576232910156,
      "centers": [
        [
          0.8205174207687378,
          0.8205175399780273,
          0.8205175399780273
        ],
        [
          0.8205174207687378,
          0.8205175399780273,
          0.8205175399780273
        ],
        [
          3.466586112976074,
          3.4665865898132324,
          3.4665865898132324
        ],
        [
          15.951574325561523,
          15.95157527923584,
          15.951576232910156
        ],
        [
          15.951574325561523,
          15.95157527923584,
          15.951576232910156
        ]
      ]
    },
    "split80": {
      "warnings": [],
      "headroom": 8,
      "peak": 7.983762741088867,
      "centers": [
        [
          0.05137912184000015,
          0.05137912929058075,
          0.05137912929058075
        ],
        [
          0.05137912184000015,
          0.05137912929058075,
          0.05137912929058075
        ],
        [
          1.7246283292770386,
          1.7246285676956177,
          1.7246285676956177
        ],
        [
          7.983761787414551,
          7.983762741088867,
          7.983762264251709
        ],
        [
          7.983761787414551,
          7.983762741088867,
          7.983762264251709
        ]
      ]
    },
    "A80": {
      "warnings": [],
      "headroom": 8,
      "peak": 7.983762264251709,
      "centers": [
        [
          0,
          0,
          0
        ],
        [
          0,
          0,
          0
        ],
        [
          7.983762264251709,
          7.983762264251709,
          7.983762264251709
        ],
        [
          7.983762264251709,
          7.983762264251709,
          7.983762264251709
        ],
        [
          7.983762264251709,
          7.983762264251709,
          7.983762264251709
        ]
      ]
    },
    "uniform640": {
      "warnings": [
        "too few samples",
        "too few samples",
        "too few samples",
        "too few samples",
        "too few samples"
      ],
      "headroom": 16,
      "peak": 15.951576232910156,
      "centers": [
        [
          0.8205174207687378,
          0.8205175399780273,
          0.8205175399780273
        ],
        [
          0.8205174207687378,
          0.8205175399780273,
          0.8205175399780273
        ],
        [
          3.466586112976074,
          3.4665865898132324,
          3.4665865898132324
        ],
        [
          15.951574325561523,
          15.95157527923584,
          15.951576232910156
        ],
        [
          15.951574325561523,
          15.95157527923584,
          15.951576232910156
        ]
      ]
    },
    "split640": {
      "warnings": [],
      "headroom": 8,
      "peak": 7.983762741088867,
      "centers": [
        [
          0.05137912184000015,
          0.05137912929058075,
          0.05137912929058075
        ],
        [
          0.05137912184000015,
          0.05137912929058075,
          0.05137912929058075
        ],
        [
          1.7246283292770386,
          1.7246285676956177,
          1.7246285676956177
        ],
        [
          7.983761787414551,
          7.983762741088867,
          7.983762264251709
        ],
        [
          7.983761787414551,
          7.983762741088867,
          7.983762264251709
        ]
      ]
    }
  },
  "CoreImage": {
    "uniform80": {
      "headroom": 16,
      "peak": 16.000003814697266,
      "centers": [
        [
          0.8203517198562622,
          0.8203514814376831,
          0.8203508853912354
        ],
        [
          0.8203517198562622,
          0.8203514814376831,
          0.8203508853912354
        ],
        [
          3.4538345336914062,
          3.4538333415985107,
          3.4538333415985107
        ],
        [
          16.000003814697266,
          16,
          16
        ],
        [
          16.000003814697266,
          16,
          16
        ]
      ]
    },
    "split80": {
      "headroom": 16,
      "peak": 16.000003814697266,
      "centers": [
        [
          0.05127198249101639,
          0.051271967589855194,
          0.05127193033695221
        ],
        [
          0.05127198249101639,
          0.051271967589855194,
          0.05127193033695221
        ],
        [
          3.4538345336914062,
          3.4538333415985107,
          3.4538333415985107
        ],
        [
          16.000003814697266,
          16,
          16
        ],
        [
          16.000003814697266,
          16,
          16
        ]
      ]
    },
    "A80": {
      "headroom": 16,
      "peak": 16.000003814697266,
      "centers": [
        [
          5.42305311768132e-09,
          -2.000071441798923e-09,
          -7.363301635088249e-11
        ],
        [
          5.42305311768132e-09,
          -2.000071441798923e-09,
          -7.363301635088249e-11
        ],
        [
          16.000003814697266,
          16,
          16
        ],
        [
          16.000003814697266,
          16,
          16
        ],
        [
          16.000003814697266,
          16,
          16
        ]
      ]
    },
    "uniform640": {
      "headroom": 16,
      "peak": 16.000003814697266,
      "centers": [
        [
          0.8203517198562622,
          0.8203514814376831,
          0.8203508853912354
        ],
        [
          0.8203517198562622,
          0.8203514814376831,
          0.8203508853912354
        ],
        [
          3.4538345336914062,
          3.4538333415985107,
          3.4538333415985107
        ],
        [
          16.000003814697266,
          16,
          16
        ],
        [
          16.000003814697266,
          16,
          16
        ]
      ]
    },
    "split640": {
      "headroom": 16,
      "peak": 16.000003814697266,
      "centers": [
        [
          0.05127198249101639,
          0.051271967589855194,
          0.05127193033695221
        ],
        [
          0.05127198249101639,
          0.051271967589855194,
          0.05127193033695221
        ],
        [
          3.4538345336914062,
          3.4538333415985107,
          3.4538333415985107
        ],
        [
          16.000003814697266,
          16,
          16
        ],
        [
          16.000003814697266,
          16,
          16
        ]
      ]
    }
  }
}
