Test Suite 'Selected tests' started at 2026-10-01 02:59:37.650.
Test Suite 'TesseraPackageTests.xctest' started at 2026-10-01 02:59:37.651.
Test Suite 'AgentReviewLayoutTests' started at 2026-10-01 02:59:37.651.
Test Case '-[TesseraCoreTests.AgentReviewLayoutTests testReviewEmptyAndRealQueueAtEverySizeAndAppearance]' started.
Test Case '-[TesseraCoreTests.AgentReviewLayoutTests testReviewEmptyAndRealQueueAtEverySizeAndAppearance]' passed (22.487 seconds).
Test Case '-[TesseraCoreTests.AgentReviewLayoutTests testRowsOnlyRecipeAndFileUpdateReloadsCurrentReviewPreview]' started.
develop original L2 calibration [first, tone, WB] ms: CPU [24.597625, 0.440417, 3.491]; GPU [32.815999999999995, 2.0907080000000002, 2.303333]
Test Case '-[TesseraCoreTests.AgentReviewLayoutTests testRowsOnlyRecipeAndFileUpdateReloadsCurrentReviewPreview]' passed (1.383 seconds).
Test Suite 'AgentReviewLayoutTests' passed at 2026-10-01 03:00:01.523.
	 Executed 2 tests, with 0 failures (0 unexpected) in 23.870 (23.872) seconds
Test Suite 'DocumentDitherCheckboxTests' started at 2026-10-01 03:00:01.523.
Test Case '-[TesseraCoreTests.DocumentDitherCheckboxTests testActualEditorCheckboxPreservesLookupFieldsAndUndo]' started.
Test Case '-[TesseraCoreTests.DocumentDitherCheckboxTests testActualEditorCheckboxPreservesLookupFieldsAndUndo]' passed (0.170 seconds).
Test Case '-[TesseraCoreTests.DocumentDitherCheckboxTests testDismantleReleasesCallbackOwnerWithControlAlive]' started.
Test Case '-[TesseraCoreTests.DocumentDitherCheckboxTests testDismantleReleasesCallbackOwnerWithControlAlive]' passed (0.001 seconds).
Test Case '-[TesseraCoreTests.DocumentDitherCheckboxTests testNativeCheckboxMetadataValueAndNativeFocusPolicy]' started.
Test Case '-[TesseraCoreTests.DocumentDitherCheckboxTests testNativeCheckboxMetadataValueAndNativeFocusPolicy]' passed (0.013 seconds).
Test Case '-[TesseraCoreTests.DocumentDitherCheckboxTests testOnlySpaceIsLocallyActivatedNotReturnOrTraversal]' started.
Test Case '-[TesseraCoreTests.DocumentDitherCheckboxTests testOnlySpaceIsLocallyActivatedNotReturnOrTraversal]' passed (0.000 seconds).
Test Case '-[TesseraCoreTests.DocumentDitherCheckboxTests testRefreshDoesNotPublishAndUsesLatestCallbackThenDismantles]' started.
Test Case '-[TesseraCoreTests.DocumentDitherCheckboxTests testRefreshDoesNotPublishAndUsesLatestCallbackThenDismantles]' passed (0.000 seconds).
Test Case '-[TesseraCoreTests.DocumentDitherCheckboxTests testSpaceTogglesSynchronouslyOnceAndRepeatDoesNotToggle]' started.
Test Case '-[TesseraCoreTests.DocumentDitherCheckboxTests testSpaceTogglesSynchronouslyOnceAndRepeatDoesNotToggle]' passed (0.000 seconds).
Test Suite 'DocumentDitherCheckboxTests' passed at 2026-10-01 03:00:01.709.
	 Executed 6 tests, with 0 failures (0 unexpected) in 0.185 (0.186) seconds
Test Suite 'DocumentHistoryHeightControlTests' started at 2026-10-01 03:00:01.709.
Test Case '-[TesseraCoreTests.DocumentHistoryHeightControlTests testActionsUseDisplayedClampButLayoutDoesNotRewriteSavedRequest]' started.
Test Case '-[TesseraCoreTests.DocumentHistoryHeightControlTests testActionsUseDisplayedClampButLayoutDoesNotRewriteSavedRequest]' passed (0.011 seconds).
Test Case '-[TesseraCoreTests.DocumentHistoryHeightControlTests testActualInspectorAXActionWritesExistingPreferenceAndRestoresOnRecreation]' started.
Test Case '-[TesseraCoreTests.DocumentHistoryHeightControlTests testActualInspectorAXActionWritesExistingPreferenceAndRestoresOnRecreation]' passed (0.454 seconds).
Test Case '-[TesseraCoreTests.DocumentHistoryHeightControlTests testConfigureRefreshesCallbackWithoutPublishingAndTeardownStopsActions]' started.
Test Case '-[TesseraCoreTests.DocumentHistoryHeightControlTests testConfigureRefreshesCallbackWithoutPublishingAndTeardownStopsActions]' passed (0.005 seconds).
Test Case '-[TesseraCoreTests.DocumentHistoryHeightControlTests testFocusedButtonsOwnSpaceAndReturnAndSendTheirActions]' started.
Test Case '-[TesseraCoreTests.DocumentHistoryHeightControlTests testFocusedButtonsOwnSpaceAndReturnAndSendTheirActions]' passed (0.014 seconds).
Test Case '-[TesseraCoreTests.DocumentHistoryHeightControlTests testGlobalStateRestoresExistingOwnersAndPreferenceValues]' started.
Test Case '-[TesseraCoreTests.DocumentHistoryHeightControlTests testGlobalStateRestoresExistingOwnersAndPreferenceValues]' passed (0.002 seconds).
Test Case '-[TesseraCoreTests.DocumentHistoryHeightControlTests testNativeAXPressActionsChangeHeightAndExposeCurrentValue]' started.
Test Case '-[TesseraCoreTests.DocumentHistoryHeightControlTests testNativeAXPressActionsChangeHeightAndExposeCurrentValue]' passed (0.007 seconds).
Test Suite 'DocumentHistoryHeightControlTests' passed at 2026-10-01 03:00:02.201.
	 Executed 6 tests, with 0 failures (0 unexpected) in 0.492 (0.492) seconds
Test Suite 'DocumentHistoryKeyboardTraversalTests' started at 2026-10-01 03:00:02.202.
Test Case '-[TesseraCoreTests.DocumentHistoryKeyboardTraversalTests testCollapseWithFocusedHeightButtonSettlesFocusOnLiveView]' started.
Test Case '-[TesseraCoreTests.DocumentHistoryKeyboardTraversalTests testCollapseWithFocusedHeightButtonSettlesFocusOnLiveView]' passed (0.303 seconds).
Test Case '-[TesseraCoreTests.DocumentHistoryKeyboardTraversalTests testDocumentSwitchKeepsGlobalHistoryPreferencesAndShowsSelectedDocument]' started.
Test Case '-[TesseraCoreTests.DocumentHistoryKeyboardTraversalTests testDocumentSwitchKeepsGlobalHistoryPreferencesAndShowsSelectedDocument]' passed (0.496 seconds).
Test Case '-[TesseraCoreTests.DocumentHistoryKeyboardTraversalTests testExternalPreferenceWriteUpdatesHostedReadout]' started.
Test Case '-[TesseraCoreTests.DocumentHistoryKeyboardTraversalTests testExternalPreferenceWriteUpdatesHostedReadout]' passed (0.363 seconds).
Test Case '-[TesseraCoreTests.DocumentHistoryKeyboardTraversalTests testHostedInspectorKeyViewLoopReachesAllEnabledHistoryButtons]' started.
Test Case '-[TesseraCoreTests.DocumentHistoryKeyboardTraversalTests testHostedInspectorKeyViewLoopReachesAllEnabledHistoryButtons]' passed (0.172 seconds).
Test Case '-[TesseraCoreTests.DocumentHistoryKeyboardTraversalTests testInspectorTabSwitchKeepsHeightControlIdentityFocusAndValue]' started.
Test Case '-[TesseraCoreTests.DocumentHistoryKeyboardTraversalTests testInspectorTabSwitchKeepsHeightControlIdentityFocusAndValue]' passed (0.416 seconds).
Test Case '-[TesseraCoreTests.DocumentHistoryKeyboardTraversalTests testReadoutFitsWidestValueWithNumericLabelToken]' started.
Test Case '-[TesseraCoreTests.DocumentHistoryKeyboardTraversalTests testReadoutFitsWidestValueWithNumericLabelToken]' passed (0.004 seconds).
Test Case '-[TesseraCoreTests.DocumentHistoryKeyboardTraversalTests testTabSkipsDisabledButtonsAtEachClamp]' started.
Test Case '-[TesseraCoreTests.DocumentHistoryKeyboardTraversalTests testTabSkipsDisabledButtonsAtEachClamp]' passed (0.049 seconds).
Test Case '-[TesseraCoreTests.DocumentHistoryKeyboardTraversalTests testTabTraversesNativeHeightButtonsInOrderSkippingReadout]' started.
Test Case '-[TesseraCoreTests.DocumentHistoryKeyboardTraversalTests testTabTraversesNativeHeightButtonsInOrderSkippingReadout]' passed (0.019 seconds).
Test Case '-[TesseraCoreTests.DocumentHistoryKeyboardTraversalTests testToolLetterOverFocusedHistoryButtonSelectsToolNotText]' started.
Test Case '-[TesseraCoreTests.DocumentHistoryKeyboardTraversalTests testToolLetterOverFocusedHistoryButtonSelectsToolNotText]' passed (0.024 seconds).
Test Case '-[TesseraCoreTests.DocumentHistoryKeyboardTraversalTests testWindowResizeClampsDisplayWithoutRewritingOversizedRequest]' started.
Test Case '-[TesseraCoreTests.DocumentHistoryKeyboardTraversalTests testWindowResizeClampsDisplayWithoutRewritingOversizedRequest]' passed (0.267 seconds).
Test Suite 'DocumentHistoryKeyboardTraversalTests' passed at 2026-10-01 03:00:04.315.
	 Executed 10 tests, with 0 failures (0 unexpected) in 2.113 (2.114) seconds
Test Suite 'DocumentInspectorActionButtonTests' started at 2026-10-01 03:00:04.315.
Test Case '-[TesseraCoreTests.DocumentInspectorActionButtonTests testActualColorLookupEditorInstallsNativeActionsAndDisabledReset]' started.
Test Case '-[TesseraCoreTests.DocumentInspectorActionButtonTests testActualColorLookupEditorInstallsNativeActionsAndDisabledReset]' passed (0.085 seconds).
Test Case '-[TesseraCoreTests.DocumentInspectorActionButtonTests testDismantleReleasesActionOwnerWhileNativeControlRemainsAlive]' started.
Test Case '-[TesseraCoreTests.DocumentInspectorActionButtonTests testDismantleReleasesActionOwnerWhileNativeControlRemainsAlive]' passed (0.000 seconds).
Test Case '-[TesseraCoreTests.DocumentInspectorActionButtonTests testNativeActionHasExplicitKeyboardOwnershipAndPreservesMetadata]' started.
Test Case '-[TesseraCoreTests.DocumentInspectorActionButtonTests testNativeActionHasExplicitKeyboardOwnershipAndPreservesMetadata]' passed (0.000 seconds).
Test Case '-[TesseraCoreTests.DocumentInspectorActionButtonTests testOnlyUnmodifiedNativeActivationKeysAreOwnedLocally]' started.
Test Case '-[TesseraCoreTests.DocumentInspectorActionButtonTests testOnlyUnmodifiedNativeActivationKeysAreOwnedLocally]' passed (0.000 seconds).
Test Case '-[TesseraCoreTests.DocumentInspectorActionButtonTests testReuseRefreshesActionAndDisabledOrDismantledCannotInvoke]' started.
Test Case '-[TesseraCoreTests.DocumentInspectorActionButtonTests testReuseRefreshesActionAndDisabledOrDismantledCannotInvoke]' passed (0.000 seconds).
Test Case '-[TesseraCoreTests.DocumentInspectorActionButtonTests testSpaceReturnAndKeypadActivateOnceWithoutRepeat]' started.
Test Case '-[TesseraCoreTests.DocumentInspectorActionButtonTests testSpaceReturnAndKeypadActivateOnceWithoutRepeat]' passed (0.000 seconds).
Test Suite 'DocumentInspectorActionButtonTests' passed at 2026-10-01 03:00:04.402.
	 Executed 6 tests, with 0 failures (0 unexpected) in 0.086 (0.087) seconds
Test Suite 'DocumentInspectorLayoutTests' started at 2026-10-01 03:00:04.402.
Test Case '-[TesseraCoreTests.DocumentInspectorLayoutTests testColumnBudgetAt1440AndAdjacentWidths]' started.
Test Case '-[TesseraCoreTests.DocumentInspectorLayoutTests testColumnBudgetAt1440AndAdjacentWidths]' passed (0.000 seconds).
Test Case '-[TesseraCoreTests.DocumentInspectorLayoutTests testInspectorFitsItsColumnForEveryLayerKindAt1440AndAdjacentWidths]' started.
Test Case '-[TesseraCoreTests.DocumentInspectorLayoutTests testInspectorFitsItsColumnForEveryLayerKindAt1440AndAdjacentWidths]' passed (25.237 seconds).
Test Suite 'DocumentInspectorLayoutTests' passed at 2026-10-01 03:00:29.639.
	 Executed 2 tests, with 0 failures (0 unexpected) in 25.237 (25.237) seconds
Test Suite 'LayoutContractTests' started at 2026-10-01 03:00:29.639.
Test Case '-[TesseraCoreTests.LayoutContractTests testAppDirDefaultsAreIsolatedFromTheSharedDomain]' started.
Test Case '-[TesseraCoreTests.LayoutContractTests testAppDirDefaultsAreIsolatedFromTheSharedDomain]' passed (0.003 seconds).
Test Case '-[TesseraCoreTests.LayoutContractTests testColorWheelPuckStaysInsideAtFullSaturation]' started.
Test Case '-[TesseraCoreTests.LayoutContractTests testColorWheelPuckStaysInsideAtFullSaturation]' passed (0.000 seconds).
Test Case '-[TesseraCoreTests.LayoutContractTests testCompareCaptionAndBadgeShareOnePartition]' started.
Test Case '-[TesseraCoreTests.LayoutContractTests testCompareCaptionAndBadgeShareOnePartition]' passed (0.000 seconds).
Test Case '-[TesseraCoreTests.LayoutContractTests testCurveEndKnotsStayInsideTheView]' started.
Test Case '-[TesseraCoreTests.LayoutContractTests testCurveEndKnotsStayInsideTheView]' passed (0.000 seconds).
Test Case '-[TesseraCoreTests.LayoutContractTests testFlowRowOffersOversizedItemsTheRowWidth]' started.
Test Case '-[TesseraCoreTests.LayoutContractTests testFlowRowOffersOversizedItemsTheRowWidth]' passed (0.000 seconds).
Test Case '-[TesseraCoreTests.LayoutContractTests testKeywordChipRowStaysInsideTheInspector]' started.
Test Case '-[TesseraCoreTests.LayoutContractTests testKeywordChipRowStaysInsideTheInspector]' passed (0.040 seconds).
Test Case '-[TesseraCoreTests.LayoutContractTests testShellBudgetYieldOrder]' started.
Test Case '-[TesseraCoreTests.LayoutContractTests testShellBudgetYieldOrder]' passed (0.000 seconds).
Test Case '-[TesseraCoreTests.LayoutContractTests testSidebarHiddenBadgeGivesItsWidthBack]' started.
Test Case '-[TesseraCoreTests.LayoutContractTests testSidebarHiddenBadgeGivesItsWidthBack]' passed (0.007 seconds).
Test Case '-[TesseraCoreTests.LayoutContractTests testSoftProofRowFitsTheMinimumInspector]' started.
Test Case '-[TesseraCoreTests.LayoutContractTests testSoftProofRowFitsTheMinimumInspector]' passed (0.028 seconds).
Test Case '-[TesseraCoreTests.LayoutContractTests testStatusBarFitsANarrowDetailWithLongStrings]' started.
Test Case '-[TesseraCoreTests.LayoutContractTests testStatusBarFitsANarrowDetailWithLongStrings]' passed (0.035 seconds).
Test Case '-[TesseraCoreTests.LayoutContractTests testThemeMenuTruncatesInsteadOfOverflowing]' started.
Test Case '-[TesseraCoreTests.LayoutContractTests testThemeMenuTruncatesInsteadOfOverflowing]' passed (0.043 seconds).
Test Case '-[TesseraCoreTests.LayoutContractTests testValueSliderDrawsWithoutOverflowAt80Points]' started.
Test Case '-[TesseraCoreTests.LayoutContractTests testValueSliderDrawsWithoutOverflowAt80Points]' passed (0.001 seconds).
Test Case '-[TesseraCoreTests.LayoutContractTests testValueSliderRingPaintsInsideTheThumb]' started.
Test Case '-[TesseraCoreTests.LayoutContractTests testValueSliderRingPaintsInsideTheThumb]' passed (0.000 seconds).
Test Case '-[TesseraCoreTests.LayoutContractTests testValueSliderTitleAndValueNeverTouch]' started.
Test Case '-[TesseraCoreTests.LayoutContractTests testValueSliderTitleAndValueNeverTouch]' passed (0.000 seconds).
Test Suite 'LayoutContractTests' passed at 2026-10-01 03:00:29.798.
	 Executed 14 tests, with 0 failures (0 unexpected) in 0.158 (0.159) seconds
Test Suite 'LayoutProbeHarnessTests' started at 2026-10-01 03:00:29.798.
Test Case '-[TesseraCoreTests.LayoutProbeHarnessTests testUnstableMeasurementFailsAtTheBound]' started.
XCTExpectFailure: matcher accepted Assertion Failure at LayoutProbeHarnessTests.swift:35: failed - Layout did not settle within 0.03s; pending: ["NSView"]; measurements: Optional([(5.0, 0.0, 1.0, 1.0)]) -> [(6.0, 0.0, 1.0, 1.0)]
LayoutProbeHarnessTests.swift:35: Expected failure in -[TesseraCoreTests.LayoutProbeHarnessTests testUnstableMeasurementFailsAtTheBound]: failed - Layout did not settle within 0.03s; pending: ["NSView"]; measurements: Optional([(5.0, 0.0, 1.0, 1.0)]) -> [(6.0, 0.0, 1.0, 1.0)]Reason: (A continuously changing probe must fail instead of accepting transient geometry)
Test Case '-[TesseraCoreTests.LayoutProbeHarnessTests testUnstableMeasurementFailsAtTheBound]' passed (0.032 seconds).
Test Case '-[TesseraCoreTests.LayoutProbeHarnessTests testWaitsForDeferredGeometryAndFlushesItsLayout]' started.
Test Case '-[TesseraCoreTests.LayoutProbeHarnessTests testWaitsForDeferredGeometryAndFlushesItsLayout]' passed (0.090 seconds).
Test Suite 'LayoutProbeHarnessTests' passed at 2026-10-01 03:00:29.920.
	 Executed 2 tests, with 0 failures (0 unexpected) in 0.122 (0.122) seconds
Test Suite 'MasksPanelLayoutTests' started at 2026-10-01 03:00:29.920.
Test Case '-[TesseraCoreTests.MasksPanelLayoutTests testPopulatedInspectorKeepsComponentActionsReadableAtMinimumWidth]' started.
develop original L2 calibration [first, tone, WB] ms: CPU [17.209084, 0.372334, 0.395167]; GPU [22.913959000000002, 0.944459, 0.787875]
Test Case '-[TesseraCoreTests.MasksPanelLayoutTests testPopulatedInspectorKeepsComponentActionsReadableAtMinimumWidth]' passed (1.536 seconds).
Test Suite 'MasksPanelLayoutTests' passed at 2026-10-01 03:00:31.457.
	 Executed 1 test, with 0 failures (0 unexpected) in 1.536 (1.536) seconds
Test Suite 'PeopleLayoutTests' started at 2026-10-01 03:00:31.457.
Test Case '-[TesseraCoreTests.PeopleLayoutTests testDetailFitsWindowAndKeepsHeaderAtTop]' started.
Test Case '-[TesseraCoreTests.PeopleLayoutTests testDetailFitsWindowAndKeepsHeaderAtTop]' passed (0.474 seconds).
Test Suite 'PeopleLayoutTests' passed at 2026-10-01 03:00:31.931.
	 Executed 1 test, with 0 failures (0 unexpected) in 0.474 (0.474) seconds
Test Suite 'ShellLayoutTests' started at 2026-10-01 03:00:31.931.
Test Case '-[TesseraCoreTests.ShellLayoutTests testDocumentInspectorEveryTabAndHistoryStateAtEverySize]' started.
Test Case '-[TesseraCoreTests.ShellLayoutTests testDocumentInspectorEveryTabAndHistoryStateAtEverySize]' passed (18.105 seconds).
Test Case '-[TesseraCoreTests.ShellLayoutTests testInspectorTabShortcuts]' started.
Test Case '-[TesseraCoreTests.ShellLayoutTests testInspectorTabShortcuts]' passed (1.234 seconds).
Test Case '-[TesseraCoreTests.ShellLayoutTests testManyDocumentTabsStayCapped]' started.
Test Case '-[TesseraCoreTests.ShellLayoutTests testManyDocumentTabsStayCapped]' passed (1.169 seconds).
Test Case '-[TesseraCoreTests.ShellLayoutTests testShellContainedAtEverySizeStateAndAppearance]' started.
Test Case '-[TesseraCoreTests.ShellLayoutTests testShellContainedAtEverySizeStateAndAppearance]' passed (20.341 seconds).
Test Suite 'ShellLayoutTests' passed at 2026-10-01 03:01:12.780.
	 Executed 4 tests, with 0 failures (0 unexpected) in 40.849 (40.849) seconds
Test Suite 'TesseraPackageTests.xctest' passed at 2026-10-01 03:01:12.780.
	 Executed 54 tests, with 0 failures (0 unexpected) in 95.122 (95.129) seconds
Test Suite 'Selected tests' passed at 2026-10-01 03:01:12.780.
	 Executed 54 tests, with 0 failures (0 unexpected) in 95.122 (95.130) seconds
◇ Test run started.
↳ Testing Library Version: 1501
↳ Target Platform: arm64e-apple-macos14.0
✔ Test run with 0 tests in 0 suites passed after 0.001 seconds.
