2026-10-01T06:56:08Z focused 1 start; cargo PID 34606
2026-10-01T06:58:06Z focused 1 exit 0
	 Executed 54 tests, with 0 failures (0 unexpected) in 113.185 (113.194) seconds
◇ Test run started.
↳ Testing Library Version: 1501
↳ Target Platform: arm64e-apple-macos14.0
✔ Test run with 0 tests in 0 suites passed after 0.001 seconds.
2026-10-01T06:58:06Z focused 2 start; cargo PID 34606
2026-10-01T06:59:36Z focused 2 exit 0
	 Executed 54 tests, with 0 failures (0 unexpected) in 90.051 (90.059) seconds
◇ Test run started.
↳ Testing Library Version: 1501
↳ Target Platform: arm64e-apple-macos14.0
✔ Test run with 0 tests in 0 suites passed after 0.001 seconds.
2026-10-01T06:59:36Z focused 3 start; cargo PID 34606
2026-10-01T07:01:13Z focused 3 exit 0
	 Executed 54 tests, with 0 failures (0 unexpected) in 95.122 (95.130) seconds
◇ Test run started.
↳ Testing Library Version: 1501
↳ Target Platform: arm64e-apple-macos14.0
✔ Test run with 0 tests in 0 suites passed after 0.001 seconds.
2026-10-01T07:01:13Z focused 4 start; cargo PID 34606
2026-10-01T07:02:32Z focused 4 exit 0
	 Executed 54 tests, with 0 failures (0 unexpected) in 78.164 (78.173) seconds
◇ Test run started.
↳ Testing Library Version: 1501
↳ Target Platform: arm64e-apple-macos14.0
✔ Test run with 0 tests in 0 suites passed after 0.001 seconds.
2026-10-01T07:02:32Z focused 5 start; cargo PID 34606
2026-10-01T07:03:52Z focused 5 exit 0
	 Executed 54 tests, with 0 failures (0 unexpected) in 79.724 (79.732) seconds
◇ Test run started.
↳ Testing Library Version: 1501
↳ Target Platform: arm64e-apple-macos14.0
✔ Test run with 0 tests in 0 suites passed after 0.001 seconds.
