    Blocking waiting for file lock on build directory
   Compiling ml-runtime v0.1.0 (/Users/rutmehta/Developer/tessera/.worktrees/M2-49/crates/ml-runtime)
error[E0599]: no method named `download` found for struct `registry::ModelRegistry` in the current scope
   --> crates/ml-runtime/src/registry.rs:245:26
    |
 78 | pub struct ModelRegistry {
    | ------------------------ method `download` not found for this struct
...
245 |         assert!(registry.download(&model, false, |done, total| events.push((done, total))).is_err());
    |                          ^^^^^^^^ method not found in `registry::ModelRegistry`

error[E0599]: no method named `download` found for struct `registry::ModelRegistry` in the current scope
   --> crates/ml-runtime/src/registry.rs:248:31
    |
 78 | pub struct ModelRegistry {
    | ------------------------ method `download` not found for this struct
...
248 |         let handle = registry.download(&model, true, |done, total| events.push((done, total)))?;
    |                               ^^^^^^^^ method not found in `registry::ModelRegistry`

error[E0599]: no method named `download` found for struct `registry::ModelRegistry` in the current scope
   --> crates/ml-runtime/src/registry.rs:253:18
    |
 78 | pub struct ModelRegistry {
    | ------------------------ method `download` not found for this struct
...
253 |         registry.download(&model, false, |done, total| events.push((done, total)))?;
    |                  ^^^^^^^^ method not found in `registry::ModelRegistry`

error[E0599]: no method named `download` found for struct `registry::ModelRegistry` in the current scope
   --> crates/ml-runtime/src/registry.rs:256:26
    |
 78 | pub struct ModelRegistry {
    | ------------------------ method `download` not found for this struct
...
256 |         assert!(registry.download(&model, false, |_, _| {}).is_err());
    |                          ^^^^^^^^ method not found in `registry::ModelRegistry`

For more information about this error, try `rustc --explain E0599`.
error: could not compile `ml-runtime` (lib test) due to 4 previous errors
