
running 20 tests
test codec::tests::cancel_during_encoding_stops_writes ... ok
test codec::tests::density_is_recorded_in_every_container ... ok
test depth::tests::unknown_depth_provenance_is_not_silently_replaced ... ok
test codec::tests::shared_profiles_are_reused_and_tiff_quantizes_target_encoded_pixels ... ok
test depth::tests::missing_weights_skip_only_blur_with_warning ... ok
test depth::tests::ai_masks_and_depth_both_run_in_one_export ... ok
test depth::tests::corrupt_depth_weights_fail_instead_of_skipping ... ok
test depth::tests::raw_neural_export_installs_automatic_adapter_without_noise_configuration ... ok
test tests::naming_tokens_and_path_safety ... ok
test tests::enhancement_render_does_not_quantize_model_input ... ok
test filter::tests::lanczos_matches_independent_reference ... ok
test tests::enhancement_output_matches_managed_render_for_every_profile ... ok
test tests::warning_publication_collision_never_overwrites_existing_report ... ok
test filter::tests::lanczos_preserves_constants_and_suppresses_aliasing ... ok
SKIP resident CFA export: internal error: Metal adapter: No suitable graphics adapter found; noop not requested, vulkan not requested, metal found no adapters, dx12 not requested, gl not requested, webgpu not requested
test depth::tests::resident_cfa_export_matches_reference_and_cancels ... ok
test batch::tests::serial_cancellation_before_commit_discards_prepared_files ... ok
test depth::tests::supplied_depth_blurs_before_geometry ... ok
test tests::warning_report_survives_commit_and_preserves_success ... ok
test tests::ai_subject_export_changes_pixels ... ok
test codec::tests::striped_jpeg_matches_sequential_restart_encode ... ok

test result: ok. 20 passed; 0 failed; 0 ignored; 0 measured; 7 filtered out; finished in 1.62s

