Executable from latest full gate: /Volumes/betterSSD/tessera-cache/target/M2-49/release/deps/interactive_performance-2a2b96b4624d4473

running 1 test
test bench_l2_composed_geometry_budget ... GEOMETRY_BENCH fixture=/Users/rutmehta/Developer/tessera/.worktrees/M2-49/crates/pipeline-gpu/../../fixtures/raw/nikon-nef.NEF adapter="Apple M4" sensor=7378x4924 level=2
GEOMETRY_BENCH_COLD mode=Guided extent=1661x1108 ms=648.54
GEOMETRY_BENCH mode=Guided op=vertical path=surface level=2 extent=1661x1108 p50_ms=5.47 p90_ms=6.01 max_ms=6.28 budget_ms=12 drop_threshold_ms=16 samples=[4.82, 4.83, 4.83, 4.93, 4.94, 5.00, 5.02, 5.06, 5.08, 5.10, 5.14, 5.17, 5.20, 5.20, 5.24, 5.26, 5.40, 5.42, 5.42, 5.46, 5.47, 5.47, 5.47, 5.48, 5.49, 5.49, 5.54, 5.59, 5.64, 5.64, 5.70, 5.71, 5.81, 5.87, 5.98, 6.01, 6.02, 6.06, 6.18, 6.28]
GEOMETRY_BENCH mode=Guided op=horizontal path=surface level=2 extent=1661x1108 p50_ms=5.48 p90_ms=6.43 max_ms=21.04 budget_ms=12 drop_threshold_ms=16 samples=[4.89, 4.94, 4.95, 4.96, 4.97, 5.02, 5.11, 5.13, 5.16, 5.18, 5.23, 5.23, 5.27, 5.30, 5.34, 5.36, 5.38, 5.38, 5.45, 5.47, 5.48, 5.48, 5.61, 5.63, 5.67, 5.69, 5.79, 5.83, 5.84, 5.84, 6.01, 6.04, 6.06, 6.13, 6.27, 6.43, 6.64, 8.34, 12.02, 21.04]
GEOMETRY_BENCH mode=Guided op=rotate path=surface level=2 extent=1661x1108 p50_ms=5.49 p90_ms=5.94 max_ms=6.80 budget_ms=12 drop_threshold_ms=16 samples=[4.95, 4.97, 4.98, 4.98, 5.01, 5.01, 5.03, 5.06, 5.08, 5.13, 5.19, 5.22, 5.22, 5.37, 5.41, 5.42, 5.42, 5.43, 5.46, 5.47, 5.49, 5.50, 5.52, 5.53, 5.56, 5.61, 5.65, 5.65, 5.65, 5.66, 5.68, 5.68, 5.69, 5.84, 5.86, 5.94, 6.01, 6.13, 6.47, 6.80]
GEOMETRY_BENCH mode=Guided op=scale path=surface level=2 extent=1661x1108 p50_ms=5.42 p90_ms=5.77 max_ms=6.12 budget_ms=12 drop_threshold_ms=16 samples=[4.85, 4.88, 4.88, 4.91, 4.95, 4.96, 4.97, 4.97, 4.98, 4.99, 4.99, 5.01, 5.12, 5.22, 5.27, 5.32, 5.37, 5.38, 5.38, 5.40, 5.42, 5.43, 5.44, 5.45, 5.48, 5.48, 5.53, 5.54, 5.60, 5.61, 5.61, 5.61, 5.68, 5.72, 5.74, 5.77, 5.83, 5.88, 5.94, 6.12]
GEOMETRY_BENCH_COLD mode=Auto extent=1661x1108 ms=11887.38
GEOMETRY_BENCH mode=Auto op=vertical path=surface level=2 extent=1661x1108 p50_ms=6.07 p90_ms=6.65 max_ms=13.35 budget_ms=12 drop_threshold_ms=16 samples=[5.36, 5.47, 5.51, 5.52, 5.53, 5.61, 5.61, 5.71, 5.73, 5.73, 5.80, 5.80, 5.81, 5.92, 5.94, 5.97, 5.98, 6.00, 6.00, 6.05, 6.07, 6.07, 6.08, 6.15, 6.17, 6.17, 6.24, 6.26, 6.28, 6.31, 6.32, 6.37, 6.39, 6.45, 6.60, 6.65, 6.71, 7.18, 7.29, 13.35]
GEOMETRY_BENCH mode=Auto op=horizontal path=surface level=2 extent=1661x1108 p50_ms=6.23 p90_ms=6.76 max_ms=7.28 budget_ms=12 drop_threshold_ms=16 samples=[5.45, 5.49, 5.50, 5.51, 5.53, 5.53, 5.69, 5.79, 5.83, 5.87, 5.87, 5.90, 5.93, 5.94, 5.96, 5.98, 6.01, 6.03, 6.13, 6.17, 6.23, 6.24, 6.25, 6.27, 6.28, 6.32, 6.33, 6.36, 6.39, 6.43, 6.46, 6.46, 6.49, 6.55, 6.73, 6.76, 6.79, 6.81, 6.87, 7.28]
GEOMETRY_BENCH mode=Auto op=rotate path=surface level=2 extent=1661x1108 p50_ms=6.06 p90_ms=6.73 max_ms=24.13 budget_ms=12 drop_threshold_ms=16 samples=[5.36, 5.40, 5.46, 5.50, 5.60, 5.60, 5.65, 5.67, 5.72, 5.74, 5.76, 5.77, 5.81, 5.84, 5.87, 5.91, 5.94, 5.95, 6.03, 6.03, 6.06, 6.06, 6.08, 6.09, 6.12, 6.13, 6.19, 6.20, 6.27, 6.28, 6.29, 6.32, 6.34, 6.68, 6.72, 6.73, 6.87, 6.94, 14.64, 24.13]
GEOMETRY_BENCH mode=Auto op=scale path=surface level=2 extent=1661x1108 p50_ms=6.61 p90_ms=7.44 max_ms=28.12 budget_ms=12 drop_threshold_ms=16 samples=[5.80, 5.94, 5.99, 6.00, 6.03, 6.04, 6.05, 6.09, 6.10, 6.12, 6.19, 6.27, 6.28, 6.32, 6.35, 6.41, 6.47, 6.51, 6.55, 6.59, 6.61, 6.63, 6.63, 6.63, 6.65, 6.72, 6.72, 6.75, 6.82, 6.86, 6.99, 7.26, 7.28, 7.30, 7.41, 7.44, 8.82, 9.33, 17.27, 28.12]

thread 'bench_l2_composed_geometry_budget' (86141707) panicked at crates/pipeline-gpu/tests/interactive_performance.rs:381:5:
geometry drag latency failures:
Guided/horizontal: frame 21.04 ms crosses the 16 ms adaptive downgrade threshold
Auto/rotate: frame 24.13 ms crosses the 16 ms adaptive downgrade threshold
Auto/scale: frame 28.12 ms crosses the 16 ms adaptive downgrade threshold
note: run with `RUST_BACKTRACE=1` environment variable to display a backtrace
FAILED

failures:

failures:
    bench_l2_composed_geometry_budget

test result: FAILED. 0 passed; 1 failed; 0 ignored; 0 measured; 1 filtered out; finished in 17.36s

