    Blocking waiting for file lock on build directory
   Compiling libc v0.2.189
   Compiling cc v1.5.1
   Compiling syn v3.0.6
   Compiling num-traits v0.2.19
   Compiling syn v2.0.119
   Compiling memchr v2.8.3
   Compiling serde_json v1.0.151
   Compiling getrandom v0.2.17
   Compiling errno v0.3.14
   Compiling cpufeatures v0.2.17
   Compiling getrandom v0.4.3
   Compiling sha2 v0.10.9
   Compiling rustix v1.1.5
   Compiling num-integer v0.1.47
   Compiling num-complex v0.4.6
   Compiling ring v0.17.14
   Compiling blake3 v1.8.7
   Compiling ndarray v0.17.2
   Compiling serde_derive v1.0.229
   Compiling thiserror-impl v2.0.21
   Compiling tempfile v3.27.0
   Compiling thiserror v2.0.21
   Compiling zerocopy-derive v0.8.59
   Compiling serde v1.0.229
   Compiling zerocopy v0.8.59
   Compiling rustls v0.23.45
   Compiling serde_spanned v0.6.9
   Compiling toml_datetime v0.6.11
   Compiling toml_edit v0.22.27
   Compiling rustls-webpki v0.103.15
   Compiling toml v0.8.23
   Compiling half v2.7.1
   Compiling ort v2.0.0-rc.13
   Compiling engine-api v0.1.0 (/Users/rutmehta/Developer/tessera/.worktrees/M2-49/crates/engine-api)
   Compiling ureq v3.4.2
   Compiling ml-runtime v0.1.0 (/Users/rutmehta/Developer/tessera/.worktrees/M2-49/crates/ml-runtime)
   Compiling ml-enhance v0.1.0 (/Users/rutmehta/Developer/tessera/.worktrees/M2-49/crates/ml-enhance)
    Finished `release` profile [optimized] target(s) in 6m 10s
     Running unittests src/lib.rs (/Volumes/betterSSD/tessera-cache/target/M2-49/release/deps/ml_enhance-8a25de9e17e10ce6)

running 2 tests
test cfa::automatic_noise_tests::estimate_rejects_invalid_input_and_keeps_noiseless_flat_zero ... ok
test cfa::automatic_noise_tests::estimate_recovers_independent_flat_site_variances ... ok

test result: ok. 2 passed; 0 failed; 0 ignored; 0 measured; 1 filtered out; finished in 0.00s

     Running tests/blend.rs (/Volumes/betterSSD/tessera-cache/target/M2-49/release/deps/blend-65b3c29248b43c9b)

running 0 tests

test result: ok. 0 passed; 0 failed; 0 ignored; 0 measured; 2 filtered out; finished in 0.00s

     Running tests/cfa.rs (/Volumes/betterSSD/tessera-cache/target/M2-49/release/deps/cfa-d74e9c95dd12382c)

running 0 tests

test result: ok. 0 passed; 0 failed; 0 ignored; 0 measured; 4 filtered out; finished in 0.00s

     Running tests/cfa_model.rs (/Volumes/betterSSD/tessera-cache/target/M2-49/release/deps/cfa_model-881cdbd84922c11e)

running 0 tests

test result: ok. 0 passed; 0 failed; 0 ignored; 0 measured; 1 filtered out; finished in 0.00s

     Running tests/denoiser.rs (/Volumes/betterSSD/tessera-cache/target/M2-49/release/deps/denoiser-85234b1aaa605364)

running 0 tests

test result: ok. 0 passed; 0 failed; 0 ignored; 0 measured; 5 filtered out; finished in 0.00s

     Running tests/model_seams.rs (/Volumes/betterSSD/tessera-cache/target/M2-49/release/deps/model_seams-9811a851c210e6f1)

running 0 tests

test result: ok. 0 passed; 0 failed; 0 ignored; 0 measured; 2 filtered out; finished in 0.00s

     Running tests/models.rs (/Volumes/betterSSD/tessera-cache/target/M2-49/release/deps/models-afcfbce73066eb90)

running 0 tests

test result: ok. 0 passed; 0 failed; 0 ignored; 0 measured; 2 filtered out; finished in 0.00s

     Running tests/tiling.rs (/Volumes/betterSSD/tessera-cache/target/M2-49/release/deps/tiling-bfe5fba7547f571f)

running 0 tests

test result: ok. 0 passed; 0 failed; 0 ignored; 0 measured; 3 filtered out; finished in 0.00s

