
running 43 tests
test assist::persistent_people_tests::persistent_session_manual_operations_and_indexed_filters ... ok
test assist::persistent_people_tests::stored_ids_and_names_survive_reorder_and_reopen ... ok
test catalog::tests::heic_metadata_does_not_use_raw_decoder ... ok
test catalog::tests::png_metadata_does_not_use_raw_decoder ... ok
test collections::tests::rendered_items_round_trip_through_the_parser ... ok
test develop::m2_49_blur_tests::session_keeps_requested_lens_blur_for_depth_hook ... ok
test develop::m2_49_depth_process_tests::depth_input_does_not_silently_substitute_native_process ... engine: Metal unavailable: internal error: Metal adapter: No suitable graphics adapter found; noop not requested, vulkan not requested, metal found no adapters, dx12 not requested, gl not requested, webgpu not requested
develop: Metal unavailable, using CPU
ok
test develop::m2_49_geometry_tests::session_keeps_manual_transform_and_lens_controls ... ok
test develop::m2_49_overlay_tests::depth_overlay_is_not_saved_as_a_recipe_preview ... engine: Metal unavailable: internal error: Metal adapter: No suitable graphics adapter found; noop not requested, vulkan not requested, metal found no adapters, dx12 not requested, gl not requested, webgpu not requested
develop: Metal unavailable, using CPU
ok
test develop::m2_49_session_option_tests::guided_and_depth_options_are_session_only ... engine: Metal unavailable: internal error: Metal adapter: No suitable graphics adapter found; noop not requested, vulkan not requested, metal found no adapters, dx12 not requested, gl not requested, webgpu not requested
develop: Metal unavailable, using CPU
ok
test develop::masks::tests::ai_thumbnail_uses_its_own_scale_instead_of_the_observed_level ... ok
test develop::masks::tests::hooks_compose_ai_rasters_like_the_operator ... ok
test develop::masks::tests::oklab_matches_the_colour_range_operator ... ok
test develop::masks::tests::orientation_maps_round_trip ... ok
test develop::masks::tests::overlay_crop_follows_the_geometry_operator ... ok
test develop::masks::tests::resampling_is_centre_aligned ... ok
test develop::masks::tests::sanitizing_drops_what_cannot_render_and_clamps_the_rest ... ok
test develop::tests::agent_steps_named_after_tools_read_as_their_controls ... ok
test develop::tests::cancelled_frames_do_not_advance_the_surface_ring ... ok
test develop::tests::drag_level_adapts_to_the_frame_budget ... ok
test develop::tests::drag_level_prefers_screen_level_within_the_refresh ... ok
test develop::tests::group_amount_blends_the_agent_group_and_keeps_later_edits ... ok
test develop::tests::jpeg_develop_session_renders_nonblack ... engine: Metal unavailable: internal error: Metal adapter: No suitable graphics adapter found; noop not requested, vulkan not requested, metal found no adapters, dx12 not requested, gl not requested, webgpu not requested
develop: Metal unavailable, using CPU
ok
test develop::tests::masking_gate_matches_the_operator ... ok
test develop::tests::merge_patch_follows_rfc7386 ... ok
test develop::tests::renderable_keeps_basic_and_drops_unsupported ... ok
test develop::tests::renderable_passes_every_panel_and_sanitizes ... ok
test develop::tests::renderable_preserves_pinned_cfa_amount_for_configured_session ... ok
test develop::tests::resident_extended_controls_do_not_start_at_heavy_proxy_level ... ok
test develop::tests::step_toggles_replay_history_without_the_step ... ok
test develop::tests::surface_frame_materializes_the_captured_recipe_only_on_demand ... ok
test develop::tests::unconfigured_session_uses_automatic_noise_without_discarding_saved_denoise ... ok
test document::filtering::tests::base64_round_trips ... ok
test document::filtering::tests::filter_json_parses_and_rejects ... ok
test lrcat_fidelity::tests::ciede2000_matches_sharma_reference_pairs ... ok
test lrcat_fidelity::tests::identical_images_have_zero_delta_e_and_white_is_l100 ... ok
test lrcat_fidelity::tests::jpeg_fidelity_selects_recipe_process_version ... ok
test lrcat_fidelity::tests::spread_is_even_and_bounded ... ok
test models::tests::model_download_checksum_failure_never_installs ... ok
test models::tests::model_download_local_progress_cached_ready_and_corruption ... ok
test models::tests::model_download_missing_disabled_has_one_failure ... ok
test tests::selection_survives_reopen_and_incremental_scan ... ok
test tether::tests::commands_without_session_fail_without_camera_access ... ok

test result: ok. 43 passed; 0 failed; 0 ignored; 0 measured; 7 filtered out; finished in 0.24s

