warning: '--skip-update' option is deprecated and will be removed in a future release
Building for debugging...
[0/9] Write sources
[0/9] Write Tessera-entitlement.plist
[4/9] Copying Sparkle.framework
[5/9] Write swift-version--58304C5D6DBC2206.txt
[7/11] Emitting module TesseraFFI
[8/11] Compiling TesseraFFI TesseraFFI.swift
[9/60] Compiling TesseraCore ExportNaming.swift
[10/60] Compiling TesseraCore ExportPresetStore.swift
[11/60] Compiling TesseraCore ExportSettings.swift
[12/60] Compiling TesseraCore Grouping.swift
[13/60] Compiling TesseraCore KeywordSuggestions.swift
[14/65] Emitting module TesseraCore
[15/65] Compiling TesseraCore EditorTools.swift
[16/65] Compiling TesseraCore EngineDocumentBackend+Tools.swift
[17/65] Compiling TesseraCore FreeTransformMath.swift
[18/65] Compiling TesseraCore StubDocumentBackend+Tools.swift
[19/65] Compiling TesseraCore EngineLibrary.swift
[20/65] Compiling TesseraCore CullState.swift
[21/65] Compiling TesseraCore ColorMath.swift
[22/65] Compiling TesseraCore CropGeometry.swift
[23/65] Compiling TesseraCore DevelopController+Masks.swift
[24/65] Compiling TesseraCore DevelopControls.swift
[25/65] Compiling TesseraCore EDRPresentation.swift
[26/65] Compiling TesseraCore DocumentAdjustments.swift
[27/65] Compiling TesseraCore DocumentBackend.swift
[28/65] Compiling TesseraCore DocumentBlendModes.swift
[29/65] Compiling TesseraCore DocumentKeyMap.swift
[30/65] Compiling TesseraCore DocumentOutline.swift
[31/65] Compiling TesseraCore PrintSettings.swift
[32/65] Compiling TesseraCore StubLibrary.swift
[33/65] Compiling TesseraCore IncomingStrip.swift
[34/65] Compiling TesseraCore TetherNaming.swift
[35/65] Compiling TesseraCore ThumbnailLoader.swift
[36/65] Compiling TesseraCore LibraryCatalog.swift
[37/65] Compiling TesseraCore LightroomImport.swift
[38/65] Compiling TesseraCore PhotoItem.swift
[39/65] Compiling TesseraCore PreviewEvents.swift
[40/65] Compiling TesseraCore PrintLayout.swift
[41/65] Compiling TesseraCore LensBlurDenoiseControls.swift
[42/65] Compiling TesseraCore Masking.swift
[43/65] Compiling TesseraCore PresetStore.swift
[44/65] Compiling TesseraCore ToneCurveModel.swift
[45/65] Compiling TesseraCore TransformControls.swift
[46/65] Compiling TesseraCore DevelopController.swift
[47/65] Compiling TesseraCore AISettings.swift
[48/65] Compiling TesseraCore AgentFade.swift
[49/65] Compiling TesseraCore AgentReview.swift
[50/65] Compiling TesseraCore CullController+Assist.swift
[51/65] Compiling TesseraCore People.swift
[52/65] Compiling TesseraCore CullController.swift
[53/65] Compiling TesseraCore DocumentViewportMath.swift
[54/65] Compiling TesseraCore EngineDocumentBackend.swift
[55/65] Compiling TesseraCore DocumentFiltersBackend.swift
[56/65] Compiling TesseraCore EngineDocumentBackend+Filters.swift
[57/65] Compiling TesseraCore FilterSchema.swift
[58/65] Compiling TesseraCore StubDocumentBackend+Filters.swift
/Users/rutmehta/Developer/tessera/.worktrees/M2-49/apps/mac/Sources/TesseraCore/Document/StubDocumentBackend.swift:860:30: warning: reference to captured var 'step' in concurrently-executing code [#SendableClosureCaptures]
 858 |         DispatchQueue.concurrentPerform(iterations: bands) { band in
 859 |             for r in (rows * band / bands)..<(rows * (band + 1) / bands) {
 860 |                 let ty = r * step
     |                              `- warning: reference to captured var 'step' in concurrently-executing code [#SendableClosureCaptures]
 861 |                 let cy = (Float(y0 + ty) + 0.5 * Float(step)) * scale
 862 |                 var tx = 0

/Users/rutmehta/Developer/tessera/.worktrees/M2-49/apps/mac/Sources/TesseraCore/Document/StubDocumentBackend.swift:861:56: warning: reference to captured var 'step' in concurrently-executing code [#SendableClosureCaptures]
 859 |             for r in (rows * band / bands)..<(rows * (band + 1) / bands) {
 860 |                 let ty = r * step
 861 |                 let cy = (Float(y0 + ty) + 0.5 * Float(step)) * scale
     |                                                        `- warning: reference to captured var 'step' in concurrently-executing code [#SendableClosureCaptures]
 862 |                 var tx = 0
 863 |                 while tx < rw {

/Users/rutmehta/Developer/tessera/.worktrees/M2-49/apps/mac/Sources/TesseraCore/Document/StubDocumentBackend.swift:864:71: warning: reference to captured var 'step' in concurrently-executing code [#SendableClosureCaptures]
 862 |                 var tx = 0
 863 |                 while tx < rw {
 864 |                     let c = comp.sample((Float(x0 + tx) + 0.5 * Float(step)) * scale, cy)
     |                                                                       `- warning: reference to captured var 'step' in concurrently-executing code [#SendableClosureCaptures]
 865 |                     for dy in 0..<min(step, rh - ty) {
 866 |                         let line = bytes + (ty + dy) * stride

/Users/rutmehta/Developer/tessera/.worktrees/M2-49/apps/mac/Sources/TesseraCore/Document/StubDocumentBackend.swift:865:39: warning: reference to captured var 'step' in concurrently-executing code [#SendableClosureCaptures]
 863 |                 while tx < rw {
 864 |                     let c = comp.sample((Float(x0 + tx) + 0.5 * Float(step)) * scale, cy)
 865 |                     for dy in 0..<min(step, rh - ty) {
     |                                       `- warning: reference to captured var 'step' in concurrently-executing code [#SendableClosureCaptures]
 866 |                         let line = bytes + (ty + dy) * stride
 867 |                         for dx in 0..<min(step, rw - tx) { Self.store(c, line + (tx + dx) * 4) }

/Users/rutmehta/Developer/tessera/.worktrees/M2-49/apps/mac/Sources/TesseraCore/Document/StubDocumentBackend.swift:867:43: warning: reference to captured var 'step' in concurrently-executing code [#SendableClosureCaptures]
 865 |                     for dy in 0..<min(step, rh - ty) {
 866 |                         let line = bytes + (ty + dy) * stride
 867 |                         for dx in 0..<min(step, rw - tx) { Self.store(c, line + (tx + dx) * 4) }
     |                                           `- warning: reference to captured var 'step' in concurrently-executing code [#SendableClosureCaptures]
 868 |                     }
 869 |                     tx += step

/Users/rutmehta/Developer/tessera/.worktrees/M2-49/apps/mac/Sources/TesseraCore/Document/StubDocumentBackend.swift:869:27: warning: reference to captured var 'step' in concurrently-executing code [#SendableClosureCaptures]
 867 |                         for dx in 0..<min(step, rw - tx) { Self.store(c, line + (tx + dx) * 4) }
 868 |                     }
 869 |                     tx += step
     |                           `- warning: reference to captured var 'step' in concurrently-executing code [#SendableClosureCaptures]
 870 |                 }
 871 |             }

[#SendableClosureCaptures]: <https://docs.swift.org/compiler/documentation/diagnostics/sendable-closure-captures>
[59/65] Compiling TesseraCore StubCompositor.swift
/Users/rutmehta/Developer/tessera/.worktrees/M2-49/apps/mac/Sources/TesseraCore/Document/StubDocumentBackend.swift:860:30: warning: reference to captured var 'step' in concurrently-executing code [#SendableClosureCaptures]
 858 |         DispatchQueue.concurrentPerform(iterations: bands) { band in
 859 |             for r in (rows * band / bands)..<(rows * (band + 1) / bands) {
 860 |                 let ty = r * step
     |                              `- warning: reference to captured var 'step' in concurrently-executing code [#SendableClosureCaptures]
 861 |                 let cy = (Float(y0 + ty) + 0.5 * Float(step)) * scale
 862 |                 var tx = 0

/Users/rutmehta/Developer/tessera/.worktrees/M2-49/apps/mac/Sources/TesseraCore/Document/StubDocumentBackend.swift:861:56: warning: reference to captured var 'step' in concurrently-executing code [#SendableClosureCaptures]
 859 |             for r in (rows * band / bands)..<(rows * (band + 1) / bands) {
 860 |                 let ty = r * step
 861 |                 let cy = (Float(y0 + ty) + 0.5 * Float(step)) * scale
     |                                                        `- warning: reference to captured var 'step' in concurrently-executing code [#SendableClosureCaptures]
 862 |                 var tx = 0
 863 |                 while tx < rw {

/Users/rutmehta/Developer/tessera/.worktrees/M2-49/apps/mac/Sources/TesseraCore/Document/StubDocumentBackend.swift:864:71: warning: reference to captured var 'step' in concurrently-executing code [#SendableClosureCaptures]
 862 |                 var tx = 0
 863 |                 while tx < rw {
 864 |                     let c = comp.sample((Float(x0 + tx) + 0.5 * Float(step)) * scale, cy)
     |                                                                       `- warning: reference to captured var 'step' in concurrently-executing code [#SendableClosureCaptures]
 865 |                     for dy in 0..<min(step, rh - ty) {
 866 |                         let line = bytes + (ty + dy) * stride

/Users/rutmehta/Developer/tessera/.worktrees/M2-49/apps/mac/Sources/TesseraCore/Document/StubDocumentBackend.swift:865:39: warning: reference to captured var 'step' in concurrently-executing code [#SendableClosureCaptures]
 863 |                 while tx < rw {
 864 |                     let c = comp.sample((Float(x0 + tx) + 0.5 * Float(step)) * scale, cy)
 865 |                     for dy in 0..<min(step, rh - ty) {
     |                                       `- warning: reference to captured var 'step' in concurrently-executing code [#SendableClosureCaptures]
 866 |                         let line = bytes + (ty + dy) * stride
 867 |                         for dx in 0..<min(step, rw - tx) { Self.store(c, line + (tx + dx) * 4) }

/Users/rutmehta/Developer/tessera/.worktrees/M2-49/apps/mac/Sources/TesseraCore/Document/StubDocumentBackend.swift:867:43: warning: reference to captured var 'step' in concurrently-executing code [#SendableClosureCaptures]
 865 |                     for dy in 0..<min(step, rh - ty) {
 866 |                         let line = bytes + (ty + dy) * stride
 867 |                         for dx in 0..<min(step, rw - tx) { Self.store(c, line + (tx + dx) * 4) }
     |                                           `- warning: reference to captured var 'step' in concurrently-executing code [#SendableClosureCaptures]
 868 |                     }
 869 |                     tx += step

/Users/rutmehta/Developer/tessera/.worktrees/M2-49/apps/mac/Sources/TesseraCore/Document/StubDocumentBackend.swift:869:27: warning: reference to captured var 'step' in concurrently-executing code [#SendableClosureCaptures]
 867 |                         for dx in 0..<min(step, rw - tx) { Self.store(c, line + (tx + dx) * 4) }
 868 |                     }
 869 |                     tx += step
     |                           `- warning: reference to captured var 'step' in concurrently-executing code [#SendableClosureCaptures]
 870 |                 }
 871 |             }

[#SendableClosureCaptures]: <https://docs.swift.org/compiler/documentation/diagnostics/sendable-closure-captures>
[60/65] Compiling TesseraCore StubDocumentBackend.swift
/Users/rutmehta/Developer/tessera/.worktrees/M2-49/apps/mac/Sources/TesseraCore/Document/StubDocumentBackend.swift:860:30: warning: reference to captured var 'step' in concurrently-executing code [#SendableClosureCaptures]
 858 |         DispatchQueue.concurrentPerform(iterations: bands) { band in
 859 |             for r in (rows * band / bands)..<(rows * (band + 1) / bands) {
 860 |                 let ty = r * step
     |                              `- warning: reference to captured var 'step' in concurrently-executing code [#SendableClosureCaptures]
 861 |                 let cy = (Float(y0 + ty) + 0.5 * Float(step)) * scale
 862 |                 var tx = 0

/Users/rutmehta/Developer/tessera/.worktrees/M2-49/apps/mac/Sources/TesseraCore/Document/StubDocumentBackend.swift:861:56: warning: reference to captured var 'step' in concurrently-executing code [#SendableClosureCaptures]
 859 |             for r in (rows * band / bands)..<(rows * (band + 1) / bands) {
 860 |                 let ty = r * step
 861 |                 let cy = (Float(y0 + ty) + 0.5 * Float(step)) * scale
     |                                                        `- warning: reference to captured var 'step' in concurrently-executing code [#SendableClosureCaptures]
 862 |                 var tx = 0
 863 |                 while tx < rw {

/Users/rutmehta/Developer/tessera/.worktrees/M2-49/apps/mac/Sources/TesseraCore/Document/StubDocumentBackend.swift:864:71: warning: reference to captured var 'step' in concurrently-executing code [#SendableClosureCaptures]
 862 |                 var tx = 0
 863 |                 while tx < rw {
 864 |                     let c = comp.sample((Float(x0 + tx) + 0.5 * Float(step)) * scale, cy)
     |                                                                       `- warning: reference to captured var 'step' in concurrently-executing code [#SendableClosureCaptures]
 865 |                     for dy in 0..<min(step, rh - ty) {
 866 |                         let line = bytes + (ty + dy) * stride

/Users/rutmehta/Developer/tessera/.worktrees/M2-49/apps/mac/Sources/TesseraCore/Document/StubDocumentBackend.swift:865:39: warning: reference to captured var 'step' in concurrently-executing code [#SendableClosureCaptures]
 863 |                 while tx < rw {
 864 |                     let c = comp.sample((Float(x0 + tx) + 0.5 * Float(step)) * scale, cy)
 865 |                     for dy in 0..<min(step, rh - ty) {
     |                                       `- warning: reference to captured var 'step' in concurrently-executing code [#SendableClosureCaptures]
 866 |                         let line = bytes + (ty + dy) * stride
 867 |                         for dx in 0..<min(step, rw - tx) { Self.store(c, line + (tx + dx) * 4) }

/Users/rutmehta/Developer/tessera/.worktrees/M2-49/apps/mac/Sources/TesseraCore/Document/StubDocumentBackend.swift:867:43: warning: reference to captured var 'step' in concurrently-executing code [#SendableClosureCaptures]
 865 |                     for dy in 0..<min(step, rh - ty) {
 866 |                         let line = bytes + (ty + dy) * stride
 867 |                         for dx in 0..<min(step, rw - tx) { Self.store(c, line + (tx + dx) * 4) }
     |                                           `- warning: reference to captured var 'step' in concurrently-executing code [#SendableClosureCaptures]
 868 |                     }
 869 |                     tx += step

/Users/rutmehta/Developer/tessera/.worktrees/M2-49/apps/mac/Sources/TesseraCore/Document/StubDocumentBackend.swift:869:27: warning: reference to captured var 'step' in concurrently-executing code [#SendableClosureCaptures]
 867 |                         for dx in 0..<min(step, rw - tx) { Self.store(c, line + (tx + dx) * 4) }
 868 |                     }
 869 |                     tx += step
     |                           `- warning: reference to captured var 'step' in concurrently-executing code [#SendableClosureCaptures]
 870 |                 }
 871 |             }

[#SendableClosureCaptures]: <https://docs.swift.org/compiler/documentation/diagnostics/sendable-closure-captures>
[61/65] Compiling TesseraCore StubDocumentModel.swift
/Users/rutmehta/Developer/tessera/.worktrees/M2-49/apps/mac/Sources/TesseraCore/Document/StubDocumentBackend.swift:860:30: warning: reference to captured var 'step' in concurrently-executing code [#SendableClosureCaptures]
 858 |         DispatchQueue.concurrentPerform(iterations: bands) { band in
 859 |             for r in (rows * band / bands)..<(rows * (band + 1) / bands) {
 860 |                 let ty = r * step
     |                              `- warning: reference to captured var 'step' in concurrently-executing code [#SendableClosureCaptures]
 861 |                 let cy = (Float(y0 + ty) + 0.5 * Float(step)) * scale
 862 |                 var tx = 0

/Users/rutmehta/Developer/tessera/.worktrees/M2-49/apps/mac/Sources/TesseraCore/Document/StubDocumentBackend.swift:861:56: warning: reference to captured var 'step' in concurrently-executing code [#SendableClosureCaptures]
 859 |             for r in (rows * band / bands)..<(rows * (band + 1) / bands) {
 860 |                 let ty = r * step
 861 |                 let cy = (Float(y0 + ty) + 0.5 * Float(step)) * scale
     |                                                        `- warning: reference to captured var 'step' in concurrently-executing code [#SendableClosureCaptures]
 862 |                 var tx = 0
 863 |                 while tx < rw {

/Users/rutmehta/Developer/tessera/.worktrees/M2-49/apps/mac/Sources/TesseraCore/Document/StubDocumentBackend.swift:864:71: warning: reference to captured var 'step' in concurrently-executing code [#SendableClosureCaptures]
 862 |                 var tx = 0
 863 |                 while tx < rw {
 864 |                     let c = comp.sample((Float(x0 + tx) + 0.5 * Float(step)) * scale, cy)
     |                                                                       `- warning: reference to captured var 'step' in concurrently-executing code [#SendableClosureCaptures]
 865 |                     for dy in 0..<min(step, rh - ty) {
 866 |                         let line = bytes + (ty + dy) * stride

/Users/rutmehta/Developer/tessera/.worktrees/M2-49/apps/mac/Sources/TesseraCore/Document/StubDocumentBackend.swift:865:39: warning: reference to captured var 'step' in concurrently-executing code [#SendableClosureCaptures]
 863 |                 while tx < rw {
 864 |                     let c = comp.sample((Float(x0 + tx) + 0.5 * Float(step)) * scale, cy)
 865 |                     for dy in 0..<min(step, rh - ty) {
     |                                       `- warning: reference to captured var 'step' in concurrently-executing code [#SendableClosureCaptures]
 866 |                         let line = bytes + (ty + dy) * stride
 867 |                         for dx in 0..<min(step, rw - tx) { Self.store(c, line + (tx + dx) * 4) }

/Users/rutmehta/Developer/tessera/.worktrees/M2-49/apps/mac/Sources/TesseraCore/Document/StubDocumentBackend.swift:867:43: warning: reference to captured var 'step' in concurrently-executing code [#SendableClosureCaptures]
 865 |                     for dy in 0..<min(step, rh - ty) {
 866 |                         let line = bytes + (ty + dy) * stride
 867 |                         for dx in 0..<min(step, rw - tx) { Self.store(c, line + (tx + dx) * 4) }
     |                                           `- warning: reference to captured var 'step' in concurrently-executing code [#SendableClosureCaptures]
 868 |                     }
 869 |                     tx += step

/Users/rutmehta/Developer/tessera/.worktrees/M2-49/apps/mac/Sources/TesseraCore/Document/StubDocumentBackend.swift:869:27: warning: reference to captured var 'step' in concurrently-executing code [#SendableClosureCaptures]
 867 |                         for dx in 0..<min(step, rw - tx) { Self.store(c, line + (tx + dx) * 4) }
 868 |                     }
 869 |                     tx += step
     |                           `- warning: reference to captured var 'step' in concurrently-executing code [#SendableClosureCaptures]
 870 |                 }
 871 |             }

[#SendableClosureCaptures]: <https://docs.swift.org/compiler/documentation/diagnostics/sendable-closure-captures>
[62/65] Compiling TesseraCore DocumentToolsBackend.swift
/Users/rutmehta/Developer/tessera/.worktrees/M2-49/apps/mac/Sources/TesseraCore/Document/StubDocumentBackend.swift:860:30: warning: reference to captured var 'step' in concurrently-executing code [#SendableClosureCaptures]
 858 |         DispatchQueue.concurrentPerform(iterations: bands) { band in
 859 |             for r in (rows * band / bands)..<(rows * (band + 1) / bands) {
 860 |                 let ty = r * step
     |                              `- warning: reference to captured var 'step' in concurrently-executing code [#SendableClosureCaptures]
 861 |                 let cy = (Float(y0 + ty) + 0.5 * Float(step)) * scale
 862 |                 var tx = 0

/Users/rutmehta/Developer/tessera/.worktrees/M2-49/apps/mac/Sources/TesseraCore/Document/StubDocumentBackend.swift:861:56: warning: reference to captured var 'step' in concurrently-executing code [#SendableClosureCaptures]
 859 |             for r in (rows * band / bands)..<(rows * (band + 1) / bands) {
 860 |                 let ty = r * step
 861 |                 let cy = (Float(y0 + ty) + 0.5 * Float(step)) * scale
     |                                                        `- warning: reference to captured var 'step' in concurrently-executing code [#SendableClosureCaptures]
 862 |                 var tx = 0
 863 |                 while tx < rw {

/Users/rutmehta/Developer/tessera/.worktrees/M2-49/apps/mac/Sources/TesseraCore/Document/StubDocumentBackend.swift:864:71: warning: reference to captured var 'step' in concurrently-executing code [#SendableClosureCaptures]
 862 |                 var tx = 0
 863 |                 while tx < rw {
 864 |                     let c = comp.sample((Float(x0 + tx) + 0.5 * Float(step)) * scale, cy)
     |                                                                       `- warning: reference to captured var 'step' in concurrently-executing code [#SendableClosureCaptures]
 865 |                     for dy in 0..<min(step, rh - ty) {
 866 |                         let line = bytes + (ty + dy) * stride

/Users/rutmehta/Developer/tessera/.worktrees/M2-49/apps/mac/Sources/TesseraCore/Document/StubDocumentBackend.swift:865:39: warning: reference to captured var 'step' in concurrently-executing code [#SendableClosureCaptures]
 863 |                 while tx < rw {
 864 |                     let c = comp.sample((Float(x0 + tx) + 0.5 * Float(step)) * scale, cy)
 865 |                     for dy in 0..<min(step, rh - ty) {
     |                                       `- warning: reference to captured var 'step' in concurrently-executing code [#SendableClosureCaptures]
 866 |                         let line = bytes + (ty + dy) * stride
 867 |                         for dx in 0..<min(step, rw - tx) { Self.store(c, line + (tx + dx) * 4) }

/Users/rutmehta/Developer/tessera/.worktrees/M2-49/apps/mac/Sources/TesseraCore/Document/StubDocumentBackend.swift:867:43: warning: reference to captured var 'step' in concurrently-executing code [#SendableClosureCaptures]
 865 |                     for dy in 0..<min(step, rh - ty) {
 866 |                         let line = bytes + (ty + dy) * stride
 867 |                         for dx in 0..<min(step, rw - tx) { Self.store(c, line + (tx + dx) * 4) }
     |                                           `- warning: reference to captured var 'step' in concurrently-executing code [#SendableClosureCaptures]
 868 |                     }
 869 |                     tx += step

/Users/rutmehta/Developer/tessera/.worktrees/M2-49/apps/mac/Sources/TesseraCore/Document/StubDocumentBackend.swift:869:27: warning: reference to captured var 'step' in concurrently-executing code [#SendableClosureCaptures]
 867 |                         for dx in 0..<min(step, rw - tx) { Self.store(c, line + (tx + dx) * 4) }
 868 |                     }
 869 |                     tx += step
     |                           `- warning: reference to captured var 'step' in concurrently-executing code [#SendableClosureCaptures]
 870 |                 }
 871 |             }

[#SendableClosureCaptures]: <https://docs.swift.org/compiler/documentation/diagnostics/sendable-closure-captures>
[63/142] Compiling Tessera ValueSlider.swift
[64/142] Compiling Tessera FilterBar.swift
[65/142] Compiling Tessera LibraryModel.swift
[66/142] Compiling Tessera RuleTextField.swift
[67/142] Compiling Tessera SmartAlbumSheet.swift
[68/142] Compiling Tessera UnderstandingController.swift
[69/142] Compiling Tessera LoupeFrame.swift
[70/142] Compiling Tessera LoupeMaskTools.swift
[71/150] Compiling Tessera ToolOverlayView.swift
[72/150] Compiling Tessera ToolsInspector.swift
[73/150] Compiling Tessera ToolsMenus.swift
[74/150] Compiling Tessera ToolsPalette.swift
[75/150] Compiling Tessera ToolsSelfTest.swift
[76/150] Compiling Tessera ToolsSheets.swift
[77/150] Compiling Tessera ExportController.swift
[78/150] Compiling Tessera ExportSheet.swift
[79/150] Compiling Tessera ThumbnailBrowser.swift
[80/150] Compiling Tessera ThumbnailCell.swift
[81/150] Compiling Tessera UniformGridLayout.swift
[82/150] Compiling Tessera LightroomImportController.swift
[83/150] Compiling Tessera LightroomImportSheet.swift
[84/150] Compiling Tessera ColorWheelView.swift
[85/150] Compiling Tessera CurveEditorView.swift
[86/150] Compiling Tessera DetailPreviewView.swift
[87/150] Compiling Tessera FaceStripView.swift
[88/150] Compiling Tessera DocumentController.swift
[89/150] Compiling Tessera DocumentControls.swift
[90/150] Compiling Tessera DocumentHistoryPanel.swift
[91/150] Compiling Tessera DocumentSelfTest.swift
[92/150] Compiling Tessera DocumentSheets.swift
[93/150] Compiling Tessera DocumentView.swift
[94/150] Compiling Tessera DocumentViewport.swift
[95/150] Compiling Tessera DocumentWorkspace.swift
[96/150] Compiling Tessera LoupeRenderer.swift
[97/150] Compiling Tessera LoupeToolOverlay.swift
[98/150] Compiling Tessera LoupeUprightGuides.swift
[99/150] Compiling Tessera LoupeView.swift
[100/150] Compiling Tessera MaskToolbar.swift
[101/150] Compiling Tessera MetalLoupeView.swift
[102/150] Compiling Tessera SoftProof.swift
[103/150] Compiling Tessera LibrarySettingsView.swift
[104/150] Compiling Tessera AISettingsView.swift
[105/150] Compiling Tessera AgentController.swift
[106/150] Compiling Tessera AgentPanels.swift
[107/150] Compiling Tessera AgentReviewSheet.swift
[108/150] Compiling Tessera AutoEditSheet.swift
[109/150] Compiling Tessera AppCommands.swift
[110/150] Compiling Tessera AppModel+Output.swift
[111/150] Compiling Tessera AppModel.swift
[112/150] Compiling Tessera Components.swift
[113/150] Emitting module Tessera
[114/150] Compiling Tessera DevelopPanels.swift
[115/150] Compiling Tessera HistogramView.swift
[116/150] Compiling Tessera InspectorView.swift
[117/150] Compiling Tessera LensBlurPanel.swift
[118/150] Compiling Tessera LibraryPanels.swift
[119/150] Compiling Tessera MasksPanel.swift
[120/150] Compiling Tessera TransformPanel.swift
[121/150] Compiling Tessera UnderstandingPanels.swift
[122/150] Compiling Tessera DevelopTools.swift
[123/150] Compiling Tessera KeyRouter.swift
[124/150] Compiling Tessera MaskTools.swift
[125/150] Compiling Tessera TesseraApp.swift
[126/150] Compiling Tessera Theme.swift
[127/150] Compiling Tessera CompareView.swift
[128/150] Compiling Tessera AssistController.swift
[129/150] Compiling Tessera AssistPanels.swift
[130/150] Compiling Tessera DefectSweepSheet.swift
[131/150] Compiling Tessera DocumentFilters.swift
[132/150] Compiling Tessera FilterMenus.swift
[133/150] Compiling Tessera FilterSelfTest.swift
[134/150] Compiling Tessera FilterSheets.swift
[135/150] Compiling Tessera SmartFilterRows.swift
[136/150] Compiling Tessera LayersOutline.swift
[137/150] Compiling Tessera LayersPanel.swift
[138/150] Compiling Tessera PropertiesPanel.swift
[139/150] Compiling Tessera DocumentTools.swift
[140/150] Compiling Tessera PeopleView.swift
[141/150] Compiling Tessera PrintComposer.swift
[142/150] Compiling Tessera PrintController.swift
[143/150] Compiling Tessera PrintSheet.swift
[144/150] Compiling Tessera ContentView.swift
[145/150] Compiling Tessera SidebarView.swift
[146/150] Compiling Tessera TetherController.swift
[147/150] Compiling Tessera TetherPanel.swift
[147/150] Write Objects.LinkFileList
ld: warning: object file (/Users/rutmehta/Developer/tessera/.worktrees/M2-49/apps/mac/build/ffi/libtessera_ffi.a[2819](a1edd97dd51cd48d-blake3_neon.o)) was built for newer 'macOS' version (26.5) than being linked (15.0)
[148/150] Linking Tessera
[149/150] Applying Tessera
Build complete! (179.89s)
