[0/1] Planning build
Building for production...
[0/5] Write sources
[2/5] Write swift-version--58304C5D6DBC2206.txt
[4/6] Compiling Tessera AISettingsView.swift
[4/8] Write Objects.LinkFileList
[5/8] Linking Tessera
[7/9] Compiling TesseraCoreTests AgentReviewLayoutTests.swift
/Users/rutmehta/Developer/lightroom/.worktrees/B5-47/apps/mac/Tests/TesseraCoreTests/DocumentLoadSettlementTests.swift:59:18: warning: weak variable 'weakWorkspace' was never mutated; consider changing to 'let' constant [#WeakMutability]
57 |     func testReleasedWorkspaceStillSettlesAfterBackendReturns() {
58 |         var workspace: DocumentWorkspace? = DocumentWorkspace()
59 |         weak var weakWorkspace = workspace
   |                  `- warning: weak variable 'weakWorkspace' was never mutated; consider changing to 'let' constant [#WeakMutability]
60 |         var finish: (@MainActor (Result<any DocumentBackend, Error>) -> Void)?
61 |         workspace?.documentLoadExecutor = { _, _, done in finish = done }

/Users/rutmehta/Developer/lightroom/.worktrees/B5-47/apps/mac/Tests/TesseraCoreTests/DocumentOverlayAnimationTests.swift:72:18: warning: weak variable 'weakView' was never mutated; consider changing to 'let' constant [#WeakMutability]
 70 |     func testReleasedOwnerInvalidatesRetainedTimerWithoutTicks() {
 71 |         var view: Overlay? = makeOverlay()
 72 |         weak var weakView = view
    |                  `- warning: weak variable 'weakView' was never mutated; consider changing to 'let' constant [#WeakMutability]
 73 |         view?.updateAnimation()
 74 |         let timer = view?.animationTimer

/Users/rutmehta/Developer/lightroom/.worktrees/B5-47/apps/mac/Tests/TesseraCoreTests/DocumentViewportOwnershipTests.swift:32:18: warning: weak variable 'released' was never mutated; consider changing to 'let' constant [#WeakMutability]
30 |     func testControllerReleasedBeforeDismantleStillClearsLocalResources() throws {
31 |         var doc: DocumentController? = try document()
32 |         weak var released = doc
   |                  `- warning: weak variable 'released' was never mutated; consider changing to 'let' constant [#WeakMutability]
33 |         let view = DocumentViewportView(frame: .zero)
34 |         view.attach(doc)

/Users/rutmehta/Developer/lightroom/.worktrees/B5-47/apps/mac/Tests/TesseraCoreTests/EngineDocumentBackendTests.swift:244:54: warning: capture of 'self' with non-Sendable type 'EngineDocumentBackendTests' in a '@Sendable' closure [#SendableClosureCaptures]
  9 | /// history ids, listener coalescing, a real `DocumentSession` behind `DocumentBackend`, and the
 10 | /// workspace's engine-vs-stub choice.
 11 | final class EngineDocumentBackendTests: XCTestCase {
    |             `- note: class 'EngineDocumentBackendTests' does not conform to the 'Sendable' protocol
 12 |     private func temp() throws -> URL {
 13 |         let dir = FileManager.default.temporaryDirectory.appendingPathComponent("engine-doc-\(UUID().uuidString)")
    :
242 |         let done = expectation(description: "delivered")
243 |         DispatchQueue.global().async {
244 |             for e in 1...20 { adapter.onFrame(frame: self.frameInfo(epoch: UInt64(e))) }
    |                                                      `- warning: capture of 'self' with non-Sendable type 'EngineDocumentBackendTests' in a '@Sendable' closure [#SendableClosureCaptures]
245 |             DispatchQueue.main.async { done.fulfill() }
246 |         }

/Users/rutmehta/Developer/lightroom/.worktrees/B5-47/apps/mac/Tests/TesseraCoreTests/LightroomImportAccessibilityTests.swift:36:30: warning: 'accessibilityAttributeValue' was deprecated in macOS 10.10: Use the NSAccessibility protocol methods instead (see NSAccessibilityProtocols.h) [#DeprecatedDeclaration]
34 |         // TCC permission or changing the user's system accessibility preferences.
35 |         let attribute = NSAccessibility.Attribute(rawValue: "AXEnhancedUserInterface")
36 |         let previous = NSApp.accessibilityAttributeValue(attribute)
   |                              `- warning: 'accessibilityAttributeValue' was deprecated in macOS 10.10: Use the NSAccessibility protocol methods instead (see NSAccessibilityProtocols.h) [#DeprecatedDeclaration]
37 |         NSApp.accessibilitySetValue(true, forAttribute: attribute)
38 |         defer { NSApp.accessibilitySetValue(previous, forAttribute: attribute) }

/Users/rutmehta/Developer/lightroom/.worktrees/B5-47/apps/mac/Tests/TesseraCoreTests/LightroomImportAccessibilityTests.swift:37:15: warning: 'accessibilitySetValue(_:forAttribute:)' was deprecated in macOS 10.10: Use the NSAccessibility protocol methods instead (see NSAccessibilityProtocols.h) [#DeprecatedDeclaration]
35 |         let attribute = NSAccessibility.Attribute(rawValue: "AXEnhancedUserInterface")
36 |         let previous = NSApp.accessibilityAttributeValue(attribute)
37 |         NSApp.accessibilitySetValue(true, forAttribute: attribute)
   |               `- warning: 'accessibilitySetValue(_:forAttribute:)' was deprecated in macOS 10.10: Use the NSAccessibility protocol methods instead (see NSAccessibilityProtocols.h) [#DeprecatedDeclaration]
38 |         defer { NSApp.accessibilitySetValue(previous, forAttribute: attribute) }
39 |         await LayoutProbeHarness.settleAsync(host)

/Users/rutmehta/Developer/lightroom/.worktrees/B5-47/apps/mac/Tests/TesseraCoreTests/LightroomImportAccessibilityTests.swift:38:23: warning: 'accessibilitySetValue(_:forAttribute:)' was deprecated in macOS 10.10: Use the NSAccessibility protocol methods instead (see NSAccessibilityProtocols.h) [#DeprecatedDeclaration]
36 |         let previous = NSApp.accessibilityAttributeValue(attribute)
37 |         NSApp.accessibilitySetValue(true, forAttribute: attribute)
38 |         defer { NSApp.accessibilitySetValue(previous, forAttribute: attribute) }
   |                       `- warning: 'accessibilitySetValue(_:forAttribute:)' was deprecated in macOS 10.10: Use the NSAccessibility protocol methods instead (see NSAccessibilityProtocols.h) [#DeprecatedDeclaration]
39 |         await LayoutProbeHarness.settleAsync(host)
40 |         let nodes = elements(host)

[#DeprecatedDeclaration]: <https://docs.swift.org/compiler/documentation/diagnostics/deprecated-declaration>
[#SendableClosureCaptures]: <https://docs.swift.org/compiler/documentation/diagnostics/sendable-closure-captures>
[#WeakMutability]: <https://docs.swift.org/compiler/documentation/diagnostics/weak-mutability>
[7/9] Write Objects.LinkFileList
[8/9] Linking TesseraPackageTests
Build complete! (233.86s)
Test Suite 'Selected tests' started at 2026-10-01 14:25:53.450.
Test Suite 'TesseraPackageTests.xctest' started at 2026-10-01 14:25:53.452.
Test Suite 'DocumentExportFlatTests' started at 2026-10-01 14:25:53.452.
Test Case '-[TesseraCoreTests.DocumentExportFlatTests testCancelAfterTheFileIsWrittenReportsExported]' started.
Test Case '-[TesseraCoreTests.DocumentExportFlatTests testCancelAfterTheFileIsWrittenReportsExported]' passed (0.344 seconds).
Test Case '-[TesseraCoreTests.DocumentExportFlatTests testCancelledEngineExportKeepsTheDestination]' started.
Test Case '-[TesseraCoreTests.DocumentExportFlatTests testCancelledEngineExportKeepsTheDestination]' passed (0.036 seconds).
Test Case '-[TesseraCoreTests.DocumentExportFlatTests testDuplicateProgressWakesMainAtMostOncePerInterval]' started.
Test Case '-[TesseraCoreTests.DocumentExportFlatTests testDuplicateProgressWakesMainAtMostOncePerInterval]' passed (0.001 seconds).
Test Case '-[TesseraCoreTests.DocumentExportFlatTests testEngineExportRunsFromASnapshotWithProgress]' started.
Test Case '-[TesseraCoreTests.DocumentExportFlatTests testEngineExportRunsFromASnapshotWithProgress]' passed (0.056 seconds).
Test Case '-[TesseraCoreTests.DocumentExportFlatTests testExportProgressPreservesDocumentLayoutAndRunsWorkOffMain]' started.
Test Case '-[TesseraCoreTests.DocumentExportFlatTests testExportProgressPreservesDocumentLayoutAndRunsWorkOffMain]' passed (0.403 seconds).
Test Case '-[TesseraCoreTests.DocumentExportFlatTests testReservedExportCancelBeforeSnapshotWorkerStartsKeepsDestination]' started.
Test Case '-[TesseraCoreTests.DocumentExportFlatTests testReservedExportCancelBeforeSnapshotWorkerStartsKeepsDestination]' passed (0.015 seconds).
Test Case '-[TesseraCoreTests.DocumentExportFlatTests testReservedExportSurvivesCloseBeforeSnapshotWorkerStarts]' started.
Test Case '-[TesseraCoreTests.DocumentExportFlatTests testReservedExportSurvivesCloseBeforeSnapshotWorkerStarts]' passed (0.034 seconds).
Test Case '-[TesseraCoreTests.DocumentExportFlatTests testReservedSnapshotIncludesEditCommittedAfterPreparation]' started.
Test Case '-[TesseraCoreTests.DocumentExportFlatTests testReservedSnapshotIncludesEditCommittedAfterPreparation]' passed (0.034 seconds).
Test Case '-[TesseraCoreTests.DocumentExportFlatTests testSmartFilterFixtureExportBoundsMainSpansAndCoalescesProgress]' started.
Test Case '-[TesseraCoreTests.DocumentExportFlatTests testSmartFilterFixtureExportBoundsMainSpansAndCoalescesProgress]' passed (5.315 seconds).
Test Case '-[TesseraCoreTests.DocumentExportFlatTests testStubBackendExportsOffTheMainThread]' started.
Test Case '-[TesseraCoreTests.DocumentExportFlatTests testStubBackendExportsOffTheMainThread]' passed (0.089 seconds).
Test Case '-[TesseraCoreTests.DocumentExportFlatTests testStubCancelAfterTheFileIsWrittenReportsExported]' started.
Test Case '-[TesseraCoreTests.DocumentExportFlatTests testStubCancelAfterTheFileIsWrittenReportsExported]' passed (0.068 seconds).
Test Case '-[TesseraCoreTests.DocumentExportFlatTests testWorkspaceCancelKeepsTheDestination]' started.
Test Case '-[TesseraCoreTests.DocumentExportFlatTests testWorkspaceCancelKeepsTheDestination]' passed (0.079 seconds).
Test Case '-[TesseraCoreTests.DocumentExportFlatTests testWorkspaceExportIsABackgroundTaskThatSurvivesClose]' started.
Test Case '-[TesseraCoreTests.DocumentExportFlatTests testWorkspaceExportIsABackgroundTaskThatSurvivesClose]' passed (0.076 seconds).
Test Suite 'DocumentExportFlatTests' passed at 2026-10-01 14:26:00.003.
	 Executed 13 tests, with 0 failures (0 unexpected) in 6.549 (6.551) seconds
Test Suite 'FlatExportHUDTests' started at 2026-10-01 14:26:00.003.
Test Case '-[TesseraCoreTests.FlatExportHUDTests testOffscreenFixtureExportAppearance]' started.
Test Case '-[TesseraCoreTests.FlatExportHUDTests testOffscreenFixtureExportAppearance]' passed (0.206 seconds).
Test Case '-[TesseraCoreTests.FlatExportHUDTests testProgressChangesLayersAndAccessibilityWithoutObservationOrLayout]' started.
Test Case '-[TesseraCoreTests.FlatExportHUDTests testProgressChangesLayersAndAccessibilityWithoutObservationOrLayout]' passed (0.005 seconds).
Test Case '-[TesseraCoreTests.FlatExportHUDTests testViewportShrinkRepositionsActiveExport]' started.
Test Case '-[TesseraCoreTests.FlatExportHUDTests testViewportShrinkRepositionsActiveExport]' passed (0.005 seconds).
Test Suite 'FlatExportHUDTests' passed at 2026-10-01 14:26:00.220.
	 Executed 3 tests, with 0 failures (0 unexpected) in 0.216 (0.216) seconds
Test Suite 'TesseraPackageTests.xctest' passed at 2026-10-01 14:26:00.220.
	 Executed 16 tests, with 0 failures (0 unexpected) in 6.765 (6.767) seconds
Test Suite 'Selected tests' passed at 2026-10-01 14:26:00.220.
	 Executed 16 tests, with 0 failures (0 unexpected) in 6.765 (6.770) seconds
◇ Test run started.
↳ Testing Library Version: 1501
↳ Target Platform: arm64e-apple-macos14.0
✔ Test run with 0 tests in 0 suites passed after 0.001 seconds.
