[0/1] Planning build
Building for production...
[0/4] Write sources
[1/4] Write swift-version--58304C5D6DBC2206.txt
[3/5] Compiling Tessera AISettingsView.swift
/Users/rutmehta/Developer/lightroom/.worktrees/B5-47/apps/mac/Sources/Tessera/Document/DocumentWorkspace.swift:1219:49: warning: main actor-isolated property 'window' can not be referenced from a nonisolated context
1217 |
1218 |         override func accessibilityFrame() -> NSRect {
1219 |             guard let owner, let window = owner.window else { return .zero }
     |                                                 `- warning: main actor-isolated property 'window' can not be referenced from a nonisolated context
1220 |             return window.convertToScreen(owner.convert(content.frame, to: nil))
1221 |         }

/Applications/Xcode.app/Contents/Developer/Platforms/MacOSX.platform/Developer/SDKs/MacOSX26.2.sdk/System/Library/Frameworks/AppKit.framework/Headers/NSView.h:86:61: note: property declared here
 84 | - (nullable instancetype)initWithCoder:(NSCoder *)coder NS_DESIGNATED_INITIALIZER;
 85 |
 86 | @property (nullable, readonly, unsafe_unretained) NSWindow *window;
    |                                                             `- note: property declared here
 87 | @property (nullable, readonly, unsafe_unretained) NSView *superview;
 88 | @property (copy) NSArray<__kindof NSView *> *subviews;

/Users/rutmehta/Developer/lightroom/.worktrees/B5-47/apps/mac/Sources/Tessera/Document/DocumentWorkspace.swift:1220:27: warning: call to main actor-isolated instance method 'convertToScreen' in a synchronous nonisolated context [#ActorIsolatedCall]
1218 |         override func accessibilityFrame() -> NSRect {
1219 |             guard let owner, let window = owner.window else { return .zero }
1220 |             return window.convertToScreen(owner.convert(content.frame, to: nil))
     |                           `- warning: call to main actor-isolated instance method 'convertToScreen' in a synchronous nonisolated context [#ActorIsolatedCall]
1221 |         }
1222 |     }

AppKit.NSWindow.convertToScreen:3:24: note: calls to instance method 'convertToScreen' from outside of its actor context are implicitly asynchronous
1 | class NSWindow {
2 | @available(macOS 10.7, *)
3 |   @MainActor open func convertToScreen(_ rect: NSRect) -> NSRect}
  |                        |- note: calls to instance method 'convertToScreen' from outside of its actor context are implicitly asynchronous
  |                        `- note: main actor isolation inferred from inheritance from class 'NSResponder'
4 |

/Users/rutmehta/Developer/lightroom/.worktrees/B5-47/apps/mac/Sources/Tessera/Document/DocumentWorkspace.swift:1220:49: warning: call to main actor-isolated instance method 'convert(_:to:)' in a synchronous nonisolated context [#ActorIsolatedCall]
1218 |         override func accessibilityFrame() -> NSRect {
1219 |             guard let owner, let window = owner.window else { return .zero }
1220 |             return window.convertToScreen(owner.convert(content.frame, to: nil))
     |                                                 `- warning: call to main actor-isolated instance method 'convert(_:to:)' in a synchronous nonisolated context [#ActorIsolatedCall]
1221 |         }
1222 |     }

AppKit.NSView.convert:2:22: note: calls to instance method 'convert(_:to:)' from outside of its actor context are implicitly asynchronous
1 | class NSView {
2 | @MainActor open func convert(_ rect: NSRect, to view: NSView?) -> NSRect}
  |                      |- note: calls to instance method 'convert(_:to:)' from outside of its actor context are implicitly asynchronous
  |                      `- note: main actor isolation inferred from inheritance from class 'NSResponder'
3 |

[#ActorIsolatedCall]: <https://docs.swift.org/compiler/documentation/diagnostics/actor-isolated-call>
[3/6] Write Objects.LinkFileList
[4/6] Linking Tessera
[6/7] Compiling TesseraCoreTests AgentReviewLayoutTests.swift
/Users/rutmehta/Developer/lightroom/.worktrees/B5-47/apps/mac/Tests/TesseraCoreTests/DocumentLoadSettlementTests.swift:59:18: warning: weak variable 'weakWorkspace' was never mutated; consider changing to 'let' constant [#WeakMutability]
57 |     func testReleasedWorkspaceStillSettlesAfterBackendReturns() {
58 |         var workspace: DocumentWorkspace? = DocumentWorkspace()
59 |         weak var weakWorkspace = workspace
   |                  `- warning: weak variable 'weakWorkspace' was never mutated; consider changing to 'let' constant [#WeakMutability]
60 |         var finish: (@MainActor (Result<any DocumentBackend, Error>) -> Void)?
61 |         workspace?.documentLoadExecutor = { _, _, done in finish = done }

/Users/rutmehta/Developer/lightroom/.worktrees/B5-47/apps/mac/Tests/TesseraCoreTests/DocumentOverlayAnimationTests.swift:72:18: warning: weak variable 'weakView' was never mutated; consider changing to 'let' constant [#WeakMutability]
 70 |     func testReleasedOwnerInvalidatesRetainedTimerWithoutTicks() {
 71 |         var view: Overlay? = makeOverlay()
 72 |         weak var weakView = view
    |                  `- warning: weak variable 'weakView' was never mutated; consider changing to 'let' constant [#WeakMutability]
 73 |         view?.updateAnimation()
 74 |         let timer = view?.animationTimer

/Users/rutmehta/Developer/lightroom/.worktrees/B5-47/apps/mac/Tests/TesseraCoreTests/DocumentViewportOwnershipTests.swift:32:18: warning: weak variable 'released' was never mutated; consider changing to 'let' constant [#WeakMutability]
30 |     func testControllerReleasedBeforeDismantleStillClearsLocalResources() throws {
31 |         var doc: DocumentController? = try document()
32 |         weak var released = doc
   |                  `- warning: weak variable 'released' was never mutated; consider changing to 'let' constant [#WeakMutability]
33 |         let view = DocumentViewportView(frame: .zero)
34 |         view.attach(doc)

/Users/rutmehta/Developer/lightroom/.worktrees/B5-47/apps/mac/Tests/TesseraCoreTests/EngineDocumentBackendTests.swift:244:54: warning: capture of 'self' with non-Sendable type 'EngineDocumentBackendTests' in a '@Sendable' closure [#SendableClosureCaptures]
  9 | /// history ids, listener coalescing, a real `DocumentSession` behind `DocumentBackend`, and the
 10 | /// workspace's engine-vs-stub choice.
 11 | final class EngineDocumentBackendTests: XCTestCase {
    |             `- note: class 'EngineDocumentBackendTests' does not conform to the 'Sendable' protocol
 12 |     private func temp() throws -> URL {
 13 |         let dir = FileManager.default.temporaryDirectory.appendingPathComponent("engine-doc-\(UUID().uuidString)")
    :
242 |         let done = expectation(description: "delivered")
243 |         DispatchQueue.global().async {
244 |             for e in 1...20 { adapter.onFrame(frame: self.frameInfo(epoch: UInt64(e))) }
    |                                                      `- warning: capture of 'self' with non-Sendable type 'EngineDocumentBackendTests' in a '@Sendable' closure [#SendableClosureCaptures]
245 |             DispatchQueue.main.async { done.fulfill() }
246 |         }

[#SendableClosureCaptures]: <https://docs.swift.org/compiler/documentation/diagnostics/sendable-closure-captures>
[#WeakMutability]: <https://docs.swift.org/compiler/documentation/diagnostics/weak-mutability>
[6/8] Write Objects.LinkFileList
[7/8] Linking TesseraPackageTests
Build complete! (122.69s)
Test Suite 'Selected tests' started at 2026-10-01 11:18:37.098.
Test Suite 'TesseraPackageTests.xctest' started at 2026-10-01 11:18:37.099.
Test Suite 'DocumentExportFlatTests' started at 2026-10-01 11:18:37.099.
Test Case '-[TesseraCoreTests.DocumentExportFlatTests testCancelAfterTheFileIsWrittenReportsExported]' started.
Test Case '-[TesseraCoreTests.DocumentExportFlatTests testCancelAfterTheFileIsWrittenReportsExported]' passed (0.162 seconds).
Test Case '-[TesseraCoreTests.DocumentExportFlatTests testCancelledEngineExportKeepsTheDestination]' started.
Test Case '-[TesseraCoreTests.DocumentExportFlatTests testCancelledEngineExportKeepsTheDestination]' passed (0.025 seconds).
Test Case '-[TesseraCoreTests.DocumentExportFlatTests testDuplicateProgressWakesMainAtMostOncePerInterval]' started.
Test Case '-[TesseraCoreTests.DocumentExportFlatTests testDuplicateProgressWakesMainAtMostOncePerInterval]' passed (0.000 seconds).
Test Case '-[TesseraCoreTests.DocumentExportFlatTests testEngineExportRunsFromASnapshotWithProgress]' started.
Test Case '-[TesseraCoreTests.DocumentExportFlatTests testEngineExportRunsFromASnapshotWithProgress]' passed (0.046 seconds).
Test Case '-[TesseraCoreTests.DocumentExportFlatTests testExportProgressPreservesDocumentLayoutAndRunsWorkOffMain]' started.
Test Case '-[TesseraCoreTests.DocumentExportFlatTests testExportProgressPreservesDocumentLayoutAndRunsWorkOffMain]' passed (0.121 seconds).
Test Case '-[TesseraCoreTests.DocumentExportFlatTests testReservedExportCancelBeforeSnapshotWorkerStartsKeepsDestination]' started.
Test Case '-[TesseraCoreTests.DocumentExportFlatTests testReservedExportCancelBeforeSnapshotWorkerStartsKeepsDestination]' passed (0.013 seconds).
Test Case '-[TesseraCoreTests.DocumentExportFlatTests testReservedExportSurvivesCloseBeforeSnapshotWorkerStarts]' started.
Test Case '-[TesseraCoreTests.DocumentExportFlatTests testReservedExportSurvivesCloseBeforeSnapshotWorkerStarts]' passed (0.024 seconds).
Test Case '-[TesseraCoreTests.DocumentExportFlatTests testReservedSnapshotIncludesEditCommittedAfterPreparation]' started.
Test Case '-[TesseraCoreTests.DocumentExportFlatTests testReservedSnapshotIncludesEditCommittedAfterPreparation]' passed (0.028 seconds).
Test Case '-[TesseraCoreTests.DocumentExportFlatTests testSmartFilterFixtureExportBoundsMainSpansAndCoalescesProgress]' started.
Test Case '-[TesseraCoreTests.DocumentExportFlatTests testSmartFilterFixtureExportBoundsMainSpansAndCoalescesProgress]' passed (1.679 seconds).
Test Case '-[TesseraCoreTests.DocumentExportFlatTests testStubBackendExportsOffTheMainThread]' started.
Test Case '-[TesseraCoreTests.DocumentExportFlatTests testStubBackendExportsOffTheMainThread]' passed (0.048 seconds).
Test Case '-[TesseraCoreTests.DocumentExportFlatTests testStubCancelAfterTheFileIsWrittenReportsExported]' started.
Test Case '-[TesseraCoreTests.DocumentExportFlatTests testStubCancelAfterTheFileIsWrittenReportsExported]' passed (0.059 seconds).
Test Case '-[TesseraCoreTests.DocumentExportFlatTests testWorkspaceCancelKeepsTheDestination]' started.
Test Case '-[TesseraCoreTests.DocumentExportFlatTests testWorkspaceCancelKeepsTheDestination]' passed (0.033 seconds).
Test Case '-[TesseraCoreTests.DocumentExportFlatTests testWorkspaceExportIsABackgroundTaskThatSurvivesClose]' started.
Test Case '-[TesseraCoreTests.DocumentExportFlatTests testWorkspaceExportIsABackgroundTaskThatSurvivesClose]' passed (0.121 seconds).
Test Suite 'DocumentExportFlatTests' passed at 2026-10-01 11:18:39.460.
	 Executed 13 tests, with 0 failures (0 unexpected) in 2.360 (2.361) seconds
Test Suite 'FlatExportHUDTests' started at 2026-10-01 11:18:39.460.
Test Case '-[TesseraCoreTests.FlatExportHUDTests testProgressChangesLayersAndAccessibilityWithoutObservationOrLayout]' started.
Test Case '-[TesseraCoreTests.FlatExportHUDTests testProgressChangesLayersAndAccessibilityWithoutObservationOrLayout]' passed (0.007 seconds).
Test Suite 'FlatExportHUDTests' passed at 2026-10-01 11:18:39.468.
	 Executed 1 test, with 0 failures (0 unexpected) in 0.007 (0.008) seconds
Test Suite 'ShellLayoutTests' started at 2026-10-01 11:18:39.468.
Test Case '-[TesseraCoreTests.ShellLayoutTests testExportHUDAttachesToExportingDocumentWindow]' started.
Test Case '-[TesseraCoreTests.ShellLayoutTests testExportHUDAttachesToExportingDocumentWindow]' passed (1.832 seconds).
Test Case '-[TesseraCoreTests.ShellLayoutTests testExportHUDLeavesEditingChromeAndViewportUnchangedAtEverySize]' started.
Test Case '-[TesseraCoreTests.ShellLayoutTests testExportHUDLeavesEditingChromeAndViewportUnchangedAtEverySize]' passed (7.016 seconds).
Test Suite 'ShellLayoutTests' passed at 2026-10-01 11:18:48.316.
	 Executed 2 tests, with 0 failures (0 unexpected) in 8.848 (8.848) seconds
Test Suite 'ThemeLintTests' started at 2026-10-01 11:18:48.316.
Test Case '-[TesseraCoreTests.ThemeLintTests testViewsUseThemeTokensOnly]' started.
Test Case '-[TesseraCoreTests.ThemeLintTests testViewsUseThemeTokensOnly]' passed (0.347 seconds).
Test Suite 'ThemeLintTests' passed at 2026-10-01 11:18:48.664.
	 Executed 1 test, with 0 failures (0 unexpected) in 0.347 (0.347) seconds
Test Suite 'TesseraPackageTests.xctest' passed at 2026-10-01 11:18:48.664.
	 Executed 17 tests, with 0 failures (0 unexpected) in 11.563 (11.565) seconds
Test Suite 'Selected tests' passed at 2026-10-01 11:18:48.664.
	 Executed 17 tests, with 0 failures (0 unexpected) in 11.563 (11.566) seconds
◇ Test run started.
↳ Testing Library Version: 1501
↳ Target Platform: arm64e-apple-macos14.0
✔ Test run with 0 tests in 0 suites passed after 0.001 seconds.
