[0/1] Planning build
Building for production...
[0/5] Write sources
[1/5] Write swift-version--58304C5D6DBC2206.txt
[3/5] Compiling TesseraCoreTests AgentReviewLayoutTests.swift
/Users/rutmehta/Developer/lightroom/.worktrees/B5-47/apps/mac/Tests/TesseraCoreTests/DocumentLoadSettlementTests.swift:59:18: warning: weak variable 'weakWorkspace' was never mutated; consider changing to 'let' constant [#WeakMutability]
57 |     func testReleasedWorkspaceStillSettlesAfterBackendReturns() {
58 |         var workspace: DocumentWorkspace? = DocumentWorkspace()
59 |         weak var weakWorkspace = workspace
   |                  `- warning: weak variable 'weakWorkspace' was never mutated; consider changing to 'let' constant [#WeakMutability]
60 |         var finish: (@MainActor (Result<any DocumentBackend, Error>) -> Void)?
61 |         workspace?.documentLoadExecutor = { _, _, done in finish = done }

/Users/rutmehta/Developer/lightroom/.worktrees/B5-47/apps/mac/Tests/TesseraCoreTests/DocumentOverlayAnimationTests.swift:72:18: warning: weak variable 'weakView' was never mutated; consider changing to 'let' constant [#WeakMutability]
 70 |     func testReleasedOwnerInvalidatesRetainedTimerWithoutTicks() {
 71 |         var view: Overlay? = makeOverlay()
 72 |         weak var weakView = view
    |                  `- warning: weak variable 'weakView' was never mutated; consider changing to 'let' constant [#WeakMutability]
 73 |         view?.updateAnimation()
 74 |         let timer = view?.animationTimer

/Users/rutmehta/Developer/lightroom/.worktrees/B5-47/apps/mac/Tests/TesseraCoreTests/DocumentViewportOwnershipTests.swift:32:18: warning: weak variable 'released' was never mutated; consider changing to 'let' constant [#WeakMutability]
30 |     func testControllerReleasedBeforeDismantleStillClearsLocalResources() throws {
31 |         var doc: DocumentController? = try document()
32 |         weak var released = doc
   |                  `- warning: weak variable 'released' was never mutated; consider changing to 'let' constant [#WeakMutability]
33 |         let view = DocumentViewportView(frame: .zero)
34 |         view.attach(doc)

/Users/rutmehta/Developer/lightroom/.worktrees/B5-47/apps/mac/Tests/TesseraCoreTests/EngineDocumentBackendTests.swift:244:54: warning: capture of 'self' with non-Sendable type 'EngineDocumentBackendTests' in a '@Sendable' closure [#SendableClosureCaptures]
  9 | /// history ids, listener coalescing, a real `DocumentSession` behind `DocumentBackend`, and the
 10 | /// workspace's engine-vs-stub choice.
 11 | final class EngineDocumentBackendTests: XCTestCase {
    |             `- note: class 'EngineDocumentBackendTests' does not conform to the 'Sendable' protocol
 12 |     private func temp() throws -> URL {
 13 |         let dir = FileManager.default.temporaryDirectory.appendingPathComponent("engine-doc-\(UUID().uuidString)")
    :
242 |         let done = expectation(description: "delivered")
243 |         DispatchQueue.global().async {
244 |             for e in 1...20 { adapter.onFrame(frame: self.frameInfo(epoch: UInt64(e))) }
    |                                                      `- warning: capture of 'self' with non-Sendable type 'EngineDocumentBackendTests' in a '@Sendable' closure [#SendableClosureCaptures]
245 |             DispatchQueue.main.async { done.fulfill() }
246 |         }

[#SendableClosureCaptures]: <https://docs.swift.org/compiler/documentation/diagnostics/sendable-closure-captures>
[#WeakMutability]: <https://docs.swift.org/compiler/documentation/diagnostics/weak-mutability>
[4/6] Compiling TesseraPackageTests runner.swift
[4/6] Write Objects.LinkFileList
[5/6] Linking TesseraPackageTests
Build complete! (34.22s)
Test Suite 'Selected tests' started at 2026-10-01 11:14:19.906.
Test Suite 'TesseraPackageTests.xctest' started at 2026-10-01 11:14:19.907.
Test Suite 'FlatExportHUDTests' started at 2026-10-01 11:14:19.907.
Test Case '-[TesseraCoreTests.FlatExportHUDTests testProgressChangesLayersAndAccessibilityWithoutObservationOrLayout]' started.
/Users/rutmehta/Developer/lightroom/.worktrees/B5-47/apps/mac/Tests/TesseraCoreTests/FlatExportHUDTests.swift:40: error: -[TesseraCoreTests.FlatExportHUDTests testProgressChangesLayersAndAccessibilityWithoutObservationOrLayout] : XCTAssertEqual failed: ("1") is not equal to ("0") - Progress must not invalidate SwiftUI observation
/Users/rutmehta/Developer/lightroom/.worktrees/B5-47/apps/mac/Tests/TesseraCoreTests/FlatExportHUDTests.swift:41: error: -[TesseraCoreTests.FlatExportHUDTests testProgressChangesLayersAndAccessibilityWithoutObservationOrLayout] : XCTAssertFalse failed - HUD publication must not invalidate AppKit text/control layout
/Users/rutmehta/Developer/lightroom/.worktrees/B5-47/apps/mac/Tests/TesseraCoreTests/FlatExportHUDTests.swift:46: error: -[TesseraCoreTests.FlatExportHUDTests testProgressChangesLayersAndAccessibilityWithoutObservationOrLayout] : XCTAssertTrue failed
/Users/rutmehta/Developer/lightroom/.worktrees/B5-47/apps/mac/Tests/TesseraCoreTests/FlatExportHUDTests.swift:47: error: -[TesseraCoreTests.FlatExportHUDTests testProgressChangesLayersAndAccessibilityWithoutObservationOrLayout] : XCTAssertTrue failed
/Users/rutmehta/Developer/lightroom/.worktrees/B5-47/apps/mac/Tests/TesseraCoreTests/FlatExportHUDTests.swift:49: error: -[TesseraCoreTests.FlatExportHUDTests testProgressChangesLayersAndAccessibilityWithoutObservationOrLayout] : XCTAssertTrue failed
/Users/rutmehta/Developer/lightroom/.worktrees/B5-47/apps/mac/Tests/TesseraCoreTests/FlatExportHUDTests.swift:52: error: -[TesseraCoreTests.FlatExportHUDTests testProgressChangesLayersAndAccessibilityWithoutObservationOrLayout] : XCTAssertEqual failed: ("Optional(0.0)") is not equal to ("Optional(0.625)")
/Users/rutmehta/Developer/lightroom/.worktrees/B5-47/apps/mac/Tests/TesseraCoreTests/FlatExportHUDTests.swift:57: error: -[TesseraCoreTests.FlatExportHUDTests testProgressChangesLayersAndAccessibilityWithoutObservationOrLayout] : XCTAssertFalse failed
/Users/rutmehta/Developer/lightroom/.worktrees/B5-47/apps/mac/Tests/TesseraCoreTests/FlatExportHUDTests.swift:58: error: -[TesseraCoreTests.FlatExportHUDTests testProgressChangesLayersAndAccessibilityWithoutObservationOrLayout] : XCTAssertTrue failed
Test Case '-[TesseraCoreTests.FlatExportHUDTests testProgressChangesLayersAndAccessibilityWithoutObservationOrLayout]' failed (0.658 seconds).
Test Suite 'FlatExportHUDTests' failed at 2026-10-01 11:14:20.565.
	 Executed 1 test, with 8 failures (0 unexpected) in 0.658 (0.658) seconds
Test Suite 'TesseraPackageTests.xctest' failed at 2026-10-01 11:14:20.565.
	 Executed 1 test, with 8 failures (0 unexpected) in 0.658 (0.658) seconds
Test Suite 'Selected tests' failed at 2026-10-01 11:14:20.565.
	 Executed 1 test, with 8 failures (0 unexpected) in 0.658 (0.658) seconds
◇ Test run started.
↳ Testing Library Version: 1501
↳ Target Platform: arm64e-apple-macos14.0
✔ Test run with 0 tests in 0 suites passed after 0.001 seconds.
