2026-10-01 08:29:43.286 Tessera[16797:50916506] Sparkle updates not configured for this build
selftest-host: host window 46516
document: frames on the Viewport path (L1, requested Rect { x0: 0, y0: 0, x1: 2606, y1: 1734 })
filter-selftest: document 5212 × 3468 px, 16-bit, Metal (Apple M4 Max)
filter-selftest: check filter menu ok
filter-perf: start: document 5212 × 3468 16-bit, backend Metal (Apple M4 Max), footprint 3308 MiB
filter-perf: smart filter applied, footprint 4169 MiB
filter-selftest: check Export Flat avoids App Nap ok
filter-perf: 18 MP smart filter export 0: ok in 1.99 s, 147 main-thread spans (Exported perf-flat-0.png (PNG, sRGB))
filter-perf: RESULT p16 18 MP smart filter main-thread spans during Export Flat 0: n 147 p50 0.02 ms p95 1.00 ms max 30.91 ms; export 1.99 s
filter-selftest: check 18 MP smart filter export 0 ok
filter-selftest: check Export Flat avoids App Nap ok
filter-perf: 18 MP smart filter export 1: ok in 2.13 s, 166 main-thread spans (Exported perf-flat-1.png (PNG, sRGB))
filter-perf: RESULT p16 18 MP smart filter main-thread spans during Export Flat 1: n 166 p50 0.02 ms p95 0.99 ms max 10.55 ms; export 2.13 s
filter-selftest: check 18 MP smart filter export 1 ok
document: frames on the Viewport path (L1, requested Rect { x0: 0, y0: 0, x1: 2304, y1: 1536 })
filter-perf: styled document 4608 × 3072, layers ["caption", "Layer 1"]
document: frames composited on the CPU (styles in the resident document program require CPU composition)
filter-selftest: check Export Flat avoids App Nap ok
filter-perf: styled 14 MP export 0: ok in 99.64 s, 5056 main-thread spans (Exported perf-flat-0.png (PNG, sRGB))
filter-perf: RESULT p16 styled 14 MP main-thread spans during Export Flat 0: n 5056 p50 0.02 ms p95 0.05 ms max 21.86 ms; export 99.64 s
filter-selftest: check styled 14 MP export 0 ok
filter-selftest: check Export Flat avoids App Nap ok
filter-perf: styled 14 MP export 1: ok in 81.59 s, 4126 main-thread spans (Exported perf-flat-1.png (PNG, sRGB))
filter-perf: RESULT p16 styled 14 MP main-thread spans during Export Flat 1: n 4126 p50 0.02 ms p95 0.11 ms max 93.61 ms; export 81.59 s
filter-selftest: check styled 14 MP export 1 ok
filter-selftest: cancel at 31 % → finished in 4159 ms
filter-selftest: check cancelled ok
filter-selftest: check destination kept ok
filter-selftest: check no temporary file ok
filter-perf: done, footprint 16506 MiB
filter-selftest: done, 0 failure(s)
