2026-10-01 00:36:13.521 Tessera[55842:47039255] Sparkle updates not configured for this build
selftest-host: host window 33811
document: frames on the Viewport path (L1, requested Rect { x0: 0, y0: 0, x1: 2606, y1: 1734 })
filter-selftest: document 5212 × 3468 px, 16-bit, Metal (Apple M4 Max)
filter-selftest: check filter menu ok
filter-perf: start: document 5212 × 3468 16-bit, backend Metal (Apple M4 Max), footprint 2537 MiB
filter-perf: smart filter applied, footprint 4036 MiB
filter-perf: RESULT p19 fit (L1) smart filter drag value→frame: n 30 p50 120.98 ms p95 299.96 ms max 790.16 ms
filter-perf: RESULT p19 fit footprint before 4502 MiB, peak 8482 MiB, 2 s after 6244 MiB
filter-perf: viewport 1920 × 1080 pt @2x
filter-perf: RESULT p19 100% 4K (L0) smart filter drag value→frame: n 30 p50 197.07 ms p95 314.75 ms max 359.02 ms
filter-perf: RESULT p19 100% 4K footprint before 7365 MiB, peak 8962 MiB, 2 s after 6304 MiB
filter-selftest: check Export Flat avoids App Nap ok
filter-perf: 18 MP smart filter export 0: ok in 2.49 s, 167 main-thread spans (Exported perf-flat-0.png (PNG, sRGB))
filter-perf: RESULT p16 18 MP smart filter main-thread spans during Export Flat 0: n 167 p50 0.02 ms p95 2.50 ms max 71.27 ms; export 2.49 s
filter-selftest: check 18 MP smart filter export 0 ok
filter-selftest: check Export Flat avoids App Nap ok
filter-perf: 18 MP smart filter export 1: ok in 2.59 s, 182 main-thread spans (Exported perf-flat-1.png (PNG, sRGB))
filter-perf: RESULT p16 18 MP smart filter main-thread spans during Export Flat 1: n 182 p50 0.02 ms p95 1.71 ms max 113.84 ms; export 2.59 s
filter-selftest: check 18 MP smart filter export 1 ok
document: frames on the Viewport path (L0, requested Rect { x0: 0, y0: 0, x1: 4608, y1: 3072 })
filter-perf: styled document 4608 × 3072, layers ["caption", "Layer 1"]
document: frames composited on the CPU (styles in the resident document program require CPU composition)
filter-selftest: check Export Flat avoids App Nap ok
filter-perf: styled 14 MP export 0: ok in 271.77 s, 13301 main-thread spans (Exported perf-flat-0.png (PNG, sRGB))
filter-perf: RESULT p16 styled 14 MP main-thread spans during Export Flat 0: n 13301 p50 0.02 ms p95 0.04 ms max 692.77 ms; export 271.77 s
filter-selftest: check styled 14 MP export 0 ok
filter-selftest: check Export Flat avoids App Nap ok
filter-perf: styled 14 MP export 1: ok in 231.84 s, 11494 main-thread spans (Exported perf-flat-1.png (PNG, sRGB))
filter-perf: RESULT p16 styled 14 MP main-thread spans during Export Flat 1: n 11494 p50 0.02 ms p95 0.04 ms max 70.96 ms; export 231.84 s
filter-selftest: check styled 14 MP export 1 ok
filter-selftest: cancel at 31 % → finished in 3708 ms
filter-selftest: check cancelled ok
filter-selftest: check destination kept ok
filter-selftest: check no temporary file ok
filter-perf: done, footprint 17438 MiB
filter-selftest: done, 0 failure(s)
