Test Suite 'Selected tests' started at 2026-10-01 03:19:42.866.
Test Suite 'TesseraPackageTests.xctest' started at 2026-10-01 03:19:42.867.
Test Suite 'AgentReviewLayoutTests' started at 2026-10-01 03:19:42.867.
Test Case '-[TesseraCoreTests.AgentReviewLayoutTests testReviewEmptyAndRealQueueAtEverySizeAndAppearance]' started.
Test Case '-[TesseraCoreTests.AgentReviewLayoutTests testReviewEmptyAndRealQueueAtEverySizeAndAppearance]' passed (10.619 seconds).
Test Case '-[TesseraCoreTests.AgentReviewLayoutTests testRowsOnlyRecipeAndFileUpdateReloadsCurrentReviewPreview]' started.
develop original L2 calibration [first, tone, WB] ms: CPU [17.080417, 0.3805, 0.382]; GPU [21.969875, 0.7259169999999999, 0.714666]
Test Case '-[TesseraCoreTests.AgentReviewLayoutTests testRowsOnlyRecipeAndFileUpdateReloadsCurrentReviewPreview]' passed (1.087 seconds).
Test Suite 'AgentReviewLayoutTests' passed at 2026-10-01 03:19:54.574.
	 Executed 2 tests, with 0 failures (0 unexpected) in 11.707 (11.707) seconds
Test Suite 'DocumentDitherCheckboxTests' started at 2026-10-01 03:19:54.574.
Test Case '-[TesseraCoreTests.DocumentDitherCheckboxTests testActualEditorCheckboxPreservesLookupFieldsAndUndo]' started.
Test Case '-[TesseraCoreTests.DocumentDitherCheckboxTests testActualEditorCheckboxPreservesLookupFieldsAndUndo]' passed (0.121 seconds).
Test Case '-[TesseraCoreTests.DocumentDitherCheckboxTests testDismantleReleasesCallbackOwnerWithControlAlive]' started.
Test Case '-[TesseraCoreTests.DocumentDitherCheckboxTests testDismantleReleasesCallbackOwnerWithControlAlive]' passed (0.000 seconds).
Test Case '-[TesseraCoreTests.DocumentDitherCheckboxTests testNativeCheckboxMetadataValueAndNativeFocusPolicy]' started.
Test Case '-[TesseraCoreTests.DocumentDitherCheckboxTests testNativeCheckboxMetadataValueAndNativeFocusPolicy]' passed (0.007 seconds).
Test Case '-[TesseraCoreTests.DocumentDitherCheckboxTests testOnlySpaceIsLocallyActivatedNotReturnOrTraversal]' started.
Test Case '-[TesseraCoreTests.DocumentDitherCheckboxTests testOnlySpaceIsLocallyActivatedNotReturnOrTraversal]' passed (0.000 seconds).
Test Case '-[TesseraCoreTests.DocumentDitherCheckboxTests testRefreshDoesNotPublishAndUsesLatestCallbackThenDismantles]' started.
Test Case '-[TesseraCoreTests.DocumentDitherCheckboxTests testRefreshDoesNotPublishAndUsesLatestCallbackThenDismantles]' passed (0.000 seconds).
Test Case '-[TesseraCoreTests.DocumentDitherCheckboxTests testSpaceTogglesSynchronouslyOnceAndRepeatDoesNotToggle]' started.
Test Case '-[TesseraCoreTests.DocumentDitherCheckboxTests testSpaceTogglesSynchronouslyOnceAndRepeatDoesNotToggle]' passed (0.000 seconds).
Test Suite 'DocumentDitherCheckboxTests' passed at 2026-10-01 03:19:54.704.
	 Executed 6 tests, with 0 failures (0 unexpected) in 0.129 (0.129) seconds
Test Suite 'DocumentHistoryHeightControlTests' started at 2026-10-01 03:19:54.704.
Test Case '-[TesseraCoreTests.DocumentHistoryHeightControlTests testActionsUseDisplayedClampButLayoutDoesNotRewriteSavedRequest]' started.
Test Case '-[TesseraCoreTests.DocumentHistoryHeightControlTests testActionsUseDisplayedClampButLayoutDoesNotRewriteSavedRequest]' passed (0.005 seconds).
Test Case '-[TesseraCoreTests.DocumentHistoryHeightControlTests testActualInspectorAXActionWritesExistingPreferenceAndRestoresOnRecreation]' started.
Test Case '-[TesseraCoreTests.DocumentHistoryHeightControlTests testActualInspectorAXActionWritesExistingPreferenceAndRestoresOnRecreation]' passed (0.394 seconds).
Test Case '-[TesseraCoreTests.DocumentHistoryHeightControlTests testConfigureRefreshesCallbackWithoutPublishingAndTeardownStopsActions]' started.
Test Case '-[TesseraCoreTests.DocumentHistoryHeightControlTests testConfigureRefreshesCallbackWithoutPublishingAndTeardownStopsActions]' passed (0.015 seconds).
Test Case '-[TesseraCoreTests.DocumentHistoryHeightControlTests testFocusedButtonsOwnSpaceAndReturnAndSendTheirActions]' started.
Test Case '-[TesseraCoreTests.DocumentHistoryHeightControlTests testFocusedButtonsOwnSpaceAndReturnAndSendTheirActions]' passed (0.022 seconds).
Test Case '-[TesseraCoreTests.DocumentHistoryHeightControlTests testGlobalStateRestoresExistingOwnersAndPreferenceValues]' started.
Test Case '-[TesseraCoreTests.DocumentHistoryHeightControlTests testGlobalStateRestoresExistingOwnersAndPreferenceValues]' passed (0.003 seconds).
Test Case '-[TesseraCoreTests.DocumentHistoryHeightControlTests testNativeAXPressActionsChangeHeightAndExposeCurrentValue]' started.
Test Case '-[TesseraCoreTests.DocumentHistoryHeightControlTests testNativeAXPressActionsChangeHeightAndExposeCurrentValue]' passed (0.004 seconds).
Test Suite 'DocumentHistoryHeightControlTests' passed at 2026-10-01 03:19:55.148.
	 Executed 6 tests, with 0 failures (0 unexpected) in 0.443 (0.444) seconds
Test Suite 'DocumentHistoryKeyboardTraversalTests' started at 2026-10-01 03:19:55.148.
Test Case '-[TesseraCoreTests.DocumentHistoryKeyboardTraversalTests testCollapseWithFocusedHeightButtonSettlesFocusOnLiveView]' started.
Test Case '-[TesseraCoreTests.DocumentHistoryKeyboardTraversalTests testCollapseWithFocusedHeightButtonSettlesFocusOnLiveView]' passed (0.380 seconds).
Test Case '-[TesseraCoreTests.DocumentHistoryKeyboardTraversalTests testDocumentSwitchKeepsGlobalHistoryPreferencesAndShowsSelectedDocument]' started.
Test Case '-[TesseraCoreTests.DocumentHistoryKeyboardTraversalTests testDocumentSwitchKeepsGlobalHistoryPreferencesAndShowsSelectedDocument]' passed (0.474 seconds).
Test Case '-[TesseraCoreTests.DocumentHistoryKeyboardTraversalTests testExternalPreferenceWriteUpdatesHostedReadout]' started.
Test Case '-[TesseraCoreTests.DocumentHistoryKeyboardTraversalTests testExternalPreferenceWriteUpdatesHostedReadout]' passed (0.308 seconds).
Test Case '-[TesseraCoreTests.DocumentHistoryKeyboardTraversalTests testHostedInspectorKeyViewLoopReachesAllEnabledHistoryButtons]' started.
Test Case '-[TesseraCoreTests.DocumentHistoryKeyboardTraversalTests testHostedInspectorKeyViewLoopReachesAllEnabledHistoryButtons]' passed (0.188 seconds).
Test Case '-[TesseraCoreTests.DocumentHistoryKeyboardTraversalTests testInspectorTabSwitchKeepsHeightControlIdentityFocusAndValue]' started.
Test Case '-[TesseraCoreTests.DocumentHistoryKeyboardTraversalTests testInspectorTabSwitchKeepsHeightControlIdentityFocusAndValue]' passed (0.430 seconds).
Test Case '-[TesseraCoreTests.DocumentHistoryKeyboardTraversalTests testReadoutFitsWidestValueWithNumericLabelToken]' started.
Test Case '-[TesseraCoreTests.DocumentHistoryKeyboardTraversalTests testReadoutFitsWidestValueWithNumericLabelToken]' passed (0.004 seconds).
Test Case '-[TesseraCoreTests.DocumentHistoryKeyboardTraversalTests testTabSkipsDisabledButtonsAtEachClamp]' started.
Test Case '-[TesseraCoreTests.DocumentHistoryKeyboardTraversalTests testTabSkipsDisabledButtonsAtEachClamp]' passed (0.052 seconds).
Test Case '-[TesseraCoreTests.DocumentHistoryKeyboardTraversalTests testTabTraversesNativeHeightButtonsInOrderSkippingReadout]' started.
Test Case '-[TesseraCoreTests.DocumentHistoryKeyboardTraversalTests testTabTraversesNativeHeightButtonsInOrderSkippingReadout]' passed (0.017 seconds).
Test Case '-[TesseraCoreTests.DocumentHistoryKeyboardTraversalTests testToolLetterOverFocusedHistoryButtonSelectsToolNotText]' started.
Test Case '-[TesseraCoreTests.DocumentHistoryKeyboardTraversalTests testToolLetterOverFocusedHistoryButtonSelectsToolNotText]' passed (0.018 seconds).
Test Case '-[TesseraCoreTests.DocumentHistoryKeyboardTraversalTests testWindowResizeClampsDisplayWithoutRewritingOversizedRequest]' started.
Test Case '-[TesseraCoreTests.DocumentHistoryKeyboardTraversalTests testWindowResizeClampsDisplayWithoutRewritingOversizedRequest]' passed (0.279 seconds).
Test Suite 'DocumentHistoryKeyboardTraversalTests' passed at 2026-10-01 03:19:57.300.
	 Executed 10 tests, with 0 failures (0 unexpected) in 2.151 (2.152) seconds
Test Suite 'DocumentInspectorActionButtonTests' started at 2026-10-01 03:19:57.300.
Test Case '-[TesseraCoreTests.DocumentInspectorActionButtonTests testActualColorLookupEditorInstallsNativeActionsAndDisabledReset]' started.
Test Case '-[TesseraCoreTests.DocumentInspectorActionButtonTests testActualColorLookupEditorInstallsNativeActionsAndDisabledReset]' passed (0.083 seconds).
Test Case '-[TesseraCoreTests.DocumentInspectorActionButtonTests testDismantleReleasesActionOwnerWhileNativeControlRemainsAlive]' started.
Test Case '-[TesseraCoreTests.DocumentInspectorActionButtonTests testDismantleReleasesActionOwnerWhileNativeControlRemainsAlive]' passed (0.000 seconds).
Test Case '-[TesseraCoreTests.DocumentInspectorActionButtonTests testNativeActionHasExplicitKeyboardOwnershipAndPreservesMetadata]' started.
Test Case '-[TesseraCoreTests.DocumentInspectorActionButtonTests testNativeActionHasExplicitKeyboardOwnershipAndPreservesMetadata]' passed (0.000 seconds).
Test Case '-[TesseraCoreTests.DocumentInspectorActionButtonTests testOnlyUnmodifiedNativeActivationKeysAreOwnedLocally]' started.
Test Case '-[TesseraCoreTests.DocumentInspectorActionButtonTests testOnlyUnmodifiedNativeActivationKeysAreOwnedLocally]' passed (0.000 seconds).
Test Case '-[TesseraCoreTests.DocumentInspectorActionButtonTests testReuseRefreshesActionAndDisabledOrDismantledCannotInvoke]' started.
Test Case '-[TesseraCoreTests.DocumentInspectorActionButtonTests testReuseRefreshesActionAndDisabledOrDismantledCannotInvoke]' passed (0.000 seconds).
Test Case '-[TesseraCoreTests.DocumentInspectorActionButtonTests testSpaceReturnAndKeypadActivateOnceWithoutRepeat]' started.
Test Case '-[TesseraCoreTests.DocumentInspectorActionButtonTests testSpaceReturnAndKeypadActivateOnceWithoutRepeat]' passed (0.000 seconds).
Test Suite 'DocumentInspectorActionButtonTests' passed at 2026-10-01 03:19:57.384.
	 Executed 6 tests, with 0 failures (0 unexpected) in 0.084 (0.084) seconds
Test Suite 'DocumentInspectorLayoutTests' started at 2026-10-01 03:19:57.384.
Test Case '-[TesseraCoreTests.DocumentInspectorLayoutTests testColumnBudgetAt1440AndAdjacentWidths]' started.
Test Case '-[TesseraCoreTests.DocumentInspectorLayoutTests testColumnBudgetAt1440AndAdjacentWidths]' passed (0.000 seconds).
Test Case '-[TesseraCoreTests.DocumentInspectorLayoutTests testInspectorFitsItsColumnForEveryLayerKindAt1440AndAdjacentWidths]' started.
Test Case '-[TesseraCoreTests.DocumentInspectorLayoutTests testInspectorFitsItsColumnForEveryLayerKindAt1440AndAdjacentWidths]' passed (15.848 seconds).
Test Suite 'DocumentInspectorLayoutTests' passed at 2026-10-01 03:20:13.232.
	 Executed 2 tests, with 0 failures (0 unexpected) in 15.848 (15.848) seconds
Test Suite 'LayoutContractTests' started at 2026-10-01 03:20:13.232.
Test Case '-[TesseraCoreTests.LayoutContractTests testAppDirDefaultsAreIsolatedFromTheSharedDomain]' started.
Test Case '-[TesseraCoreTests.LayoutContractTests testAppDirDefaultsAreIsolatedFromTheSharedDomain]' passed (0.002 seconds).
Test Case '-[TesseraCoreTests.LayoutContractTests testColorWheelPuckStaysInsideAtFullSaturation]' started.
Test Case '-[TesseraCoreTests.LayoutContractTests testColorWheelPuckStaysInsideAtFullSaturation]' passed (0.000 seconds).
Test Case '-[TesseraCoreTests.LayoutContractTests testCompareCaptionAndBadgeShareOnePartition]' started.
Test Case '-[TesseraCoreTests.LayoutContractTests testCompareCaptionAndBadgeShareOnePartition]' passed (0.000 seconds).
Test Case '-[TesseraCoreTests.LayoutContractTests testCurveEndKnotsStayInsideTheView]' started.
Test Case '-[TesseraCoreTests.LayoutContractTests testCurveEndKnotsStayInsideTheView]' passed (0.000 seconds).
Test Case '-[TesseraCoreTests.LayoutContractTests testFlowRowOffersOversizedItemsTheRowWidth]' started.
Test Case '-[TesseraCoreTests.LayoutContractTests testFlowRowOffersOversizedItemsTheRowWidth]' passed (0.000 seconds).
Test Case '-[TesseraCoreTests.LayoutContractTests testKeywordChipRowStaysInsideTheInspector]' started.
Test Case '-[TesseraCoreTests.LayoutContractTests testKeywordChipRowStaysInsideTheInspector]' passed (0.036 seconds).
Test Case '-[TesseraCoreTests.LayoutContractTests testShellBudgetYieldOrder]' started.
Test Case '-[TesseraCoreTests.LayoutContractTests testShellBudgetYieldOrder]' passed (0.000 seconds).
Test Case '-[TesseraCoreTests.LayoutContractTests testSidebarHiddenBadgeGivesItsWidthBack]' started.
Test Case '-[TesseraCoreTests.LayoutContractTests testSidebarHiddenBadgeGivesItsWidthBack]' passed (0.009 seconds).
Test Case '-[TesseraCoreTests.LayoutContractTests testSoftProofRowFitsTheMinimumInspector]' started.
Test Case '-[TesseraCoreTests.LayoutContractTests testSoftProofRowFitsTheMinimumInspector]' passed (0.028 seconds).
Test Case '-[TesseraCoreTests.LayoutContractTests testStatusBarFitsANarrowDetailWithLongStrings]' started.
Test Case '-[TesseraCoreTests.LayoutContractTests testStatusBarFitsANarrowDetailWithLongStrings]' passed (0.031 seconds).
Test Case '-[TesseraCoreTests.LayoutContractTests testThemeMenuTruncatesInsteadOfOverflowing]' started.
Test Case '-[TesseraCoreTests.LayoutContractTests testThemeMenuTruncatesInsteadOfOverflowing]' passed (0.041 seconds).
Test Case '-[TesseraCoreTests.LayoutContractTests testValueSliderDrawsWithoutOverflowAt80Points]' started.
Test Case '-[TesseraCoreTests.LayoutContractTests testValueSliderDrawsWithoutOverflowAt80Points]' passed (0.001 seconds).
Test Case '-[TesseraCoreTests.LayoutContractTests testValueSliderRingPaintsInsideTheThumb]' started.
Test Case '-[TesseraCoreTests.LayoutContractTests testValueSliderRingPaintsInsideTheThumb]' passed (0.000 seconds).
Test Case '-[TesseraCoreTests.LayoutContractTests testValueSliderTitleAndValueNeverTouch]' started.
Test Case '-[TesseraCoreTests.LayoutContractTests testValueSliderTitleAndValueNeverTouch]' passed (0.000 seconds).
Test Suite 'LayoutContractTests' passed at 2026-10-01 03:20:13.382.
	 Executed 14 tests, with 0 failures (0 unexpected) in 0.149 (0.150) seconds
Test Suite 'LayoutProbeHarnessTests' started at 2026-10-01 03:20:13.382.
Test Case '-[TesseraCoreTests.LayoutProbeHarnessTests testUnstableMeasurementFailsAtTheBound]' started.
XCTExpectFailure: matcher accepted Assertion Failure at LayoutProbeHarnessTests.swift:35: failed - Layout did not settle within 0.03s; pending: []; measurements: Optional([(5.0, 0.0, 1.0, 1.0)]) -> [(6.0, 0.0, 1.0, 1.0)]
LayoutProbeHarnessTests.swift:35: Expected failure in -[TesseraCoreTests.LayoutProbeHarnessTests testUnstableMeasurementFailsAtTheBound]: failed - Layout did not settle within 0.03s; pending: []; measurements: Optional([(5.0, 0.0, 1.0, 1.0)]) -> [(6.0, 0.0, 1.0, 1.0)]Reason: (A continuously changing probe must fail instead of accepting transient geometry)
Test Case '-[TesseraCoreTests.LayoutProbeHarnessTests testUnstableMeasurementFailsAtTheBound]' passed (0.033 seconds).
Test Case '-[TesseraCoreTests.LayoutProbeHarnessTests testWaitsForDeferredGeometryAndFlushesItsLayout]' started.
Test Case '-[TesseraCoreTests.LayoutProbeHarnessTests testWaitsForDeferredGeometryAndFlushesItsLayout]' passed (0.096 seconds).
Test Suite 'LayoutProbeHarnessTests' passed at 2026-10-01 03:20:13.510.
	 Executed 2 tests, with 0 failures (0 unexpected) in 0.129 (0.129) seconds
Test Suite 'MasksPanelLayoutTests' started at 2026-10-01 03:20:13.510.
Test Case '-[TesseraCoreTests.MasksPanelLayoutTests testPopulatedInspectorKeepsComponentActionsReadableAtMinimumWidth]' started.
develop original L2 calibration [first, tone, WB] ms: CPU [17.056124999999998, 0.350625, 0.38725]; GPU [21.796416999999998, 0.608666, 0.671875]
Test Case '-[TesseraCoreTests.MasksPanelLayoutTests testPopulatedInspectorKeepsComponentActionsReadableAtMinimumWidth]' passed (1.375 seconds).
Test Suite 'MasksPanelLayoutTests' passed at 2026-10-01 03:20:14.885.
	 Executed 1 test, with 0 failures (0 unexpected) in 1.375 (1.375) seconds
Test Suite 'PeopleLayoutTests' started at 2026-10-01 03:20:14.885.
Test Case '-[TesseraCoreTests.PeopleLayoutTests testDetailFitsWindowAndKeepsHeaderAtTop]' started.
Test Case '-[TesseraCoreTests.PeopleLayoutTests testDetailFitsWindowAndKeepsHeaderAtTop]' passed (0.583 seconds).
Test Suite 'PeopleLayoutTests' passed at 2026-10-01 03:20:15.468.
	 Executed 1 test, with 0 failures (0 unexpected) in 0.583 (0.583) seconds
Test Suite 'ShellLayoutTests' started at 2026-10-01 03:20:15.468.
Test Case '-[TesseraCoreTests.ShellLayoutTests testDocumentInspectorEveryTabAndHistoryStateAtEverySize]' started.
Test Case '-[TesseraCoreTests.ShellLayoutTests testDocumentInspectorEveryTabAndHistoryStateAtEverySize]' passed (16.534 seconds).
Test Case '-[TesseraCoreTests.ShellLayoutTests testInspectorTabShortcuts]' started.
Test Case '-[TesseraCoreTests.ShellLayoutTests testInspectorTabShortcuts]' passed (1.856 seconds).
Test Case '-[TesseraCoreTests.ShellLayoutTests testManyDocumentTabsStayCapped]' started.
Test Case '-[TesseraCoreTests.ShellLayoutTests testManyDocumentTabsStayCapped]' passed (2.022 seconds).
Test Case '-[TesseraCoreTests.ShellLayoutTests testShellContainedAtEverySizeStateAndAppearance]' started.
Test Case '-[TesseraCoreTests.ShellLayoutTests testShellContainedAtEverySizeStateAndAppearance]' passed (26.666 seconds).
Test Suite 'ShellLayoutTests' passed at 2026-10-01 03:21:02.547.
	 Executed 4 tests, with 0 failures (0 unexpected) in 47.079 (47.079) seconds
Test Suite 'TesseraPackageTests.xctest' passed at 2026-10-01 03:21:02.547.
	 Executed 54 tests, with 0 failures (0 unexpected) in 79.675 (79.680) seconds
Test Suite 'Selected tests' passed at 2026-10-01 03:21:02.547.
	 Executed 54 tests, with 0 failures (0 unexpected) in 79.675 (79.681) seconds
◇ Test run started.
↳ Testing Library Version: 1501
↳ Target Platform: arm64e-apple-macos14.0
✔ Test run with 0 tests in 0 suites passed after 0.001 seconds.
