Building for production...
[0/4] Write sources
[1/4] Write swift-version--58304C5D6DBC2206.txt
[3/4] Compiling TesseraCoreTests AgentReviewLayoutTests.swift
/Users/rutmehta/Developer/lightroom/.worktrees/B5-39/apps/mac/Tests/TesseraCoreTests/DocumentLoadSettlementTests.swift:59:18: warning: weak variable 'weakWorkspace' was never mutated; consider changing to 'let' constant [#WeakMutability]
57 |     func testReleasedWorkspaceStillSettlesAfterBackendReturns() {
58 |         var workspace: DocumentWorkspace? = DocumentWorkspace()
59 |         weak var weakWorkspace = workspace
   |                  `- warning: weak variable 'weakWorkspace' was never mutated; consider changing to 'let' constant [#WeakMutability]
60 |         var finish: (@MainActor (Result<any DocumentBackend, Error>) -> Void)?
61 |         workspace?.documentLoadExecutor = { _, _, done in finish = done }

/Users/rutmehta/Developer/lightroom/.worktrees/B5-39/apps/mac/Tests/TesseraCoreTests/DocumentOverlayAnimationTests.swift:72:18: warning: weak variable 'weakView' was never mutated; consider changing to 'let' constant [#WeakMutability]
 70 |     func testReleasedOwnerInvalidatesRetainedTimerWithoutTicks() {
 71 |         var view: Overlay? = makeOverlay()
 72 |         weak var weakView = view
    |                  `- warning: weak variable 'weakView' was never mutated; consider changing to 'let' constant [#WeakMutability]
 73 |         view?.updateAnimation()
 74 |         let timer = view?.animationTimer

/Users/rutmehta/Developer/lightroom/.worktrees/B5-39/apps/mac/Tests/TesseraCoreTests/DocumentViewportOwnershipTests.swift:32:18: warning: weak variable 'released' was never mutated; consider changing to 'let' constant [#WeakMutability]
30 |     func testControllerReleasedBeforeDismantleStillClearsLocalResources() throws {
31 |         var doc: DocumentController? = try document()
32 |         weak var released = doc
   |                  `- warning: weak variable 'released' was never mutated; consider changing to 'let' constant [#WeakMutability]
33 |         let view = DocumentViewportView(frame: .zero)
34 |         view.attach(doc)

/Users/rutmehta/Developer/lightroom/.worktrees/B5-39/apps/mac/Tests/TesseraCoreTests/EngineDocumentBackendTests.swift:244:54: warning: capture of 'self' with non-Sendable type 'EngineDocumentBackendTests' in a '@Sendable' closure [#SendableClosureCaptures]
  9 | /// history ids, listener coalescing, a real `DocumentSession` behind `DocumentBackend`, and the
 10 | /// workspace's engine-vs-stub choice.
 11 | final class EngineDocumentBackendTests: XCTestCase {
    |             `- note: class 'EngineDocumentBackendTests' does not conform to the 'Sendable' protocol
 12 |     private func temp() throws -> URL {
 13 |         let dir = FileManager.default.temporaryDirectory.appendingPathComponent("engine-doc-\(UUID().uuidString)")
    :
242 |         let done = expectation(description: "delivered")
243 |         DispatchQueue.global().async {
244 |             for e in 1...20 { adapter.onFrame(frame: self.frameInfo(epoch: UInt64(e))) }
    |                                                      `- warning: capture of 'self' with non-Sendable type 'EngineDocumentBackendTests' in a '@Sendable' closure [#SendableClosureCaptures]
245 |             DispatchQueue.main.async { done.fulfill() }
246 |         }

[#SendableClosureCaptures]: <https://docs.swift.org/compiler/documentation/diagnostics/sendable-closure-captures>
[#WeakMutability]: <https://docs.swift.org/compiler/documentation/diagnostics/weak-mutability>
[4/6] Compiling TesseraPackageTests runner.swift
[4/6] Write Objects.LinkFileList
[5/6] Linking TesseraPackageTests
Build complete! (54.59s)
Test Suite 'Selected tests' started at 2026-10-01 02:52:50.632.
Test Suite 'TesseraPackageTests.xctest' started at 2026-10-01 02:52:50.633.
Test Suite 'MasksPanelLayoutTests' started at 2026-10-01 02:52:50.633.
Test Case '-[TesseraCoreTests.MasksPanelLayoutTests testPopulatedInspectorKeepsComponentActionsReadableAtMinimumWidth]' started.
develop original L2 calibration [first, tone, WB] ms: CPU [17.7685, 0.891125, 0.9642080000000001]; GPU [25.56425, 1.2348750000000002, 1.358708]
Test Case '-[TesseraCoreTests.MasksPanelLayoutTests testPopulatedInspectorKeepsComponentActionsReadableAtMinimumWidth]' passed (1.893 seconds).
Test Suite 'MasksPanelLayoutTests' passed at 2026-10-01 02:52:52.526.
	 Executed 1 test, with 0 failures (0 unexpected) in 1.893 (1.893) seconds
Test Suite 'TesseraPackageTests.xctest' passed at 2026-10-01 02:52:52.526.
	 Executed 1 test, with 0 failures (0 unexpected) in 1.893 (1.893) seconds
Test Suite 'Selected tests' passed at 2026-10-01 02:52:52.526.
	 Executed 1 test, with 0 failures (0 unexpected) in 1.893 (1.894) seconds
◇ Test run started.
↳ Testing Library Version: 1501
↳ Target Platform: arm64e-apple-macos14.0
✔ Test run with 0 tests in 0 suites passed after 0.001 seconds.
