Building for production...
[0/4] Write sources
[1/4] Write swift-version--58304C5D6DBC2206.txt
[3/4] Compiling TesseraCoreTests AgentReviewLayoutTests.swift
/Users/rutmehta/Developer/lightroom/.worktrees/B5-39/apps/mac/Tests/TesseraCoreTests/DocumentLoadSettlementTests.swift:59:18: warning: weak variable 'weakWorkspace' was never mutated; consider changing to 'let' constant [#WeakMutability]
57 |     func testReleasedWorkspaceStillSettlesAfterBackendReturns() {
58 |         var workspace: DocumentWorkspace? = DocumentWorkspace()
59 |         weak var weakWorkspace = workspace
   |                  `- warning: weak variable 'weakWorkspace' was never mutated; consider changing to 'let' constant [#WeakMutability]
60 |         var finish: (@MainActor (Result<any DocumentBackend, Error>) -> Void)?
61 |         workspace?.documentLoadExecutor = { _, _, done in finish = done }

/Users/rutmehta/Developer/lightroom/.worktrees/B5-39/apps/mac/Tests/TesseraCoreTests/DocumentOverlayAnimationTests.swift:72:18: warning: weak variable 'weakView' was never mutated; consider changing to 'let' constant [#WeakMutability]
 70 |     func testReleasedOwnerInvalidatesRetainedTimerWithoutTicks() {
 71 |         var view: Overlay? = makeOverlay()
 72 |         weak var weakView = view
    |                  `- warning: weak variable 'weakView' was never mutated; consider changing to 'let' constant [#WeakMutability]
 73 |         view?.updateAnimation()
 74 |         let timer = view?.animationTimer

/Users/rutmehta/Developer/lightroom/.worktrees/B5-39/apps/mac/Tests/TesseraCoreTests/DocumentViewportOwnershipTests.swift:32:18: warning: weak variable 'released' was never mutated; consider changing to 'let' constant [#WeakMutability]
30 |     func testControllerReleasedBeforeDismantleStillClearsLocalResources() throws {
31 |         var doc: DocumentController? = try document()
32 |         weak var released = doc
   |                  `- warning: weak variable 'released' was never mutated; consider changing to 'let' constant [#WeakMutability]
33 |         let view = DocumentViewportView(frame: .zero)
34 |         view.attach(doc)

/Users/rutmehta/Developer/lightroom/.worktrees/B5-39/apps/mac/Tests/TesseraCoreTests/EngineDocumentBackendTests.swift:244:54: warning: capture of 'self' with non-Sendable type 'EngineDocumentBackendTests' in a '@Sendable' closure [#SendableClosureCaptures]
  9 | /// history ids, listener coalescing, a real `DocumentSession` behind `DocumentBackend`, and the
 10 | /// workspace's engine-vs-stub choice.
 11 | final class EngineDocumentBackendTests: XCTestCase {
    |             `- note: class 'EngineDocumentBackendTests' does not conform to the 'Sendable' protocol
 12 |     private func temp() throws -> URL {
 13 |         let dir = FileManager.default.temporaryDirectory.appendingPathComponent("engine-doc-\(UUID().uuidString)")
    :
242 |         let done = expectation(description: "delivered")
243 |         DispatchQueue.global().async {
244 |             for e in 1...20 { adapter.onFrame(frame: self.frameInfo(epoch: UInt64(e))) }
    |                                                      `- warning: capture of 'self' with non-Sendable type 'EngineDocumentBackendTests' in a '@Sendable' closure [#SendableClosureCaptures]
245 |             DispatchQueue.main.async { done.fulfill() }
246 |         }

[#SendableClosureCaptures]: <https://docs.swift.org/compiler/documentation/diagnostics/sendable-closure-captures>
[#WeakMutability]: <https://docs.swift.org/compiler/documentation/diagnostics/weak-mutability>
[3/5] Write Objects.LinkFileList
[4/5] Linking TesseraPackageTests
Build complete! (31.81s)
Test Suite 'Selected tests' started at 2026-10-01 02:55:44.181.
Test Suite 'TesseraPackageTests.xctest' started at 2026-10-01 02:55:44.183.
Test Suite 'DocumentInspectorLayoutTests' started at 2026-10-01 02:55:44.183.
Test Case '-[TesseraCoreTests.DocumentInspectorLayoutTests testColumnBudgetAt1440AndAdjacentWidths]' started.
Test Case '-[TesseraCoreTests.DocumentInspectorLayoutTests testColumnBudgetAt1440AndAdjacentWidths]' passed (0.000 seconds).
Test Case '-[TesseraCoreTests.DocumentInspectorLayoutTests testInspectorFitsItsColumnForEveryLayerKindAt1440AndAdjacentWidths]' started.
Test Case '-[TesseraCoreTests.DocumentInspectorLayoutTests testInspectorFitsItsColumnForEveryLayerKindAt1440AndAdjacentWidths]' passed (15.128 seconds).
Test Suite 'DocumentInspectorLayoutTests' passed at 2026-10-01 02:55:59.312.
	 Executed 2 tests, with 0 failures (0 unexpected) in 15.128 (15.129) seconds
Test Suite 'LayoutProbeHarnessTests' started at 2026-10-01 02:55:59.312.
Test Case '-[TesseraCoreTests.LayoutProbeHarnessTests testUnstableMeasurementFailsAtTheBound]' started.
XCTExpectFailure: matcher accepted Assertion Failure at LayoutProbeHarnessTests.swift:35: failed - Layout did not settle within 0.03s; pending: ["NSView"]; measurements: Optional([(5.0, 0.0, 1.0, 1.0)]) -> [(6.0, 0.0, 1.0, 1.0)]
LayoutProbeHarnessTests.swift:35: Expected failure in -[TesseraCoreTests.LayoutProbeHarnessTests testUnstableMeasurementFailsAtTheBound]: failed - Layout did not settle within 0.03s; pending: ["NSView"]; measurements: Optional([(5.0, 0.0, 1.0, 1.0)]) -> [(6.0, 0.0, 1.0, 1.0)]Reason: (A continuously changing probe must fail instead of accepting transient geometry)
Test Case '-[TesseraCoreTests.LayoutProbeHarnessTests testUnstableMeasurementFailsAtTheBound]' passed (0.668 seconds).
Test Case '-[TesseraCoreTests.LayoutProbeHarnessTests testWaitsForDeferredGeometryAndFlushesItsLayout]' started.
Test Case '-[TesseraCoreTests.LayoutProbeHarnessTests testWaitsForDeferredGeometryAndFlushesItsLayout]' passed (0.123 seconds).
Test Suite 'LayoutProbeHarnessTests' passed at 2026-10-01 02:56:00.104.
	 Executed 2 tests, with 0 failures (0 unexpected) in 0.792 (0.792) seconds
Test Suite 'MasksPanelLayoutTests' started at 2026-10-01 02:56:00.104.
Test Case '-[TesseraCoreTests.MasksPanelLayoutTests testPopulatedInspectorKeepsComponentActionsReadableAtMinimumWidth]' started.
develop original L2 calibration [first, tone, WB] ms: CPU [17.255208, 0.403875, 0.38537499999999997]; GPU [23.773292, 0.741333, 1.055875]
Test Case '-[TesseraCoreTests.MasksPanelLayoutTests testPopulatedInspectorKeepsComponentActionsReadableAtMinimumWidth]' passed (1.388 seconds).
Test Suite 'MasksPanelLayoutTests' passed at 2026-10-01 02:56:01.492.
	 Executed 1 test, with 0 failures (0 unexpected) in 1.388 (1.388) seconds
Test Suite 'TesseraPackageTests.xctest' passed at 2026-10-01 02:56:01.492.
	 Executed 5 tests, with 0 failures (0 unexpected) in 17.308 (17.309) seconds
Test Suite 'Selected tests' passed at 2026-10-01 02:56:01.492.
	 Executed 5 tests, with 0 failures (0 unexpected) in 17.308 (17.310) seconds
◇ Test run started.
↳ Testing Library Version: 1501
↳ Target Platform: arm64e-apple-macos14.0
✔ Test run with 0 tests in 0 suites passed after 0.001 seconds.
