2026-10-01T07:13:52Z focused 1 start; cargo PID 62711
2026-10-01T07:15:16Z focused 1 exit 0
	 Executed 54 tests, with 0 failures (0 unexpected) in 83.745 (83.752) seconds
◇ Test run started.
↳ Testing Library Version: 1501
↳ Target Platform: arm64e-apple-macos14.0
✔ Test run with 0 tests in 0 suites passed after 0.001 seconds.
2026-10-01T07:15:16Z focused 2 start; cargo PID 62711
2026-10-01T07:16:45Z focused 2 exit 0
	 Executed 54 tests, with 0 failures (0 unexpected) in 87.342 (87.349) seconds
◇ Test run started.
↳ Testing Library Version: 1501
↳ Target Platform: arm64e-apple-macos14.0
✔ Test run with 0 tests in 0 suites passed after 0.001 seconds.
2026-10-01T07:16:45Z focused 3 start; cargo PID 62711
2026-10-01T07:18:15Z focused 3 exit 0
	 Executed 54 tests, with 0 failures (0 unexpected) in 89.989 (89.996) seconds
◇ Test run started.
↳ Testing Library Version: 1501
↳ Target Platform: arm64e-apple-macos14.0
✔ Test run with 0 tests in 0 suites passed after 0.001 seconds.
2026-10-01T07:18:15Z focused 4 start; cargo PID 62711
2026-10-01T07:19:42Z focused 4 exit 0
	 Executed 54 tests, with 0 failures (0 unexpected) in 85.564 (85.570) seconds
◇ Test run started.
↳ Testing Library Version: 1501
↳ Target Platform: arm64e-apple-macos14.0
✔ Test run with 0 tests in 0 suites passed after 0.001 seconds.
2026-10-01T07:19:42Z focused 5 start; cargo PID 62711
2026-10-01T07:21:02Z focused 5 exit 0
	 Executed 54 tests, with 0 failures (0 unexpected) in 79.675 (79.681) seconds
◇ Test run started.
↳ Testing Library Version: 1501
↳ Target Platform: arm64e-apple-macos14.0
✔ Test run with 0 tests in 0 suites passed after 0.001 seconds.
