   Compiling import-lrcat v0.1.0 (/Users/rutmehta/Developer/lightroom/.worktrees/LR-11-local-adjustments/crates/import-lrcat)
    Finished `release` profile [optimized] target(s) in 0.74s
     Running tests/lr11_local.rs (/Users/rutmehta/.cache/tessera-target/LR-4-parametric-masks/release/deps/lr11_local-42d3a377e774ea1f)

running 3 tests
test radial_conflict_has_named_note ... ok
test object_instance_is_approximate_and_retains_hint ... FAILED
test local_adjustments_are_renderable_recipe_fields ... FAILED

failures:

---- object_instance_is_approximate_and_retains_hint stdout ----

thread 'object_instance_is_approximate_and_retains_hint' (61406504) panicked at crates/import-lrcat/tests/lr11_local.rs:27:5:
["crs:MaskGroupBasedCorrections: individual AI instance selection is not implemented"]
note: run with `RUST_BACKTRACE=1` environment variable to display a backtrace

---- local_adjustments_are_renderable_recipe_fields stdout ----

thread 'local_adjustments_are_renderable_recipe_fields' (61406503) panicked at crates/import-lrcat/tests/lr11_local.rs:14:9:
curves: ["crs:MaskGroupBasedCorrections: local tone curve rendering is not implemented; source preserved"]


failures:
    local_adjustments_are_renderable_recipe_fields
    object_instance_is_approximate_and_retains_hint

test result: FAILED. 1 passed; 2 failed; 0 ignored; 0 measured; 0 filtered out; finished in 0.00s

error: test failed, to rerun pass `-p import-lrcat --test lr11_local`
