2026-09-28 02:08:45.413 Tessera[14717:98908268] Sparkle updates not configured for this build
document: frames on the Cpu path (L0, requested Rect { x0: 0, y0: 0, x1: 32, y1: 32 })
document: frames on the Viewport path (L0, requested Rect { x0: 0, y0: 0, x1: 32, y1: 32 })
SAVE-LIFECYCLE seq=1 uptime=2629175.828488167 event=operation.begin request=A011283C-F556-4178-A877-9D29B26A7EC6 workspace=ObjectIdentifier(0x00000008eec88000) claim=nil presented=nil queued=nil active=nil phase=nil state=false swift=false native=false observed=false probes=[nil] parent={nil} sheet={nil}
SAVE-LIFECYCLE seq=2 uptime=2629175.8291312084 event=successor.request.enter request=A011283C-F556-4178-A877-9D29B26A7EC6 workspace=ObjectIdentifier(0x00000008eec88000) claim=nil presented=nil queued=nil active=A011283C-F556-4178-A877-9D29B26A7EC6 phase=choosing state=false swift=false native=false observed=false probes=[nil] parent={nil} sheet={nil}
SAVE-LIFECYCLE seq=3 uptime=2629175.829200625 event=successor.request.exit request=A011283C-F556-4178-A877-9D29B26A7EC6 workspace=ObjectIdentifier(0x00000008eec88000) claim=nil presented=A011283C-F556-4178-A877-9D29B26A7EC6 queued=nil active=A011283C-F556-4178-A877-9D29B26A7EC6 phase=choosing state=false swift=false native=false observed=false probes=[nil] parent={nil} sheet={nil}
SAVE-LIFECYCLE seq=4 uptime=2629175.8293457916 event=content.claim request=A011283C-F556-4178-A877-9D29B26A7EC6 captured=nil
SAVE-LIFECYCLE seq=5 uptime=2629175.8293535 event=swift.claim.enter request=A011283C-F556-4178-A877-9D29B26A7EC6 workspace=ObjectIdentifier(0x00000008eec88000) claim=nil presented=A011283C-F556-4178-A877-9D29B26A7EC6 queued=nil active=A011283C-F556-4178-A877-9D29B26A7EC6 phase=choosing state=false swift=false native=false observed=false probes=[nil] parent={nil} sheet={nil}
SAVE-LIFECYCLE seq=6 uptime=2629175.8293623333 event=native.track.enter request=A011283C-F556-4178-A877-9D29B26A7EC6 workspace=ObjectIdentifier(0x00000008eec88000) claim=A011283C-F556-4178-A877-9D29B26A7EC6 presented=A011283C-F556-4178-A877-9D29B26A7EC6 queued=nil active=A011283C-F556-4178-A877-9D29B26A7EC6 phase=choosing state=false swift=false native=false observed=false probes=[nil] parent={nil} sheet={nil}
SAVE-LIFECYCLE seq=7 uptime=2629175.8293822086 event=native.track.exit request=A011283C-F556-4178-A877-9D29B26A7EC6 workspace=ObjectIdentifier(0x00000008eec88000) claim=A011283C-F556-4178-A877-9D29B26A7EC6 presented=A011283C-F556-4178-A877-9D29B26A7EC6 queued=nil active=A011283C-F556-4178-A877-9D29B26A7EC6 phase=choosing state=true swift=false native=false observed=false probes=[] parent={ObjectIdentifier(0x0000000107f748b0):parent=nil:attached=nil:visible=true} sheet={nil}
SAVE-LIFECYCLE seq=8 uptime=2629175.8293938334 event=swift.claim.exit request=A011283C-F556-4178-A877-9D29B26A7EC6 workspace=ObjectIdentifier(0x00000008eec88000) claim=A011283C-F556-4178-A877-9D29B26A7EC6 presented=A011283C-F556-4178-A877-9D29B26A7EC6 queued=nil active=A011283C-F556-4178-A877-9D29B26A7EC6 phase=choosing state=true swift=false native=false observed=false probes=[] parent={ObjectIdentifier(0x0000000107f748b0):parent=nil:attached=nil:visible=true} sheet={nil}
SAVE-LIFECYCLE seq=9 uptime=2629175.846084875 event=view.make request=A011283C-F556-4178-A877-9D29B26A7EC6 view=ObjectIdentifier(0x00000008f0764f00)
SAVE-LIFECYCLE seq=10 uptime=2629175.8461239585 event=view.refresh request=A011283C-F556-4178-A877-9D29B26A7EC6 view=ObjectIdentifier(0x00000008f0764f00) oldRequest=nil window={nil}
SAVE-LIFECYCLE seq=11 uptime=2629175.84613275 event=view.endOwnership request=nil view=ObjectIdentifier(0x00000008f0764f00) owner=nil hasFinish=false window={nil}
SAVE-LIFECYCLE seq=12 uptime=2629175.8461432504 event=probe.leaseBegin.enter request=A011283C-F556-4178-A877-9D29B26A7EC6 workspace=ObjectIdentifier(0x00000008eec88000) claim=A011283C-F556-4178-A877-9D29B26A7EC6 presented=A011283C-F556-4178-A877-9D29B26A7EC6 queued=nil active=A011283C-F556-4178-A877-9D29B26A7EC6 phase=choosing state=true swift=false native=false observed=false probes=[] parent={ObjectIdentifier(0x0000000107f748b0):parent=nil:attached=nil:visible=true} sheet={nil}
SAVE-LIFECYCLE seq=13 uptime=2629175.8461726666 event=probe.leaseIdentity request=A011283C-F556-4178-A877-9D29B26A7EC6 probe=2F6A2BDC-43D3-4ADF-816A-FB6949ECF5D0
SAVE-LIFECYCLE seq=14 uptime=2629175.8461832083 event=probe.leaseBegin.exit request=A011283C-F556-4178-A877-9D29B26A7EC6 workspace=ObjectIdentifier(0x00000008eec88000) claim=A011283C-F556-4178-A877-9D29B26A7EC6 presented=A011283C-F556-4178-A877-9D29B26A7EC6 queued=nil active=A011283C-F556-4178-A877-9D29B26A7EC6 phase=choosing state=true swift=false native=false observed=false probes=[2F6A2BDC-43D3-4ADF-816A-FB6949ECF5D0] parent={ObjectIdentifier(0x0000000107f748b0):parent=nil:attached=nil:visible=true} sheet={nil}
SAVE-LIFECYCLE seq=15 uptime=2629175.846291875 event=view.update request=A011283C-F556-4178-A877-9D29B26A7EC6 view=ObjectIdentifier(0x00000008f0764f00) oldRequest=A011283C-F556-4178-A877-9D29B26A7EC6 window={nil}
SAVE-LIFECYCLE seq=16 uptime=2629175.846298125 event=view.refresh request=A011283C-F556-4178-A877-9D29B26A7EC6 view=ObjectIdentifier(0x00000008f0764f00) oldRequest=A011283C-F556-4178-A877-9D29B26A7EC6 window={nil}
SAVE-LIFECYCLE seq=17 uptime=2629175.8481932087 event=view.didMoveToWindow request=A011283C-F556-4178-A877-9D29B26A7EC6 view=ObjectIdentifier(0x00000008f0764f00) window={ObjectIdentifier(0x00000008f0d39900):parent=nil:attached=nil:visible=false}
SAVE-LIFECYCLE seq=18 uptime=2629175.8482070835 event=view.captureCallback request=A011283C-F556-4178-A877-9D29B26A7EC6 ownerAlive=true window={ObjectIdentifier(0x00000008f0d39900):parent=nil:attached=nil:visible=false}
SAVE-LIFECYCLE seq=19 uptime=2629175.8482139586 event=probe.capture.enter request=A011283C-F556-4178-A877-9D29B26A7EC6 workspace=ObjectIdentifier(0x00000008eec88000) claim=A011283C-F556-4178-A877-9D29B26A7EC6 presented=A011283C-F556-4178-A877-9D29B26A7EC6 queued=nil active=A011283C-F556-4178-A877-9D29B26A7EC6 phase=choosing state=true swift=false native=false observed=false probes=[2F6A2BDC-43D3-4ADF-816A-FB6949ECF5D0] parent={ObjectIdentifier(0x0000000107f748b0):parent=nil:attached=nil:visible=true} sheet={nil}
SAVE-LIFECYCLE seq=20 uptime=2629175.84822375 event=probe.capture.window request=A011283C-F556-4178-A877-9D29B26A7EC6 ObjectIdentifier(0x00000008f0d39900):parent=nil:attached=nil:visible=false
SAVE-LIFECYCLE seq=21 uptime=2629175.8482288336 event=probe.capture.exit request=A011283C-F556-4178-A877-9D29B26A7EC6 workspace=ObjectIdentifier(0x00000008eec88000) claim=A011283C-F556-4178-A877-9D29B26A7EC6 presented=A011283C-F556-4178-A877-9D29B26A7EC6 queued=nil active=A011283C-F556-4178-A877-9D29B26A7EC6 phase=choosing state=true swift=false native=false observed=false probes=[2F6A2BDC-43D3-4ADF-816A-FB6949ECF5D0] parent={ObjectIdentifier(0x0000000107f748b0):parent=nil:attached=nil:visible=true} sheet={ObjectIdentifier(0x00000008f0d39900):parent=nil:attached=nil:visible=false}
