error: items after a test module
   --> crates/filters/src/gpu.rs:476:1
    |
476 |   mod resident_tests {
    |   ^^^^^^^^^^^^^^^^^^
...
647 | / fn encode_adjustment(
648 | |     a: &crate::adjust::Adjustment,
649 | |     source_statistics: Option<([f64; 3], [f64; 3])>,
650 | |     data: &mut Vec<f32>,
651 | | ) -> EngineResult<u32> {
    | |______________________^
...
786 |   fn curve_slopes(p: &[[f32; 2]]) -> Vec<f32> {
    |   ^^^^^^^^^^^^^^^^^^^^^^^^^^^^^^^^^^^^^^^^^^^
...
814 |   const RGB_TO_LMS: engine_api::color::ColorMatrix3 = engine_api::color::ColorMatrix3([
    |   ^^^^^^^^^^^^^^^^^^^^^^^^^^^^^^^^^^^^^^^^^^^^^^^^^
...
819 |   const LMS_TO_LAB: engine_api::color::ColorMatrix3 = engine_api::color::ColorMatrix3([
    |   ^^^^^^^^^^^^^^^^^^^^^^^^^^^^^^^^^^^^^^^^^^^^^^^^^
...
824 |   fn statistics(samples: impl Iterator<Item = [f32; 3]>) -> ([f64; 3], [f64; 3]) {
    |   ^^^^^^^^^^^^^^^^^^^^^^^^^^^^^^^^^^^^^^^^^^^^^^^^^^^^^^^^^^^^^^^^^^^^^^^^^^^^^^
    |
    = help: for further information visit https://rust-lang.github.io/rust-clippy/rust-1.98.0/index.html#items_after_test_module
    = note: `-D clippy::items-after-test-module` implied by `-D warnings`
    = help: to override `-D warnings` add `#[allow(clippy::items_after_test_module)]`
    = help: move the items to before the test module was defined

error: could not compile `filters` (lib test) due to 1 previous error
