 1:28  up 30 days, 21:27, 5 users, load averages: 41.99 22.44 21.96
    Finished `release` profile [optimized] target(s) in 0.09s
     Running tests/bench.rs (/Volumes/betterSSD/tessera-cache/target/M5-08/release/deps/bench-7d69129e3441e55c)

running 1 test
M5-08 adapter: Apple M4
cold full L0: 3390 pages uploaded
requested_specialization=false: first L0 484.51 ms (uploads; interpreter while the kernel compiles), kernel ready after 484.52 ms, compiled_pipelines=0
specialized=false viewport_3840x2160=false: min=202.284 median=202.616 max=204.551 ms, blocks=77976
L0 CPU gate specialized=false viewport=false: 0e0, worst (tile, planar sample, CPU, GPU)=None
cold 3840x2160 L0 viewport: 228.96 ms, 1390 pages uploaded, 32400 blocks
specialized=false viewport_3840x2160=true: min=83.879 median=84.254 max=93.241 ms, blocks=32400
L0 CPU gate specialized=false viewport=true: 0e0, worst (tile, planar sample, CPU, GPU)=None
cold full L0: 3390 pages uploaded
requested_specialization=true: first L0 421.20 ms (uploads; interpreter while the kernel compiles), kernel ready after 421.20 ms, compiled_pipelines=1
specialized=true viewport_3840x2160=false: min=91.934 median=92.124 max=92.658 ms, blocks=77976
L0 CPU gate specialized=true viewport=false: 0e0, worst (tile, planar sample, CPU, GPU)=None
cold 3840x2160 L0 viewport: 188.33 ms, 1390 pages uploaded, 32400 blocks
specialized=true viewport_3840x2160=true: min=37.387 median=37.773 max=39.941 ms, blocks=32400
L0 CPU gate specialized=true viewport=true: 0e0, worst (tile, planar sample, CPU, GPU)=None

thread 'm5_08_structure_and_viewport' (78512880) panicked at crates/compositor/tests/bench.rs:120:5:
performance viewport=true: 37.772667000000006 ms
note: run with `RUST_BACKTRACE=1` environment variable to display a backtrace
test m5_08_structure_and_viewport ... FAILED

failures:

failures:
    m5_08_structure_and_viewport

test result: FAILED. 0 passed; 1 failed; 0 ignored; 0 measured; 4 filtered out; finished in 12.12s

error: test failed, to rerun pass `-p compositor --test bench`
