text-selftest: waiting for a document
doc-frame: epoch 0 L1 2736×1824 render 21.83 ms
text-latency: 46.26 ms epoch 1
doc-frame: epoch 1 L1 2736×1824 render 45.73 ms full
text-latency: 65.76 ms epoch 2
doc-frame: epoch 2 L1 2736×1824 render 63.29 ms full
text-latency: 89.64 ms epoch 3
doc-frame: epoch 3 L1 2736×1824 render 85.57 ms full
text-latency: 107.23 ms epoch 4
doc-frame: epoch 4 L1 2736×1824 render 102.73 ms full
text-latency: 134.28 ms epoch 5
doc-frame: epoch 5 L1 2736×1824 render 129.50 ms full
text-latency: 399.95 ms epoch 6
doc-frame: epoch 6 L1 2736×1824 render 151.61 ms full
text-latency: 452.30 ms epoch 7
doc-frame: epoch 7 L1 2736×1824 render 169.64 ms full
text-latency: 497.20 ms epoch 8
doc-frame: epoch 8 L1 2736×1824 render 209.21 ms full
text-latency: 534.47 ms epoch 9
doc-frame: epoch 9 L1 2736×1824 render 215.05 ms full
text-latency: 574.76 ms epoch 10
doc-frame: epoch 10 L1 2736×1824 render 234.40 ms full
text-latency: 623.33 ms epoch 11
doc-frame: epoch 11 L1 2736×1824 render 257.86 ms full
text-latency: 670.78 ms epoch 12
doc-frame: epoch 12 L1 2736×1824 render 281.17 ms full
text-latency: 718.95 ms epoch 13
doc-frame: epoch 13 L1 2736×1824 render 305.22 ms full
text-latency: 765.93 ms epoch 14
doc-frame: epoch 14 L1 2736×1824 render 329.71 ms full
text-latency: 791.58 ms epoch 15
doc-frame: epoch 15 L1 2736×1824 render 351.55 ms full
text-latency: 812.96 ms epoch 16
doc-frame: epoch 16 L1 2736×1824 render 356.12 ms full
text-latency: 864.89 ms epoch 17
doc-frame: epoch 17 L1 2736×1824 render 376.04 ms full
text-latency: 909.57 ms epoch 18
doc-frame: epoch 18 L1 2736×1824 render 406.34 ms full
text-latency: 942.30 ms epoch 19
doc-frame: epoch 19 L1 2736×1824 render 449.45 ms full
text-latency: 983.21 ms epoch 20
doc-frame: epoch 20 L1 2736×1824 render 439.86 ms full
text-latency: 1030.99 ms epoch 21
doc-frame: epoch 21 L1 2736×1824 render 460.86 ms full
text-latency: 1072.34 ms epoch 22
doc-frame: epoch 22 L1 2736×1824 render 485.72 ms full
text-latency: 1129.85 ms epoch 23
doc-frame: epoch 23 L1 2736×1824 render 509.71 ms full
text-latency: 1182.26 ms epoch 24
doc-frame: epoch 24 L1 2736×1824 render 542.87 ms full
text-latency: 1222.14 ms epoch 25
doc-frame: epoch 25 L1 2736×1824 render 557.16 ms full
text-latency: 1271.93 ms epoch 26
doc-frame: epoch 26 L1 2736×1824 render 582.79 ms full
text-latency: 1326.58 ms epoch 27
doc-frame: epoch 27 L1 2736×1824 render 609.22 ms full
text-latency: 1389.77 ms epoch 28
doc-frame: epoch 28 L1 2736×1824 render 634.83 ms full
text-latency: 1440.27 ms epoch 29
doc-frame: epoch 29 L1 2736×1824 render 669.23 ms full
text-latency: 1465.63 ms epoch 30
doc-frame: epoch 30 L1 2736×1824 render 685.91 ms full
text-latency: 1488.94 ms epoch 31
doc-frame: epoch 31 L1 2736×1824 render 701.45 ms full
text-latency: 1535.57 ms epoch 32
doc-frame: epoch 32 L1 2736×1824 render 704.47 ms full
text-latency: 1586.92 ms epoch 33
doc-frame: epoch 33 L1 2736×1824 render 746.73 ms full
text-latency: 1608.13 ms epoch 34
doc-frame: epoch 34 L1 2736×1824 render 753.58 ms full
text-latency: 1643.20 ms epoch 35
doc-frame: epoch 35 L1 2736×1824 render 772.02 ms full
text-latency: 1706.01 ms epoch 36
doc-frame: epoch 36 L1 2736×1824 render 787.53 ms full
text-latency: 1756.42 ms epoch 37
doc-frame: epoch 37 L1 2736×1824 render 832.41 ms full
text-latency: 1797.31 ms epoch 38
doc-frame: epoch 38 L1 2736×1824 render 838.88 ms full
text-latency: 1844.34 ms epoch 39
doc-frame: epoch 39 L1 2736×1824 render 873.64 ms full
text-latency: 1884.00 ms epoch 40
doc-frame: epoch 40 L1 2736×1824 render 885.06 ms full
text-latency: 1930.61 ms epoch 41
doc-frame: epoch 41 L1 2736×1824 render 915.21 ms full
text-latency: 1980.00 ms epoch 42
doc-frame: epoch 42 L1 2736×1824 render 928.74 ms full
text-latency: 1156.12 ms epoch 43
doc-frame: epoch 43 L1 2736×1824 render 1155.49 ms full
text-selftest: latency fit: Type: median 1072.3 ms · p95 1884.0 ms (43 keys) (typing 25.4 s)
doc-frame: epoch 45 L1 2736×1824 render 9.87 ms
text-selftest: done, 0 failure(s)
