<unknown>:0: error: fatal error encountered during compilation; please submit a bug report (https://swift.org/contributing/#reporting-bugs)
<unknown>:0: note: SmallVector unable to grow. Requested capacity (4294967297) is larger than maximum value for size type (4294967295)
Please submit a bug report (https://swift.org/contributing/#reporting-bugs) and include the crash backtrace.
Stack dump:
0.	Program arguments: /Applications/Xcode.app/Contents/Developer/Toolchains/XcodeDefault.xctoolchain/usr/bin/swift-frontend -frontend -emit-ir -primary-file /tmp/tessera-checkbox-ir-repro.swift -target arm64-apple-macosx15.0 -Xllvm -aarch64-use-tbi -enable-objc-interop -stack-check -sdk /Applications/Xcode.app/Contents/Developer/Platforms/MacOSX.platform/Developer/SDKs/MacOSX26.5.sdk -no-color-diagnostics -Xcc -fno-color-diagnostics -warnings-as-errors -swift-version 6 -O -new-driver-path /Applications/Xcode.app/Contents/Developer/Toolchains/XcodeDefault.xctoolchain/usr/bin/swift-driver -empty-abi-descriptor -no-auto-bridging-header-chaining -module-name main -disable-clang-spi -target-sdk-version 26.5 -target-sdk-name macosx26.5 -external-plugin-path /Applications/Xcode.app/Contents/Developer/Platforms/MacOSX.platform/Developer/usr/lib/swift/host/plugins#/Applications/Xcode.app/Contents/Developer/Platforms/MacOSX.platform/Developer/usr/bin/swift-plugin-server -external-plugin-path /Applications/Xcode.app/Contents/Developer/Platforms/MacOSX.platform/Developer/usr/local/lib/swift/host/plugins#/Applications/Xcode.app/Contents/Developer/Platforms/MacOSX.platform/Developer/usr/bin/swift-plugin-server -in-process-plugin-server-path /Applications/Xcode.app/Contents/Developer/Toolchains/XcodeDefault.xctoolchain/usr/lib/swift/host/libSwiftInProcPluginServer.dylib -plugin-path /Applications/Xcode.app/Contents/Developer/Toolchains/XcodeDefault.xctoolchain/usr/lib/swift/host/plugins -plugin-path /Applications/Xcode.app/Contents/Developer/Toolchains/XcodeDefault.xctoolchain/usr/local/lib/swift/host/plugins -enable-default-cmo -o /tmp/tessera-checkbox-ir-repro-macos15.ll
1.	Apple Swift version 6.3.3 (swiftlang-6.3.3.1.3 clang-2100.1.1.101)
2.	Compiling with the current language version
3.	While evaluating request IRGenRequest(IR Generation for file "/tmp/tessera-checkbox-ir-repro.swift")
4.	While emitting IR SIL function "@$sSbScA_pSgIeAghyg_SbIeAghn_TR".
 for <<debugloc at "<compiler-generated>":0:0>>Stack dump without symbol names (ensure you have llvm-symbolizer in your PATH or set the environment var `LLVM_SYMBOLIZER_PATH` to point to it):
0  swift-frontend           0x0000000106c6d08c llvm::sys::PrintStackTrace(llvm::raw_ostream&, int) + 56
1  swift-frontend           0x0000000106c6a52c llvm::sys::RunSignalHandlers() + 172
2  swift-frontend           0x0000000106c6d67c SignalHandler(int, __siginfo*, void*) + 356
3  libsystem_platform.dylib 0x000000018e8cd744 _sigtramp + 56
4  libsystem_pthread.dylib  0x000000018e8c38d8 pthread_kill + 296
5  libsystem_c.dylib        0x000000018e7c9978 abort + 148
6  swift-frontend           0x0000000100bd4ff4 swift::DiagnosticHelper::~DiagnosticHelper() + 0
7  swift-frontend           0x0000000106bd91a0 llvm::report_fatal_error(llvm::Twine const&, bool) + 292
8  swift-frontend           0x0000000106c10828 report_at_maximum_capacity(unsigned long) + 0
9  swift-frontend           0x0000000106c10538 llvm::SmallVectorBase<unsigned int>::grow_pod(void*, unsigned long, unsigned long) + 384
10 swift-frontend           0x0000000100c6ee8c (anonymous namespace)::SyncCallEmission::setArgs(swift::irgen::Explosion&, bool, swift::irgen::WitnessMetadata*) + 688
11 swift-frontend           0x0000000100e998bc (anonymous namespace)::IRGenSILFunction::visitFullApplySite(swift::FullApplySite) + 5196
12 swift-frontend           0x0000000100e729b0 (anonymous namespace)::IRGenSILFunction::visitSILBasicBlock(swift::SILBasicBlock*) + 3540
13 swift-frontend           0x0000000100e707b8 (anonymous namespace)::IRGenSILFunction::emitSILFunction() + 11648
14 swift-frontend           0x0000000100e6d73c swift::irgen::IRGenModule::emitSILFunction(swift::SILFunction*) + 2860
15 swift-frontend           0x0000000100cbbd80 swift::irgen::IRGenerator::emitLazyDefinitions() + 5520
16 swift-frontend           0x0000000100e24838 swift::IRGenRequest::evaluate(swift::Evaluator&, swift::IRGenDescriptor) const + 5000
17 swift-frontend           0x0000000100e6c460 swift::SimpleRequest<swift::IRGenRequest, swift::GeneratedModule (swift::IRGenDescriptor), (swift::RequestFlags)17>::evaluateRequest(swift::IRGenRequest const&, swift::Evaluator&) + 236
18 swift-frontend           0x000000010077e2ac swift::IRGenRequest::OutputType swift::Evaluator::getResultUncached<swift::IRGenRequest, swift::IRGenRequest::OutputType swift::evaluateOrFatal<swift::IRGenRequest>(swift::Evaluator&, swift::IRGenRequest)::'lambda'()>(swift::IRGenRequest const&, swift::IRGenRequest::OutputType swift::evaluateOrFatal<swift::IRGenRequest>(swift::Evaluator&, swift::IRGenRequest)::'lambda'()) + 348
19 swift-frontend           0x0000000100e283e8 swift::performIRGeneration(swift::FileUnit*, swift::IRGenOptions const&, swift::TBDGenOptions const&, std::__1::unique_ptr<swift::SILModule, std::__1::default_delete<swift::SILModule>>, llvm::StringRef, swift::PrimarySpecificPaths const&, std::__1::shared_ptr<llvm::cas::ObjectStore>, llvm::StringRef, llvm::GlobalVariable**, swift::cas::SwiftCASOutputBackend*) + 224
20 swift-frontend           0x00000001007de468 generateIR(swift::IRGenOptions const&, swift::TBDGenOptions const&, std::__1::unique_ptr<swift::SILModule, std::__1::default_delete<swift::SILModule>>, swift::PrimarySpecificPaths const&, std::__1::shared_ptr<llvm::cas::ObjectStore>, swift::cas::SwiftCASOutputBackend*, llvm::StringRef, llvm::PointerUnion<swift::ModuleDecl*, swift::SourceFile*>, llvm::GlobalVariable*&, llvm::ArrayRef<std::__1::basic_string<char, std::__1::char_traits<char>, std::__1::allocator<char>>>, llvm::ArrayRef<std::__1::basic_string<char, std::__1::char_traits<char>, std::__1::allocator<char>>>) + 172
21 swift-frontend           0x00000001007d797c performCompileStepsPostSILGen(swift::CompilerInstance&, std::__1::unique_ptr<swift::SILModule, std::__1::default_delete<swift::SILModule>>, llvm::PointerUnion<swift::ModuleDecl*, swift::SourceFile*>, swift::PrimarySpecificPaths const&, int&, swift::FrontendObserver*, llvm::ArrayRef<char const*>) + 2292
22 swift-frontend           0x00000001007d6118 swift::performCompileStepsPostSema(swift::CompilerInstance&, int&, swift::FrontendObserver*, llvm::ArrayRef<char const*>) + 1052
23 swift-frontend           0x00000001007dbab0 performCompile(swift::CompilerInstance&, int&, swift::FrontendObserver*, llvm::ArrayRef<char const*>) + 1740
24 swift-frontend           0x00000001007d8818 swift::performFrontend(llvm::ArrayRef<char const*>, char const*, void*, swift::FrontendObserver*) + 3308
25 swift-frontend           0x0000000100758424 swift::mainEntry(int, char const**) + 5224
26 dyld                     0x000000018e4f84e4 start + 6992
