=== red-import ===
     Running tests/legacy_ca_lr7b.rs (/Users/rutmehta/.cache/tessera-target/LR-7-upright/debug/deps/legacy_ca_lr7b-28c8fcd0f64021dc)

running 2 tests
test absent_legacy_ca_fields_stay_absent ... ok
test each_legacy_ca_field_round_trips_independently ... FAILED

failures:

---- each_legacy_ca_field_round_trips_independently stdout ----

thread 'each_legacy_ca_field_round_trips_independently' (53553372) panicked at crates/engine-api/tests/legacy_ca_lr7b.rs:12:13:
assertion `left == right` failed: legacy_ca_red
  left: Null
 right: Number(-100.0)
note: run with `RUST_BACKTRACE=1` environment variable to display a backtrace


failures:
    each_legacy_ca_field_round_trips_independently

test result: FAILED. 1 passed; 1 failed; 0 ignored; 0 measured; 0 filtered out; finished in 0.00s

error: test failed, to rerun pass `-p engine-api --test legacy_ca_lr7b`

=== red-import2 ===
     Running tests/legacy_ca_lr7b.rs (/Users/rutmehta/.cache/tessera-target/LR-7-upright/debug/deps/legacy_ca_lr7b-8cbb3d688b89d888)

running 3 tests
test legacy_ca_lua_and_xmp_translate_independently ... FAILED
test cloud_wording_is_verbatim ... ok
test invalid_legacy_ca_is_retained ... ok

failures:

---- legacy_ca_lua_and_xmp_translate_independently stdout ----

thread 'legacy_ca_lua_and_xmp_translate_independently' (53577548) panicked at crates/import-lrcat/tests/legacy_ca_lr7b.rs:19:17:
assertion `left == right` failed: ChromaticAberrationR: ["crs:ChromaticAberrationR: unsupported: crs:ChromaticAberrationR cannot be translated losslessly; source preserved per property", "legacy Adobe PV1/2: best-effort translation; rendering fidelity is not guaranteed"]
  left: None
 right: Some(-100.0)
note: run with `RUST_BACKTRACE=1` environment variable to display a backtrace


failures:
    legacy_ca_lua_and_xmp_translate_independently

test result: FAILED. 2 passed; 1 failed; 0 ignored; 0 measured; 0 filtered out; finished in 0.01s

error: test failed, to rerun pass `-p import-lrcat --test legacy_ca_lr7b`

=== red-matrix ===
     Running tests/translation_matrix.rs (/Users/rutmehta/.cache/tessera-target/LR-7-upright/debug/deps/translation_matrix-b58196a35bc77828)

running 2 tests
test matrix_guard_rejects_a_retained_key_claimed_as_translated ... ok
test translation_matrix_matches_synthetic_import ... FAILED

failures:

---- translation_matrix_matches_synthetic_import stdout ----

thread 'translation_matrix_matches_synthetic_import' (53594375) panicked at crates/import-lrcat/tests/translation_matrix.rs:89:44:
called `Result::unwrap()` on an `Err` value: "ChromaticAberrationB: translated key has retained diagnostics: [\"crs:ChromaticAberrationB: unsupported: crs:ChromaticAberrationB cannot be translated losslessly; source preserved per property\"]"
note: run with `RUST_BACKTRACE=1` environment variable to display a backtrace


failures:
    translation_matrix_matches_synthetic_import

test result: FAILED. 1 passed; 1 failed; 0 ignored; 0 measured; 0 filtered out; finished in 0.00s

error: test failed, to rerun pass `-p import-lrcat --test translation_matrix`

=== red-cpu ===
     Running unittests src/lib.rs (/Users/rutmehta/.cache/tessera-target/LR-7-upright/debug/deps/pipeline_cpu-d532e7860f51a327)

running 1 test
LR-7b radial error 0.01060665; tolerance 0.0005

thread 'optics::legacy_ca_lr7b::recipe_ca_renders_radial_target_independent_planes' (53560768) panicked at crates/pipeline-cpu/src/optics.rs:343:13:
0.010606649672546098
note: run with `RUST_BACKTRACE=1` environment variable to display a backtrace
test optics::legacy_ca_lr7b::recipe_ca_renders_radial_target_independent_planes ... FAILED

failures:

failures:
    optics::legacy_ca_lr7b::recipe_ca_renders_radial_target_independent_planes

test result: FAILED. 0 passed; 1 failed; 0 ignored; 0 measured; 53 filtered out; finished in 0.02s

error: test failed, to rerun pass `-p pipeline-cpu --lib`

=== red-render ===
     Running tests/legacy_ca_lr7b.rs (/Users/rutmehta/.cache/tessera-target/LR-7-upright/debug/deps/legacy_ca_lr7b-72fee97f11d3da54)

running 1 test
test synthetic_catalog_ca_reaches_cpu_render ... FAILED

failures:

---- synthetic_catalog_ca_reaches_cpu_render stdout ----

thread 'synthetic_catalog_ca_reaches_cpu_render' (53594299) panicked at crates/tessera-ffi/tests/legacy_ca_lr7b.rs:18:10:
catalog coefficients must translate
note: run with `RUST_BACKTRACE=1` environment variable to display a backtrace


failures:
    synthetic_catalog_ca_reaches_cpu_render

test result: FAILED. 0 passed; 1 failed; 0 ignored; 0 measured; 0 filtered out; finished in 3.84s

error: test failed, to rerun pass `-p tessera-ffi --test legacy_ca_lr7b`

=== green-gates-final ===
     Running unittests src/lib.rs (/Users/rutmehta/.cache/tessera-target/LR-7-upright/debug/deps/engine_api-db5760a1d7eb4376)

running 63 tests
test action::tests::registry_matches_tool_enums ... ok
test color::tests::adaptation_maps_white_to_white ... ok
test color::tests::icc_handle_is_content_addressed ... ok
test color::tests::illuminant_exif_codes ... ok
test color::tests::inverse_round_trips ... ok
test color::tests::rec2020_to_xyz_matches_reference ... ok
test color::tests::working_space_conversion_preserves_white ... ok
test action::tests::descriptor_form_is_stable ... ok
test document::tests::blend_mode_names_are_stable ... ok
test document::tests::adjustment_minimal_json_is_neutral ... ok
test document::tests::history_is_append_only_and_branches ... ok
test error::tests::display_is_human_readable ... ok
test document::tests::value_types_round_trip ... ok
test error::tests::serializes_with_code_tag ... ok
test id::tests::digest_hex_round_trip ... ok
test id::tests::document_ids_are_transparent ... ok
test id::tests::numeric_ids_are_transparent ... ok
test id::tests::image_id_round_trip ... ok
test jobs::tests::priority_order ... ok
test jobs::tests::cancellation_propagates_down_not_up ... ok
test recipe::crs::tests::enhance_keys_are_informational_aux ... ok
test jobs::tests::scheduler_runs_and_honours_cancellation ... ok
test action::tests::registry_effects_match_call_predicates ... ok
test recipe::crs::tests::ranges ... ok
test recipe::crs::tests::names_unique_and_round_trip ... ok
test recipe::crs::tests::every_target_path_exists_in_the_recipe_schema ... ok
test recipe::history::tests::diff_apply_round_trip ... ok
test recipe::selection::tests::invariant_is_kept ... ok
test recipe::selection::tests::grade_serializes_as_number ... ok
test recipe::settings::tests::empty_object_is_default ... ok
test recipe::settings::tests::schema_1_profile_ids_migrate ... ok
test recipe::history::tests::replay_matches_recorded_states ... ok
test recipe::tests::empty_and_partial_documents_load ... ok
test recipe::settings::tests::chain_changes_downstream_only ... ok
test recipe::tests::hash_is_stable_across_releases ... ok
test recipe::tests::ids_are_never_reused ... ok
test recipe::tests::native_exports_as_best_effort_pv6_with_companion ... ok
test recipe::tests::newer_schema_is_read_only ... ok
test recipe::tests::schema_1_documents_migrate_on_load ... ok
test recipe::tests::json_round_trip ... ok
test recipe::tests::hash_covers_render_state_only ... ok
test recipe::tests::stage_chain_seeded_by_process ... ok
test recipe::tests::undo_redo_branch_and_snapshots ... ok
test stage::tests::canonical_json_is_order_independent ... ok
test stage::tests::memo_key_digest_distinguishes_fields ... ok
test stage::tests::node_parts_are_stable ... ok
test stage::tests::node_memo_key_digest_distinguishes_fields ... ok
test stage::tests::param_hash_is_stage_scoped_and_chained ... ok
test stage::tests::stage_order_is_fixed ... ok
test tile::tests::coord_parent_children ... ok
test tile::tests::copy_on_write ... ok
test tile::tests::extent_levels ... ok
test tile::tests::format_checks ... ok
test tile::tests::halo_indexing ... ok
test tile::tests::premultiplied_flag ... ok
test tile::tests::pyramid_deeper_levels ... ok
test tile::tests::pyramid_defaults ... ok
test tools::tests::document_call_wire_form ... ok
test tools::tests::document_envelopes ... ok
test tools::tests::every_call_round_trips_and_is_tagged_by_name ... ok
test tools::tests::every_document_call_round_trips_and_is_tagged_by_name ... ok
test tools::tests::minimal_json_uses_defaults ... ok
test tools::tests::request_and_response_envelopes ... ok

test result: ok. 63 passed; 0 failed; 0 ignored; 0 measured; 0 filtered out; finished in 0.03s

     Running tests/channels.rs (/Users/rutmehta/.cache/tessera-target/LR-7-upright/debug/deps/channels-7cd74795866514b5)

running 4 tests
test channel_edit_returns_allocated_identity_and_reads_old_outputs ... ok
test channel_value_schema_fixtures ... ok
test ordered_channels_survive_summary_round_trip ... ok
test channel_calls_use_history_envelope_and_action_registry ... ok

test result: ok. 4 passed; 0 failed; 0 ignored; 0 measured; 0 filtered out; finished in 0.00s

     Running tests/document_filters.rs (/Users/rutmehta/.cache/tessera-target/LR-7-upright/debug/deps/document_filters-92c0872843c73ad7)

running 1 test
test filter_calls_are_document_actions_with_default_destructive_mode ... ok

test result: ok. 1 passed; 0 failed; 0 ignored; 0 measured; 0 filtered out; finished in 0.01s

     Running tests/legacy_ca_lr7b.rs (/Users/rutmehta/.cache/tessera-target/LR-7-upright/debug/deps/legacy_ca_lr7b-7811abd64243a0f6)

running 2 tests
test absent_legacy_ca_fields_stay_absent ... ok
test each_legacy_ca_field_round_trips_independently ... ok

test result: ok. 2 passed; 0 failed; 0 ignored; 0 measured; 0 filtered out; finished in 0.00s

     Running tests/library_calls.rs (/Users/rutmehta/.cache/tessera-target/LR-7-upright/debug/deps/library_calls-1b4e40790315caa0)

running 2 tests
test unconfirm_and_clear_name_are_explicit ... ok
test library_calls_round_trip_and_register ... ok

test result: ok. 2 passed; 0 failed; 0 ignored; 0 measured; 0 filtered out; finished in 0.01s

     Running tests/m532_channels.rs (/Users/rutmehta/.cache/tessera-target/LR-7-upright/debug/deps/m532_channels-a8a88d8243521095)

running 1 test
test explicit_alpha_display_and_channel_destination_are_additive ... ok

test result: ok. 1 passed; 0 failed; 0 ignored; 0 measured; 0 filtered out; finished in 0.00s

     Running tests/people.rs (/Users/rutmehta/.cache/tessera-target/LR-7-upright/debug/deps/people-2243d598fa075eca)

running 2 tests
test missing_people_options_are_safe ... ok
test people_schema_fixtures ... ok

test result: ok. 2 passed; 0 failed; 0 ignored; 0 measured; 0 filtered out; finished in 0.00s

     Running tests/pinned_raw.rs (/Users/rutmehta/.cache/tessera-target/LR-7-upright/debug/deps/pinned_raw-77b5e160b919abd1)

running 20 tests
test current_nondefault_settings_determine_recipe_hash_and_input_identity ... ok
test declarations_length_and_canonical_suffix_participate_in_identity ... ok
test distinct_recipe_owners_have_distinct_descriptors ... ok
test duplicate_nested_key_is_rejected ... ok
test descriptor_wire_and_current_headers_fail_closed ... ok
test default_settings_object_and_non_object_controls ... ok
test exact_metadata_and_payload_identity_are_preserved ... ok
test exact_recipe_bytes_include_whitespace_in_input_identity ... ok
test explicit_schema_and_owner_are_required ... ok
test negative_and_nested_array_float_overflow_reject ... ok
test locator_does_not_affect_identity_but_asset_and_owner_do ... ok
test nested_unknowns_and_extreme_numbers_reject ... ok
test opaque_history_does_not_override_current_settings_and_enum_extensions_reject ... ok
test flattened_mask_arrays_and_nested_model_fields_are_checked ... ok
test outer_descriptor_duplicate_is_rejected_recursively ... ok
test profile_legacy_and_canonical_forms_are_supported_but_extensions_reject ... ok
test roundtrip_preserves_exact_recipe_and_identity ... ok
test zero_length_bad_suffix_and_duplicate_keys_reject ... ok
test suffix_normalizes_and_recipe_history_is_opaque ... ok
test raw_snapshot_headers_and_default_geometry_are_required ... ok

test result: ok. 20 passed; 0 failed; 0 ignored; 0 measured; 0 filtered out; finished in 0.06s

     Running tests/source_kind.rs (/Users/rutmehta/.cache/tessera-target/LR-7-upright/debug/deps/source_kind-aaac50a6f6ac6d82)

running 3 tests
test source_kind_schema_and_invalid_values ... ok
test source_kind_separates_render_caches ... ok
test legacy_source_kind_is_promoted_and_normalized ... ok

test result: ok. 3 passed; 0 failed; 0 ignored; 0 measured; 0 filtered out; finished in 0.02s

     Running tests/text_vector.rs (/Users/rutmehta/.cache/tessera-target/LR-7-upright/debug/deps/text_vector-47a6966826dfeb62)

running 2 tests
test legacy_layer_summary_defaults_editable_metadata ... ok
test editable_commands_are_registered_and_replayable ... ok

test result: ok. 2 passed; 0 failed; 0 ignored; 0 measured; 0 filtered out; finished in 0.01s

     Running unittests src/lib.rs (/Users/rutmehta/.cache/tessera-target/LR-7-upright/debug/deps/import_lrcat-1fb7a50d944f6ac1)

running 20 tests
test lua::tests::parses_rule ... ok
test lua::tests::rejects_excessive_nesting_and_truncation_without_panicking ... ok
test lua::tests::parses_nested_lightroom_data ... ok
test lua::tests::scalar_forms_preserve_types ... ok
test previews::tests::container_round_trip_and_truncation ... ok
test previews::tests::jpeg_header_parsing ... ok
test lua::tests::rejects_malformed_or_executable_input ... ok
test report_tests::lrcat_report_groups_all_but_unedited_and_duplicate_ids ... ok
test xmp::tests::duplicate_properties_preserve_the_superseded_value ... ok
test xmp::tests::curves_and_unsupported_payloads_are_not_dropped ... ok
test xmp::tests::foreign_namespace_and_opaque_structures_are_retained_not_applied ... ok
test xmp::tests::malformed_duplicate_does_not_erase_previous_valid_choice ... ok
test xmp::tests::mask_groups_translate_supported_geometry_and_retain_source ... ok
test xmp::tests::invalid_scalars_and_curves_are_preserved_without_poisoning_settings ... ok
test xmp::tests::process_versions_and_legacy_warning ... ok
test xmp::tests::scalar_attributes_use_mappings_and_history ... ok
test xmp::tests::shared_codec_imports_namespaced_profiles_aux_and_lens_blur ... ok
test xmp::tests::unsupported_mask_prevents_partial_group_application ... ok
test xmp::tests::catalog_version_fallback_disagreement_and_native_hash ... ok
test xmp::tests::native_structures_and_renamed_namespaces_use_shared_codec ... ok

test result: ok. 20 passed; 0 failed; 0 ignored; 0 measured; 0 filtered out; finished in 0.21s

     Running tests/followups.rs (/Users/rutmehta/.cache/tessera-target/LR-7-upright/debug/deps/followups-6696e98dccf6664b)

running 16 tests
test duplicate_reports_follow_image_id_order_not_sqlite_row_order ... ok
test develop_rows_are_ordered_and_orphans_and_null_ids_do_not_block ... ok
test bad_develop_rows_degrade_to_unedited_with_source_retained ... ok
test identity_master_with_edited_channel_still_warns ... ok
test lua_rows_retain_only_unknown_key_source ... ok
test numeric_and_string_unknown_keys_cannot_collide ... ok
test every_unedited_image_is_individually_reported ... ok
test extended_tone_curves_are_one_named_limitation ... ok
test oversized_cells_are_not_loaded ... ok
test pending_sources_are_exact_even_when_inactive_or_identity ... ok
test oversized_history_is_omitted_explicitly_and_null_stays_null ... ok
test upright_counts_are_ordinary_crs_properties ... ok
test xmp_extended_identity_is_silent_and_edits_use_named_limitation ... ok
test xmp_source_fragments_preserve_attribute_spelling ... ok
test report_entries_are_grouped_per_message ... ok
test retained_source_shapes_and_unedited_reasons_are_distinct ... ok

test result: ok. 16 passed; 0 failed; 0 ignored; 0 measured; 0 filtered out; finished in 14.50s

     Running tests/golden.rs (/Users/rutmehta/.cache/tessera-target/LR-7-upright/debug/deps/golden-613640213e577775)

running 2 tests
test synthetic_catalog_output_including_retained_source ... ok
test streaming_matches_import_and_plan_json_is_byte_identical ... ok

test result: ok. 2 passed; 0 failed; 0 ignored; 0 measured; 0 filtered out; finished in 7.79s

     Running tests/import.rs (/Users/rutmehta/.cache/tessera-target/LR-7-upright/debug/deps/import-d20ef7d304c610e4)

running 5 tests
test committed_wal_and_lock_are_copied_without_touching_source ... ok
test extra_columns_and_empty_folders_are_supported ... ok
test missing_table_is_a_named_engine_error ... ok
test all_selection_mappings_and_reject_precedence ... ok
test synthetic_catalog_plan ... ok

test result: ok. 5 passed; 0 failed; 0 ignored; 0 measured; 0 filtered out; finished in 0.39s

     Running tests/legacy_ca_lr7b.rs (/Users/rutmehta/.cache/tessera-target/LR-7-upright/debug/deps/legacy_ca_lr7b-5431f6df16257b08)

running 3 tests
test cloud_wording_is_verbatim ... ok
test invalid_legacy_ca_is_retained ... ok
test legacy_ca_lua_and_xmp_translate_independently ... ok

test result: ok. 3 passed; 0 failed; 0 ignored; 0 measured; 0 filtered out; finished in 0.06s

     Running tests/lua_develop.rs (/Users/rutmehta/.cache/tessera-target/LR-7-upright/debug/deps/lua_develop-f9d0763220b935fb)

running 10 tests
test deep_nesting_is_rejected_without_overflowing_the_stack ... ok
test lua_escapes_decode ... ok
test malformed_literals_are_decode_errors_naming_the_image ... ok
test format_is_detected_by_the_first_token ... ok
test mapping_table_is_one_to_one_and_covers_every_crs_key ... ok
test structured_values_map_like_their_xmp_form ... ok
test the_same_edit_as_xmp_and_as_lua_yields_an_identical_recipe ... ok
test unknown_keys_are_reported_and_the_source_is_retained ... ok
test oversized_input_is_rejected_before_parsing ... ok
test catalog_with_lua_develop_rows_imports ... ok

test result: ok. 10 passed; 0 failed; 0 ignored; 0 measured; 0 filtered out; finished in 3.51s

     Running tests/make_fixture.rs (/Users/rutmehta/.cache/tessera-target/LR-7-upright/debug/deps/make_fixture-5d79a2246b626706)

running 0 tests

test result: ok. 0 passed; 0 failed; 0 ignored; 0 measured; 0 filtered out; finished in 0.00s

     Running tests/oversized_memory.rs (/Users/rutmehta/.cache/tessera-target/LR-7-upright/debug/deps/oversized_memory-1bb9b4f7ccb71b99)

running 1 test
test oversized_sqlite_cells_are_streamed_without_full_cell_allocations ... ok

test result: ok. 1 passed; 0 failed; 0 ignored; 0 measured; 0 filtered out; finished in 3.59s

     Running tests/real_catalog_shapes.rs (/Users/rutmehta/.cache/tessera-target/LR-7-upright/debug/deps/real_catalog_shapes-90a4b93b75976fe8)

running 6 tests
test second_unnamed_root_keyword_is_reported ... ok
test collection_rows_with_missing_or_unknown_fields_degrade ... ok
test empty_develop_row_imports_as_unedited ... ok
test unnamed_non_root_keyword_is_skipped_with_a_diagnostic ... ok
test unnamed_root_keyword_is_the_tree_root ... ok
test untranslatable_smart_collection_is_reported_not_fatal ... ok

test result: ok. 6 passed; 0 failed; 0 ignored; 0 measured; 0 filtered out; finished in 17.70s

     Running tests/scale.rs (/Users/rutmehta/.cache/tessera-target/LR-7-upright/debug/deps/scale-7ba9ed193f6063b0)

running 1 test
test streaming_import_memory_is_flat_and_time_bounded ... ignored, timing and allocation bounds are for release builds

test result: ok. 0 passed; 0 failed; 1 ignored; 0 measured; 0 filtered out; finished in 0.00s

     Running tests/smart_rating.rs (/Users/rutmehta/.cache/tessera-target/LR-7-upright/debug/deps/smart_rating-b9984998a6dcbc10)

running 1 test
test all_star_thresholds_operators_ranges_and_flags ... ok

test result: ok. 1 passed; 0 failed; 0 ignored; 0 measured; 0 filtered out; finished in 0.40s

     Running tests/translation_matrix.rs (/Users/rutmehta/.cache/tessera-target/LR-7-upright/debug/deps/translation_matrix-312b626ec469244c)

running 2 tests
test matrix_guard_rejects_a_retained_key_claimed_as_translated ... ok
test translation_matrix_matches_synthetic_import ... ok

test result: ok. 2 passed; 0 failed; 0 ignored; 0 measured; 0 filtered out; finished in 0.03s

     Running tests/upright_lr7.rs (/Users/rutmehta/.cache/tessera-target/LR-7-upright/debug/deps/upright_lr7-611064a5008065f5)

running 5 tests
test cloud_only_and_invalid_geometry_explain_missing_rendering ... ok
test inactive_and_malformed_matrices_stay_exact ... ok
test guided_segments_translate_atomically ... ok
test xmp_solved_upright_uses_same_mapping ... ok
test solved_upright_is_translated_and_removed_from_pending_source ... ok

test result: ok. 5 passed; 0 failed; 0 ignored; 0 measured; 0 filtered out; finished in 0.05s

     Running tests/upright_lr7_compat.rs (/Users/rutmehta/.cache/tessera-target/LR-7-upright/debug/deps/upright_lr7_compat-7bd7a012208570d3)

running 1 test
test unrelated_recipe_bytes_remain_identical ... ok

test result: ok. 1 passed; 0 failed; 0 ignored; 0 measured; 0 filtered out; finished in 0.07s

     Running unittests src/lib.rs (/Users/rutmehta/.cache/tessera-target/LR-7-upright/debug/deps/pipeline_cpu-d532e7860f51a327)

running 54 tests
test color_detail::tests::active_detail_requires_real_halo_without_partial_write ... ok
test color_detail::tests::chroma_nr_smooths_opponents_preserving_linear_luminance ... ok
test color_detail::tests::defaults_apply_sharpening_and_keep_halos ... ok
test color_detail::tests::eight_hsl_bands_change_their_centers_smoothly ... ok
test color_detail::tests::grading_wheels_balance_and_blending_are_effective ... ok
test color_detail::tests::detail_subsettings_are_independent_and_halo_is_bounded ... ok
test color_detail::tests::detail_is_partition_invariant_and_keeps_input_halo ... ok
test color_detail::tests::hsl_windows_partition_and_wrap_and_lightness_is_independent ... ok
test color_detail::tests::saturation_minus_100_removes_chroma ... ok
test color_detail::tests::invalid_inputs_and_unsupported_controls_are_rejected_atomically ... ok
test color_detail::tests::luminance_nr_reduces_noise_with_sharpening_disabled ... ok
test color_detail::tests::signed_hdr_roundtrip_and_neutral_bit_patterns ... ok
test color_detail::tests::sharpening_controls_boost_and_mask_texture ... ok
test color_detail::tests::vibrance_boosts_muted_colors_and_protects_skin ... ok
test display::hdr_tests::headroom_extends_highlights_and_keeps_mid_grey ... ok
test display::hdr_tests::unit_headroom_is_the_sdr_curve_without_encoding ... ok
test embedded_lens::tests::gain_map_bilinear_origin_pitch_and_area ... ok
test embedded_lens::tests::invalid_stage_plane_range_fails_closed ... ok
test embedded_lens::tests::file_order_warp_then_vignette_is_not_reversed ... ok
test embedded_lens::tests::list1_warp_preserves_all_bayer_phases_and_xtrans_phases ... ok
test geometry_effects::tests::effects_default_is_exact_and_shares_storage ... ok
test geometry_effects::tests::effects_errors_are_atomic_and_extremes_finite ... ok
test geometry_effects::tests::geometry_and_lab_extreme_samples_stay_finite ... ok
test geometry_effects::composed_map_tests::one_lookup_per_channel_combines_crop_transform_and_lens ... ok
test geometry_effects::tests::geometry_identity_and_integer_crop ... ok
test geometry_effects::tests::effects_global_coordinates_match_halos_and_levels ... ok
test geometry_effects::tests::lanczos_uses_scalar_f32_rounding ... ok
test geometry_effects::tests::rotation_constant_center_and_black_corners ... ok
test geometry_effects::tests::straighten_fractional_crop_and_validation ... ok
test optics::legacy_ca_lr7b::recipe_ca_renders_radial_target_independent_planes ... ok
test optics::tests::defringe_hue_ranges_wrap_and_full_circle ... ok
test optics::tests::independent_defringe_is_in_lateral_pass ... ok
test geometry_effects::tests::vignette_styles_controls_and_grain_are_active ... ok
test smart_preview::codec::tests::f16_overflow_uses_exact_f32_for_entire_payload ... ok
test smart_preview::codec::tests::finite_signed_hdr_uses_f16_only_within_error_bound ... ok
test smart_preview::codec::tests::image_estimated_sample_is_restored_without_reresolution ... ok
test tone_extra::tests::airlight_rejects_isolated_hdr_outlier ... ok
test tone_extra::tests::channel_and_luminance_curves_have_distinct_semantics ... ok
test tone_extra::tests::clarity_changes_midscale_but_preserves_constant_rgb ... ok
test tone_extra::tests::dehaze_removes_or_adds_haze_and_protects_white_scene ... ok
test tone_extra::tests::finite_extremes_and_subnormal_knots_stay_bounded ... ok
test tone_extra::tests::invalid_parameters_reject_before_mutation ... ok
test tone_extra::tests::log_axis_is_scalar_single_precision ... ok
test tone_extra::tests::luminance_curve_can_lift_absolute_black ... ok
test tone_extra::tests::master_curve_lifts_and_preserves_hdr ... ok
test tone_extra::tests::negative_presence_reduces_contrast_and_extremes_remain_finite ... ok
test tone_extra::tests::neutral_is_bit_exact_and_keeps_shared_storage ... ok
test tone_extra::tests::parametric_regions_lift_on_log_axis_and_are_monotone ... ok
test tone_extra::tests::presence_halo_matches_overlapping_reference ... ok
test tone_extra::tests::spline_is_monotone_including_flat_and_steep_segments ... ok
test tone_extra::tests::texture_changes_fine_contrast_without_step_ringing ... ok
test tone_extra::tests::whole_image_uses_global_statistics_beyond_tile_extent ... ok
test render::tests::parallel_detail_is_bit_exact_across_tiles_and_edges ... ok
test lens_resolve::tests::sparse_sensor_analysis_matches_whole_frame ... ok

test result: ok. 54 passed; 0 failed; 0 ignored; 0 measured; 0 filtered out; finished in 29.27s

     Running tests/denoise.rs (/Users/rutmehta/.cache/tessera-target/LR-7-upright/debug/deps/denoise-85829c871befa13e)

running 4 tests
test off_and_zero_skip_colour_transform_and_runtime_exactly ... ok
test neural_zero_is_supported_without_a_runtime ... ok
test colour_residual_preserves_hdr_and_out_of_gamut ... ok
test unsupported_settings_fail_even_at_zero ... ok

test result: ok. 4 passed; 0 failed; 0 ignored; 0 measured; 0 filtered out; finished in 0.00s

     Running tests/depth_render.rs (/Users/rutmehta/.cache/tessera-target/LR-7-upright/debug/deps/depth_render-d95b3d9b670b531a)

running 1 test
test supplied_depth_reaches_local_depth_masks ... ok

test result: ok. 1 passed; 0 failed; 0 ignored; 0 measured; 0 filtered out; finished in 0.01s

     Running tests/detail_defaults.rs (/Users/rutmehta/.cache/tessera-target/LR-7-upright/debug/deps/detail_defaults-dc06f439f8aa7981)

running 1 test
test default_detail_is_active_continuous_and_applied_once ... ok

test result: ok. 1 passed; 0 failed; 0 ignored; 0 measured; 0 filtered out; finished in 0.00s

     Running tests/display_float.rs (/Users/rutmehta/.cache/tessera-target/LR-7-upright/debug/deps/display_float-211abe152add4578)

running 1 test
test float_display_preserves_sub_byte_detail_and_matches_legacy_quantization ... ok

test result: ok. 1 passed; 0 failed; 0 ignored; 0 measured; 0 filtered out; finished in 0.00s

     Running tests/golden.rs (/Users/rutmehta/.cache/tessera-target/LR-7-upright/debug/deps/golden-93e5171226129234)

running 0 tests

test result: ok. 0 passed; 0 failed; 0 ignored; 0 measured; 1 filtered out; finished in 0.00s

     Running tests/invariants.rs (/Users/rutmehta/.cache/tessera-target/LR-7-upright/debug/deps/invariants-1678dac570d9f4cf)

running 6 tests
test neutral_tone_is_bit_exact_and_copy_on_write ... ok
test positive_tint_moves_output_toward_magenta ... ok
test bayer_mhc_all_kernel_taps_match_paper ... ok
test unsupported_algorithms_are_not_silently_accepted ... ok
test xtrans_mean_uses_global_phase_across_tile_boundaries ... ok
test tone_extremes_remain_finite_and_monotone ... ok

test result: ok. 6 passed; 0 failed; 0 ignored; 0 measured; 0 filtered out; finished in 0.02s

     Running tests/lens_blur.rs (/Users/rutmehta/.cache/tessera-target/LR-7-upright/debug/deps/lens_blur-7801a58018c350a3)

running 12 tests
test boost_increases_only_out_of_focus_highlights_and_invalid_cat_eye_is_rejected ... ok
test all_apertures_preserve_constant_hdr_at_edges_with_radial_clipping ... ok
test disabled_blur_preserves_signed_zero_and_hdr_bits ... ok
test documented_bokeh_aliases_are_identical ... ok
test extended_apertures_and_radial_cat_eye_preserve_focus_and_change_footprints ... ok
test inclusive_focus_boundaries_tiny_images_and_cross_tile_support ... ok
test invalid_inputs_are_rejected_even_when_off ... ok
test nearer_layers_composite_over_farther_layers ... ok
test aperture_shapes_have_distinct_normalized_impulse_footprints ... ok
test two_planes_keep_focus_exact_and_reduce_background_contrast ... ok
test normalized_layers_do_not_darken_edges_or_bleed_sharp_foreground_into_background ... ok
test depth_render_runs_blur_before_effects_geometry_and_downsample ... ok

test result: ok. 12 passed; 0 failed; 0 ignored; 0 measured; 0 filtered out; finished in 0.72s

     Running tests/lens_embedded.rs (/Users/rutmehta/.cache/tessera-target/LR-7-upright/debug/deps/lens_embedded-b437e7ab2d7d7a91)

running 13 tests
test all_stages_are_accepted_but_malformed_embedded_errors ... ok
test auto_database_matching_and_manual_fallback ... ok
test automatic_upright_resident_analysis_and_manual_edits_share_decision ... ok
test database_resolves_third_party_lens_for_the_actual_camera ... ok
test embedded_has_priority_and_applies_gain ... ok
test guided_upright_has_composed_resident_plan ... ok
test required_bad_pixel_operations_are_deliberately_ignored ... ok
test gain_map_stage_changes_channel_mixing_and_cfa_phase ... ok
test resolved_embedded_keeps_manual_ca ... ok
test staged_gain_maps_apply_once_with_embedded_priority ... ok
test three_plane_embedded_warp_does_not_average_ca ... ok
test unknown_required_opcode_is_not_silently_ignored ... ok
test composed_plan_scalar_sampler_matches_geometry_reference_at_preview_extent ... ok

test result: ok. 13 passed; 0 failed; 0 ignored; 0 measured; 0 filtered out; finished in 0.04s

     Running tests/lens_fixtures.rs (/Users/rutmehta/.cache/tessera-target/LR-7-upright/debug/deps/lens_fixtures-932eb5f36f424ff8)

running 0 tests

test result: ok. 0 passed; 0 failed; 0 ignored; 0 measured; 1 filtered out; finished in 0.00s

     Running tests/lens_m2.rs (/Users/rutmehta/.cache/tessera-target/LR-7-upright/debug/deps/lens_m2-43eb3cb5edd5a2f8)

running 4 tests
test geometry_combines_manual_lens_and_transform ... ok
test defringe_hue_band_changes_edge_but_not_flat_colour ... ok
test guided_upright_and_manual_transform_compose ... ok
test manual_vignette_runs_before_tone_and_off_is_exact ... ok

test result: ok. 4 passed; 0 failed; 0 ignored; 0 measured; 0 filtered out; finished in 0.02s

     Running tests/lens_profiles.rs (/Users/rutmehta/.cache/tessera-target/LR-7-upright/debug/deps/lens_profiles-4bd78cf38daed8b5)

running 5 tests
test profile_render_applies_vignette_and_channel_maps ... ok
test supplied_profile_beats_image_and_none_bypasses_it ... ok
test zero_profile_strengths_are_bit_exact_to_off ... ok
test auto_calibration_recovers_synthetic_radial_falloff ... ok
test postdemosaic_auto_ca_reduces_channel_edge_error ... ok

test result: ok. 5 passed; 0 failed; 0 ignored; 0 measured; 0 filtered out; finished in 0.87s

     Running tests/lens_stages.rs (/Users/rutmehta/.cache/tessera-target/LR-7-upright/debug/deps/lens_stages-61935ef84bd97c71)

running 2 tests
test list2_aligns_camera_planes_before_matrix_and_nonlinear_tone ... ok
test exact_profile_ca_precedes_bayer_demosaic_and_channel_mixing ... ok

test result: ok. 2 passed; 0 failed; 0 ignored; 0 measured; 0 filtered out; finished in 0.03s

     Running tests/locals.rs (/Users/rutmehta/.cache/tessera-target/LR-7-upright/debug/deps/locals-f12f289131f62951)

running 2 tests
test local_exposure_only_doubles_selected_linear_pixels ... ok
test every_local_slider_changes_a_textured_colour_image ... ok

test result: ok. 2 passed; 0 failed; 0 ignored; 0 measured; 0 filtered out; finished in 0.00s

     Running tests/locals_invariants.rs (/Users/rutmehta/.cache/tessera-target/LR-7-upright/debug/deps/locals_invariants-45d0f3b89f1a28ef)

running 4 tests
test invalid_controls_and_blend_layouts_reject ... ok
test moire_is_a_documented_neutral_placeholder ... ok
test amount_scales_ev_not_alpha_and_disabled_groups_are_identity ... ok
test signed_hue_is_scaled_before_wrapping ... ok

test result: ok. 4 passed; 0 failed; 0 ignored; 0 measured; 0 filtered out; finished in 0.00s

     Running tests/m2.rs (/Users/rutmehta/.cache/tessera-target/LR-7-upright/debug/deps/m2-06f2063f9d781777)

running 1 test
test m2_render_controls_and_crop_are_wired ... ok

test result: ok. 1 passed; 0 failed; 0 ignored; 0 measured; 0 filtered out; finished in 0.14s

     Running tests/manual_ca.rs (/Users/rutmehta/.cache/tessera-target/LR-7-upright/debug/deps/manual_ca-cb9bccfc60c655ee)

running 3 tests
test manual_ca_maps_crs_keys_independently ... ok
test nonfinite_manual_ca_rejected ... ok
test independent_manual_ca_works_without_auto_ca_or_profile ... ok

test result: ok. 3 passed; 0 failed; 0 ignored; 0 measured; 0 filtered out; finished in 0.01s

     Running tests/masks.rs (/Users/rutmehta/.cache/tessera-target/LR-7-upright/debug/deps/masks-005b274a45ff0c7d)

running 17 tests
test brush_stamps_accumulate_pressure_and_erase ... ok
test brush_interpolates_path_in_pixel_metric ... ok
test brush_zero_pressure_flow_and_erase_paths ... ok
test color_range_oklab_distance_and_smoothness ... ok
test depth_feather_and_hdr_luminance_are_not_clipped ... ok
test composition_and_inversion ... ok
test diagonal_gradient_clamps_and_is_level_relative ... ok
test empty_group_never_selects_even_if_inverted ... ok
test guided_refinement_smooths_flat_guide_but_preserves_edges ... ok
test luminance_and_depth_ranges ... ok
test guided_two_dimensional_flat_reference_and_large_radius ... ok
test linear_centres_and_empty ... ok
test radial_feather_and_rotation ... ok
test rejects_invalid_options_and_geometry ... ok
test rejects_nonfinite_rgb_inserted_by_tile ... ok
test rejects_unsafe_brush_and_all_unsupported_ai ... ok
test stamp_budget_is_checked_before_rasterising ... ok

test result: ok. 17 passed; 0 failed; 0 ignored; 0 measured; 0 filtered out; finished in 0.00s

     Running tests/mosaic.rs (/Users/rutmehta/.cache/tessera-target/LR-7-upright/debug/deps/mosaic-13e314c0f87bc230)

running 3 tests
test mhc_impulse_has_paper_gradient_coefficients ... ok
test clipping_and_channel_propagation_are_distinct ... ok
test both_algorithms_preserve_flat_colours_all_bayer_phases ... ok

test result: ok. 3 passed; 0 failed; 0 ignored; 0 measured; 0 filtered out; finished in 0.00s

     Running tests/opcode_fixtures.rs (/Users/rutmehta/.cache/tessera-target/LR-7-upright/debug/deps/opcode_fixtures-78469c7e05f5b3c7)

running 0 tests

test result: ok. 0 passed; 0 failed; 0 ignored; 0 measured; 1 filtered out; finished in 0.00s

     Running tests/operators.rs (/Users/rutmehta/.cache/tessera-target/LR-7-upright/debug/deps/operators-6e0b9bc5b7080c31)

running 2 tests
test exposure_doubles_linear_before_display ... ok
test profile_then_cat16_neutralises_grey ... ok

test result: ok. 2 passed; 0 failed; 0 ignored; 0 measured; 0 filtered out; finished in 0.00s

     Running tests/output.rs (/Users/rutmehta/.cache/tessera-target/LR-7-upright/debug/deps/output-dcc741db3ec4dba8)

running 3 tests
test output_gamut_mapping_bounds_saturated_pixels_and_keeps_warnings ... ok
test managed_render_uses_selected_target_without_srgb_intermediate ... ok
test proof_handle_is_checked_and_shared_proof_transform_is_used ... ok

test result: ok. 3 passed; 0 failed; 0 ignored; 0 measured; 0 filtered out; finished in 0.01s

     Running tests/render.rs (/Users/rutmehta/.cache/tessera-target/LR-7-upright/debug/deps/render-2167e1030e4fe396)

running 2 tests
test sigmoid_is_black_anchored_monotone_and_pivoted ... ok
test rgb_render_handles_edge_tiles_and_is_deterministic ... ok

test result: ok. 2 passed; 0 failed; 0 ignored; 0 measured; 0 filtered out; finished in 0.01s

     Running tests/smart_preview.rs (/Users/rutmehta/.cache/tessera-target/LR-7-upright/debug/deps/smart_preview-e4a1b5d22d542a23)

running 7 tests
test embedded_prefix_stages_agree_and_late_stage_requires_original ... ok
test default_auto_lens_correction_is_applied_once ... ok
test hdr_presentation_policy_does_not_change_proxy_prefix_or_relax_legacy_validation ... ok
test geometry_remains_editable_but_lens_and_raw_denoise_require_original ... ok
test odd_crop_area_bins_match_independent_demosaic_and_keep_negative_values ... ok
test odd_crop_is_bounded_and_keeps_sensor_orientation_and_hdr ... ok
test camera_linear_scale_one_preserves_calibration_wb_and_exposure ... ok

test result: ok. 7 passed; 0 failed; 0 ignored; 0 measured; 0 filtered out; finished in 0.29s

     Running tests/smart_preview_codec.rs (/Users/rutmehta/.cache/tessera-target/LR-7-upright/debug/deps/smart_preview_codec-799af999d96f224a)

running 15 tests
test authenticated_duplicate_nested_member_is_rejected_before_value_validation ... ok
test authenticated_lens_mode_source_mismatches_are_rejected ... ok
test authenticated_but_invalid_snapshot_is_rejected ... ok
test container_identity_binds_metadata_source_length_and_encoded_payload ... ok
test bounded_decompression_rejects_compressed_bomb_with_small_declared_output ... ok
test authenticated_missing_and_unknown_nested_members_fail_closed ... ok
test deterministic_round_trip_preserves_metadata_lens_prefix_and_editable_wb ... ok
test legacy_ca_lr7b_optional_prefix_survives_persistent_codec ... ok
test legacy_v1_detail_decodes_but_new_container_requires_explicit_supported_tier ... ok
test legacy_v1_rejects_even_null_tier_metadata ... ok
test malformed_header_lengths_versions_payload_digest_and_corruption_fail_closed ... ok
test real_legacy_v1_asset_reopen_and_edit_parity ... ignored, requires TESSERA_CODEC_LEGACY_ASSET, TESSERA_CODEC_LEGACY_REPORT and TESSERA_CODEC_OUTPUT_DIR
test real_raw_fixture_measurement ... ignored, requires TESSERA_CODEC_RAW_FIXTURE and TESSERA_CODEC_OUTPUT_DIR
test explicit_tiers_round_trip_with_validated_scale_and_unchanged_default ... ok
test odd_crop_scale_and_original_embedded_opcode_bytes_survive_reopen ... ok

test result: ok. 13 passed; 0 failed; 2 ignored; 0 measured; 0 filtered out; finished in 0.35s

     Running tests/upright_lr7.rs (/Users/rutmehta/.cache/tessera-target/LR-7-upright/debug/deps/upright_lr7-6479e3b6ba9ff198)

running 2 tests
test invalid_stored_matrix_is_rejected ... ok
test stored_upright_matrix_bypasses_image_analysis ... ok

test result: ok. 2 passed; 0 failed; 0 ignored; 0 measured; 0 filtered out; finished in 0.06s

     Running tests/white_balance_v2.rs (/Users/rutmehta/.cache/tessera-target/LR-7-upright/debug/deps/white_balance_v2-80d385f651f10a99)

running 2 tests
test tint_is_perpendicular_duv_with_full_slider_range ... ok
test camera_calibration_preserves_known_illuminant_chromaticity ... ok

test result: ok. 2 passed; 0 failed; 0 ignored; 0 measured; 1 filtered out; finished in 0.00s

   Doc-tests engine_api

running 0 tests

test result: ok. 0 passed; 0 failed; 0 ignored; 0 measured; 0 filtered out; finished in 0.00s

   Doc-tests import_lrcat

running 0 tests

test result: ok. 0 passed; 0 failed; 0 ignored; 0 measured; 0 filtered out; finished in 0.00s

   Doc-tests pipeline_cpu

running 0 tests

test result: ok. 0 passed; 0 failed; 0 ignored; 0 measured; 0 filtered out; finished in 0.00s


=== green-render ===
     Running tests/legacy_ca_lr7b.rs (/Users/rutmehta/.cache/tessera-target/LR-7-upright/debug/deps/legacy_ca_lr7b-72fee97f11d3da54)

running 1 test
LR-7b import/render maximum error 0.00002826; tolerance 0.001
test synthetic_catalog_ca_reaches_cpu_render ... ok

test result: ok. 1 passed; 0 failed; 0 ignored; 0 measured; 0 filtered out; finished in 4.47s


=== green-radial ===
     Running unittests src/lib.rs (/Users/rutmehta/.cache/tessera-target/LR-7-upright/debug/deps/pipeline_cpu-d532e7860f51a327)

running 1 test
LR-7b radial error 0.00005652; tolerance 0.0005
LR-7b radial error 0.00003661; tolerance 0.0005
LR-7b radial error 0.00000005; tolerance 0.0005
test optics::legacy_ca_lr7b::recipe_ca_renders_radial_target_independent_planes ... ok

test result: ok. 1 passed; 0 failed; 0 ignored; 0 measured; 53 filtered out; finished in 0.02s


=== clippy ===
    Checking import-lrcat v0.1.0 (/Users/rutmehta/Developer/lightroom/.worktrees/LR-7-upright/crates/import-lrcat)
    Finished `dev` profile [unoptimized + debuginfo] target(s) in 34.55s

=== clippy-render ===
    Checking tessera-ffi v0.1.0 (/Users/rutmehta/Developer/lightroom/.worktrees/LR-7-upright/crates/tessera-ffi)
    Finished `dev` profile [unoptimized + debuginfo] target(s) in 48.79s

=== fmt ===
cargo fmt --all --check: exit 0, no output
