    Blocking waiting for file lock on package cache
    Blocking waiting for file lock on package cache
    Blocking waiting for file lock on package cache
   Compiling proc-macro2 v1.0.107
   Compiling unicode-ident v1.0.26
   Compiling quote v1.0.47
   Compiling libm v0.2.16
   Compiling serde_core v1.0.229
   Compiling syn v3.0.6
   Compiling serde v1.0.229
   Compiling autocfg v1.5.1
   Compiling num-traits v0.2.19
   Compiling serde_derive v1.0.229
   Compiling arrayvec v0.7.8
   Compiling cfg-if v1.0.5
   Compiling libc v0.2.189
   Compiling find-msvc-tools v0.1.14
   Compiling shlex v2.0.1
   Compiling cc v1.5.1
   Compiling bytemuck v1.25.2
   Compiling version_check v0.9.5
   Compiling bitflags v2.13.2
   Compiling crc32fast v1.5.2
   Compiling slotmap v1.1.1
   Compiling core_maths v0.1.1
   Compiling adler2 v2.0.1
   Compiling memchr v2.8.3
   Compiling thiserror v2.0.21
   Compiling euclid v0.22.14
   Compiling smallvec v1.16.2
   Compiling log v0.4.34
   Compiling simd-adler32 v0.3.10
   Compiling zmij v1.0.23
   Compiling miniz_oxide v0.9.1
   Compiling lyon_geom v1.0.19
   Compiling ttf-parser v0.25.1
   Compiling lyon_path v1.0.19
   Compiling thiserror-impl v2.0.21
   Compiling i_float v1.16.0
   Compiling syn v2.0.119
   Compiling strict-num v0.1.1
   Compiling zerocopy v0.8.59
   Compiling serde_json v1.0.151
   Compiling arrayref v0.3.9
   Compiling float_next_after v1.0.0
   Compiling tiny-skia-path v0.11.4
   Compiling lyon_tessellation v1.0.22
   Compiling zerocopy-derive v0.8.59
   Compiling i_shape v1.18.0
   Compiling lyon_algorithms v1.0.21
   Compiling flate2 v1.1.10
   Compiling blake3 v1.8.7
   Compiling memmap2 v0.9.11
   Compiling pkg-config v0.3.34
   Compiling tinyvec v1.13.3
   Compiling unicode-ccc v0.4.0
   Compiling i_key_sort v0.10.3
   Compiling unicode-properties v0.1.4
   Compiling unicode-bidi-mirroring v0.4.0
   Compiling itoa v1.0.18
   Compiling vcpkg v0.2.15
   Compiling i_tree v0.18.0
   Compiling unicode-script v0.5.8
   Compiling i_overlay v4.5.2
   Compiling rustybuzz v0.20.1
   Compiling libsqlite3-sys v0.38.2
   Compiling fontdb v0.23.0
   Compiling psd v0.1.0 (/Users/rutmehta/Developer/lightroom/.worktrees/LR-7-upright/crates/psd)
   Compiling lyon v1.0.19
   Compiling tiny-skia v0.11.4
   Compiling kurbo v0.11.3
   Compiling quick-xml v0.38.4
   Compiling foldhash v0.2.0
   Compiling unicode-linebreak v0.1.5
   Compiling unicode-bidi v0.3.18
   Compiling constant_time_eq v0.4.2
   Compiling typography v0.1.0 (/Users/rutmehta/Developer/lightroom/.worktrees/LR-7-upright/crates/typography)
   Compiling vector v0.1.0 (/Users/rutmehta/Developer/lightroom/.worktrees/LR-7-upright/crates/vector)
   Compiling hashbrown v0.17.1
   Compiling half v2.7.1
   Compiling anyhow v1.0.104
   Compiling rustix v1.1.5
   Compiling getrandom v0.4.3
   Compiling engine-api v0.1.0 (/Users/rutmehta/Developer/lightroom/.worktrees/LR-7-upright/crates/engine-api)
   Compiling hashlink v0.12.2
   Compiling errno v0.3.14
   Compiling mutate_once v0.1.2
   Compiling fallible-iterator v0.3.0
   Compiling fallible-streaming-iterator v0.1.9
   Compiling same-file v1.0.6
   Compiling walkdir v2.5.0
   Compiling kamadak-exif v0.6.1
   Compiling zune-core v0.5.3
   Compiling fastrand v2.5.0
   Compiling pxfm v0.1.30
   Compiling once_cell v1.21.4
   Compiling tempfile v3.27.0
   Compiling moxcms v0.8.1
   Compiling zune-jpeg v0.5.15
   Compiling byteorder-lite v0.1.0
   Compiling sidecar v0.1.0 (/Users/rutmehta/Developer/lightroom/.worktrees/LR-7-upright/crates/sidecar)
   Compiling image v0.25.10
   Compiling roxmltree v0.20.0
   Compiling rusqlite v0.40.2
   Compiling index v0.1.0 (/Users/rutmehta/Developer/lightroom/.worktrees/LR-7-upright/crates/index)
   Compiling library v0.1.0 (/Users/rutmehta/Developer/lightroom/.worktrees/LR-7-upright/crates/library)
   Compiling import-lrcat v0.1.0 (/Users/rutmehta/Developer/lightroom/.worktrees/LR-7-upright/crates/import-lrcat)
    Finished `test` profile [unoptimized + debuginfo] target(s) in 33.27s
     Running tests/upright_lr7.rs (/Users/rutmehta/.cache/tessera-target/LR-7-upright/debug/deps/upright_lr7-231646334929ad44)

running 4 tests
test cloud_only_and_invalid_geometry_explain_missing_rendering ... FAILED
test guided_segments_translate_atomically ... FAILED
test solved_upright_is_translated_and_removed_from_pending_source ... FAILED
test xmp_solved_upright_uses_same_mapping ... FAILED

failures:

---- cloud_only_and_invalid_geometry_explain_missing_rendering stdout ----

thread 'cloud_only_and_invalid_geometry_explain_missing_rendering' (52433670) panicked at crates/import-lrcat/tests/upright_lr7.rs:25:5:
["crs:UprightTransform_1: unsupported property; source preserved", "EnableDistractionRemoval: unknown Lua develop key; source preserved"]
note: run with `RUST_BACKTRACE=1` environment variable to display a backtrace

---- guided_segments_translate_atomically stdout ----

thread 'guided_segments_translate_atomically' (52433671) panicked at crates/import-lrcat/tests/upright_lr7.rs:17:5:
assertion `left == right` failed
  left: 0
 right: 2

---- solved_upright_is_translated_and_removed_from_pending_source stdout ----

thread 'solved_upright_is_translated_and_removed_from_pending_source' (52433672) panicked at crates/import-lrcat/tests/upright_lr7.rs:8:5:
assertion `left == right` failed
  left: Null
 right: Array [Array [Number(1.0), Number(0.0), Number(0.0)], Array [Number(0.0), Number(1.0), Number(0.0)], Array [Number(0.2), Number(0.0), Number(1.0)]]

---- xmp_solved_upright_uses_same_mapping stdout ----

thread 'xmp_solved_upright_uses_same_mapping' (52433673) panicked at crates/import-lrcat/tests/upright_lr7.rs:33:5:
assertion failed: serde_json::to_value(&r.settings.geometry).unwrap()["upright"]["homography"].is_array()


failures:
    cloud_only_and_invalid_geometry_explain_missing_rendering
    guided_segments_translate_atomically
    solved_upright_is_translated_and_removed_from_pending_source
    xmp_solved_upright_uses_same_mapping

test result: FAILED. 0 passed; 4 failed; 0 ignored; 0 measured; 0 filtered out; finished in 0.01s

error: test failed, to rerun pass `-p import-lrcat --test upright_lr7`
