    Checking libm v0.2.16
    Checking serde_core v1.0.229
    Checking arrayvec v0.7.8
    Checking cfg-if v1.0.5
    Checking libc v0.2.189
    Checking bytemuck v1.25.2
    Checking bitflags v2.13.2
    Checking memchr v2.8.3
    Checking num-traits v0.2.19
    Checking core_maths v0.1.1
    Checking log v0.4.34
    Checking adler2 v2.0.1
    Checking simd-adler32 v0.3.10
    Checking ttf-parser v0.25.1
    Checking miniz_oxide v0.9.1
    Checking serde v1.0.229
    Checking i_float v1.16.0
    Checking crc32fast v1.5.2
    Checking strict-num v0.1.1
    Checking arrayref v0.3.9
    Checking float_next_after v1.0.0
    Checking tiny-skia-path v0.11.4
    Checking euclid v0.22.14
    Checking smallvec v1.16.2
    Checking thiserror v2.0.21
    Checking slotmap v1.1.1
    Checking flate2 v1.1.10
    Checking lyon_geom v1.0.19
    Checking i_shape v1.18.0
    Checking zmij v1.0.23
    Checking memmap2 v0.9.11
    Checking i_tree v0.18.0
    Checking i_key_sort v0.10.3
    Checking lyon_path v1.0.19
    Checking unicode-bidi-mirroring v0.4.0
    Checking unicode-properties v0.1.4
    Checking unicode-ccc v0.4.0
    Checking itoa v1.0.18
    Checking tinyvec v1.13.3
    Checking unicode-script v0.5.8
    Checking lyon_algorithms v1.0.21
    Checking lyon_tessellation v1.0.22
    Checking fontdb v0.23.0
    Checking rustybuzz v0.20.1
    Checking serde_json v1.0.151
    Checking lyon v1.0.19
    Checking i_overlay v4.5.2
    Checking psd v0.1.0 (/Users/rutmehta/Developer/lightroom/.worktrees/LR-6-lens-blur/crates/psd)
    Checking zerocopy v0.8.59
    Checking kurbo v0.11.3
    Checking tiny-skia v0.11.4
    Checking quick-xml v0.38.4
    Checking constant_time_eq v0.4.2
    Checking unicode-bidi v0.3.18
    Checking unicode-linebreak v0.1.5
    Checking vector v0.1.0 (/Users/rutmehta/Developer/lightroom/.worktrees/LR-6-lens-blur/crates/vector)
    Checking typography v0.1.0 (/Users/rutmehta/Developer/lightroom/.worktrees/LR-6-lens-blur/crates/typography)
    Checking blake3 v1.8.7
    Checking foldhash v0.2.0
    Checking hashbrown v0.17.1
    Checking libsqlite3-sys v0.38.2
    Checking errno v0.3.14
    Checking same-file v1.0.6
    Checking hashlink v0.12.2
    Checking half v2.7.1
    Checking fallible-iterator v0.3.0
    Checking mutate_once v0.1.2
    Checking engine-api v0.1.0 (/Users/rutmehta/Developer/lightroom/.worktrees/LR-6-lens-blur/crates/engine-api)
    Checking fallible-streaming-iterator v0.1.9
    Checking kamadak-exif v0.6.1
    Checking rusqlite v0.40.2
    Checking walkdir v2.5.0
    Checking rustix v1.1.5
    Checking anyhow v1.0.104
    Checking getrandom v0.4.3
    Checking once_cell v1.21.4
    Checking zune-core v0.5.3
    Checking pxfm v0.1.30
    Checking fastrand v2.5.0
    Checking tempfile v3.27.0
    Checking zune-jpeg v0.5.15
    Checking byteorder-lite v0.1.0
    Checking roxmltree v0.20.0
    Checking moxcms v0.8.1
    Checking image v0.25.10
    Checking index v0.1.0 (/Users/rutmehta/Developer/lightroom/.worktrees/LR-6-lens-blur/crates/index)
    Checking sidecar v0.1.0 (/Users/rutmehta/Developer/lightroom/.worktrees/LR-6-lens-blur/crates/sidecar)
    Checking library v0.1.0 (/Users/rutmehta/Developer/lightroom/.worktrees/LR-6-lens-blur/crates/library)
    Checking import-lrcat v0.1.0 (/Users/rutmehta/Developer/lightroom/.worktrees/LR-6-lens-blur/crates/import-lrcat)
    Finished `dev` profile [unoptimized + debuginfo] target(s) in 21.37s
