[0/1] Planning build
Building for debugging...
[0/3] Write sources
[1/3] Write swift-version--58304C5D6DBC2206.txt
[3/5] Emitting module DetailCheckTests
[4/5] Compiling DetailCheckTests DetailTests.swift
[4/6] Write Objects.LinkFileList
[5/6] Linking DetailCheckPackageTests
Build complete! (1.40s)
Test Suite 'All tests' started at 2026-09-27 10:31:37.915.
Test Suite 'DetailCheckPackageTests.xctest' started at 2026-09-27 10:31:37.916.
Test Suite 'DetailPreviewSchedulingTests' started at 2026-09-27 10:31:37.916.
Test Case '-[DetailCheckTests.DetailPreviewSchedulingTests testCompletionDuringDragCannotPublishOrLaunchMoreWork]' started.
Test Case '-[DetailCheckTests.DetailPreviewSchedulingTests testCompletionDuringDragCannotPublishOrLaunchMoreWork]' passed (0.001 seconds).
Test Case '-[DetailCheckTests.DetailPreviewSchedulingTests testDragDefersEveryFrameAndSettleStartsWithoutAnotherFrame]' started.
Test Case '-[DetailCheckTests.DetailPreviewSchedulingTests testDragDefersEveryFrameAndSettleStartsWithoutAnotherFrame]' passed (0.000 seconds).
Test Case '-[DetailCheckTests.DetailPreviewSchedulingTests testEngineMutationRejectsDetailBeforeViewportCallback]' started.
/Users/rutmehta/Developer/tessera/.worktrees/M2-58/tools/orchestrate/wp/M2-58/detail-check/Tests/DetailTests.swift:46: error: -[DetailCheckTests.DetailPreviewSchedulingTests testEngineMutationRejectsDetailBeforeViewportCallback] : XCTAssertFalse failed - a direct engine mask mutation must reject the old crop immediately
/Users/rutmehta/Developer/tessera/.worktrees/M2-58/tools/orchestrate/wp/M2-58/detail-check/Tests/DetailTests.swift:48: error: -[DetailCheckTests.DetailPreviewSchedulingTests testEngineMutationRejectsDetailBeforeViewportCallback] : XCTUnwrap failed: expected non-nil value of type "UInt64" - stale engine output must request one refresh
Test Case '-[DetailCheckTests.DetailPreviewSchedulingTests testEngineMutationRejectsDetailBeforeViewportCallback]' failed (0.251 seconds).
Test Case '-[DetailCheckTests.DetailPreviewSchedulingTests testInFlightWorkIsSupersededAndExactlyOneLatestRequestFollows]' started.
Test Case '-[DetailCheckTests.DetailPreviewSchedulingTests testInFlightWorkIsSupersededAndExactlyOneLatestRequestFollows]' passed (0.000 seconds).
Test Case '-[DetailCheckTests.DetailPreviewSchedulingTests testSessionChangeResetsGestureButRetainsSingleFlightOwnership]' started.
Test Case '-[DetailCheckTests.DetailPreviewSchedulingTests testSessionChangeResetsGestureButRetainsSingleFlightOwnership]' passed (0.000 seconds).
Test Case '-[DetailCheckTests.DetailPreviewSchedulingTests testSettingsChangingBeforeCompletionRejectsOldDetail]' started.
Test Case '-[DetailCheckTests.DetailPreviewSchedulingTests testSettingsChangingBeforeCompletionRejectsOldDetail]' passed (0.000 seconds).
Test Case '-[DetailCheckTests.DetailPreviewSchedulingTests testSurfaceOrVisibilityChangeRejectsInFlightResult]' started.
Test Case '-[DetailCheckTests.DetailPreviewSchedulingTests testSurfaceOrVisibilityChangeRejectsInFlightResult]' passed (0.000 seconds).
Test Case '-[DetailCheckTests.DetailPreviewSchedulingTests testViewportCompletionDoesNotSupersedeMatchingSettleWork]' started.
Test Case '-[DetailCheckTests.DetailPreviewSchedulingTests testViewportCompletionDoesNotSupersedeMatchingSettleWork]' passed (0.000 seconds).
Test Suite 'DetailPreviewSchedulingTests' failed at 2026-09-27 10:31:38.170.
	 Executed 8 tests, with 2 failures (0 unexpected) in 0.253 (0.254) seconds
Test Suite 'DetailCheckPackageTests.xctest' failed at 2026-09-27 10:31:38.170.
	 Executed 8 tests, with 2 failures (0 unexpected) in 0.253 (0.254) seconds
Test Suite 'All tests' failed at 2026-09-27 10:31:38.170.
	 Executed 8 tests, with 2 failures (0 unexpected) in 0.253 (0.255) seconds
◇ Test run started.
↳ Testing Library Version: 1902
↳ Target Platform: arm64e-apple-macos14.0
✔ Test run with 0 tests in 0 suites passed after 0.001 seconds.
Traceback (most recent call last):
  File "/Users/rutmehta/Developer/tessera/.worktrees/M2-58/tools/orchestrate/wp/M2-58/check_detail_schedule.py", line 23, in <module>
    subprocess.run(['swift', 'test', '--package-path', str(folder)], check=True)
    ~~~~~~~~~~~~~~^^^^^^^^^^^^^^^^^^^^^^^^^^^^^^^^^^^^^^^^^^^^^^^^^^^^^^^^^^^^^^
  File "/opt/homebrew/Cellar/python@3.14/3.14.7/Frameworks/Python.framework/Versions/3.14/lib/python3.14/subprocess.py", line 578, in run
    raise CalledProcessError(retcode, process.args,
                             output=stdout, stderr=stderr)
subprocess.CalledProcessError: Command '['swift', 'test', '--package-path', '/Users/rutmehta/Developer/tessera/.worktrees/M2-58/tools/orchestrate/wp/M2-58/detail-check']' returned non-zero exit status 1.
