[0/1] Planning build
Building for production...
[0/4] Write sources
[1/4] Write swift-version--58304C5D6DBC2206.txt
[3/4] Compiling TesseraCoreTests AssistTests.swift
/Users/rutmehta/Developer/lightroom/.worktrees/B5-16/apps/mac/Tests/TesseraCoreTests/EngineDocumentBackendTests.swift:190:54: warning: capture of 'self' with non-Sendable type 'EngineDocumentBackendTests' in a '@Sendable' closure [#SendableClosureCaptures]
  9 | /// history ids, listener coalescing, a real `DocumentSession` behind `DocumentBackend`, and the
 10 | /// workspace's engine-vs-stub choice.
 11 | final class EngineDocumentBackendTests: XCTestCase {
    |             `- note: class 'EngineDocumentBackendTests' does not conform to the 'Sendable' protocol
 12 |     private func temp() throws -> URL {
 13 |         let dir = FileManager.default.temporaryDirectory.appendingPathComponent("engine-doc-\(UUID().uuidString)")
    :
188 |         let done = expectation(description: "delivered")
189 |         DispatchQueue.global().async {
190 |             for e in 1...20 { adapter.onFrame(frame: self.frameInfo(epoch: UInt64(e))) }
    |                                                      `- warning: capture of 'self' with non-Sendable type 'EngineDocumentBackendTests' in a '@Sendable' closure [#SendableClosureCaptures]
191 |             DispatchQueue.main.async { done.fulfill() }
192 |         }

[#SendableClosureCaptures]: <https://docs.swift.org/compiler/documentation/diagnostics/sendable-closure-captures>
[4/6] Compiling TesseraPackageTests runner.swift
[4/6] Write Objects.LinkFileList
[5/6] Linking TesseraPackageTests
Build complete! (20.19s)
Test Suite 'Selected tests' started at 2026-09-27 14:46:09.489.
Test Suite 'TesseraPackageTests.xctest' started at 2026-09-27 14:46:09.490.
Test Suite 'DocumentAdjustmentAnalysisTests' started at 2026-09-27 14:46:09.490.
Test Case '-[TesseraCoreTests.DocumentAdjustmentAnalysisTests testLegacyMatchColorNeutralizeReopenDisableUndoAndSave]' started.
/Users/rutmehta/Developer/lightroom/.worktrees/B5-16/apps/mac/Tests/TesseraCoreTests/DocumentAdjustmentAnalysisTests.swift:244: error: -[TesseraCoreTests.DocumentAdjustmentAnalysisTests testLegacyMatchColorNeutralizeReopenDisableUndoAndSave] : XCTAssertFalse failed
/Users/rutmehta/Developer/lightroom/.worktrees/B5-16/apps/mac/Tests/TesseraCoreTests/DocumentAdjustmentAnalysisTests.swift:245: error: -[TesseraCoreTests.DocumentAdjustmentAnalysisTests testLegacyMatchColorNeutralizeReopenDisableUndoAndSave] : XCTAssertGreaterThan failed: ("0.0") is not greater than ("1.0") - disabling recovers warm source chroma
/Users/rutmehta/Developer/lightroom/.worktrees/B5-16/apps/mac/Tests/TesseraCoreTests/DocumentAdjustmentAnalysisTests.swift:255: error: -[TesseraCoreTests.DocumentAdjustmentAnalysisTests testLegacyMatchColorNeutralizeReopenDisableUndoAndSave] : XCTAssertFalse failed
Test Case '-[TesseraCoreTests.DocumentAdjustmentAnalysisTests testLegacyMatchColorNeutralizeReopenDisableUndoAndSave]' failed (0.638 seconds).
Test Suite 'DocumentAdjustmentAnalysisTests' failed at 2026-09-27 14:46:10.128.
	 Executed 1 test, with 3 failures (0 unexpected) in 0.638 (0.638) seconds
Test Suite 'TesseraPackageTests.xctest' failed at 2026-09-27 14:46:10.128.
	 Executed 1 test, with 3 failures (0 unexpected) in 0.638 (0.638) seconds
Test Suite 'Selected tests' failed at 2026-09-27 14:46:10.128.
	 Executed 1 test, with 3 failures (0 unexpected) in 0.638 (0.639) seconds
◇ Test run started.
↳ Testing Library Version: 1501
↳ Target Platform: arm64e-apple-macos14.0
✔ Test run with 0 tests in 0 suites passed after 0.001 seconds.
