[0/1] Planning build
Building for production...
[0/9] Write sources
[4/9] Write swift-version--58304C5D6DBC2206.txt
[6/10] Compiling TesseraFFI TesseraFFI.swift
[7/11] Compiling TesseraCore AppDefaultsIsolation.swift
/Users/rutmehta/Developer/lightroom/.worktrees/B5-16/apps/mac/Sources/TesseraCore/Document/StubDocumentBackend.swift:860:30: warning: reference to captured var 'step' in concurrently-executing code [#SendableClosureCaptures]
 858 |         DispatchQueue.concurrentPerform(iterations: bands) { band in
 859 |             for r in (rows * band / bands)..<(rows * (band + 1) / bands) {
 860 |                 let ty = r * step
     |                              `- warning: reference to captured var 'step' in concurrently-executing code [#SendableClosureCaptures]
 861 |                 let cy = (Float(y0 + ty) + 0.5 * Float(step)) * scale
 862 |                 var tx = 0

/Users/rutmehta/Developer/lightroom/.worktrees/B5-16/apps/mac/Sources/TesseraCore/Document/StubDocumentBackend.swift:861:56: warning: reference to captured var 'step' in concurrently-executing code [#SendableClosureCaptures]
 859 |             for r in (rows * band / bands)..<(rows * (band + 1) / bands) {
 860 |                 let ty = r * step
 861 |                 let cy = (Float(y0 + ty) + 0.5 * Float(step)) * scale
     |                                                        `- warning: reference to captured var 'step' in concurrently-executing code [#SendableClosureCaptures]
 862 |                 var tx = 0
 863 |                 while tx < rw {

/Users/rutmehta/Developer/lightroom/.worktrees/B5-16/apps/mac/Sources/TesseraCore/Document/StubDocumentBackend.swift:864:71: warning: reference to captured var 'step' in concurrently-executing code [#SendableClosureCaptures]
 862 |                 var tx = 0
 863 |                 while tx < rw {
 864 |                     let c = comp.sample((Float(x0 + tx) + 0.5 * Float(step)) * scale, cy)
     |                                                                       `- warning: reference to captured var 'step' in concurrently-executing code [#SendableClosureCaptures]
 865 |                     for dy in 0..<min(step, rh - ty) {
 866 |                         let line = bytes + (ty + dy) * stride

/Users/rutmehta/Developer/lightroom/.worktrees/B5-16/apps/mac/Sources/TesseraCore/Document/StubDocumentBackend.swift:865:39: warning: reference to captured var 'step' in concurrently-executing code [#SendableClosureCaptures]
 863 |                 while tx < rw {
 864 |                     let c = comp.sample((Float(x0 + tx) + 0.5 * Float(step)) * scale, cy)
 865 |                     for dy in 0..<min(step, rh - ty) {
     |                                       `- warning: reference to captured var 'step' in concurrently-executing code [#SendableClosureCaptures]
 866 |                         let line = bytes + (ty + dy) * stride
 867 |                         for dx in 0..<min(step, rw - tx) { Self.store(c, line + (tx + dx) * 4) }

/Users/rutmehta/Developer/lightroom/.worktrees/B5-16/apps/mac/Sources/TesseraCore/Document/StubDocumentBackend.swift:867:43: warning: reference to captured var 'step' in concurrently-executing code [#SendableClosureCaptures]
 865 |                     for dy in 0..<min(step, rh - ty) {
 866 |                         let line = bytes + (ty + dy) * stride
 867 |                         for dx in 0..<min(step, rw - tx) { Self.store(c, line + (tx + dx) * 4) }
     |                                           `- warning: reference to captured var 'step' in concurrently-executing code [#SendableClosureCaptures]
 868 |                     }
 869 |                     tx += step

/Users/rutmehta/Developer/lightroom/.worktrees/B5-16/apps/mac/Sources/TesseraCore/Document/StubDocumentBackend.swift:869:27: warning: reference to captured var 'step' in concurrently-executing code [#SendableClosureCaptures]
 867 |                         for dx in 0..<min(step, rw - tx) { Self.store(c, line + (tx + dx) * 4) }
 868 |                     }
 869 |                     tx += step
     |                           `- warning: reference to captured var 'step' in concurrently-executing code [#SendableClosureCaptures]
 870 |                 }
 871 |             }

[#SendableClosureCaptures]: <https://docs.swift.org/compiler/documentation/diagnostics/sendable-closure-captures>
[8/12] Compiling Tessera AISettingsView.swift
/Users/rutmehta/Developer/lightroom/.worktrees/B5-16/apps/mac/Sources/Tessera/Document/AdjustmentEditors.swift:55:55: warning: passing non-Sendable parameter 'change' to function expecting a '@Sendable' closure
 52 |     }
 53 | 
 54 |     private func checkbox(_ title: String, _ on: Bool, _ key: String, _ change: @escaping (Bool) -> Void) -> some View {
    |                                                                         `- note: parameter 'change' is implicitly non-Sendable
 55 |         Toggle(title, isOn: Binding(get: { on }, set: change))
    |                                                       `- warning: passing non-Sendable parameter 'change' to function expecting a '@Sendable' closure
 56 |             .toggleStyle(.checkbox)
 57 |             .font(Theme.Fonts.caption)

/Users/rutmehta/Developer/lightroom/.worktrees/B5-16/apps/mac/Sources/Tessera/Document/Transforms/DocumentTransforms.swift:676:21: warning: 'where' only applies to the second pattern match in this 'case'
674 |         let mods = e.modifierFlags.intersection(.deviceIndependentFlagsMask).subtracting([.numericPad, .function, .capsLock])
675 |         switch e.keyCode {
676 |         case 36, 76 where mods.isEmpty || mods == [.command]: apply(); return true
    |              |   |  `- warning: 'where' only applies to the second pattern match in this 'case'
    |              |   `- note: disambiguate by adding a line break between them if this is desired
    |              `- note: duplicate the 'where' on both patterns to check both patterns
677 |         case 53 where mods.isEmpty: cancel(); return true
678 |         case 51, 117 where mods.isEmpty:

/Users/rutmehta/Developer/lightroom/.worktrees/B5-16/apps/mac/Sources/Tessera/Document/Transforms/DocumentTransforms.swift:678:22: warning: 'where' only applies to the second pattern match in this 'case'
676 |         case 36, 76 where mods.isEmpty || mods == [.command]: apply(); return true
677 |         case 53 where mods.isEmpty: cancel(); return true
678 |         case 51, 117 where mods.isEmpty:
    |              |   |   `- warning: 'where' only applies to the second pattern match in this 'case'
    |              |   `- note: disambiguate by adding a line break between them if this is desired
    |              `- note: duplicate the 'where' on both patterns to check both patterns
679 |             if case .puppet = session?.op, selectedPin != nil { removeSelectedPin(); return true }
680 |             return false

/Users/rutmehta/Developer/lightroom/.worktrees/B5-16/apps/mac/Sources/Tessera/Document/Transforms/TransformSelfTest.swift:460:16: warning: value 'id' was defined but never used; consider replacing with boolean test [#no-usage]
458 | 
459 |         // 395: position lock rejects geometry.
460 |         if let id = doc?.primary?.id {
    |                `- warning: value 'id' was defined but never used; consider replacing with boolean test [#no-usage]
461 |             doc?.toggleLock(.position)
462 |             await settle()
[8/12] Write Objects.LinkFileList
[9/12] Linking Tessera
[11/13] Compiling TesseraCoreTests AssistTests.swift
/Users/rutmehta/Developer/lightroom/.worktrees/B5-16/apps/mac/Tests/TesseraCoreTests/EngineDocumentBackendTests.swift:190:54: warning: capture of 'self' with non-Sendable type 'EngineDocumentBackendTests' in a '@Sendable' closure [#SendableClosureCaptures]
  9 | /// history ids, listener coalescing, a real `DocumentSession` behind `DocumentBackend`, and the
 10 | /// workspace's engine-vs-stub choice.
 11 | final class EngineDocumentBackendTests: XCTestCase {
    |             `- note: class 'EngineDocumentBackendTests' does not conform to the 'Sendable' protocol
 12 |     private func temp() throws -> URL {
 13 |         let dir = FileManager.default.temporaryDirectory.appendingPathComponent("engine-doc-\(UUID().uuidString)")
    :
188 |         let done = expectation(description: "delivered")
189 |         DispatchQueue.global().async {
190 |             for e in 1...20 { adapter.onFrame(frame: self.frameInfo(epoch: UInt64(e))) }
    |                                                      `- warning: capture of 'self' with non-Sendable type 'EngineDocumentBackendTests' in a '@Sendable' closure [#SendableClosureCaptures]
191 |             DispatchQueue.main.async { done.fulfill() }
192 |         }

[#SendableClosureCaptures]: <https://docs.swift.org/compiler/documentation/diagnostics/sendable-closure-captures>
[12/14] Compiling TesseraPackageTests runner.swift
[12/14] Write Objects.LinkFileList
[13/14] Linking TesseraPackageTests
Build complete! (144.95s)
Test Suite 'Selected tests' started at 2026-09-27 14:45:10.675.
Test Suite 'TesseraPackageTests.xctest' started at 2026-09-27 14:45:10.679.
Test Suite 'DocumentAdjustmentAnalysisTests' started at 2026-09-27 14:45:10.679.
Test Case '-[TesseraCoreTests.DocumentAdjustmentAnalysisTests testLegacyMatchColorNeutralizeReopenDisableUndoAndSave]' started.
2026-09-27 14:45:10.680 xctest[68696:26253252] Unrecognized colorspace number -1
2026-09-27 14:45:10.680 xctest[68696:26253252] Unknown number of components for colorspace model -1
2026-09-27 14:45:10.680 xctest[68696:26253252] Unrecognized colorspace number -1
2026-09-27 14:45:10.680 xctest[68696:26253252] Unknown number of components for colorspace model -1
2026-09-27 14:45:10.680 xctest[68696:26253252] Unrecognized colorspace number -1
2026-09-27 14:45:10.680 xctest[68696:26253252] Unknown number of components for colorspace model -1
2026-09-27 14:45:10.680 xctest[68696:26253252] Unrecognized colorspace number -1
2026-09-27 14:45:10.680 xctest[68696:26253252] Unknown number of components for colorspace model -1
2026-09-27 14:45:10.680 xctest[68696:26253252] Unrecognized colorspace number -1
2026-09-27 14:45:10.680 xctest[68696:26253252] Unknown number of components for colorspace model -1
2026-09-27 14:45:10.680 xctest[68696:26253252] Unrecognized colorspace number -1
2026-09-27 14:45:10.680 xctest[68696:26253252] Unknown number of components for colorspace model -1
2026-09-27 14:45:10.680 xctest[68696:26253252] Unrecognized colorspace number -1
2026-09-27 14:45:10.680 xctest[68696:26253252] Unknown number of components for colorspace model -1
2026-09-27 14:45:10.680 xctest[68696:26253252] Unrecognized colorspace number -1
2026-09-27 14:45:10.680 xctest[68696:26253252] Unknown number of components for colorspace model -1
2026-09-27 14:45:10.680 xctest[68696:26253252] Unrecognized colorspace number -1
2026-09-27 14:45:10.680 xctest[68696:26253252] Unknown number of components for colorspace model -1
2026-09-27 14:45:10.680 xctest[68696:26253252] Unrecognized colorspace number -1
2026-09-27 14:45:10.680 xctest[68696:26253252] Unknown number of components for colorspace model -1
2026-09-27 14:45:10.680 xctest[68696:26253252] Unrecognized colorspace number -1
2026-09-27 14:45:10.680 xctest[68696:26253252] Unknown number of components for colorspace model -1
2026-09-27 14:45:10.680 xctest[68696:26253252] Unrecognized colorspace number -1
2026-09-27 14:45:10.680 xctest[68696:26253252] Unknown number of components for colorspace model -1
2026-09-27 14:45:10.680 xctest[68696:26253252] Unrecognized colorspace number -1
2026-09-27 14:45:10.680 xctest[68696:26253252] Unknown number of components for colorspace model -1
2026-09-27 14:45:10.680 xctest[68696:26253252] Unrecognized colorspace number -1
2026-09-27 14:45:10.680 xctest[68696:26253252] Unknown number of components for colorspace model -1
2026-09-27 14:45:10.680 xctest[68696:26253252] Unrecognized colorspace number -1
2026-09-27 14:45:10.680 xctest[68696:26253252] Unknown number of components for colorspace model -1
2026-09-27 14:45:10.680 xctest[68696:26253252] Unrecognized colorspace number -1
2026-09-27 14:45:10.680 xctest[68696:26253252] Unknown number of components for colorspace model -1
/Users/rutmehta/Developer/lightroom/.worktrees/B5-16/apps/mac/Tests/TesseraCoreTests/DocumentAdjustmentAnalysisTests.swift:215: error: -[TesseraCoreTests.DocumentAdjustmentAnalysisTests testLegacyMatchColorNeutralizeReopenDisableUndoAndSave] : XCTAssertFalse failed
/Users/rutmehta/Developer/lightroom/.worktrees/B5-16/apps/mac/Tests/TesseraCoreTests/DocumentAdjustmentAnalysisTests.swift:216: error: -[TesseraCoreTests.DocumentAdjustmentAnalysisTests testLegacyMatchColorNeutralizeReopenDisableUndoAndSave] : XCTUnwrap failed: expected non-nil value of type "MatchColorModel"
Test Case '-[TesseraCoreTests.DocumentAdjustmentAnalysisTests testLegacyMatchColorNeutralizeReopenDisableUndoAndSave]' failed (0.869 seconds).
Test Suite 'DocumentAdjustmentAnalysisTests' failed at 2026-09-27 14:45:11.548.
	 Executed 1 test, with 2 failures (0 unexpected) in 0.869 (0.870) seconds
Test Suite 'TesseraPackageTests.xctest' failed at 2026-09-27 14:45:11.548.
	 Executed 1 test, with 2 failures (0 unexpected) in 0.869 (0.870) seconds
Test Suite 'Selected tests' failed at 2026-09-27 14:45:11.549.
	 Executed 1 test, with 2 failures (0 unexpected) in 0.869 (0.873) seconds
◇ Test run started.
↳ Testing Library Version: 1501
↳ Target Platform: arm64e-apple-macos14.0
✔ Test run with 0 tests in 0 suites passed after 0.001 seconds.
