CARGO_TARGET_DIR=/Volumes/betterSSD/tessera-cache/target/M5-34 cargo test -p compositor -p typography -p vector --release --no-fail-fast
    Finished `release` profile [optimized] target(s) in 6m 47s
     Running unittests src/lib.rs (/Volumes/betterSSD/tessera-cache/target/M5-34/release/deps/compositor-02b6855998dd6a19)

running 60 tests
test adjust::extended_tests::color_balance_tone_weights ... ok
test adjust::extended_tests::black_white_hue_sliders_and_tint ... ok
test adjust::extended_tests::gradient_dither_is_spatial_repeatable_and_bounded ... ok
test adjust::extended_tests::auto_resolves_percentiles_and_modes ... ok
test adjust::extended_tests::equalize_cdf_constructor_and_degenerate_histograms ... ok
test adjust::extended_tests::desaturate_uses_hsl_lightness_not_weighted_luma ... ok
test adjust::extended_tests::cube_loader_trilinear_axis_order_and_errors ... ok
test adjust::extended_tests::every_named_preset_round_trips ... ok
test adjust::extended_tests::gradient_methods_reverse_sort_and_dither ... ok
test adjust::extended_tests::match_color_from_layer_resolves_nested_source ... ok
test adjust::extended_tests::gradient_without_dither_ignores_position ... ok
test adjust::extended_tests::match_color_resolves_layer_lab_stats_and_fade ... ok
test adjust::extended_tests::brightness_preserves_endpoints_and_legacy_is_affine ... ok
test adjust::extended_tests::match_layer_skips_transparent_pixels_and_rejects_empty ... ok
test adjust::extended_tests::photo_filter_multiplies_density_and_preserves_luma ... ok
test adjust::extended_tests::preset_resolves_named_and_custom_colors ... ok
test adjust::extended_tests::replace_color_masks_distance_and_shifts_hsl ... ok
test adjust::extended_tests::selective_color_membership_absolute_and_relative ... ok
test adjust::extended_tests::three_dl_loader_converts_blue_fastest_and_requires_scale ... ok
test adjust::extended_tests::vibrance_chroma_and_neutral_invariants ... ok
test adjust::tests::hsl_round_trip ... ok
test adjust::tests::curve_is_monotone_and_interpolates ... ok
test adjust::tests::levels_formula ... ok
test blend::tests::psd_keys_round_trip ... ok
test adjust::extended_tests::versioned_lookup_rejects_invalid_shape ... ok
test blend::tests::set_sat_matches_pdf ... ok
test adjust::extended_tests::new_adjustments_round_trip_versioned_envelope ... ok
test adjust::extended_tests::validate_rejects_nonfinite_direct_controls ... ok
test blend::tests::slider_weights ... ok
test geom::tests::affine_inverse ... ok
test geom::tests::rect_levels ... ok
test raster::tests::edit_and_read_back ... ok
test render::styles::tests::all_stroke_positions_use_morphological_bands ... ok
test render::styles::tests::bevel_light_reversal_swaps_highlight_edge ... ok
test render::styles::tests::effects_are_stably_sorted_behind_and_above ... ok
test psd::placed::tests::retains_unknown_descriptor_fields_on_affine_export ... ok
test render::styles::tests::empty_disabled_transparent_and_zero_size_are_safe ... ok
test render::styles::tests::gradient_and_pattern_overlays_use_fill_sampler_and_fill_alpha ... ok
test render::styles::tests::inner_glow_edge_and_center_are_complements ... ok
test render::styles::tests::inner_shadow_is_complement_of_shifted_alpha ... ok
test render::styles::tests::outer_glow_gaussian_matches_impulse_kernel ... ok
test render::styles::tests::invalid_numbers_kernels_and_patterns_are_rejected ... ok
test render::styles::tests::overlay_is_straight_and_shape_clipped ... ok
test render::styles::tests::satin_is_difference_of_opposite_offsets_and_can_invert ... ok
test resident::output::tests::benchmark_present_before_after_resident_lut ... ignored, printing before/after resident presentation benchmark; run explicitly on Metal
test render::styles::tests::shadow_distance_scales_and_uses_global_or_local_light ... ok
test render::styles::tests::serde_round_trip_preserves_placeholder_controls_and_defaults ... ok
test resident::adjustment_limits::tests::auxiliary_allocation_respects_both_device_limits ... ok
test render::styles::tests::spread_and_blur_size_scale ... ok
test resident::program::spatial_tests::compiles_positive_radius ... ok
test resident::spatial::tests::spatial_and_document_shaders_validate_without_adapter ... ok
test resident::output::tests::lut_clamps_input_but_preserves_extended_output ... FAILED
test resident::output::tests::profiled_output_matches_cpu_and_caches_preparation ... FAILED
test resident::output::tests::edr_preserves_extended_values_alpha_and_offsets ... FAILED
test resident::output::tests::profiles_reject_unresolved_invalid_and_unsupported_contracts ... FAILED
test resident::output::tests::lut_transforms_straight_rgb_before_premultiplication_and_flattening ... FAILED
test resident::output::tests::validates_target_bounds_source_policy_and_lut ... FAILED
test resident::output::tests::linear_profiled_hdr_preserves_highlights_and_caps_headroom ... FAILED
test resident::output::tests::encoded_profiles_to_linear_displays_match_lcms_grid ... FAILED
test render::live::sparse_parity_tests::sparse_source_matches_legacy_full_tile_arithmetic ... ok

failures:

---- resident::output::tests::lut_clamps_input_but_preserves_extended_output stdout ----

thread 'resident::output::tests::lut_clamps_input_but_preserves_extended_output' (88547982) panicked at crates/compositor/src/resident/output.rs:504:36:
Metal device required for output tests: Internal { message: "Metal adapter: No suitable graphics adapter found; noop not requested, vulkan not requested, metal found no adapters, dx12 not requested, gl not requested, webgpu not requested" }

---- resident::output::tests::profiled_output_matches_cpu_and_caches_preparation stdout ----

thread 'resident::output::tests::profiled_output_matches_cpu_and_caches_preparation' (88547984) panicked at crates/compositor/src/resident/output.rs:504:36:
Metal device required for output tests: Internal { message: "Metal adapter: No suitable graphics adapter found; noop not requested, vulkan not requested, metal found no adapters, dx12 not requested, gl not requested, webgpu not requested" }

---- resident::output::tests::edr_preserves_extended_values_alpha_and_offsets stdout ----

thread 'resident::output::tests::edr_preserves_extended_values_alpha_and_offsets' (88547979) panicked at crates/compositor/src/resident/output.rs:504:36:
Metal device required for output tests: Internal { message: "Metal adapter: No suitable graphics adapter found; noop not requested, vulkan not requested, metal found no adapters, dx12 not requested, gl not requested, webgpu not requested" }

---- resident::output::tests::profiles_reject_unresolved_invalid_and_unsupported_contracts stdout ----

thread 'resident::output::tests::profiles_reject_unresolved_invalid_and_unsupported_contracts' (88547985) panicked at crates/compositor/src/resident/output.rs:504:36:
Metal device required for output tests: Internal { message: "Metal adapter: No suitable graphics adapter found; noop not requested, vulkan not requested, metal found no adapters, dx12 not requested, gl not requested, webgpu not requested" }

---- resident::output::tests::lut_transforms_straight_rgb_before_premultiplication_and_flattening stdout ----

thread 'resident::output::tests::lut_transforms_straight_rgb_before_premultiplication_and_flattening' (88547983) panicked at crates/compositor/src/resident/output.rs:504:36:
Metal device required for output tests: Internal { message: "Metal adapter: No suitable graphics adapter found; noop not requested, vulkan not requested, metal found no adapters, dx12 not requested, gl not requested, webgpu not requested" }
note: run with `RUST_BACKTRACE=1` environment variable to display a backtrace

---- resident::output::tests::validates_target_bounds_source_policy_and_lut stdout ----

thread 'resident::output::tests::validates_target_bounds_source_policy_and_lut' (88547986) panicked at crates/compositor/src/resident/output.rs:504:36:
Metal device required for output tests: Internal { message: "Metal adapter: No suitable graphics adapter found; noop not requested, vulkan not requested, metal found no adapters, dx12 not requested, gl not requested, webgpu not requested" }

---- resident::output::tests::linear_profiled_hdr_preserves_highlights_and_caps_headroom stdout ----

thread 'resident::output::tests::linear_profiled_hdr_preserves_highlights_and_caps_headroom' (88547981) panicked at crates/compositor/src/resident/output.rs:504:36:
Metal device required for output tests: Internal { message: "Metal adapter: No suitable graphics adapter found; noop not requested, vulkan not requested, metal found no adapters, dx12 not requested, gl not requested, webgpu not requested" }

---- resident::output::tests::encoded_profiles_to_linear_displays_match_lcms_grid stdout ----

thread 'resident::output::tests::encoded_profiles_to_linear_displays_match_lcms_grid' (88547980) panicked at crates/compositor/src/resident/output.rs:504:36:
Metal device required for output tests: Internal { message: "Metal adapter: No suitable graphics adapter found; noop not requested, vulkan not requested, metal found no adapters, dx12 not requested, gl not requested, webgpu not requested" }


failures:
    resident::output::tests::edr_preserves_extended_values_alpha_and_offsets
    resident::output::tests::encoded_profiles_to_linear_displays_match_lcms_grid
    resident::output::tests::linear_profiled_hdr_preserves_highlights_and_caps_headroom
    resident::output::tests::lut_clamps_input_but_preserves_extended_output
    resident::output::tests::lut_transforms_straight_rgb_before_premultiplication_and_flattening
    resident::output::tests::profiled_output_matches_cpu_and_caches_preparation
    resident::output::tests::profiles_reject_unresolved_invalid_and_unsupported_contracts
    resident::output::tests::validates_target_bounds_source_policy_and_lut

test result: FAILED. 51 passed; 8 failed; 1 ignored; 0 measured; 0 filtered out; finished in 0.42s

error: test failed, to rerun pass `-p compositor --lib`
     Running tests/bench.rs (/Volumes/betterSSD/tessera-cache/target/M5-34/release/deps/bench-cd909ee444bd4480)

running 5 tests
test composite_100_layers_20mp_at_level_2 ... ignored, bench: run with --ignored --nocapture
test m5_08_l0_prefix_trace ... ignored, diagnostic: original 20 MP L0 failure, layer-prefix trace
test m5_08_structure_and_viewport ... ignored, 20 MP / 100 layers, hardware timing
test resident_100_layers_20mp ... ignored, bench: run with --ignored --nocapture
test m5_08_hard_mix_boundary ... FAILED

failures:

---- m5_08_hard_mix_boundary stdout ----

thread 'm5_08_hard_mix_boundary' (88548147) panicked at crates/compositor/tests/bench.rs:128:34:
Metal required: Internal { message: "Metal adapter: No suitable graphics adapter found; noop not requested, vulkan not requested, metal found no adapters, dx12 not requested, gl not requested, webgpu not requested" }
note: run with `RUST_BACKTRACE=1` environment variable to display a backtrace


failures:
    m5_08_hard_mix_boundary

test result: FAILED. 0 passed; 1 failed; 4 ignored; 0 measured; 0 filtered out; finished in 0.02s

error: test failed, to rerun pass `-p compositor --test bench`
     Running tests/bench_micro.rs (/Volumes/betterSSD/tessera-cache/target/M5-34/release/deps/bench_micro-f22c7d36c916d616)

running 3 tests
test gpu_calibration ... ignored, bench
test resident_micro ... ignored, bench
test resident_per_mode ... ignored, bench

test result: ok. 0 passed; 0 failed; 3 ignored; 0 measured; 0 filtered out; finished in 0.00s

     Running tests/blend_modes.rs (/Volumes/betterSSD/tessera-cache/target/M5-34/release/deps/blend_modes-fd13a2239946fc8e)

running 4 tests
test every_mode_matches_reference_opaque ... ok
test dissolve_is_a_deterministic_binary_threshold ... ok
test partial_alpha_uses_general_compositing_formula ... ok
test eight_bit_documents_quantize_only_storage ... ok

test result: ok. 4 passed; 0 failed; 0 ignored; 0 measured; 0 filtered out; finished in 0.00s

     Running tests/caching.rs (/Volumes/betterSSD/tessera-cache/target/M5-34/release/deps/caching-25745de9a6218676)

running 5 tests
test duplicate_then_edit_one_tile_leaves_original_untouched ... ok
test pyramid_view_matches_level_render ... ok
test non_linear_history_and_snapshots ... ok
test cache_invalidation_is_local_to_the_edited_tiles ... ok
test dirty_rect_compositing_is_bit_exact ... ok

test result: ok. 5 passed; 0 failed; 0 ignored; 0 measured; 0 filtered out; finished in 0.17s

     Running tests/channels.rs (/Volumes/betterSSD/tessera-cache/target/M5-34/release/deps/channels-62b8fc354bec9618)

running 3 tests
test invalid_channel_batches_are_atomic ... ok
test channels_follow_history ... ok
test edit_delete_spot_history_storage_and_composite ... ok

test result: ok. 3 passed; 0 failed; 0 ignored; 0 measured; 0 filtered out; finished in 0.01s

     Running tests/contracts.rs (/Volumes/betterSSD/tessera-cache/target/M5-34/release/deps/contracts-9205b8a2d0b08af1)

running 3 tests
test layer_ids_are_the_contract_type ... ok
test blend_modes_match_in_menu_order ... ok
test adjustments_depth_group_mode_rect_and_affine_convert ... ok

test result: ok. 3 passed; 0 failed; 0 ignored; 0 measured; 0 filtered out; finished in 0.00s

     Running tests/gpu.rs (/Volumes/betterSSD/tessera-cache/target/M5-34/release/deps/gpu-541f243682f1acf3)

running 3 tests
test gpu_declines_adjustment_layers ... ok
test every_mode_matches_on_the_gpu ... ok
test gpu_matches_cpu_reference ... ok

test result: ok. 3 passed; 0 failed; 0 ignored; 0 measured; 0 filtered out; finished in 0.02s

     Running tests/gpu_profiled_output.rs (/Volumes/betterSSD/tessera-cache/target/M5-34/release/deps/gpu_profiled_output-44c4a237f989a2ae)

running 1 test
test profiled_viewport_rebases_and_rejects_stale_or_foreign_document ... FAILED

failures:

---- profiled_viewport_rebases_and_rejects_stale_or_foreign_document stdout ----

thread 'profiled_viewport_rebases_and_rejects_stale_or_foreign_document' (88548745) panicked at crates/compositor/tests/gpu_profiled_output.rs:17:34:
Metal required: Internal { message: "Metal adapter: No suitable graphics adapter found; noop not requested, vulkan not requested, metal found no adapters, dx12 not requested, gl not requested, webgpu not requested" }
note: run with `RUST_BACKTRACE=1` environment variable to display a backtrace


failures:
    profiled_viewport_rebases_and_rejects_stale_or_foreign_document

test result: FAILED. 0 passed; 1 failed; 0 ignored; 0 measured; 0 filtered out; finished in 0.02s

error: test failed, to rerun pass `-p compositor --test gpu_profiled_output`
     Running tests/gpu_resident.rs (/Volumes/betterSSD/tessera-cache/target/M5-34/release/deps/gpu_resident-acc4f419bc6a520e)

running 16 tests
test cached_composites_are_flagged_premultiplied_and_levels_go_to_one_pixel ... ok
test copy_on_write_duplicates_share_pages ... ok
test dirty_rect_frames_are_bit_exact_and_local ... ok
test rendering_is_deterministic ... ok
test one_shared_device_serves_the_compositor ... ok
test present_flattens_into_an_rgba8_storage_texture ... ok
test resident_chain_matches_cpu_at_every_depth_and_level ... ok
test integer_mips_are_exact ... ok
test specialization_cache_is_bounded_and_large_programs_fall_back ... ok
test specialized_matches_interpreter_and_reuses_structure ... ok
test viewport_pan_preserves_offscreen_damage ... ok
test viewport_resolves_only_visible_tiles ... ok
test every_mode_and_adjustment_within_operator_tolerance ... ok
test smart_transform_invalidates_even_with_newer_child_revision ... ok
test small_budget_evicts_history_pages_and_stays_correct ... ok
test smart_objects_render_through_gpu_resampled_pages ... ok

test result: ok. 16 passed; 0 failed; 0 ignored; 0 measured; 0 filtered out; finished in 0.02s

     Running tests/gpu_resident_output.rs (/Volumes/betterSSD/tessera-cache/target/M5-34/release/deps/gpu_resident_output-deaba84ed5e095bb)

running 1 test
test resident_viewport_presents_edr_and_rejects_unrendered_regions ... FAILED

failures:

---- resident_viewport_presents_edr_and_rejects_unrendered_regions stdout ----

thread 'resident_viewport_presents_edr_and_rejects_unrendered_regions' (88548906) panicked at crates/compositor/tests/gpu_resident_output.rs:17:34:
Metal required: Internal { message: "Metal adapter: No suitable graphics adapter found; noop not requested, vulkan not requested, metal found no adapters, dx12 not requested, gl not requested, webgpu not requested" }
note: run with `RUST_BACKTRACE=1` environment variable to display a backtrace


failures:
    resident_viewport_presents_edr_and_rejects_unrendered_regions

test result: FAILED. 0 passed; 1 failed; 0 ignored; 0 measured; 0 filtered out; finished in 0.02s

error: test failed, to rerun pass `-p compositor --test gpu_resident_output`
     Running tests/gpu_resident_viewport.rs (/Volumes/betterSSD/tessera-cache/target/M5-34/release/deps/gpu_resident_viewport-9801dd76d8815fd1)

running 5 tests
test nonzero_viewport_rgba8_matches_full_render_after_pan_and_specialization ... FAILED
test huge_smart_child_renders_only_the_sampling_window ... FAILED
test oversized_full_render_does_not_poison_viewport_mips ... FAILED
test output_storage_tracks_viewport_not_canvas ... FAILED
test compact_smart_windows_match_cpu_across_parent_tiles ... FAILED

failures:

---- nonzero_viewport_rgba8_matches_full_render_after_pan_and_specialization stdout ----

thread 'nonzero_viewport_rgba8_matches_full_render_after_pan_and_specialization' (88548969) panicked at crates/compositor/tests/gpu_resident_viewport.rs:55:34:
Metal required: Internal { message: "Metal adapter: No suitable graphics adapter found; noop not requested, vulkan not requested, metal found no adapters, dx12 not requested, gl not requested, webgpu not requested" }

---- huge_smart_child_renders_only_the_sampling_window stdout ----

thread 'huge_smart_child_renders_only_the_sampling_window' (88548968) panicked at crates/compositor/tests/gpu_resident_viewport.rs:87:34:
Metal required: Internal { message: "Metal adapter: No suitable graphics adapter found; noop not requested, vulkan not requested, metal found no adapters, dx12 not requested, gl not requested, webgpu not requested" }

---- oversized_full_render_does_not_poison_viewport_mips stdout ----

thread 'oversized_full_render_does_not_poison_viewport_mips' (88548971) panicked at crates/compositor/tests/gpu_resident_viewport.rs:176:34:
Metal required: Internal { message: "Metal adapter: No suitable graphics adapter found; noop not requested, vulkan not requested, metal found no adapters, dx12 not requested, gl not requested, webgpu not requested" }
note: run with `RUST_BACKTRACE=1` environment variable to display a backtrace

---- output_storage_tracks_viewport_not_canvas stdout ----

thread 'output_storage_tracks_viewport_not_canvas' (88548970) panicked at crates/compositor/tests/gpu_resident_viewport.rs:158:34:
Metal required: Internal { message: "Metal adapter: No suitable graphics adapter found; noop not requested, vulkan not requested, metal found no adapters, dx12 not requested, gl not requested, webgpu not requested" }

---- compact_smart_windows_match_cpu_across_parent_tiles stdout ----

thread 'compact_smart_windows_match_cpu_across_parent_tiles' (88548967) panicked at crates/compositor/tests/gpu_resident_viewport.rs:112:34:
Metal required: Internal { message: "Metal adapter: No suitable graphics adapter found; noop not requested, vulkan not requested, metal found no adapters, dx12 not requested, gl not requested, webgpu not requested" }


failures:
    compact_smart_windows_match_cpu_across_parent_tiles
    huge_smart_child_renders_only_the_sampling_window
    nonzero_viewport_rgba8_matches_full_render_after_pan_and_specialization
    output_storage_tracks_viewport_not_canvas
    oversized_full_render_does_not_poison_viewport_mips

test result: FAILED. 0 passed; 5 failed; 0 ignored; 0 measured; 0 filtered out; finished in 0.02s

error: test failed, to rerun pass `-p compositor --test gpu_resident_viewport`
     Running tests/gpu_smart_resample.rs (/Volumes/betterSSD/tessera-cache/target/M5-34/release/deps/gpu_smart_resample-5a09dc05da630c0a)

running 7 tests
test plan_rejects_invalid_geometry_and_selects_determinant_mip ... ok
test gpu_child_and_resampling_match_cpu_smart_tiles ... FAILED
test large_parent_coordinates_keep_fractional_footprints ... FAILED
test lanczos_level_zero_matches_independent_reference_and_is_deterministic ... FAILED
test lanczos_support_reaches_beyond_object_bounds_into_adjacent_tile ... FAILED
test resident_quality_switch_invalidates_nested_caches_and_higher_levels_stay_bilinear ... FAILED
test identity_writes_straight_planar_at_page_offset ... FAILED

failures:

---- gpu_child_and_resampling_match_cpu_smart_tiles stdout ----

thread 'gpu_child_and_resampling_match_cpu_smart_tiles' (88549008) panicked at crates/compositor/tests/gpu_smart_resample.rs:57:41:
called `Result::unwrap()` on an `Err` value: Internal { message: "Metal adapter: No suitable graphics adapter found; noop not requested, vulkan not requested, metal found no adapters, dx12 not requested, gl not requested, webgpu not requested" }
note: run with `RUST_BACKTRACE=1` environment variable to display a backtrace

---- large_parent_coordinates_keep_fractional_footprints stdout ----

thread 'large_parent_coordinates_keep_fractional_footprints' (88549012) panicked at crates/compositor/tests/gpu_smart_resample.rs:158:41:
called `Result::unwrap()` on an `Err` value: Internal { message: "Metal adapter: No suitable graphics adapter found; noop not requested, vulkan not requested, metal found no adapters, dx12 not requested, gl not requested, webgpu not requested" }

---- lanczos_level_zero_matches_independent_reference_and_is_deterministic stdout ----

thread 'lanczos_level_zero_matches_independent_reference_and_is_deterministic' (88549010) panicked at crates/compositor/tests/gpu_smart_resample.rs:295:41:
Metal GPU required: Internal { message: "Metal adapter: No suitable graphics adapter found; noop not requested, vulkan not requested, metal found no adapters, dx12 not requested, gl not requested, webgpu not requested" }

---- lanczos_support_reaches_beyond_object_bounds_into_adjacent_tile stdout ----

thread 'lanczos_support_reaches_beyond_object_bounds_into_adjacent_tile' (88549011) panicked at crates/compositor/tests/gpu_smart_resample.rs:420:41:
called `Result::unwrap()` on an `Err` value: Internal { message: "Metal adapter: No suitable graphics adapter found; noop not requested, vulkan not requested, metal found no adapters, dx12 not requested, gl not requested, webgpu not requested" }

---- resident_quality_switch_invalidates_nested_caches_and_higher_levels_stay_bilinear stdout ----

thread 'resident_quality_switch_invalidates_nested_caches_and_higher_levels_stay_bilinear' (88549014) panicked at crates/compositor/tests/gpu_smart_resample.rs:365:41:
called `Result::unwrap()` on an `Err` value: Internal { message: "Metal adapter: No suitable graphics adapter found; noop not requested, vulkan not requested, metal found no adapters, dx12 not requested, gl not requested, webgpu not requested" }

---- identity_writes_straight_planar_at_page_offset stdout ----

thread 'identity_writes_straight_planar_at_page_offset' (88549009) panicked at crates/compositor/tests/gpu_smart_resample.rs:16:41:
Metal GPU required: Internal { message: "Metal adapter: No suitable graphics adapter found; noop not requested, vulkan not requested, metal found no adapters, dx12 not requested, gl not requested, webgpu not requested" }


failures:
    gpu_child_and_resampling_match_cpu_smart_tiles
    identity_writes_straight_planar_at_page_offset
    lanczos_level_zero_matches_independent_reference_and_is_deterministic
    lanczos_support_reaches_beyond_object_bounds_into_adjacent_tile
    large_parent_coordinates_keep_fractional_footprints
    resident_quality_switch_invalidates_nested_caches_and_higher_levels_stay_bilinear

test result: FAILED. 1 passed; 6 failed; 0 ignored; 0 measured; 0 filtered out; finished in 0.02s

error: test failed, to rerun pass `-p compositor --test gpu_smart_resample`
     Running tests/hdr_toning.rs (/Volumes/betterSSD/tessera-cache/target/M5-34/release/deps/hdr_toning-98c26ace53bcc0d0)

running 6 tests
test hdr_local_controls_change_real_pixels_and_identity_preserves_hdr ... ok
test hdr_methods_have_analytic_hdr_results ... ok
test hdr_padded_local_preserves_alpha_and_rejects_missing_halo ... ok
test hdr_toning_checked_interchange_accepts_native_methods ... ok
test hdr_validation_and_frozen_histogram_roundtrip ... ok
test hdr_local_render_matches_whole_backdrop_at_l0_l2_seams ... ok

test result: ok. 6 passed; 0 failed; 0 ignored; 0 measured; 0 filtered out; finished in 0.02s

     Running tests/layer_styles.rs (/Volumes/betterSSD/tessera-cache/target/M5-34/release/deps/layer_styles-15267c6a16ec3574)

running 5 tests
test global_light_changes_all_layers_and_undo_restores_cached_result ... ok
test overlay_preserves_antialiased_shape_alpha ... ok
test layer_opacity_fades_entire_style_stack_once ... ok
test shadow_crosses_tiles_and_paint_invalidates_its_neighbour ... ok
test overlay_survives_zero_fill_and_native_roundtrip ... ok

test result: ok. 5 passed; 0 failed; 0 ignored; 0 measured; 0 filtered out; finished in 0.01s

     Running tests/lens_merge.rs (/Volumes/betterSSD/tessera-cache/target/M5-34/release/deps/lens_merge-5a9602ac0d678071)

running 1 test
test vignette_is_editable_and_survives_photomerge_history ... ok

test result: ok. 1 passed; 0 failed; 0 ignored; 0 measured; 0 filtered out; finished in 0.02s

     Running tests/lens_merge_roundtrip.rs (/Volumes/betterSSD/tessera-cache/target/M5-34/release/deps/lens_merge_roundtrip-8ee5319b584ba6d7)

running 2 tests
test invalid_lens_calibration_leaves_history_and_document_unchanged ... ok
test corrected_photomerge_matches_merge_and_roundtrips_native_and_psd ... ok

test result: ok. 2 passed; 0 failed; 0 ignored; 0 measured; 0 filtered out; finished in 0.17s

     Running tests/live_latency.rs (/Volumes/betterSSD/tessera-cache/target/M5-34/release/deps/live_latency-60a386fc510be5c4)

running 1 test
test photo_typing_and_shape_handle_cpu_latency ... ignored, 20MP CPU frame latency benchmark; run in release mode on an idle machine

test result: ok. 0 passed; 0 failed; 1 ignored; 0 measured; 0 filtered out; finished in 0.00s

     Running tests/live_render.rs (/Volumes/betterSSD/tessera-cache/target/M5-34/release/deps/live_render-8cecc63edc54319a)

running 16 tests
test invalid_live_tile_coordinates_return_errors_before_bound_scaling ... ok
test hidden_live_content_never_resolves_fonts ... ok
test combined_mask_obeys_resident_effective_mask_rounding ... ok
test live_shapes_render_at_each_level_and_model_changes_invalidate ... ok
test feather_has_no_tile_seam_and_multiplies_raster_mask ... ok
test source_cache_reuses_model_tiles_after_composite_eviction_and_undo ... ok
test vector_mask_is_rendered_with_density ... ok
test very_distant_finite_live_geometry_is_transparent_without_integer_overflow ... ok
test text_uses_live_outlines_and_explicit_fonts ... ok
test appending_only_rasterizes_new_glyph_coverage ... ok
test resident_live_geometry_and_masks_match_cpu ... ok
test moving_shape_erases_old_tiles_and_preserves_distant_tiles ... ok
test live_edits_reuse_distant_composites ... ok
test tiny_cache_and_font_replacement_do_not_reuse_stale_live_pixels ... ok
test live_masks_group_properties_and_style_halos_remain_conservative ... ok
test paragraph_edits_deletion_transform_and_reflow_match_cold ... ok

test result: ok. 16 passed; 0 failed; 0 ignored; 0 measured; 0 filtered out; finished in 0.76s

     Running tests/live_text_resident.rs (/Volumes/betterSSD/tessera-cache/target/M5-34/release/deps/live_text_resident-a9393083b9dd087a)

running 1 test
test resident_text_matches_cpu_after_run_edit_undo_and_font_reset ... FAILED

failures:

---- resident_text_matches_cpu_after_run_edit_undo_and_font_reset stdout ----

thread 'resident_text_matches_cpu_after_run_edit_undo_and_font_reset' (88549426) panicked at crates/compositor/tests/live_text_resident.rs:18:53:
Metal adapter for live text parity: Internal { message: "Metal adapter: No suitable graphics adapter found; noop not requested, vulkan not requested, metal found no adapters, dx12 not requested, gl not requested, webgpu not requested" }
note: run with `RUST_BACKTRACE=1` environment variable to display a backtrace


failures:
    resident_text_matches_cpu_after_run_edit_undo_and_font_reset

test result: FAILED. 0 passed; 1 failed; 0 ignored; 0 measured; 0 filtered out; finished in 0.03s

error: test failed, to rerun pass `-p compositor --test live_text_resident`
     Running tests/m528_resident.rs (/Volumes/betterSSD/tessera-cache/target/M5-34/release/deps/m528_resident-0845e2d52a68cbb2)

running 2 tests
test hdr_methods_gpu_l0_l2_alpha_and_seams ... FAILED
test spatial_shadows_gpu_l0_l2_cross_tile_alpha_groups ... FAILED

failures:

---- hdr_methods_gpu_l0_l2_alpha_and_seams stdout ----

thread 'hdr_methods_gpu_l0_l2_alpha_and_seams' (88549452) panicked at crates/compositor/tests/m528_resident.rs:128:36:
M5-28 requires a real GPU: Internal { message: "Metal adapter: No suitable graphics adapter found; noop not requested, vulkan not requested, metal found no adapters, dx12 not requested, gl not requested, webgpu not requested" }
note: run with `RUST_BACKTRACE=1` environment variable to display a backtrace

---- spatial_shadows_gpu_l0_l2_cross_tile_alpha_groups stdout ----

thread 'spatial_shadows_gpu_l0_l2_cross_tile_alpha_groups' (88549453) panicked at crates/compositor/tests/m528_resident.rs:10:36:
M5-28 requires a real GPU: Internal { message: "Metal adapter: No suitable graphics adapter found; noop not requested, vulkan not requested, metal found no adapters, dx12 not requested, gl not requested, webgpu not requested" }


failures:
    hdr_methods_gpu_l0_l2_alpha_and_seams
    spatial_shadows_gpu_l0_l2_cross_tile_alpha_groups

test result: FAILED. 0 passed; 2 failed; 0 ignored; 0 measured; 0 filtered out; finished in 0.01s

error: test failed, to rerun pass `-p compositor --test m528_resident`
     Running tests/m5_26_gpu.rs (/Volumes/betterSSD/tessera-cache/target/M5-34/release/deps/m5_26_gpu-9ca153b078297abe)

running 7 tests
test gradient_spatial_dither_multitile_exact ... FAILED
test brightness_contrast_exact ... FAILED
test pointwise_adjustments_exact ... FAILED
test shadows_highlights_zero_radius_exact ... FAILED
test shadows_highlights_resident_positive_radius ... FAILED
test pointwise_edge_cases_exact ... FAILED
test perceptual_hdr_exact ... FAILED

failures:

---- gradient_spatial_dither_multitile_exact stdout ----

thread 'gradient_spatial_dither_multitile_exact' (88549519) panicked at crates/compositor/tests/m5_26_gpu.rs:294:36:
spatial dither requires a real GPU: Internal { message: "Metal adapter: No suitable graphics adapter found; noop not requested, vulkan not requested, metal found no adapters, dx12 not requested, gl not requested, webgpu not requested" }

---- brightness_contrast_exact stdout ----

thread 'brightness_contrast_exact' (88549518) panicked at crates/compositor/tests/m5_26_gpu.rs:12:36:
M5-26 exactness requires a real GPU: Internal { message: "Metal adapter: No suitable graphics adapter found; noop not requested, vulkan not requested, metal found no adapters, dx12 not requested, gl not requested, webgpu not requested" }

---- pointwise_adjustments_exact stdout ----

thread 'pointwise_adjustments_exact' (88549521) panicked at crates/compositor/tests/m5_26_gpu.rs:12:36:
M5-26 exactness requires a real GPU: Internal { message: "Metal adapter: No suitable graphics adapter found; noop not requested, vulkan not requested, metal found no adapters, dx12 not requested, gl not requested, webgpu not requested" }

---- shadows_highlights_zero_radius_exact stdout ----

thread 'shadows_highlights_zero_radius_exact' (88549524) panicked at crates/compositor/tests/m5_26_gpu.rs:12:36:
M5-26 exactness requires a real GPU: Internal { message: "Metal adapter: No suitable graphics adapter found; noop not requested, vulkan not requested, metal found no adapters, dx12 not requested, gl not requested, webgpu not requested" }

---- shadows_highlights_resident_positive_radius stdout ----

thread 'shadows_highlights_resident_positive_radius' (88549523) panicked at crates/compositor/tests/m5_26_gpu.rs:104:36:
requires GPU: Internal { message: "Metal adapter: No suitable graphics adapter found; noop not requested, vulkan not requested, metal found no adapters, dx12 not requested, gl not requested, webgpu not requested" }

---- pointwise_edge_cases_exact stdout ----

thread 'pointwise_edge_cases_exact' (88549522) panicked at crates/compositor/tests/m5_26_gpu.rs:12:36:
M5-26 exactness requires a real GPU: Internal { message: "Metal adapter: No suitable graphics adapter found; noop not requested, vulkan not requested, metal found no adapters, dx12 not requested, gl not requested, webgpu not requested" }
note: run with `RUST_BACKTRACE=1` environment variable to display a backtrace

---- perceptual_hdr_exact stdout ----

thread 'perceptual_hdr_exact' (88549520) panicked at crates/compositor/tests/m5_26_gpu.rs:12:36:
M5-26 exactness requires a real GPU: Internal { message: "Metal adapter: No suitable graphics adapter found; noop not requested, vulkan not requested, metal found no adapters, dx12 not requested, gl not requested, webgpu not requested" }


failures:
    brightness_contrast_exact
    gradient_spatial_dither_multitile_exact
    perceptual_hdr_exact
    pointwise_adjustments_exact
    pointwise_edge_cases_exact
    shadows_highlights_resident_positive_radius
    shadows_highlights_zero_radius_exact

test result: FAILED. 0 passed; 7 failed; 0 ignored; 0 measured; 0 filtered out; finished in 0.02s

error: test failed, to rerun pass `-p compositor --test m5_26_gpu`
     Running tests/m5_26_icc.rs (/Volumes/betterSSD/tessera-cache/target/M5-34/release/deps/m5_26_icc-d638ec1a6f2287fc)

running 4 tests
test rgb_device_link_loads_without_implicit_srgb_conversion ... ok
test loaded_icc_renders_via_existing_lut_and_preserves_alpha ... ok
test abstract_icc_loads_as_red_fastest_color_lookup ... ok
test invalid_icc_inputs_are_engine_errors ... ok

test result: ok. 4 passed; 0 failed; 0 ignored; 0 measured; 0 filtered out; finished in 0.02s

     Running tests/m5_26_psd.rs (/Volumes/betterSSD/tessera-cache/target/M5-34/release/deps/m5_26_psd-ace4f13cced10266)

running 11 tests
test binary_payloads_match_independently_constructed_adobe_records ... ok
test modern_brightness_precedence_and_type_changes ... ok
test gradient_map_adobe_binary_roundtrip ... ok
test color_lookup_cube_descriptor_roundtrips_psd_and_psb ... ok
test rejects_truncated_and_invalid_layouts ... ok
test gradient_rejects_truncation_and_retains_unsupported_features ... ok
test color_descriptors_use_adobe_fields ... ok
test color_binary_keys_roundtrip ... ok
test brightness_has_legacy_binary_and_modern_descriptor ... ok
test soco_is_not_an_adjustment_and_native_only_errors_are_explicit ... ok
test color_lookup_malformed_errors_and_unsupported_stays_opaque ... ok

test result: ok. 11 passed; 0 failed; 0 ignored; 0 measured; 0 filtered out; finished in 0.00s

     Running tests/m5_26_shadows.rs (/Volumes/betterSSD/tessera-cache/target/M5-34/release/deps/m5_26_shadows-e786746b7c6fe035)

running 15 tests
test color_midtone_and_endpoint_clip_controls_are_effective ... ok
test highlights_have_independent_tone_and_radius_and_mip_support ... ok
test invalid_controls_and_missing_halo_are_errors ... ok
test default_is_exact_identity_and_roundtrips ... ok
test local_radius_changes_mapping_without_changing_alpha ... ok
test live_neighbourhood_rejects_eager_styled_sources ... ok
test native_separable_bilateral_reference_and_edge_preservation ... ok
test live_neighbourhood_respects_mask_mode_opacity_and_alpha ... ok
test nonfinite_backdrop_is_rejected ... ok
test transparent_neighbours_do_not_bias_bilateral_base ... ok
test zero_radius_render_respects_opacity_and_alpha ... ok
test cached_neighborhood_render_matches_live_reference ... ok
test padded_tiles_match_whole_image_across_256_boundary_and_neighbour_edit ... ok
test live_neighbourhood_matches_whole_backdrop_at_l0_l2_seams ... ok
test live_prefixes_preserve_groups_clips_and_refresh_after_adjacent_edits ... ok

test result: ok. 15 passed; 0 failed; 0 ignored; 0 measured; 0 filtered out; finished in 0.03s

     Running tests/m5_26_validation.rs (/Volumes/betterSSD/tessera-cache/target/M5-34/release/deps/m5_26_validation-030bd1a44262ac43)

running 1 test
test direct_serde_invalid_lookup_returns_error_instead_of_panicking ... ok

test result: ok. 1 passed; 0 failed; 0 ignored; 0 measured; 0 filtered out; finished in 0.00s

     Running tests/merge_validation.rs (/Volumes/betterSSD/tessera-cache/target/M5-34/release/deps/merge_validation-f763e1d91db5c246)

running 4 tests
test non_image_layer_is_not_silently_blended_away ... ok
test locked_source_is_rejected_without_changing_history ... ok
test actual_caf_fills_only_union_hole_and_is_undoable ... ok
test invalid_ops_are_atomic_and_native_roundtrip_keeps_sources ... ok

test result: ok. 4 passed; 0 failed; 0 ignored; 0 measured; 0 filtered out; finished in 0.02s

     Running tests/photomerge.rs (/Volumes/betterSSD/tessera-cache/target/M5-34/release/deps/photomerge-91d9d7da5c1fb665)

running 2 tests
test photomerge_retains_source_transform_mask_and_atomic_history ... ok
test layered_psd_export_keeps_masks_and_rasterizes_transforms ... ok

test result: ok. 2 passed; 0 failed; 0 ignored; 0 measured; 0 filtered out; finished in 0.09s

     Running tests/photomerge_panorama.rs (/Volumes/betterSSD/tessera-cache/target/M5-34/release/deps/photomerge_panorama-45cd7144ba8a0d42)

running 1 test
test three_source_photomerge_renders_blend_and_exports_nontrivial_masks ... ok

test result: ok. 1 passed; 0 failed; 0 ignored; 0 measured; 0 filtered out; finished in 1.31s

     Running tests/psd.rs (/Volumes/betterSSD/tessera-cache/target/M5-34/release/deps/psd-8a77b96b359a86b4)

running 16 tests
test document_resources_and_flattened_rgb_import ... ok
test nested_groups_preserve_file_order_and_boundary_metadata ... ok
test channel_mixer_imports_signed_rgb_and_monochrome_records ... ok
test masks_import_density_feather_flags_and_preserve_payloads ... ok
test adjustment_parameters_are_editable_and_unknown_adjustments_stay_opaque ... ok
test edited_pixels_expand_bounds_and_refresh_merged_composite ... ok
test hue_saturation_master_is_editable_without_losing_extension_data ... ok
test curves_import_channel_selection_and_editable_export ... ok
test rgb_pixels_all_depths_are_imported_and_roundtrip ... ok
test selective_hue_bands_remain_opaque_until_replaced ... ok
test text_and_smart_originals_remain_available_with_raster_proxies ... ok
test unsupported_features_are_reported_without_losing_opaque_data ... ok
test unsupported_text_edits_and_invalid_inputs_fail_explicitly ... ok
test new_adjustments_match_native_render_after_psd_serialization ... ok
test properties_blend_keys_and_unknown_blocks_survive_edits ... ok
test native_tree_export_import_renders_identically_at_all_depths ... ok

test result: ok. 16 passed; 0 failed; 0 ignored; 0 measured; 0 filtered out; finished in 0.00s

     Running tests/psd_channels.rs (/Volumes/betterSSD/tessera-cache/target/M5-34/release/deps/psd_channels-149f2d6ea3eed301)

running 10 tests
test malformed_display_info_is_rejected ... ok
test malformed_names_are_rejected ... ok
test deleting_channels_removes_stale_planes_and_owned_metadata ... ok
test named_plane_becomes_editable_channel_and_export_refreshes_edits ... ok
test fourth_named_plane_is_not_flattened_transparency ... ok
test invalid_plane_counts_metadata_counts_and_shapes_are_rejected ... ok
test external_spot_display_info_maps_color_solidity_and_preserves_opaque_resources ... ok
test adding_layer_transparency_does_not_overwrite_saved_alpha ... ok
test merged_transparency_and_saved_plane_use_distinct_offsets ... ok
test native_channels_roundtrip_all_depths_versions_and_compressions ... ok

test result: ok. 10 passed; 0 failed; 0 ignored; 0 measured; 0 filtered out; finished in 0.00s

     Running tests/psd_document.rs (/Volumes/betterSSD/tessera-cache/target/M5-34/release/deps/psd_document-fd32a8a976ede6ca)

running 1 test
test document_psd_api_roundtrip ... ok

test result: ok. 1 passed; 0 failed; 0 ignored; 0 measured; 0 filtered out; finished in 0.00s

     Running tests/resident_filter_bench.rs (/Volumes/betterSSD/tessera-cache/target/M5-34/release/deps/resident_filter_bench-1faed66e1cdb4c3d)

running 1 test
test filtered_100_layers_l2 ... ignored, 100-layer 20 MP interactive filter benchmark

test result: ok. 0 passed; 0 failed; 1 ignored; 0 measured; 0 filtered out; finished in 0.00s

     Running tests/resident_filter_inventory.rs (/Volumes/betterSSD/tessera-cache/target/M5-34/release/deps/resident_filter_inventory-7a96f15b5d75962b)

running 8 tests
test every_metal_filter_routes_and_matches_cpu ... FAILED
test prefix_cache_revision_invalidation_and_budget ... FAILED
test automatic_transform_kinds_and_three_stage_nested_stack ... FAILED
test lossless_opaque_nearest_chain_is_one_displacement_stage ... FAILED
test styled_smart_source_falls_back_without_omitting_effects ... FAILED
test adjustments_and_cpu_only_content_aware ... FAILED
test mask_edits_reuse_gpu_stages_and_cpu_only_is_layer_local ... FAILED
test median_fallback_keeps_unrelated_uploaded_pages ... FAILED

failures:

---- every_metal_filter_routes_and_matches_cpu stdout ----

thread 'every_metal_filter_routes_and_matches_cpu' (88550568) panicked at crates/compositor/tests/resident_filter_inventory.rs:344:36:
called `Result::unwrap()` on an `Err` value: Internal { message: "Metal adapter: No suitable graphics adapter found; noop not requested, vulkan not requested, metal found no adapters, dx12 not requested, gl not requested, webgpu not requested" }
note: run with `RUST_BACKTRACE=1` environment variable to display a backtrace

---- prefix_cache_revision_invalidation_and_budget stdout ----

thread 'prefix_cache_revision_invalidation_and_budget' (88550572) panicked at crates/compositor/tests/resident_filter_inventory.rs:165:36:
called `Result::unwrap()` on an `Err` value: Internal { message: "Metal adapter: No suitable graphics adapter found; noop not requested, vulkan not requested, metal found no adapters, dx12 not requested, gl not requested, webgpu not requested" }

---- automatic_transform_kinds_and_three_stage_nested_stack stdout ----

thread 'automatic_transform_kinds_and_three_stage_nested_stack' (88550567) panicked at crates/compositor/tests/resident_filter_inventory.rs:392:36:
called `Result::unwrap()` on an `Err` value: Internal { message: "Metal adapter: No suitable graphics adapter found; noop not requested, vulkan not requested, metal found no adapters, dx12 not requested, gl not requested, webgpu not requested" }

---- lossless_opaque_nearest_chain_is_one_displacement_stage stdout ----

thread 'lossless_opaque_nearest_chain_is_one_displacement_stage' (88550569) panicked at crates/compositor/tests/resident_filter_inventory.rs:151:36:
called `Result::unwrap()` on an `Err` value: Internal { message: "Metal adapter: No suitable graphics adapter found; noop not requested, vulkan not requested, metal found no adapters, dx12 not requested, gl not requested, webgpu not requested" }

---- styled_smart_source_falls_back_without_omitting_effects stdout ----

thread 'styled_smart_source_falls_back_without_omitting_effects' (88550573) panicked at crates/compositor/tests/resident_filter_inventory.rs:237:36:
called `Result::unwrap()` on an `Err` value: Internal { message: "Metal adapter: No suitable graphics adapter found; noop not requested, vulkan not requested, metal found no adapters, dx12 not requested, gl not requested, webgpu not requested" }

---- adjustments_and_cpu_only_content_aware stdout ----

thread 'adjustments_and_cpu_only_content_aware' (88550566) panicked at crates/compositor/tests/resident_filter_inventory.rs:70:36:
called `Result::unwrap()` on an `Err` value: Internal { message: "Metal adapter: No suitable graphics adapter found; noop not requested, vulkan not requested, metal found no adapters, dx12 not requested, gl not requested, webgpu not requested" }

---- mask_edits_reuse_gpu_stages_and_cpu_only_is_layer_local stdout ----

thread 'mask_edits_reuse_gpu_stages_and_cpu_only_is_layer_local' (88550570) panicked at crates/compositor/tests/resident_filter_inventory.rs:22:36:
called `Result::unwrap()` on an `Err` value: Internal { message: "Metal adapter: No suitable graphics adapter found; noop not requested, vulkan not requested, metal found no adapters, dx12 not requested, gl not requested, webgpu not requested" }

---- median_fallback_keeps_unrelated_uploaded_pages stdout ----

thread 'median_fallback_keeps_unrelated_uploaded_pages' (88550571) panicked at crates/compositor/tests/resident_filter_inventory.rs:270:36:
called `Result::unwrap()` on an `Err` value: Internal { message: "Metal adapter: No suitable graphics adapter found; noop not requested, vulkan not requested, metal found no adapters, dx12 not requested, gl not requested, webgpu not requested" }


failures:
    adjustments_and_cpu_only_content_aware
    automatic_transform_kinds_and_three_stage_nested_stack
    every_metal_filter_routes_and_matches_cpu
    lossless_opaque_nearest_chain_is_one_displacement_stage
    mask_edits_reuse_gpu_stages_and_cpu_only_is_layer_local
    median_fallback_keeps_unrelated_uploaded_pages
    prefix_cache_revision_invalidation_and_budget
    styled_smart_source_falls_back_without_omitting_effects

test result: FAILED. 0 passed; 8 failed; 0 ignored; 0 measured; 0 filtered out; finished in 0.02s

error: test failed, to rerun pass `-p compositor --test resident_filter_inventory`
     Running tests/resident_filters.rs (/Volumes/betterSSD/tessera-cache/target/M5-34/release/deps/resident_filters-b45d97f7a85d6f6c)

running 2 tests
test resident_invert_is_not_silently_omitted ... FAILED
test resident_and_fallback_receive_native_child_context ... FAILED

failures:

---- resident_invert_is_not_silently_omitted stdout ----

thread 'resident_invert_is_not_silently_omitted' (88550631) panicked at crates/compositor/tests/resident_filters.rs:121:36:
called `Result::unwrap()` on an `Err` value: Internal { message: "Metal adapter: No suitable graphics adapter found; noop not requested, vulkan not requested, metal found no adapters, dx12 not requested, gl not requested, webgpu not requested" }

---- resident_and_fallback_receive_native_child_context stdout ----

thread 'resident_and_fallback_receive_native_child_context' (88550630) panicked at crates/compositor/tests/resident_filters.rs:73:36:
called `Result::unwrap()` on an `Err` value: Internal { message: "Metal adapter: No suitable graphics adapter found; noop not requested, vulkan not requested, metal found no adapters, dx12 not requested, gl not requested, webgpu not requested" }
note: run with `RUST_BACKTRACE=1` environment variable to display a backtrace


failures:
    resident_and_fallback_receive_native_child_context
    resident_invert_is_not_silently_omitted

test result: FAILED. 0 passed; 2 failed; 0 ignored; 0 measured; 0 filtered out; finished in 0.01s

error: test failed, to rerun pass `-p compositor --test resident_filters`
     Running tests/roundtrip.rs (/Volumes/betterSSD/tessera-cache/target/M5-34/release/deps/roundtrip-f1af2c8992a2b2f6)

running 2 tests
test save_and_load_files ... ok
test round_trip_preserves_model_and_pixels ... ok

test result: ok. 2 passed; 0 failed; 0 ignored; 0 measured; 0 filtered out; finished in 0.28s

     Running tests/smart_filters.rs (/Volumes/betterSSD/tessera-cache/target/M5-34/release/deps/smart_filters-b964cfa24df16075)

running 3 tests
test filters_receive_native_child_context_and_cache_by_profile ... ok
test smart_filter_is_evaluated_on_nested_composite ... ok
test cache_reuse_mask_params_source_and_undo ... ok

test result: ok. 3 passed; 0 failed; 0 ignored; 0 measured; 0 filtered out; finished in 0.00s

     Running tests/structure.rs (/Volumes/betterSSD/tessera-cache/target/M5-34/release/deps/structure-741267ac40118daf)

running 11 tests
test locks_are_enforced ... ok
test selections_are_float_rasters_with_boolean_ops ... ok
test mips_are_alpha_weighted_box_averages ... ok
test clipped_and_masked_adjustments ... ok
test knockout_shallow_and_deep ... ok
test layer_mask_density_and_fill_layers ... ok
test group_isolation_vs_pass_through ... ok
test adjustment_layers_stack_in_order ... ok
test clipping_mask_limits_to_base_alpha ... ok
test blend_if_split_sliders_interpolate_linearly ... ok
test smart_objects_render_nested_documents_with_transforms ... ok

test result: ok. 11 passed; 0 failed; 0 ignored; 0 measured; 0 filtered out; finished in 0.00s

     Running tests/style_psd.rs (/Volumes/betterSSD/tessera-cache/target/M5-34/release/deps/style_psd-6b5fea5c75e2a9f1)

running 5 tests
test unrepresentable_styles_fail_export_instead_of_disappearing ... ok
test editing_disabled_styles_does_not_enable_opaque_effects ... ok
test unsupported_units_remain_opaque_instead_of_becoming_pixels ... ok
test native_lfx2_style_set_roundtrip ... ok
test independent_descriptor_import_edit_and_opaque_preservation ... ok

test result: ok. 5 passed; 0 failed; 0 ignored; 0 measured; 0 filtered out; finished in 0.02s

     Running tests/text_vector_model.rs (/Volumes/betterSSD/tessera-cache/target/M5-34/release/deps/text_vector_model-20f80bfa986a5bfa)

running 6 tests
test editable_validation_is_atomic_and_honors_locks ... ok
test convert_shape_preserves_identity_masks_and_undo ... ok
test live_shape_parameter_edits_regenerate_geometry ... ok
test full_shape_paint_and_geometry_serialization_validates ... ok
test editable_models_history_and_native_roundtrip ... ok
test legacy_native_text_and_polygon_mask_load ... ok

test result: ok. 6 passed; 0 failed; 0 ignored; 0 measured; 0 filtered out; finished in 0.02s

     Running tests/text_vector_psd.rs (/Volumes/betterSSD/tessera-cache/target/M5-34/release/deps/text_vector_psd-d2936f3f8fb9f2a0)

running 10 tests
test adobe_gradient_independent_transparency_stops_are_not_lost ... ok
test pixel_vector_mask_density_feather_survive_file_roundtrip ... ok
test adobe_shape_vector_mask_disabled_and_density_affect_fill ... ok
test native_shape_controls_and_affine_survive_without_overriding_external_edits ... ok
test native_gradient_live_rectangle_and_warped_text_export_as_adobe_records ... ok
test shape_independent_vector_mask_has_standard_raster_bridge_and_live_roundtrip ... ok
test byte_built_shape_edits_retain_opaque_fill_and_refresh_path ... ok
test converted_pixels_do_not_resurrect_source_type_descriptors ... ok
test text_native_axis_features_and_warp_keep_real_adobe_engine_data ... ok
test byte_built_tysh_edits_write_engine_and_cached_pixels ... ok

test result: ok. 10 passed; 0 failed; 0 ignored; 0 measured; 0 filtered out; finished in 0.09s

     Running tests/transform_content.rs (/Volumes/betterSSD/tessera-cache/target/M5-34/release/deps/transform_content-20a7ad4800974d4d)

running 1 test
test content_aware_stage_resizes_inside_unchanged_smart_canvas ... ok

test result: ok. 1 passed; 0 failed; 0 ignored; 0 measured; 0 filtered out; finished in 0.00s

     Running tests/transform_gpu.rs (/Volumes/betterSSD/tessera-cache/target/M5-34/release/deps/transform_gpu-06d916da97cb3644)

running 5 tests
test benchmark_36mp ... ignored, 36 MP real Metal benchmark; run explicitly in release mode
test warp_projective_edges_and_large_coordinates_match_cpu ... FAILED
test precise_free_transform_matches_cpu_all_kernels ... FAILED
test rejects_invalid_geometry_dimensions_and_buffer_contracts ... FAILED
test resident_level_transform_is_explicit_and_non_destructive ... FAILED

failures:

---- warp_projective_edges_and_large_coordinates_match_cpu stdout ----

thread 'warp_projective_edges_and_large_coordinates_match_cpu' (88551189) panicked at crates/compositor/tests/transform_gpu.rs:342:36:
called `Result::unwrap()` on an `Err` value: Internal { message: "Metal adapter: No suitable graphics adapter found; noop not requested, vulkan not requested, metal found no adapters, dx12 not requested, gl not requested, webgpu not requested" }
note: run with `RUST_BACKTRACE=1` environment variable to display a backtrace

---- precise_free_transform_matches_cpu_all_kernels stdout ----

thread 'precise_free_transform_matches_cpu_all_kernels' (88551186) panicked at crates/compositor/tests/transform_gpu.rs:467:36:
called `Result::unwrap()` on an `Err` value: Internal { message: "Metal adapter: No suitable graphics adapter found; noop not requested, vulkan not requested, metal found no adapters, dx12 not requested, gl not requested, webgpu not requested" }

---- rejects_invalid_geometry_dimensions_and_buffer_contracts stdout ----

thread 'rejects_invalid_geometry_dimensions_and_buffer_contracts' (88551187) panicked at crates/compositor/tests/transform_gpu.rs:7:36:
called `Result::unwrap()` on an `Err` value: Internal { message: "Metal adapter: No suitable graphics adapter found; noop not requested, vulkan not requested, metal found no adapters, dx12 not requested, gl not requested, webgpu not requested" }

---- resident_level_transform_is_explicit_and_non_destructive stdout ----

thread 'resident_level_transform_is_explicit_and_non_destructive' (88551188) panicked at crates/compositor/tests/transform_gpu.rs:275:36:
called `Result::unwrap()` on an `Err` value: Internal { message: "Metal adapter: No suitable graphics adapter found; noop not requested, vulkan not requested, metal found no adapters, dx12 not requested, gl not requested, webgpu not requested" }


failures:
    precise_free_transform_matches_cpu_all_kernels
    rejects_invalid_geometry_dimensions_and_buffer_contracts
    resident_level_transform_is_explicit_and_non_destructive
    warp_projective_edges_and_large_coordinates_match_cpu

test result: FAILED. 0 passed; 4 failed; 1 ignored; 0 measured; 0 filtered out; finished in 0.04s

error: test failed, to rerun pass `-p compositor --test transform_gpu`
     Running tests/transform_locks.rs (/Volumes/betterSSD/tessera-cache/target/M5-34/release/deps/transform_locks-c22ace1cf1f5ee8d)

running 2 tests
test position_lock_allows_color_filter_edits_without_moving_transform ... ok
test all_transform_edit_paths_respect_locks_atomically ... ok

test result: ok. 2 passed; 0 failed; 0 ignored; 0 measured; 0 filtered out; finished in 0.00s

     Running tests/transform_psd.rs (/Volumes/betterSSD/tessera-cache/target/M5-34/release/deps/transform_psd-93a4862a8cc764c2)

running 1 test
test affine_placed_layer_roundtrips_real_psd_bytes_and_source ... ok

test result: ok. 1 passed; 0 failed; 0 ignored; 0 measured; 0 filtered out; finished in 0.00s

     Running tests/transforms.rs (/Volumes/betterSSD/tessera-cache/target/M5-34/release/deps/transforms-ff9423ad7294ffc3)

running 5 tests
test edits_validate_preserve_order_and_history ... ok
test custom_evaluator_cannot_override_transform ... ok
test transform_translation_preserves_straight_color_and_alpha ... ok
test native_roundtrip_and_invalid_transform_rejection ... ok
test transform_blend_mask_cache_and_undo_render ... ok

test result: ok. 5 passed; 0 failed; 0 ignored; 0 measured; 0 filtered out; finished in 0.02s

     Running unittests src/lib.rs (/Volumes/betterSSD/tessera-cache/target/M5-34/release/deps/typography-e2a28b5c401e45a7)

running 3 tests
test layout::cache_tests::blank_paragraph_cache_tracks_empty_first_run_fallback ... ok
test layout::cache_tests::inserting_a_run_only_reshapes_the_changed_paragraph ... ok
test layout::cache_tests::paragraph_cache_rebases_sources_and_preserves_reflow ... ok

test result: ok. 3 passed; 0 failed; 0 ignored; 0 measured; 0 filtered out; finished in 0.01s

     Running tests/engine.rs (/Volumes/betterSSD/tessera-cache/target/M5-34/release/deps/engine-f2a298c628a67f1e)

running 2 tests
test engine_data_roundtrip_and_version_guard ... ok
test layout_is_deterministic_and_ligatures_are_live ... ok

test result: ok. 2 passed; 0 failed; 0 ignored; 0 measured; 0 filtered out; finished in 0.01s

     Running tests/engine_psd_edit.rs (/Volumes/betterSSD/tessera-cache/target/M5-34/release/deps/engine_psd_edit-9b07c2197ee0a845)

running 1 test
test adobe_engine_edits_preserve_unknown_and_character_paragraph_fields ... ok

test result: ok. 1 passed; 0 failed; 0 ignored; 0 measured; 0 filtered out; finished in 0.00s

     Running tests/fonts.rs (/Volumes/betterSSD/tessera-cache/target/M5-34/release/deps/fonts-c35c9270bec0e09c)

running 3 tests
test kerning_toggle_changes_pair_advance ... ok
test user_font_directory_is_loaded_and_postscript_names_resolve ... ok
test macos_system_discovery_finds_fonts ... ok

test result: ok. 3 passed; 0 failed; 0 ignored; 0 measured; 0 filtered out; finished in 0.02s

     Running tests/geometry.rs (/Volumes/betterSSD/tessera-cache/target/M5-34/release/deps/geometry-8ce6a24bd1a35a30)

running 3 tests
test editable_path_roundtrips_and_is_used_by_render ... ok
test circular_path_has_expected_origins_and_tangents ... ok
test warp_identity_and_nonzero_mesh_deformation ... ok

test result: ok. 3 passed; 0 failed; 0 ignored; 0 measured; 0 filtered out; finished in 0.01s

     Running tests/layout.rs (/Volumes/betterSSD/tessera-cache/target/M5-34/release/deps/layout-3dd8428ac11cbbfd)

running 6 tests
test paragraph_overflow_empty_text_and_missing_fonts_are_explicit ... ok
test baseline_shift_and_tracking_apply_without_moving_the_baseline ... ok
test mixed_bidi_clusters_are_visual_but_keep_source_offsets ... ok
test mandatory_unicode_line_separator_is_not_a_space ... ok
test explicit_leading_indents_and_paragraph_spacing ... ok
test paragraph_alignment_and_justification ... ok

test result: ok. 6 passed; 0 failed; 0 ignored; 0 measured; 0 filtered out; finished in 0.01s

     Running tests/psd.rs (/Volumes/betterSSD/tessera-cache/target/M5-34/release/deps/psd-b454bfe41d5f72fb)

running 1 test
test tysh_engine_styles_use_utf16_lengths_and_preserve_original ... ok

test result: ok. 1 passed; 0 failed; 0 ignored; 0 measured; 0 filtered out; finished in 0.00s

     Running tests/render.rs (/Volumes/betterSSD/tessera-cache/target/M5-34/release/deps/render-911a3b9fee6b2b1f)

running 3 tests
test bundled_font_coverage_checksum ... ok
test unhinted_raster_has_premultiplied_coverage_and_vector_export ... ok
test variable_axes_affect_both_shaping_and_outlines ... ok

test result: ok. 3 passed; 0 failed; 0 ignored; 0 measured; 0 filtered out; finished in 0.02s

     Running unittests src/lib.rs (/Volumes/betterSSD/tessera-cache/target/M5-34/release/deps/vector-edfd1e1c095a94ab)

running 2 tests
test tests::rectangle_boolean_areas ... ok
test render::parity_tests::column_clipping_is_bit_exact_to_legacy_pixel_clipping ... ok

test result: ok. 2 passed; 0 failed; 0 ignored; 0 measured; 0 filtered out; finished in 0.50s

     Running tests/interop.rs (/Volumes/betterSSD/tessera-cache/target/M5-34/release/deps/interop-33b03c11032f9e00)

running 2 tests
test psd_records_roundtrip_and_topology ... ok
test svg_roundtrip ... ok

test result: ok. 2 passed; 0 failed; 0 ignored; 0 measured; 0 filtered out; finished in 0.00s

     Running tests/regressions.rs (/Volumes/betterSSD/tessera-cache/target/M5-34/release/deps/regressions-ae38f6b3509413f2)

running 3 tests
test svg_continuation_after_close ... ok
test malformed_svg_is_rejected ... ok
test psd_crate_accepts_records_and_flags_render ... ok

test result: ok. 3 passed; 0 failed; 0 ignored; 0 measured; 0 filtered out; finished in 0.00s

     Running tests/render.rs (/Volumes/betterSSD/tessera-cache/target/M5-34/release/deps/render-f4999989059acc78)

running 2 tests
test gradient_endpoints_and_pattern ... ok
test unit_circle_coverage_and_level ... ok

test result: ok. 2 passed; 0 failed; 0 ignored; 0 measured; 0 filtered out; finished in 0.00s

     Running tests/robustness.rs (/Volumes/betterSSD/tessera-cache/target/M5-34/release/deps/robustness-18873b5cabddfd65)

running 7 tests
test nonfinite_primitives_rejected ... ok
test all_gradient_kinds ... ok
test zero_stroke_and_bad_inputs ... ok
test fractional_rectangle_coverage ... ok
test fill_rules_holes_touching_and_empty ... ok
test caps_joins_odd_dashes ... ok
test live_properties_and_layer ... ok

test result: ok. 7 passed; 0 failed; 0 ignored; 0 measured; 0 filtered out; finished in 0.03s

     Running tests/stroke.rs (/Volumes/betterSSD/tessera-cache/target/M5-34/release/deps/stroke-8a32a97c46d531cc)

running 1 test
test alignment_bounds_and_dashes ... ok

test result: ok. 1 passed; 0 failed; 0 ignored; 0 measured; 0 filtered out; finished in 0.00s

     Running tests/transform.rs (/Volumes/betterSSD/tessera-cache/target/M5-34/release/deps/transform-ee54c8cec458f0b4)

running 2 tests
test anchor_editing_and_curvature ... ok
test perspective_corners_and_mesh_handles ... ok

test result: ok. 2 passed; 0 failed; 0 ignored; 0 measured; 0 filtered out; finished in 0.00s

   Doc-tests compositor

running 0 tests

test result: ok. 0 passed; 0 failed; 0 ignored; 0 measured; 0 filtered out; finished in 0.00s

   Doc-tests typography

running 0 tests

test result: ok. 0 passed; 0 failed; 0 ignored; 0 measured; 0 filtered out; finished in 0.00s

   Doc-tests vector

running 0 tests

test result: ok. 0 passed; 0 failed; 0 ignored; 0 measured; 0 filtered out; finished in 0.00s

error: 12 targets failed:
    `-p compositor --lib`
    `-p compositor --test bench`
    `-p compositor --test gpu_profiled_output`
    `-p compositor --test gpu_resident_output`
    `-p compositor --test gpu_resident_viewport`
    `-p compositor --test gpu_smart_resample`
    `-p compositor --test live_text_resident`
    `-p compositor --test m528_resident`
    `-p compositor --test m5_26_gpu`
    `-p compositor --test resident_filter_inventory`
    `-p compositor --test resident_filters`
    `-p compositor --test transform_gpu`
