
running 1 test
final counters: CompositorStats { cache_hits: 1032, cache_misses: 179, mip_tiles: 112, group_tiles: 0, root_full: 24, root_partial: 43, root_reused: 0, smart_tiles: 0, live_tiles: 43, live_preparations: 44, live_coverages: 46, blends: 110, cache_bytes: 89314816, cache_entries: 179, evictions: 0 }
typing 274px L2, 43 edits: median 22.120 ms, p95 172.371 ms; samples [3.437833, 3.705833, 3.905334, 3.9211669999999996, 4.0367500000000005, 4.127, 4.147416, 4.580500000000001, 4.628, 5.05525, 5.3274170000000005, 5.961, 5.962167, 6.047625, 10.091083000000001, 10.428375, 11.652292, 12.314583, 13.035833, 15.336125000000001, 21.349666, 22.120458, 22.295792, 22.516916000000002, 24.701084, 26.507458, 26.563709000000003, 29.094292, 31.545042000000002, 35.97425, 43.382959, 44.881042, 46.795292, 59.031334, 69.799375, 76.091875, 79.504125, 83.490416, 87.705792, 114.75229200000001, 172.371333, 180.005166, 201.46758300000002]
final counters: CompositorStats { cache_hits: 1032, cache_misses: 276, mip_tiles: 112, group_tiles: 0, root_full: 24, root_partial: 140, root_reused: 0, smart_tiles: 0, live_tiles: 142, live_preparations: 44, live_coverages: 282, blends: 306, cache_bytes: 191714816, cache_entries: 276, evictions: 0 }
shape handle L2, 43 edits: median 73.308 ms, p95 166.324 ms; samples [8.925541, 10.78425, 12.451208, 14.741208, 15.476375, 21.014000000000003, 30.35025, 31.471249999999998, 43.916792, 49.593333, 49.866583, 49.999666999999995, 50.376833000000005, 51.668875, 52.602250000000005, 52.819375, 53.642916, 53.826, 69.418166, 69.660417, 71.37925, 73.308166, 75.934792, 84.87133299999999, 89.30416600000001, 89.528333, 89.776375, 90.170583, 90.348291, 94.24033299999999, 94.54495899999999, 97.005958, 100.62625, 101.77104200000001, 104.944833, 106.104458, 126.39370799999999, 153.467792, 163.61075, 165.527875, 166.32375, 193.668542, 230.967167]
final counters: CompositorStats { cache_hits: 258, cache_misses: 161, mip_tiles: 118, group_tiles: 0, root_full: 6, root_partial: 37, root_reused: 0, smart_tiles: 0, live_tiles: 37, live_preparations: 44, live_coverages: 40, blends: 80, cache_bytes: 67235200, cache_entries: 161, evictions: 0 }
typing 274px L3, 43 edits: median 2.318 ms, p95 62.102 ms; samples [0.553208, 0.7797909999999999, 0.784084, 0.9440409999999999, 0.947083, 1.025542, 1.04325, 1.08525, 1.085625, 1.126042, 1.171125, 1.1909589999999999, 1.333875, 1.403417, 1.4148749999999999, 1.464, 1.5286250000000001, 1.54875, 2.040416, 2.2259160000000002, 2.257875, 2.3176249999999996, 2.525542, 2.572833, 2.594083, 2.722625, 2.7239999999999998, 2.84725, 2.901875, 2.9481669999999998, 2.992583, 3.293667, 3.475875, 3.4975, 3.5933750000000004, 3.71975, 4.939, 6.719583, 16.845459, 40.149708, 62.10225, 94.919292, 101.81741699999999]
final counters: CompositorStats { cache_hits: 258, cache_misses: 167, mip_tiles: 118, group_tiles: 0, root_full: 6, root_partial: 43, root_reused: 0, smart_tiles: 0, live_tiles: 44, live_preparations: 44, live_coverages: 88, blends: 93, cache_bytes: 76279168, cache_entries: 167, evictions: 0 }
shape handle L3, 43 edits: median 19.973 ms, p95 90.324 ms; samples [2.7815000000000003, 2.78975, 2.877208, 2.9105, 2.93675, 2.9610830000000004, 2.970208, 2.9730410000000003, 3.019708, 3.085959, 3.369791, 3.395584, 3.562584, 4.083291999999999, 4.47325, 4.61025, 5.47875, 6.478875, 6.892583, 7.068, 16.577499999999997, 19.97275, 20.201833, 22.169833999999998, 22.644833, 26.53775, 30.176875, 30.947292, 32.477209, 33.57375, 33.620167, 34.709334, 42.016208, 42.047292, 43.990208, 45.493708, 50.220791, 55.236708, 56.345042, 68.3365, 90.323791, 104.717584, 154.535209]

thread 'photo_typing_and_shape_handle_cpu_latency' (88589309) panicked at crates/compositor/tests/live_latency.rs:131:5:
one or more latency targets missed; see measurements above
note: run with `RUST_BACKTRACE=1` environment variable to display a backtrace
test photo_typing_and_shape_handle_cpu_latency ... FAILED

failures:

failures:
    photo_typing_and_shape_handle_cpu_latency

test result: FAILED. 0 passed; 1 failed; 0 ignored; 0 measured; 0 filtered out; finished in 7.53s

real 7.57
user 1.54
sys 0.17
