Test Suite 'Selected tests' started at 2026-10-01 03:54:11.720.
Test Suite 'TesseraPackageTests.xctest' started at 2026-10-01 03:54:11.721.
Test Suite 'AgentReviewLayoutTests' started at 2026-10-01 03:54:11.721.
Test Case '-[TesseraCoreTests.AgentReviewLayoutTests testReviewEmptyAndRealQueueAtEverySizeAndAppearance]' started.
Test Case '-[TesseraCoreTests.AgentReviewLayoutTests testReviewEmptyAndRealQueueAtEverySizeAndAppearance]' passed (15.428 seconds).
Test Case '-[TesseraCoreTests.AgentReviewLayoutTests testRowsOnlyRecipeAndFileUpdateReloadsCurrentReviewPreview]' started.
develop original L2 calibration [first, tone, WB] ms: CPU [16.766541, 0.445292, 0.39754100000000003]; GPU [22.615916, 0.828458, 0.8747079999999999]
Test Case '-[TesseraCoreTests.AgentReviewLayoutTests testRowsOnlyRecipeAndFileUpdateReloadsCurrentReviewPreview]' passed (1.115 seconds).
Test Suite 'AgentReviewLayoutTests' passed at 2026-10-01 03:54:28.265.
	 Executed 2 tests, with 0 failures (0 unexpected) in 16.544 (16.544) seconds
Test Suite 'DocumentDitherCheckboxTests' started at 2026-10-01 03:54:28.265.
Test Case '-[TesseraCoreTests.DocumentDitherCheckboxTests testActualEditorCheckboxPreservesLookupFieldsAndUndo]' started.
Test Case '-[TesseraCoreTests.DocumentDitherCheckboxTests testActualEditorCheckboxPreservesLookupFieldsAndUndo]' passed (0.122 seconds).
Test Case '-[TesseraCoreTests.DocumentDitherCheckboxTests testDismantleReleasesCallbackOwnerWithControlAlive]' started.
Test Case '-[TesseraCoreTests.DocumentDitherCheckboxTests testDismantleReleasesCallbackOwnerWithControlAlive]' passed (0.000 seconds).
Test Case '-[TesseraCoreTests.DocumentDitherCheckboxTests testNativeCheckboxMetadataValueAndNativeFocusPolicy]' started.
Test Case '-[TesseraCoreTests.DocumentDitherCheckboxTests testNativeCheckboxMetadataValueAndNativeFocusPolicy]' passed (0.008 seconds).
Test Case '-[TesseraCoreTests.DocumentDitherCheckboxTests testOnlySpaceIsLocallyActivatedNotReturnOrTraversal]' started.
Test Case '-[TesseraCoreTests.DocumentDitherCheckboxTests testOnlySpaceIsLocallyActivatedNotReturnOrTraversal]' passed (0.000 seconds).
Test Case '-[TesseraCoreTests.DocumentDitherCheckboxTests testRefreshDoesNotPublishAndUsesLatestCallbackThenDismantles]' started.
Test Case '-[TesseraCoreTests.DocumentDitherCheckboxTests testRefreshDoesNotPublishAndUsesLatestCallbackThenDismantles]' passed (0.000 seconds).
Test Case '-[TesseraCoreTests.DocumentDitherCheckboxTests testSpaceTogglesSynchronouslyOnceAndRepeatDoesNotToggle]' started.
Test Case '-[TesseraCoreTests.DocumentDitherCheckboxTests testSpaceTogglesSynchronouslyOnceAndRepeatDoesNotToggle]' passed (0.000 seconds).
Test Suite 'DocumentDitherCheckboxTests' passed at 2026-10-01 03:54:28.396.
	 Executed 6 tests, with 0 failures (0 unexpected) in 0.131 (0.131) seconds
Test Suite 'DocumentHistoryHeightControlTests' started at 2026-10-01 03:54:28.396.
Test Case '-[TesseraCoreTests.DocumentHistoryHeightControlTests testActionsUseDisplayedClampButLayoutDoesNotRewriteSavedRequest]' started.
Test Case '-[TesseraCoreTests.DocumentHistoryHeightControlTests testActionsUseDisplayedClampButLayoutDoesNotRewriteSavedRequest]' passed (0.007 seconds).
Test Case '-[TesseraCoreTests.DocumentHistoryHeightControlTests testActualInspectorAXActionWritesExistingPreferenceAndRestoresOnRecreation]' started.
Test Case '-[TesseraCoreTests.DocumentHistoryHeightControlTests testActualInspectorAXActionWritesExistingPreferenceAndRestoresOnRecreation]' passed (0.329 seconds).
Test Case '-[TesseraCoreTests.DocumentHistoryHeightControlTests testConfigureRefreshesCallbackWithoutPublishingAndTeardownStopsActions]' started.
Test Case '-[TesseraCoreTests.DocumentHistoryHeightControlTests testConfigureRefreshesCallbackWithoutPublishingAndTeardownStopsActions]' passed (0.004 seconds).
Test Case '-[TesseraCoreTests.DocumentHistoryHeightControlTests testFocusedButtonsOwnSpaceAndReturnAndSendTheirActions]' started.
Test Case '-[TesseraCoreTests.DocumentHistoryHeightControlTests testFocusedButtonsOwnSpaceAndReturnAndSendTheirActions]' passed (0.014 seconds).
Test Case '-[TesseraCoreTests.DocumentHistoryHeightControlTests testGlobalStateRestoresExistingOwnersAndPreferenceValues]' started.
Test Case '-[TesseraCoreTests.DocumentHistoryHeightControlTests testGlobalStateRestoresExistingOwnersAndPreferenceValues]' passed (0.007 seconds).
Test Case '-[TesseraCoreTests.DocumentHistoryHeightControlTests testNativeAXPressActionsChangeHeightAndExposeCurrentValue]' started.
Test Case '-[TesseraCoreTests.DocumentHistoryHeightControlTests testNativeAXPressActionsChangeHeightAndExposeCurrentValue]' passed (0.004 seconds).
Test Suite 'DocumentHistoryHeightControlTests' passed at 2026-10-01 03:54:28.761.
	 Executed 6 tests, with 0 failures (0 unexpected) in 0.364 (0.365) seconds
Test Suite 'DocumentHistoryKeyboardTraversalTests' started at 2026-10-01 03:54:28.761.
Test Case '-[TesseraCoreTests.DocumentHistoryKeyboardTraversalTests testCollapseWithFocusedHeightButtonSettlesFocusOnLiveView]' started.
Test Case '-[TesseraCoreTests.DocumentHistoryKeyboardTraversalTests testCollapseWithFocusedHeightButtonSettlesFocusOnLiveView]' passed (0.294 seconds).
Test Case '-[TesseraCoreTests.DocumentHistoryKeyboardTraversalTests testDocumentSwitchKeepsGlobalHistoryPreferencesAndShowsSelectedDocument]' started.
Test Case '-[TesseraCoreTests.DocumentHistoryKeyboardTraversalTests testDocumentSwitchKeepsGlobalHistoryPreferencesAndShowsSelectedDocument]' passed (0.397 seconds).
Test Case '-[TesseraCoreTests.DocumentHistoryKeyboardTraversalTests testExternalPreferenceWriteUpdatesHostedReadout]' started.
Test Case '-[TesseraCoreTests.DocumentHistoryKeyboardTraversalTests testExternalPreferenceWriteUpdatesHostedReadout]' passed (0.342 seconds).
Test Case '-[TesseraCoreTests.DocumentHistoryKeyboardTraversalTests testHostedInspectorKeyViewLoopReachesAllEnabledHistoryButtons]' started.
Test Case '-[TesseraCoreTests.DocumentHistoryKeyboardTraversalTests testHostedInspectorKeyViewLoopReachesAllEnabledHistoryButtons]' passed (0.205 seconds).
Test Case '-[TesseraCoreTests.DocumentHistoryKeyboardTraversalTests testInspectorTabSwitchKeepsHeightControlIdentityFocusAndValue]' started.
Test Case '-[TesseraCoreTests.DocumentHistoryKeyboardTraversalTests testInspectorTabSwitchKeepsHeightControlIdentityFocusAndValue]' passed (0.477 seconds).
Test Case '-[TesseraCoreTests.DocumentHistoryKeyboardTraversalTests testReadoutFitsWidestValueWithNumericLabelToken]' started.
Test Case '-[TesseraCoreTests.DocumentHistoryKeyboardTraversalTests testReadoutFitsWidestValueWithNumericLabelToken]' passed (0.004 seconds).
Test Case '-[TesseraCoreTests.DocumentHistoryKeyboardTraversalTests testTabSkipsDisabledButtonsAtEachClamp]' started.
Test Case '-[TesseraCoreTests.DocumentHistoryKeyboardTraversalTests testTabSkipsDisabledButtonsAtEachClamp]' passed (0.080 seconds).
Test Case '-[TesseraCoreTests.DocumentHistoryKeyboardTraversalTests testTabTraversesNativeHeightButtonsInOrderSkippingReadout]' started.
Test Case '-[TesseraCoreTests.DocumentHistoryKeyboardTraversalTests testTabTraversesNativeHeightButtonsInOrderSkippingReadout]' passed (0.036 seconds).
Test Case '-[TesseraCoreTests.DocumentHistoryKeyboardTraversalTests testToolLetterOverFocusedHistoryButtonSelectsToolNotText]' started.
Test Case '-[TesseraCoreTests.DocumentHistoryKeyboardTraversalTests testToolLetterOverFocusedHistoryButtonSelectsToolNotText]' passed (0.037 seconds).
Test Case '-[TesseraCoreTests.DocumentHistoryKeyboardTraversalTests testWindowResizeClampsDisplayWithoutRewritingOversizedRequest]' started.
Test Case '-[TesseraCoreTests.DocumentHistoryKeyboardTraversalTests testWindowResizeClampsDisplayWithoutRewritingOversizedRequest]' passed (0.389 seconds).
Test Suite 'DocumentHistoryKeyboardTraversalTests' passed at 2026-10-01 03:54:31.024.
	 Executed 10 tests, with 0 failures (0 unexpected) in 2.261 (2.263) seconds
Test Suite 'DocumentInspectorActionButtonTests' started at 2026-10-01 03:54:31.024.
Test Case '-[TesseraCoreTests.DocumentInspectorActionButtonTests testActualColorLookupEditorInstallsNativeActionsAndDisabledReset]' started.
Test Case '-[TesseraCoreTests.DocumentInspectorActionButtonTests testActualColorLookupEditorInstallsNativeActionsAndDisabledReset]' passed (0.101 seconds).
Test Case '-[TesseraCoreTests.DocumentInspectorActionButtonTests testDismantleReleasesActionOwnerWhileNativeControlRemainsAlive]' started.
Test Case '-[TesseraCoreTests.DocumentInspectorActionButtonTests testDismantleReleasesActionOwnerWhileNativeControlRemainsAlive]' passed (0.000 seconds).
Test Case '-[TesseraCoreTests.DocumentInspectorActionButtonTests testNativeActionHasExplicitKeyboardOwnershipAndPreservesMetadata]' started.
Test Case '-[TesseraCoreTests.DocumentInspectorActionButtonTests testNativeActionHasExplicitKeyboardOwnershipAndPreservesMetadata]' passed (0.000 seconds).
Test Case '-[TesseraCoreTests.DocumentInspectorActionButtonTests testOnlyUnmodifiedNativeActivationKeysAreOwnedLocally]' started.
Test Case '-[TesseraCoreTests.DocumentInspectorActionButtonTests testOnlyUnmodifiedNativeActivationKeysAreOwnedLocally]' passed (0.000 seconds).
Test Case '-[TesseraCoreTests.DocumentInspectorActionButtonTests testReuseRefreshesActionAndDisabledOrDismantledCannotInvoke]' started.
Test Case '-[TesseraCoreTests.DocumentInspectorActionButtonTests testReuseRefreshesActionAndDisabledOrDismantledCannotInvoke]' passed (0.000 seconds).
Test Case '-[TesseraCoreTests.DocumentInspectorActionButtonTests testSpaceReturnAndKeypadActivateOnceWithoutRepeat]' started.
Test Case '-[TesseraCoreTests.DocumentInspectorActionButtonTests testSpaceReturnAndKeypadActivateOnceWithoutRepeat]' passed (0.000 seconds).
Test Suite 'DocumentInspectorActionButtonTests' passed at 2026-10-01 03:54:31.126.
	 Executed 6 tests, with 0 failures (0 unexpected) in 0.102 (0.103) seconds
Test Suite 'DocumentInspectorLayoutTests' started at 2026-10-01 03:54:31.126.
Test Case '-[TesseraCoreTests.DocumentInspectorLayoutTests testColumnBudgetAt1440AndAdjacentWidths]' started.
Test Case '-[TesseraCoreTests.DocumentInspectorLayoutTests testColumnBudgetAt1440AndAdjacentWidths]' passed (0.000 seconds).
Test Case '-[TesseraCoreTests.DocumentInspectorLayoutTests testInspectorFitsItsColumnForEveryLayerKindAt1440AndAdjacentWidths]' started.
Test Case '-[TesseraCoreTests.DocumentInspectorLayoutTests testInspectorFitsItsColumnForEveryLayerKindAt1440AndAdjacentWidths]' passed (17.473 seconds).
Test Suite 'DocumentInspectorLayoutTests' passed at 2026-10-01 03:54:48.600.
	 Executed 2 tests, with 0 failures (0 unexpected) in 17.474 (17.474) seconds
Test Suite 'LayoutContractTests' started at 2026-10-01 03:54:48.600.
Test Case '-[TesseraCoreTests.LayoutContractTests testAppDirDefaultsAreIsolatedFromTheSharedDomain]' started.
Test Case '-[TesseraCoreTests.LayoutContractTests testAppDirDefaultsAreIsolatedFromTheSharedDomain]' passed (0.004 seconds).
Test Case '-[TesseraCoreTests.LayoutContractTests testColorWheelPuckStaysInsideAtFullSaturation]' started.
Test Case '-[TesseraCoreTests.LayoutContractTests testColorWheelPuckStaysInsideAtFullSaturation]' passed (0.000 seconds).
Test Case '-[TesseraCoreTests.LayoutContractTests testCompareCaptionAndBadgeShareOnePartition]' started.
Test Case '-[TesseraCoreTests.LayoutContractTests testCompareCaptionAndBadgeShareOnePartition]' passed (0.000 seconds).
Test Case '-[TesseraCoreTests.LayoutContractTests testCurveEndKnotsStayInsideTheView]' started.
Test Case '-[TesseraCoreTests.LayoutContractTests testCurveEndKnotsStayInsideTheView]' passed (0.000 seconds).
Test Case '-[TesseraCoreTests.LayoutContractTests testFlowRowOffersOversizedItemsTheRowWidth]' started.
Test Case '-[TesseraCoreTests.LayoutContractTests testFlowRowOffersOversizedItemsTheRowWidth]' passed (0.000 seconds).
Test Case '-[TesseraCoreTests.LayoutContractTests testKeywordChipRowStaysInsideTheInspector]' started.
Test Case '-[TesseraCoreTests.LayoutContractTests testKeywordChipRowStaysInsideTheInspector]' passed (0.038 seconds).
Test Case '-[TesseraCoreTests.LayoutContractTests testShellBudgetYieldOrder]' started.
Test Case '-[TesseraCoreTests.LayoutContractTests testShellBudgetYieldOrder]' passed (0.000 seconds).
Test Case '-[TesseraCoreTests.LayoutContractTests testSidebarHiddenBadgeGivesItsWidthBack]' started.
Test Case '-[TesseraCoreTests.LayoutContractTests testSidebarHiddenBadgeGivesItsWidthBack]' passed (0.008 seconds).
Test Case '-[TesseraCoreTests.LayoutContractTests testSoftProofRowFitsTheMinimumInspector]' started.
Test Case '-[TesseraCoreTests.LayoutContractTests testSoftProofRowFitsTheMinimumInspector]' passed (0.026 seconds).
Test Case '-[TesseraCoreTests.LayoutContractTests testStatusBarFitsANarrowDetailWithLongStrings]' started.
Test Case '-[TesseraCoreTests.LayoutContractTests testStatusBarFitsANarrowDetailWithLongStrings]' passed (0.029 seconds).
Test Case '-[TesseraCoreTests.LayoutContractTests testThemeMenuTruncatesInsteadOfOverflowing]' started.
Test Case '-[TesseraCoreTests.LayoutContractTests testThemeMenuTruncatesInsteadOfOverflowing]' passed (0.037 seconds).
Test Case '-[TesseraCoreTests.LayoutContractTests testValueSliderDrawsWithoutOverflowAt80Points]' started.
Test Case '-[TesseraCoreTests.LayoutContractTests testValueSliderDrawsWithoutOverflowAt80Points]' passed (0.001 seconds).
Test Case '-[TesseraCoreTests.LayoutContractTests testValueSliderRingPaintsInsideTheThumb]' started.
Test Case '-[TesseraCoreTests.LayoutContractTests testValueSliderRingPaintsInsideTheThumb]' passed (0.000 seconds).
Test Case '-[TesseraCoreTests.LayoutContractTests testValueSliderTitleAndValueNeverTouch]' started.
Test Case '-[TesseraCoreTests.LayoutContractTests testValueSliderTitleAndValueNeverTouch]' passed (0.000 seconds).
Test Suite 'LayoutContractTests' passed at 2026-10-01 03:54:48.744.
	 Executed 14 tests, with 0 failures (0 unexpected) in 0.143 (0.144) seconds
Test Suite 'LayoutProbeHarnessTests' started at 2026-10-01 03:54:48.744.
Test Case '-[TesseraCoreTests.LayoutProbeHarnessTests testUnstableMeasurementFailsAtTheBound]' started.
XCTExpectFailure: matcher accepted Assertion Failure at LayoutProbeHarnessTests.swift:35: failed - Layout did not settle within 0.03s; pending: []; measurements: Optional([(5.0, 0.0, 1.0, 1.0)]) -> [(6.0, 0.0, 1.0, 1.0)]
LayoutProbeHarnessTests.swift:35: Expected failure in -[TesseraCoreTests.LayoutProbeHarnessTests testUnstableMeasurementFailsAtTheBound]: failed - Layout did not settle within 0.03s; pending: []; measurements: Optional([(5.0, 0.0, 1.0, 1.0)]) -> [(6.0, 0.0, 1.0, 1.0)]Reason: (A continuously changing probe must fail instead of accepting transient geometry)
Test Case '-[TesseraCoreTests.LayoutProbeHarnessTests testUnstableMeasurementFailsAtTheBound]' passed (0.031 seconds).
Test Case '-[TesseraCoreTests.LayoutProbeHarnessTests testWaitsForDeferredGeometryAndFlushesItsLayout]' started.
Test Case '-[TesseraCoreTests.LayoutProbeHarnessTests testWaitsForDeferredGeometryAndFlushesItsLayout]' passed (0.102 seconds).
Test Suite 'LayoutProbeHarnessTests' passed at 2026-10-01 03:54:48.878.
	 Executed 2 tests, with 0 failures (0 unexpected) in 0.133 (0.134) seconds
Test Suite 'MasksPanelLayoutTests' started at 2026-10-01 03:54:48.878.
Test Case '-[TesseraCoreTests.MasksPanelLayoutTests testPopulatedInspectorKeepsComponentActionsReadableAtMinimumWidth]' started.
develop original L2 calibration [first, tone, WB] ms: CPU [17.062208, 0.412125, 0.4235]; GPU [22.264415999999997, 0.760458, 3.5024159999999998]
Test Case '-[TesseraCoreTests.MasksPanelLayoutTests testPopulatedInspectorKeepsComponentActionsReadableAtMinimumWidth]' passed (1.266 seconds).
Test Suite 'MasksPanelLayoutTests' passed at 2026-10-01 03:54:50.144.
	 Executed 1 test, with 0 failures (0 unexpected) in 1.266 (1.266) seconds
Test Suite 'PeopleLayoutTests' started at 2026-10-01 03:54:50.144.
Test Case '-[TesseraCoreTests.PeopleLayoutTests testDetailFitsWindowAndKeepsHeaderAtTop]' started.
Test Case '-[TesseraCoreTests.PeopleLayoutTests testDetailFitsWindowAndKeepsHeaderAtTop]' passed (0.612 seconds).
Test Suite 'PeopleLayoutTests' passed at 2026-10-01 03:54:50.756.
	 Executed 1 test, with 0 failures (0 unexpected) in 0.612 (0.612) seconds
Test Suite 'ShellLayoutTests' started at 2026-10-01 03:54:50.756.
Test Case '-[TesseraCoreTests.ShellLayoutTests testDocumentInspectorEveryTabAndHistoryStateAtEverySize]' started.
Test Case '-[TesseraCoreTests.ShellLayoutTests testDocumentInspectorEveryTabAndHistoryStateAtEverySize]' passed (11.831 seconds).
Test Case '-[TesseraCoreTests.ShellLayoutTests testInspectorTabShortcuts]' started.
Test Case '-[TesseraCoreTests.ShellLayoutTests testInspectorTabShortcuts]' passed (0.836 seconds).
Test Case '-[TesseraCoreTests.ShellLayoutTests testLayoutHarnessUsesNonblockingAppKitAnimations]' started.
Test Case '-[TesseraCoreTests.ShellLayoutTests testLayoutHarnessUsesNonblockingAppKitAnimations]' passed (0.005 seconds).
Test Case '-[TesseraCoreTests.ShellLayoutTests testLayoutHarnessUsesTimerDrivenProgressAnimations]' started.
Test Case '-[TesseraCoreTests.ShellLayoutTests testLayoutHarnessUsesTimerDrivenProgressAnimations]' passed (0.068 seconds).
Test Case '-[TesseraCoreTests.ShellLayoutTests testManyDocumentTabsStayCapped]' started.
Test Case '-[TesseraCoreTests.ShellLayoutTests testManyDocumentTabsStayCapped]' passed (1.071 seconds).
Test Case '-[TesseraCoreTests.ShellLayoutTests testShellContainedAtEverySizeStateAndAppearance]' started.
Test Case '-[TesseraCoreTests.ShellLayoutTests testShellContainedAtEverySizeStateAndAppearance]' passed (25.549 seconds).
Test Suite 'ShellLayoutTests' passed at 2026-10-01 03:55:30.117.
	 Executed 6 tests, with 0 failures (0 unexpected) in 39.360 (39.361) seconds
Test Suite 'TesseraPackageTests.xctest' passed at 2026-10-01 03:55:30.117.
	 Executed 56 tests, with 0 failures (0 unexpected) in 78.391 (78.396) seconds
Test Suite 'Selected tests' passed at 2026-10-01 03:55:30.117.
	 Executed 56 tests, with 0 failures (0 unexpected) in 78.391 (78.397) seconds
◇ Test run started.
↳ Testing Library Version: 1501
↳ Target Platform: arm64e-apple-macos14.0
✔ Test run with 0 tests in 0 suites passed after 0.001 seconds.
