2026-10-01T07:48:21Z focused 1 start; cargo PID 13658
2026-10-01T07:50:05Z focused 1 exit 0
	 Executed 56 tests, with 0 failures (0 unexpected) in 100.110 (100.120) seconds
◇ Test run started.
↳ Testing Library Version: 1501
↳ Target Platform: arm64e-apple-macos14.0
✔ Test run with 0 tests in 0 suites passed after 0.001 seconds.
2026-10-01T07:50:05Z focused 2 start; cargo PID 13658
2026-10-01T07:51:20Z focused 2 exit 0
	 Executed 56 tests, with 0 failures (0 unexpected) in 74.876 (74.885) seconds
◇ Test run started.
↳ Testing Library Version: 1501
↳ Target Platform: arm64e-apple-macos14.0
✔ Test run with 0 tests in 0 suites passed after 0.001 seconds.
2026-10-01T07:51:20Z focused 3 start; cargo PID 13658
2026-10-01T07:52:46Z focused 3 exit 0
	 Executed 56 tests, with 0 failures (0 unexpected) in 85.499 (85.511) seconds
◇ Test run started.
↳ Testing Library Version: 1501
↳ Target Platform: arm64e-apple-macos14.0
✔ Test run with 0 tests in 0 suites passed after 0.001 seconds.
2026-10-01T07:52:46Z focused 4 start; cargo PID 13658
2026-10-01T07:54:11Z focused 4 exit 0
	 Executed 56 tests, with 0 failures (0 unexpected) in 83.669 (83.676) seconds
◇ Test run started.
↳ Testing Library Version: 1501
↳ Target Platform: arm64e-apple-macos14.0
✔ Test run with 0 tests in 0 suites passed after 0.001 seconds.
2026-10-01T07:54:11Z focused 5 start; cargo PID 13658
2026-10-01T07:55:30Z focused 5 exit 0
	 Executed 56 tests, with 0 failures (0 unexpected) in 78.391 (78.397) seconds
◇ Test run started.
↳ Testing Library Version: 1501
↳ Target Platform: arm64e-apple-macos14.0
✔ Test run with 0 tests in 0 suites passed after 0.001 seconds.
