CMake Deprecation Warning at CMakeLists.txt:22 (cmake_policy):
  The OLD behavior for policy CMP0091 will be removed from a future version
  of CMake.

  The cmake-policies(7) manual explains that the OLD behaviors of all
  policies are deprecated and that a policy should be set to OLD only under
  specific short-term circumstances.  Projects should be ported to the NEW
  behavior and not rely on setting a policy to OLD.


-- The C compiler identification is AppleClang 21.0.0.21000101
-- The CXX compiler identification is AppleClang 21.0.0.21000101
-- Detecting C compiler ABI info
-- Detecting C compiler ABI info - done
-- Check for working C compiler: /usr/bin/cc - skipped
-- Detecting C compile features
-- Detecting C compile features - done
-- Detecting CXX compiler ABI info
-- Detecting CXX compiler ABI info - done
-- Check for working CXX compiler: /usr/bin/c++ - skipped
-- Detecting CXX compile features
-- Detecting CXX compile features - done
-- No target type chosen, selecting Shared
-- Performing Test CMAKE_HAVE_LIBC_PTHREAD
-- Performing Test CMAKE_HAVE_LIBC_PTHREAD - Success
-- Found Threads: TRUE
-- Found JPEG: /opt/homebrew/lib/libjpeg.dylib (found version "80")
-- Configuring done (0.9s)
-- Generating done (0.0s)
-- Build files have been written to: /Volumes/betterSSD/tessera-validation/exp45-independent-control/d52a0d13814ca399fc8a07e23de1d2c63f0e8404/build
