Command: cargo test --locked -p tessera-ffi
Exit: 0
Full local log: /tmp/B5-48c-debug.log
Aggregate: 572 passed, 0 failed, 36 ignored, 51 result blocks.
The viewport binary predates its final added ignore attribute; final-source target rerun: debug-viewport.log.

test document::render::frame_cancellation_tests::drafts_faster_than_frame_time_keep_publishing_latest_wins ... ignored, release-only latency bound: skipped in debug builds
test result: ok. 229 passed; 0 failed; 5 ignored; 0 measured; 0 filtered out; finished in 5.29s
test result: ok. 0 passed; 0 failed; 0 ignored; 0 measured; 0 filtered out; finished in 0.00s
test result: ok. 3 passed; 0 failed; 0 ignored; 0 measured; 0 filtered out; finished in 0.28s
test result: ok. 3 passed; 0 failed; 0 ignored; 0 measured; 0 filtered out; finished in 0.09s
test result: ok. 12 passed; 0 failed; 0 ignored; 0 measured; 0 filtered out; finished in 73.78s
test result: ok. 2 passed; 0 failed; 0 ignored; 0 measured; 0 filtered out; finished in 7.11s
test export_batch_does_not_starve_slider_drag ... ignored, release-only latency bound: skipped in debug builds
test slow_interactive_frames_are_not_starved ... ignored, release-only latency bound: skipped in debug builds
test result: ok. 7 passed; 0 failed; 5 ignored; 0 measured; 0 filtered out; finished in 470.69s
test result: ok. 11 passed; 0 failed; 1 ignored; 0 measured; 0 filtered out; finished in 78.04s
test result: ok. 0 passed; 0 failed; 3 ignored; 0 measured; 0 filtered out; finished in 0.00s
test result: ok. 12 passed; 0 failed; 2 ignored; 0 measured; 0 filtered out; finished in 346.84s
test result: ok. 13 passed; 0 failed; 1 ignored; 0 measured; 0 filtered out; finished in 75.62s
test result: ok. 9 passed; 0 failed; 0 ignored; 0 measured; 0 filtered out; finished in 0.80s
test result: ok. 17 passed; 0 failed; 0 ignored; 0 measured; 0 filtered out; finished in 1.29s
test result: ok. 14 passed; 0 failed; 0 ignored; 0 measured; 0 filtered out; finished in 0.79s
test begin_is_cheap_and_edits_continue_during_run ... ignored, release-only latency bound: skipped in debug builds
test result: ok. 3 passed; 0 failed; 1 ignored; 0 measured; 0 filtered out; finished in 1.10s
test result: ok. 12 passed; 0 failed; 1 ignored; 0 measured; 0 filtered out; finished in 1.64s
test result: ok. 5 passed; 0 failed; 0 ignored; 0 measured; 0 filtered out; finished in 0.80s
test result: ok. 4 passed; 0 failed; 0 ignored; 0 measured; 0 filtered out; finished in 16.79s
test brush_latency_on_a_20_megapixel_layer ... ignored, release-only latency bound: skipped in debug builds
test result: ok. 14 passed; 0 failed; 1 ignored; 0 measured; 0 filtered out; finished in 13.44s
test result: ok. 0 passed; 0 failed; 7 ignored; 0 measured; 0 filtered out; finished in 0.00s
test result: ok. 4 passed; 0 failed; 0 ignored; 0 measured; 0 filtered out; finished in 0.31s
test result: ok. 1 passed; 0 failed; 0 ignored; 0 measured; 0 filtered out; finished in 0.39s
test result: ok. 4 passed; 0 failed; 0 ignored; 0 measured; 0 filtered out; finished in 0.31s
test result: ok. 9 passed; 0 failed; 0 ignored; 0 measured; 0 filtered out; finished in 2.69s
test result: ok. 5 passed; 0 failed; 0 ignored; 0 measured; 0 filtered out; finished in 1.16s
test result: ok. 19 passed; 0 failed; 0 ignored; 0 measured; 0 filtered out; finished in 7.97s
test result: ok. 8 passed; 0 failed; 1 ignored; 0 measured; 0 filtered out; finished in 0.42s
test result: ok. 19 passed; 0 failed; 1 ignored; 0 measured; 0 filtered out; finished in 0.70s
test result: ok. 9 passed; 0 failed; 1 ignored; 0 measured; 0 filtered out; finished in 1.15s
test result: ok. 2 passed; 0 failed; 0 ignored; 0 measured; 0 filtered out; finished in 44.94s
test result: ok. 18 passed; 0 failed; 1 ignored; 0 measured; 0 filtered out; finished in 59.24s
test result: ok. 17 passed; 0 failed; 0 ignored; 0 measured; 0 filtered out; finished in 0.93s
test result: ok. 5 passed; 0 failed; 0 ignored; 0 measured; 0 filtered out; finished in 180.01s
test result: ok. 4 passed; 0 failed; 0 ignored; 0 measured; 0 filtered out; finished in 0.35s
test result: ok. 1 passed; 0 failed; 0 ignored; 0 measured; 0 filtered out; finished in 0.03s
test result: ok. 26 passed; 0 failed; 0 ignored; 0 measured; 0 filtered out; finished in 14.88s
test result: ok. 1 passed; 0 failed; 0 ignored; 0 measured; 0 filtered out; finished in 0.00s
test result: ok. 1 passed; 0 failed; 0 ignored; 0 measured; 0 filtered out; finished in 42.47s
test result: ok. 3 passed; 0 failed; 1 ignored; 0 measured; 0 filtered out; finished in 48.08s
test result: ok. 8 passed; 0 failed; 0 ignored; 0 measured; 0 filtered out; finished in 0.35s
test result: ok. 15 passed; 0 failed; 1 ignored; 0 measured; 0 filtered out; finished in 27.97s
test result: ok. 0 passed; 0 failed; 1 ignored; 0 measured; 0 filtered out; finished in 0.00s
test result: ok. 2 passed; 0 failed; 0 ignored; 0 measured; 0 filtered out; finished in 3.05s
test result: ok. 1 passed; 0 failed; 0 ignored; 0 measured; 0 filtered out; finished in 0.28s
test result: ok. 3 passed; 0 failed; 1 ignored; 0 measured; 0 filtered out; finished in 76.73s
test result: ok. 7 passed; 0 failed; 0 ignored; 0 measured; 0 filtered out; finished in 17.09s
test result: ok. 3 passed; 0 failed; 0 ignored; 0 measured; 0 filtered out; finished in 0.32s
test result: ok. 0 passed; 0 failed; 1 ignored; 0 measured; 0 filtered out; finished in 0.00s
test result: ok. 2 passed; 0 failed; 0 ignored; 0 measured; 0 filtered out; finished in 11.23s
test result: ok. 5 passed; 0 failed; 0 ignored; 0 measured; 0 filtered out; finished in 6.98s
test result: ok. 0 passed; 0 failed; 0 ignored; 0 measured; 0 filtered out; finished in 0.00s
