   Compiling sidecar v0.1.0 (/Users/rutmehta/Developer/lightroom/.worktrees/LR-4-parametric-masks/crates/sidecar)
   Compiling import-lrcat v0.1.0 (/Users/rutmehta/Developer/lightroom/.worktrees/LR-4-parametric-masks/crates/import-lrcat)
    Finished `test` profile [unoptimized] target(s) in 3.31s
     Running tests/lr4_compat.rs (/Users/rutmehta/.cache/tessera-target/LR-4-parametric-masks/debug/deps/lr4_compat-2b99f3c757ca366c)

running 1 test
test legacy_44_synthetic_groups_remain_byte_identical ... ok

test result: ok. 1 passed; 0 failed; 0 ignored; 0 measured; 0 filtered out; finished in 0.03s

     Running tests/lr4b_forms.rs (/Users/rutmehta/.cache/tessera-target/LR-4-parametric-masks/debug/deps/lr4b_forms-135bae9c09596048)

running 6 tests
test lr4b_four_bounds_translate_and_promote ... ok
test lr4b_unsupported_payloads_retain_exact_lua ... ok
test lr4b_untranslated_extensions_keep_the_prior_empty_recipe ... ok
test lr4b_ambiguous_new_shapes_are_not_partially_translated ... ok
test lr4b_subtype_depth_and_luminance ... ok
test lr4b_radial_flipped_is_complement_of_invert_not_a_second_toggle ... ok

test result: ok. 6 passed; 0 failed; 0 ignored; 0 measured; 0 filtered out; finished in 0.04s

     Running tests/lr4b_retained.rs (/Users/rutmehta/.cache/tessera-target/LR-4-parametric-masks/debug/deps/lr4b_retained-b920afa0abd306ab)

running 1 test
test lr4b_untranslated_recipes_remain_byte_identical_to_a88440a4 ... ok

test result: ok. 1 passed; 0 failed; 0 ignored; 0 measured; 0 filtered out; finished in 0.02s

