   Compiling import-lrcat v0.1.0 (/Users/rutmehta/Developer/lightroom/.worktrees/LR-4-parametric-masks/crates/import-lrcat)
    Finished `test` profile [unoptimized + debuginfo] target(s) in 2.08s
     Running tests/lr4_masks.rs (/Users/rutmehta/.cache/tessera-target/LR-4-parametric-masks/debug/deps/lr4_masks-29efd1a2ee513bd2)

running 3 tests
test lr4_disabled_component_maps_without_losing_geometry ... FAILED
test lr4_nested_group_preserves_order_and_operators ... FAILED
test lr4_opaque_brush_color_and_image_are_retained_atomically ... ok

failures:

---- lr4_disabled_component_maps_without_losing_geometry stdout ----

thread 'lr4_disabled_component_maps_without_losing_geometry' (52717945) panicked at crates/import-lrcat/tests/lr4_masks.rs:11:5:
assertion `left == right` failed
  left: 0
 right: 1
note: run with `RUST_BACKTRACE=1` environment variable to display a backtrace

---- lr4_nested_group_preserves_order_and_operators stdout ----

thread 'lr4_nested_group_preserves_order_and_operators' (52717946) panicked at crates/import-lrcat/tests/lr4_masks.rs:22:5:
assertion `left == right` failed
  left: 0
 right: 1


failures:
    lr4_disabled_component_maps_without_losing_geometry
    lr4_nested_group_preserves_order_and_operators

test result: FAILED. 1 passed; 2 failed; 0 ignored; 0 measured; 0 filtered out; finished in 0.01s

error: test failed, to rerun pass `-p import-lrcat --test lr4_masks`
