   Compiling num-traits v0.2.19
   Compiling bitflags v2.13.2
   Compiling rustybuzz v0.20.1
   Compiling euclid v0.22.14
   Compiling lyon_geom v1.0.19
   Compiling lyon_path v1.0.19
   Compiling lyon_tessellation v1.0.22
   Compiling lyon_algorithms v1.0.21
   Compiling typography v0.1.0 (/Users/rutmehta/Developer/lightroom/.worktrees/LR-4-parametric-masks/crates/typography)
   Compiling lyon v1.0.19
   Compiling vector v0.1.0 (/Users/rutmehta/Developer/lightroom/.worktrees/LR-4-parametric-masks/crates/vector)
   Compiling engine-api v0.1.0 (/Users/rutmehta/Developer/lightroom/.worktrees/LR-4-parametric-masks/crates/engine-api)
    Finished `test` profile [unoptimized] target(s) in 25.16s
     Running tests/lr4b_schema.rs (/Users/rutmehta/.cache/tessera-target/LR-4-parametric-masks/debug/deps/lr4b_schema-c539815d3ebce0ab)

running 1 test
test lr4b_bounds_omit_by_default_and_survive_json_roundtrip ... FAILED

failures:

---- lr4b_bounds_omit_by_default_and_survive_json_roundtrip stdout ----

thread 'lr4b_bounds_omit_by_default_and_survive_json_roundtrip' (53826516) panicked at crates/engine-api/tests/lr4b_schema.rs:11:5:
assertion `left == right` failed
  left: Object {"combine": String("add"), "invert": Bool(false), "kind": String("luminance_range"), "range": Array [Number(0.25), Number(0.5)], "smoothness": Number(0.0)}
 right: Object {"combine": String("add"), "invert": Bool(false), "kind": String("luminance_range"), "luminance_bounds": Array [Number(0.0), Number(0.25), Number(0.5), Number(1.0)], "range": Array [Number(0.25), Number(0.5)], "smoothness": Number(0.0)}
note: run with `RUST_BACKTRACE=1` environment variable to display a backtrace


failures:
    lr4b_bounds_omit_by_default_and_survive_json_roundtrip

test result: FAILED. 0 passed; 1 failed; 0 ignored; 0 measured; 0 filtered out; finished in 0.00s

error: test failed, to rerun pass `-p engine-api --test lr4b_schema`
