    Blocking waiting for file lock on package cache
   Compiling typography v0.1.0 (/Users/rutmehta/Developer/lightroom/.worktrees/LR-4-parametric-masks/crates/typography)
   Compiling proptest v1.11.0
   Compiling engine-api v0.1.0 (/Users/rutmehta/Developer/lightroom/.worktrees/LR-4-parametric-masks/crates/engine-api)
   Compiling sidecar v0.1.0 (/Users/rutmehta/Developer/lightroom/.worktrees/LR-4-parametric-masks/crates/sidecar)
    Finished `test` profile [unoptimized] target(s) in 13.58s
     Running tests/masks_complete.rs (/Users/rutmehta/.cache/tessera-target/LR-4-parametric-masks/debug/deps/masks_complete-b75883da19cc6a14)

running 1 test
test lr4b_four_bounds_native_xmp_roundtrip ... FAILED

failures:

---- lr4b_four_bounds_native_xmp_roundtrip stdout ----

thread 'lr4b_four_bounds_native_xmp_roundtrip' (53893394) panicked at crates/sidecar/tests/masks_complete.rs:219:5:
assertion `left == right` failed
  left: Null
 right: Array [Number(0.0), Number(0.25), Number(0.5), Number(1.0)]
note: run with `RUST_BACKTRACE=1` environment variable to display a backtrace


failures:
    lr4b_four_bounds_native_xmp_roundtrip

test result: FAILED. 0 passed; 1 failed; 0 ignored; 0 measured; 14 filtered out; finished in 0.03s

error: test failed, to rerun pass `-p sidecar --test masks_complete`
